
Warning: Provider development overrides are in effect

The following provider development overrides are set in the CLI
configuration:
 - bahriya-cloud/bahriya in /var/folders/qh/wlb0zlhj18dbcy10nzhlh3j40000gn/T/tmp.fhLbXZ7U73

The behavior may therefore not match any released version of the provider and
applying changes may cause the state to become incompatible with published
releases.
data.bahriya_regions.active: Reading...
data.bahriya_regions.active: Read complete after 0s

Terraform used the selected providers to generate the following execution
plan. Resource actions are indicated with the following symbols:
  + create

Terraform will perform the following actions:

  # bahriya_container.cron will be created
  + resource "bahriya_container" "cron" {
      + activedeadlineseconds           = (known after apply)
      + activeregions                   = [
          + "helsinki-1",
        ]
      + args                            = (known after apply)
      + autoscalingenabled              = (known after apply)
      + autoscalingmaxreplicas          = (known after apply)
      + autoscalingminreplicas          = (known after apply)
      + autoscalingtargetcpu            = (known after apply)
      + autoscalingtargetmemory         = (known after apply)
      + backofflimit                    = (known after apply)
      + basicauthcredentials            = (known after apply)
      + basicauthenabled                = (known after apply)
      + bootstraptime                   = (known after apply)
      + command                         = [
          + "sh",
          + "-c",
          + "echo e2e-tick",
        ]
      + concurrencypolicy               = (known after apply)
      + containerport                   = (known after apply)
      + customdnsmode                   = (known after apply)
      + defaulthostname                 = (known after apply)
      + dnsfailoverenabled              = (known after apply)
      + dnsttl                          = (known after apply)
      + encryptionkeys                  = (known after apply)
      + envfiles                        = (known after apply)
      + ephemeralstoragegb              = (known after apply)
      + externalnetworkingenabled       = (known after apply)
      + failedjobshistorylimit          = (known after apply)
      + gpgkeypairs                     = (known after apply)
      + handle                          = "cron-f357f231"
      + healthcheckpath                 = (known after apply)
      + hostnames                       = (known after apply)
      + id                              = (known after apply)
      + image                           = "busybox:latest"
      + initjobs                        = (known after apply)
      + ipblacklist                     = (known after apply)
      + ipblacklistenabled              = (known after apply)
      + ipwhitelist                     = (known after apply)
      + ipwhitelistenabled              = (known after apply)
      + jsonconfigs                     = (known after apply)
      + maxcpu                          = (known after apply)
      + maxmemory                       = (known after apply)
      + mincpu                          = "100"
      + minmemory                       = "128"
      + name                            = "TF E2E Cron f357f231"
      + networkpolicies                 = (known after apply)
      + newenvvar                       = (known after apply)
      + organisation                    = (known after apply)
      + persistentvolumes               = (known after apply)
      + plainconfigs                    = (known after apply)
      + project                         = (known after apply)
      + projectname                     = (known after apply)
      + prometheuspath                  = (known after apply)
      + prometheusport                  = (known after apply)
      + proxycacheallowforcecacheheader = (known after apply)
      + proxycachecontenttypes          = (known after apply)
      + proxycacheenabled               = (known after apply)
      + proxycachehonorcachecontrol     = (known after apply)
      + proxycachemaxitemsizemb         = (known after apply)
      + proxycachememcached             = (known after apply)
      + proxycacherequestmethods        = (known after apply)
      + proxycacheresponsecodes         = (known after apply)
      + proxycachesizemb                = (known after apply)
      + proxycachestoragettl            = (known after apply)
      + proxycachettl                   = (known after apply)
      + proxycachevariant               = (known after apply)
      + proxycachevarybodyjsonfields    = (known after apply)
      + proxycachevaryheaders           = (known after apply)
      + proxycachevaryqueryparams       = (known after apply)
      + ratelimitingenabled             = (known after apply)
      + ratelimitingrequestsperhour     = (known after apply)
      + ratelimitingrequestsperminute   = (known after apply)
      + ratelimitingrequestspersecond   = (known after apply)
      + registry                        = (known after apply)
      + schedule                        = "*/5 * * * *"
      + secretsenvvar                   = (known after apply)
      + sshkeypairs                     = (known after apply)
      + startingdeadlineseconds         = (known after apply)
      + status                          = (known after apply)
      + successfuljobshistorylimit      = (known after apply)
      + suspended                       = (known after apply)
      + timezone                        = (known after apply)
      + tlsbundles                      = (known after apply)
      + ttlsecondsafterfinished         = (known after apply)
      + type                            = "cronjob"
      + vanityhostname                  = (known after apply)
      + x509certs                       = (known after apply)
      + yamlconfigs                     = (known after apply)
    }

  # bahriya_container.web will be created
  + resource "bahriya_container" "web" {
      + activedeadlineseconds           = (known after apply)
      + activeregions                   = [
          + "helsinki-1",
        ]
      + args                            = (known after apply)
      + autoscalingenabled              = (known after apply)
      + autoscalingmaxreplicas          = (known after apply)
      + autoscalingminreplicas          = "1"
      + autoscalingtargetcpu            = (known after apply)
      + autoscalingtargetmemory         = (known after apply)
      + backofflimit                    = (known after apply)
      + basicauthcredentials            = (known after apply)
      + basicauthenabled                = (known after apply)
      + bootstraptime                   = (known after apply)
      + command                         = (known after apply)
      + concurrencypolicy               = (known after apply)
      + containerport                   = "80"
      + customdnsmode                   = (known after apply)
      + defaulthostname                 = (known after apply)
      + dnsfailoverenabled              = (known after apply)
      + dnsttl                          = (known after apply)
      + encryptionkeys                  = [
          + {
              + handle    = "enc-f357f231"
              + mountpath = "/etc/bahriya/enc"
            },
        ]
      + envfiles                        = [
          + {
              + handle          = "env-f357f231"
              + injectionmethod = "envFrom"
            },
        ]
      + ephemeralstoragegb              = (known after apply)
      + externalnetworkingenabled       = (known after apply)
      + failedjobshistorylimit          = (known after apply)
      + gpgkeypairs                     = [
          + {
              + handle    = "gpg-f357f231"
              + mountpath = "/etc/bahriya/gpg"
            },
        ]
      + handle                          = "web-f357f231"
      + healthcheckpath                 = "/"
      + hostnames                       = [
          + {
              + hostname    = "web-f357f231.e2e.bahriya.test"
              + wwwredirect = false
            },
        ]
      + id                              = (known after apply)
      + image                           = "nginx:alpine"
      + initjobs                        = (known after apply)
      + ipblacklist                     = (known after apply)
      + ipblacklistenabled              = (known after apply)
      + ipwhitelist                     = (known after apply)
      + ipwhitelistenabled              = (known after apply)
      + jsonconfigs                     = [
          + {
              + handle    = "json-f357f231"
              + mountpath = "/etc/bahriya/cfg/json"
            },
        ]
      + maxcpu                          = (known after apply)
      + maxmemory                       = (known after apply)
      + mincpu                          = "100"
      + minmemory                       = "128"
      + name                            = "TF E2E Web f357f231"
      + networkpolicies                 = [
          + "netpol-f357f231",
        ]
      + newenvvar                       = [
          + {
              + key   = "APP_MODE"
              + value = "e2e"
            },
        ]
      + organisation                    = (known after apply)
      + persistentvolumes               = [
          + {
              + handle    = "data"
              + mountpath = "/var/lib/data"
              + sizegb    = 1
            },
        ]
      + plainconfigs                    = [
          + {
              + handle    = "plain-f357f231"
              + mountpath = "/etc/bahriya/cfg/plain"
            },
        ]
      + project                         = (known after apply)
      + projectname                     = (known after apply)
      + prometheuspath                  = (known after apply)
      + prometheusport                  = (known after apply)
      + proxycacheallowforcecacheheader = (known after apply)
      + proxycachecontenttypes          = (known after apply)
      + proxycacheenabled               = (known after apply)
      + proxycachehonorcachecontrol     = (known after apply)
      + proxycachemaxitemsizemb         = (known after apply)
      + proxycachememcached             = (known after apply)
      + proxycacherequestmethods        = (known after apply)
      + proxycacheresponsecodes         = (known after apply)
      + proxycachesizemb                = (known after apply)
      + proxycachestoragettl            = (known after apply)
      + proxycachettl                   = (known after apply)
      + proxycachevariant               = (known after apply)
      + proxycachevarybodyjsonfields    = (known after apply)
      + proxycachevaryheaders           = (known after apply)
      + proxycachevaryqueryparams       = (known after apply)
      + ratelimitingenabled             = (known after apply)
      + ratelimitingrequestsperhour     = (known after apply)
      + ratelimitingrequestsperminute   = (known after apply)
      + ratelimitingrequestspersecond   = (known after apply)
      + registry                        = (known after apply)
      + schedule                        = (known after apply)
      + secretsenvvar                   = [
          + {
              + name   = "APP_SECRET"
              + secret = "sec-f357f231"
            },
        ]
      + sshkeypairs                     = [
          + {
              + handle    = "ssh-f357f231"
              + mountpath = "/etc/bahriya/ssh"
            },
        ]
      + startingdeadlineseconds         = (known after apply)
      + status                          = (known after apply)
      + successfuljobshistorylimit      = (known after apply)
      + suspended                       = (known after apply)
      + timezone                        = (known after apply)
      + tlsbundles                      = [
          + {
              + handle    = "tls-f357f231"
              + mountpath = "/etc/bahriya/tls"
            },
        ]
      + ttlsecondsafterfinished         = (known after apply)
      + type                            = "http"
      + vanityhostname                  = (known after apply)
      + x509certs                       = [
          + {
              + handle    = "x509-f357f231"
              + mountpath = "/etc/bahriya/x509"
            },
        ]
      + yamlconfigs                     = [
          + {
              + handle    = "yaml-f357f231"
              + mountpath = "/etc/bahriya/cfg/yaml"
            },
        ]
    }

  # bahriya_container.worker will be created
  + resource "bahriya_container" "worker" {
      + activedeadlineseconds           = (known after apply)
      + activeregions                   = [
          + "helsinki-1",
        ]
      + args                            = (known after apply)
      + autoscalingenabled              = (known after apply)
      + autoscalingmaxreplicas          = (known after apply)
      + autoscalingminreplicas          = "1"
      + autoscalingtargetcpu            = (known after apply)
      + autoscalingtargetmemory         = (known after apply)
      + backofflimit                    = (known after apply)
      + basicauthcredentials            = (known after apply)
      + basicauthenabled                = (known after apply)
      + bootstraptime                   = (known after apply)
      + command                         = (known after apply)
      + concurrencypolicy               = (known after apply)
      + containerport                   = (known after apply)
      + customdnsmode                   = (known after apply)
      + defaulthostname                 = (known after apply)
      + dnsfailoverenabled              = (known after apply)
      + dnsttl                          = (known after apply)
      + encryptionkeys                  = (known after apply)
      + envfiles                        = (known after apply)
      + ephemeralstoragegb              = (known after apply)
      + externalnetworkingenabled       = (known after apply)
      + failedjobshistorylimit          = (known after apply)
      + gpgkeypairs                     = (known after apply)
      + handle                          = "worker-f357f231"
      + healthcheckpath                 = (known after apply)
      + hostnames                       = (known after apply)
      + id                              = (known after apply)
      + image                           = "nginx:alpine"
      + initjobs                        = (known after apply)
      + ipblacklist                     = (known after apply)
      + ipblacklistenabled              = (known after apply)
      + ipwhitelist                     = (known after apply)
      + ipwhitelistenabled              = (known after apply)
      + jsonconfigs                     = (known after apply)
      + maxcpu                          = (known after apply)
      + maxmemory                       = (known after apply)
      + mincpu                          = "100"
      + minmemory                       = "128"
      + name                            = "TF E2E Worker f357f231"
      + networkpolicies                 = (known after apply)
      + newenvvar                       = (known after apply)
      + organisation                    = (known after apply)
      + persistentvolumes               = (known after apply)
      + plainconfigs                    = (known after apply)
      + project                         = (known after apply)
      + projectname                     = (known after apply)
      + prometheuspath                  = (known after apply)
      + prometheusport                  = (known after apply)
      + proxycacheallowforcecacheheader = (known after apply)
      + proxycachecontenttypes          = (known after apply)
      + proxycacheenabled               = (known after apply)
      + proxycachehonorcachecontrol     = (known after apply)
      + proxycachemaxitemsizemb         = (known after apply)
      + proxycachememcached             = (known after apply)
      + proxycacherequestmethods        = (known after apply)
      + proxycacheresponsecodes         = (known after apply)
      + proxycachesizemb                = (known after apply)
      + proxycachestoragettl            = (known after apply)
      + proxycachettl                   = (known after apply)
      + proxycachevariant               = (known after apply)
      + proxycachevarybodyjsonfields    = (known after apply)
      + proxycachevaryheaders           = (known after apply)
      + proxycachevaryqueryparams       = (known after apply)
      + ratelimitingenabled             = (known after apply)
      + ratelimitingrequestsperhour     = (known after apply)
      + ratelimitingrequestsperminute   = (known after apply)
      + ratelimitingrequestspersecond   = (known after apply)
      + registry                        = (known after apply)
      + schedule                        = (known after apply)
      + secretsenvvar                   = [
          + {
              + name   = "WORKER_SECRET"
              + secret = "sec-f357f231"
            },
        ]
      + sshkeypairs                     = (known after apply)
      + startingdeadlineseconds         = (known after apply)
      + status                          = (known after apply)
      + successfuljobshistorylimit      = (known after apply)
      + suspended                       = (known after apply)
      + timezone                        = (known after apply)
      + tlsbundles                      = (known after apply)
      + ttlsecondsafterfinished         = (known after apply)
      + type                            = "worker"
      + vanityhostname                  = (known after apply)
      + x509certs                       = (known after apply)
      + yamlconfigs                     = (known after apply)
    }

  # bahriya_encryption_key.main will be created
  + resource "bahriya_encryption_key" "main" {
      + algorithm             = "AES-256"
      + billable              = (known after apply)
      + currentversion        = (known after apply)
      + format                = "base64"
      + handle                = "enc-f357f231"
      + id                    = (known after apply)
      + key                   = (sensitive value)
      + keybits               = (known after apply)
      + managedbyresourceid   = (known after apply)
      + managedbyresourcetype = (known after apply)
      + maxversions           = (known after apply)
      + name                  = "TF E2E Encryption Key f357f231"
      + organisation          = (known after apply)
    }

  # bahriya_env_file.main will be created
  + resource "bahriya_env_file" "main" {
      + billable              = (known after apply)
      + content               = <<-EOT
            # E2E env file
            APP_MODE=production
            LOG_LEVEL=info
            FEATURE_X_ENABLED=true
        EOT
      + currentversion        = (known after apply)
      + entrycount            = (known after apply)
      + handle                = "env-f357f231"
      + id                    = (known after apply)
      + managedbyresourceid   = (known after apply)
      + managedbyresourcetype = (known after apply)
      + maxversions           = (known after apply)
      + name                  = "TF E2E Env File f357f231"
      + organisation          = (known after apply)
    }

  # bahriya_gpg_keypair.main will be created
  + resource "bahriya_gpg_keypair" "main" {
      + algorithm             = (known after apply)
      + billable              = (known after apply)
      + currentversion        = (known after apply)
      + handle                = "gpg-f357f231"
      + id                    = (known after apply)
      + keybits               = (known after apply)
      + keyid                 = (known after apply)
      + managedbyresourceid   = (known after apply)
      + managedbyresourcetype = (known after apply)
      + maxversions           = (known after apply)
      + name                  = "TF E2E GPG Keypair f357f231"
      + organisation          = (known after apply)
      + privatekey            = (sensitive value)
      + publickey             = (sensitive value)
      + uid                   = (known after apply)
    }

  # bahriya_json_config.main will be created
  + resource "bahriya_json_config" "main" {
      + billable              = (known after apply)
      + content               = jsonencode(
            {
              + features = [
                  + "alpha",
                  + "beta",
                ]
              + replicas = 1
              + service  = "e2e-f357f231"
            }
        )
      + currentversion        = (known after apply)
      + handle                = "json-f357f231"
      + id                    = (known after apply)
      + managedbyresourceid   = (known after apply)
      + managedbyresourcetype = (known after apply)
      + maxversions           = (known after apply)
      + name                  = "TF E2E JSON Config f357f231"
      + organisation          = (known after apply)
    }

  # bahriya_memcached.cache will be created
  + resource "bahriya_memcached" "cache" {
      + activeregions      = [
          + "helsinki-1",
        ]
      + handle             = "cache-f357f231"
      + id                 = (known after apply)
      + managedbycontainer = (known after apply)
      + maxconnections     = (known after apply)
      + maxitemsizemb      = (known after apply)
      + memorymb           = 512
      + name               = "TF E2E Cache f357f231"
      + networkpolicies    = (known after apply)
      + nodes              = (known after apply)
      + organisation       = (known after apply)
      + project            = (known after apply)
      + projectname        = (known after apply)
      + status             = (known after apply)
      + threads            = (known after apply)
    }

  # bahriya_network_policy.main will be created
  + resource "bahriya_network_policy" "main" {
      + billable              = (known after apply)
      + egresscidrs           = [
          + "10.0.0.0/8",
        ]
      + egressfqdns           = (known after apply)
      + handle                = "netpol-f357f231"
      + id                    = (known after apply)
      + ingresspeers          = [
          + "tfe2epeer-f357f231",
        ]
      + l7enabled             = (known after apply)
      + managedbyresourceid   = (known after apply)
      + managedbyresourcetype = (known after apply)
      + name                  = "TF E2E Network Policy f357f231"
      + organisation          = (known after apply)
      + ports                 = [
          + {
              + port     = 443
              + protocol = "TCP"
            },
        ]
    }

  # bahriya_path_rule.admin will be created
  + resource "bahriya_path_rule" "admin" {
      + basicauthcredentials = [
          + {
              + password = (sensitive value)
              + username = "alice"
            },
        ]
      + basicauthenabled     = true
      + container_id         = (known after apply)
      + handle               = "admin-f357f231"
      + id                   = (known after apply)
      + ipblacklist          = (known after apply)
      + ipblacklistenabled   = (known after apply)
      + ipwhitelist          = [
          + "10.0.0.0/8",
        ]
      + ipwhitelistenabled   = true
      + path                 = "/admin"
      + priority             = 100
      + ratelimitingenabled  = (known after apply)
    }

  # bahriya_path_rule.webhook will be created
  + resource "bahriya_path_rule" "webhook" {
      + basicauthcredentials          = (known after apply)
      + basicauthenabled              = (known after apply)
      + container_id                  = (known after apply)
      + handle                        = "webhook-f357f231"
      + id                            = (known after apply)
      + ipblacklist                   = (known after apply)
      + ipblacklistenabled            = (known after apply)
      + ipwhitelist                   = (known after apply)
      + ipwhitelistenabled            = (known after apply)
      + path                          = "/webhook"
      + priority                      = (known after apply)
      + ratelimitingenabled           = true
      + ratelimitingrequestsperhour   = 1000
      + ratelimitingrequestsperminute = 60
    }

  # bahriya_plain_config.main will be created
  + resource "bahriya_plain_config" "main" {
      + billable              = (known after apply)
      + content               = <<-EOT
            # Plain text config for e2e-f357f231
            key1=value1
            key2=value2
        EOT
      + contentlength         = (known after apply)
      + currentversion        = (known after apply)
      + handle                = "plain-f357f231"
      + id                    = (known after apply)
      + managedbyresourceid   = (known after apply)
      + managedbyresourcetype = (known after apply)
      + maxversions           = (known after apply)
      + name                  = "TF E2E Plain Config f357f231"
      + organisation          = (known after apply)
    }

  # bahriya_project.e2e will be created
  + resource "bahriya_project" "e2e" {
      + handle             = "tfe2e-f357f231"
      + id                 = (known after apply)
      + name               = "TF E2E Comprehensive f357f231"
      + organisation       = (known after apply)
      + quotalimitcpu      = (known after apply)
      + quotalimitmemory   = (known after apply)
      + quotarequestcpu    = (known after apply)
      + quotarequestmemory = (known after apply)
      + regions            = [
          + "helsinki-1",
        ]
      + users              = (known after apply)
    }

  # bahriya_project.peer will be created
  + resource "bahriya_project" "peer" {
      + handle             = "tfe2epeer-f357f231"
      + id                 = (known after apply)
      + name               = "TF E2E Peer f357f231"
      + organisation       = (known after apply)
      + quotalimitcpu      = (known after apply)
      + quotalimitmemory   = (known after apply)
      + quotarequestcpu    = (known after apply)
      + quotarequestmemory = (known after apply)
      + regions            = [
          + "helsinki-1",
        ]
      + users              = (known after apply)
    }

  # bahriya_project_encryption_key_attachment.main will be created
  + resource "bahriya_project_encryption_key_attachment" "main" {
      + handle     = "enc-f357f231"
      + id         = (known after apply)
      + join_id    = (known after apply)
      + project_id = (known after apply)
    }

  # bahriya_project_env_file_attachment.main will be created
  + resource "bahriya_project_env_file_attachment" "main" {
      + handle     = "env-f357f231"
      + id         = (known after apply)
      + join_id    = (known after apply)
      + project_id = (known after apply)
    }

  # bahriya_project_gpg_keypair_attachment.main will be created
  + resource "bahriya_project_gpg_keypair_attachment" "main" {
      + handle     = "gpg-f357f231"
      + id         = (known after apply)
      + join_id    = (known after apply)
      + project_id = (known after apply)
    }

  # bahriya_project_json_config_attachment.main will be created
  + resource "bahriya_project_json_config_attachment" "main" {
      + handle     = "json-f357f231"
      + id         = (known after apply)
      + join_id    = (known after apply)
      + project_id = (known after apply)
    }

  # bahriya_project_network_policy_attachment.main will be created
  + resource "bahriya_project_network_policy_attachment" "main" {
      + handle     = "netpol-f357f231"
      + id         = (known after apply)
      + join_id    = (known after apply)
      + project_id = (known after apply)
    }

  # bahriya_project_plain_config_attachment.main will be created
  + resource "bahriya_project_plain_config_attachment" "main" {
      + handle     = "plain-f357f231"
      + id         = (known after apply)
      + join_id    = (known after apply)
      + project_id = (known after apply)
    }

  # bahriya_project_registry_attachment.main will be created
  + resource "bahriya_project_registry_attachment" "main" {
      + handle     = "reg-f357f231"
      + id         = (known after apply)
      + join_id    = (known after apply)
      + project_id = (known after apply)
    }

  # bahriya_project_secret_attachment.main will be created
  + resource "bahriya_project_secret_attachment" "main" {
      + handle     = "sec-f357f231"
      + id         = (known after apply)
      + join_id    = (known after apply)
      + project_id = (known after apply)
    }

  # bahriya_project_ssh_keypair_attachment.main will be created
  + resource "bahriya_project_ssh_keypair_attachment" "main" {
      + handle     = "ssh-f357f231"
      + id         = (known after apply)
      + join_id    = (known after apply)
      + project_id = (known after apply)
    }

  # bahriya_project_tls_bundle_attachment.main will be created
  + resource "bahriya_project_tls_bundle_attachment" "main" {
      + handle     = "tls-f357f231"
      + id         = (known after apply)
      + join_id    = (known after apply)
      + project_id = (known after apply)
    }

  # bahriya_project_x509_cert_attachment.main will be created
  + resource "bahriya_project_x509_cert_attachment" "main" {
      + handle     = "x509-f357f231"
      + id         = (known after apply)
      + join_id    = (known after apply)
      + project_id = (known after apply)
    }

  # bahriya_project_yaml_config_attachment.main will be created
  + resource "bahriya_project_yaml_config_attachment" "main" {
      + handle     = "yaml-f357f231"
      + id         = (known after apply)
      + join_id    = (known after apply)
      + project_id = (known after apply)
    }

  # bahriya_registry.main will be created
  + resource "bahriya_registry" "main" {
      + billable              = (known after apply)
      + currentversionid      = (known after apply)
      + handle                = "reg-f357f231"
      + id                    = (known after apply)
      + managedbyresourceid   = (known after apply)
      + managedbyresourcetype = (known after apply)
      + maxversions           = (known after apply)
      + name                  = "TF E2E Registry f357f231"
      + password              = (sensitive value)
      + server                = "ghcr.io"
      + username              = "e2e-user"
    }

  # bahriya_secret.main will be created
  + resource "bahriya_secret" "main" {
      + billable              = (known after apply)
      + handle                = "sec-f357f231"
      + id                    = (known after apply)
      + managedbyresourceid   = (known after apply)
      + managedbyresourcetype = (known after apply)
      + maxversions           = (known after apply)
      + name                  = "TF E2E Secret f357f231"
      + value                 = (sensitive value)
    }

  # bahriya_ssh_keypair.main will be created
  + resource "bahriya_ssh_keypair" "main" {
      + algorithm             = (known after apply)
      + billable              = (known after apply)
      + comment               = (known after apply)
      + currentversion        = (known after apply)
      + handle                = "ssh-f357f231"
      + id                    = (known after apply)
      + keybits               = (known after apply)
      + keyid                 = (known after apply)
      + managedbyresourceid   = (known after apply)
      + managedbyresourcetype = (known after apply)
      + maxversions           = (known after apply)
      + name                  = "TF E2E SSH Keypair f357f231"
      + organisation          = (known after apply)
      + privatekey            = (sensitive value)
      + publickey             = (sensitive value)
    }

  # bahriya_tls_bundle.main will be created
  + resource "bahriya_tls_bundle" "main" {
      + algorithm             = (known after apply)
      + billable              = (known after apply)
      + ca                    = <<-EOT
            -----BEGIN CERTIFICATE-----
            MIIDQTCCAimgAwIBAgIUTHTJHv/lvGYtWs6cy5uyhrbS/MMwDQYJKoZIhvcNAQEL
            BQAwMDEYMBYGA1UEAwwPQmFocml5YSBUZXN0IENBMRQwEgYDVQQKDAtCYWhyaXlh
            IEUyRTAeFw0yNjA3MTQxMTE4MDRaFw0yNzA3MTQxMTE4MDRaMDAxGDAWBgNVBAMM
            D0JhaHJpeWEgVGVzdCBDQTEUMBIGA1UECgwLQmFocml5YSBFMkUwggEiMA0GCSqG
            SIb3DQEBAQUAA4IBDwAwggEKAoIBAQDwYL/shfJezJ16pHhxgaa3YrOYQGs2n3bj
            7CbiBjkKoPtuxpX4JS3PaS0K3uoXMCvJJRNEKXlkferdrsN3quUhDNA5zvRU4HAY
            VibNDvxaSOi56d/K8wkOp2jNXPWKYlNS3mEVXSCy1lUsgtPsdQTucbcWGCBwJEW4
            YZ38IWnW3C6Puf42u2h31+bveY1Y86TF8AYVpjltf3dOAdWy3GXuCGwbVeWZhhJR
            2xxkDPnMDzWtjeGvYlDgasE60pQe0qs5OpdfOon5aeD0gjWgK/sik0aNvLr/3IM4
            hCTKEHZwBtLxXzrbhQuHLy5rckpBznZMdBlY4QHpHUb3II6vNawNAgMBAAGjUzBR
            MB0GA1UdDgQWBBSuHV0sHMHZuoJKWBVJ3OSvALcTiTAfBgNVHSMEGDAWgBSuHV0s
            HMHZuoJKWBVJ3OSvALcTiTAPBgNVHRMBAf8EBTADAQH/MA0GCSqGSIb3DQEBCwUA
            A4IBAQCpLsQFpBawoi0uYvhaq82Gu/hl5cMWji4hk1CIOGQqTDYcMwXe+s9DVxXH
            AFwBkwkPsH+Gn0gLJIENi6J6N8+kSRVy29ueV1NoIpMZwQFDbcKgmN5c7IMnG6Ce
            mFKupjN7yScpmp+ItTtk2b1kJImr+Ez6VmX2Dqxxm5GmrW9e66uc5oZsP3Xvwh0F
            zUWlCLPt+bOGeEaX+n/XYpPaXJ/41UZJfoOYBoUhRg8b0uA8arh3dQTYRkdlVAAe
            Gs5Tyvpn3qp1z3yFroUjNreavMt3xNiJatiTM//vTiR89lIiiwDBOQKyNMHnDq/B
            Y2pjv3w6bIp/oyTMAlVTFk9S5+T9
            -----END CERTIFICATE-----
        EOT
      + cert                  = <<-EOT
            -----BEGIN CERTIFICATE-----
            MIIDOjCCAiKgAwIBAgIUKLm3YJEcwBQecU0tTwuMd3rZXrAwDQYJKoZIhvcNAQEL
            BQAwMDEYMBYGA1UEAwwPQmFocml5YSBUZXN0IENBMRQwEgYDVQQKDAtCYWhyaXlh
            IEUyRTAeFw0yNjA3MTQxMTE4MDRaFw0yNzA3MTQxMTE4MDRaMDoxIjAgBgNVBAMM
            GWUyZS1mMzU3ZjIzMS5iYWhyaXlhLnRlc3QxFDASBgNVBAoMC0JhaHJpeWEgRTJF
            MIIBIjANBgkqhkiG9w0BAQEFAAOCAQ8AMIIBCgKCAQEAqtHf6cBqJDvc/8Lhx8Vn
            HG2CeHML5mlFR2+tO199OF8wWziTCsgk35pjf03OLVYIaxR7mSdfL0pmsrjasKEQ
            1PxraXAm5oSF31CHQppkpTQyOHA8VOsNoPqgYaQ32rJ13UqO9vnM+1B197P92ZUh
            GTzQSzCodGNVthTGITR1H6PgHYhKsdsjKN9bc3iIcAFvM4s0p15Dgwx2ZKpxijZ3
            O8bfYiR2aAuzFipEXeNDWG5lKASw6v3uYXCJtOv88S2LIScxdomGJ+33+bzZw2HA
            8RME3MxWl4ydq4m1OZ+oiIurdMFW7gKA5e/efiwxpNZxrksbz1SiPH1i2dJH/r7t
            iwIDAQABo0IwQDAdBgNVHQ4EFgQU5OqdxdcMvxYjbpFH6WzFJQvwUqswHwYDVR0j
            BBgwFoAUrh1dLBzB2bqCSlgVSdzkrwC3E4kwDQYJKoZIhvcNAQELBQADggEBALtD
            gJD1PQlr6BPYjixH9ghx6NGv858toYObMNZQ8Yiaukg470LhO+sYzbEgSFnFd7vW
            nPqpvhP+uasCyBPG3APb4drkA4Vm7CqsfUcodhoLxtO/l3NA4eYzl4ppYGaMKcgc
            ibglmhXVp+S120fK0i6TlL0/TLazksFMq+3XKiooFyxlZ2o9atzxNZ9I5El3OWsR
            /99gMrtG/oZpHHo9FZauTd6rQhdwsItTqiImR1A2jn1CJ/hoHGD6KCTNW3dcb06S
            HBrdMytNGfTSKhSRzYkUfeREwa4pAMJkTKAcMNC8j+QsGkuAfjcO0BqEpCESoO6B
            2CfQ+6tnxQk7B399aFo=
            -----END CERTIFICATE-----
        EOT
      + currentversion        = (known after apply)
      + fingerprint           = (known after apply)
      + handle                = "tls-f357f231"
      + id                    = (known after apply)
      + issuer                = (known after apply)
      + key                   = (sensitive value)
      + keybits               = (known after apply)
      + managedbyresourceid   = (known after apply)
      + managedbyresourcetype = (known after apply)
      + maxversions           = (known after apply)
      + name                  = "TF E2E TLS Bundle f357f231"
      + organisation          = (known after apply)
      + subject               = (known after apply)
    }

  # bahriya_x509_cert.main will be created
  + resource "bahriya_x509_cert" "main" {
      + algorithm             = (known after apply)
      + billable              = (known after apply)
      + cert                  = <<-EOT
            -----BEGIN CERTIFICATE-----
            MIIDXzCCAkegAwIBAgIUeMQK4GhIG7ER9SeTxCJZJc/e8o4wDQYJKoZIhvcNAQEL
            BQAwPzEnMCUGA1UEAwweZTJlLXg1MDktZjM1N2YyMzEuYmFocml5YS50ZXN0MRQw
            EgYDVQQKDAtCYWhyaXlhIEUyRTAeFw0yNjA3MTQxMTE4MDRaFw0yNzA3MTQxMTE4
            MDRaMD8xJzAlBgNVBAMMHmUyZS14NTA5LWYzNTdmMjMxLmJhaHJpeWEudGVzdDEU
            MBIGA1UECgwLQmFocml5YSBFMkUwggEiMA0GCSqGSIb3DQEBAQUAA4IBDwAwggEK
            AoIBAQCzQ/2axpJ1Em9J3Ppmd207FvKd6jRedc/LmR84s3ApAUl3RyFSNrNhL/iI
            9Addxa3g/RYGt4iYPIiZH6BHMNJAtd7yVGx/L01JP21ZqwL1ig5Gq4JKHqy2hyxa
            Lr8wnQ4+9eHuRpqxugYZiGTfTMRARI4WdNDto04pFQgtVIpGLHEvdqpMM9R0s3Ij
            lIhSK65yvHwRmrykgPxxj2E7bLk9imp8SUNEeIzF2keTNlAiwzM3YXLbjQ6c/kaD
            uXIbkMWhVQlOpzKm16M1zGVU9kdEmLRHyqUiCJsHQCS1nmWZxvcbbo3ONoDExHC8
            cvhlUtL9ULutNQnb1IKlYSwoM4DbAgMBAAGjUzBRMB0GA1UdDgQWBBQhO067eDWb
            Ac3fcz23rHkh6HHjfTAfBgNVHSMEGDAWgBQhO067eDWbAc3fcz23rHkh6HHjfTAP
            BgNVHRMBAf8EBTADAQH/MA0GCSqGSIb3DQEBCwUAA4IBAQCLI0H5AHP+ljJiHQVL
            pzsc0x+9UXh3AAs3f3HD/tRW+fn3iUtURb33wephqcgDayUpI98n8yFUETYxOh/1
            vvvz/DpQ4YyLBYzV2kvGMrX3Rx+ZFS0pqUbCAioR+zFz2qpv1VqDOT5zbmq/oQt4
            6P4q/6kMetvzZkS3jNdXoE5nsBJqz7AsQ77aY+cRMh3a2T6CP9ow97FAnebtpORQ
            yqDMjihUBWD+NtpbJ5h0CV9RWeXvbFg2DhKx2+NJLjTjIiHHwj/1psN/7QmIZPK5
            0gg9gCJ2Xr91BwwC+9QgfZHdvPLVUMWAkUybkFAsqlr3yZRUSyL5y+9lIekwiEnh
            /JLC
            -----END CERTIFICATE-----
        EOT
      + currentversion        = (known after apply)
      + fingerprint           = (known after apply)
      + handle                = "x509-f357f231"
      + id                    = (known after apply)
      + issuer                = (known after apply)
      + managedbyresourceid   = (known after apply)
      + managedbyresourcetype = (known after apply)
      + maxversions           = (known after apply)
      + name                  = "TF E2E X509 Cert f357f231"
      + organisation          = (known after apply)
      + subject               = (known after apply)
    }

  # bahriya_yaml_config.main will be created
  + resource "bahriya_yaml_config" "main" {
      + billable              = (known after apply)
      + content               = <<-EOT
            service:
              name: e2e-f357f231
              replicas: 1
              features:
                - alpha
                - beta
        EOT
      + currentversion        = (known after apply)
      + handle                = "yaml-f357f231"
      + id                    = (known after apply)
      + managedbyresourceid   = (known after apply)
      + managedbyresourcetype = (known after apply)
      + maxversions           = (known after apply)
      + name                  = "TF E2E YAML Config f357f231"
      + organisation          = (known after apply)
    }

Plan: 32 to add, 0 to change, 0 to destroy.

Changes to Outputs:
  + active_regions          = [
      + "falkenstein-1",
      + "helsinki-1",
      + "virginia-1",
      + "singapore-1",
    ]
  + cron_container_status   = (known after apply)
  + memcached_id            = (known after apply)
  + memcached_status        = (known after apply)
  + network_policy_id       = (known after apply)
  + project_id              = (known after apply)
  + registry_id             = (known after apply)
  + secret_id               = (known after apply)
  + suffix                  = "f357f231"
  + web_container_id        = (known after apply)
  + web_container_status    = (known after apply)
  + worker_container_status = (known after apply)
bahriya_registry.main: Creating...
bahriya_yaml_config.main: Creating...
bahriya_secret.main: Creating...
bahriya_project.e2e: Creating...
bahriya_json_config.main: Creating...
bahriya_x509_cert.main: Creating...
bahriya_ssh_keypair.main: Creating...
bahriya_gpg_keypair.main: Creating...
bahriya_encryption_key.main: Creating...
bahriya_tls_bundle.main: Creating...
bahriya_plain_config.main: Creating...
bahriya_x509_cert.main: Creation complete after 2s [id=20598545-e012-408e-8713-2c105b1bde43]
bahriya_env_file.main: Creating...
bahriya_gpg_keypair.main: Creation complete after 2s [id=3a24c9fd-2573-4de8-9ebe-70b0fcaecc10]
bahriya_project.peer: Creating...
bahriya_tls_bundle.main: Creation complete after 2s [id=d071d8ea-bc6e-4c38-942d-afd91ab1bc41]
bahriya_encryption_key.main: Creation complete after 2s [id=b41a0ada-723a-4768-8f66-b6141349d739]
bahriya_secret.main: Creation complete after 3s [id=cc9886f3-1a23-4013-ad72-b911cd53510a]
bahriya_registry.main: Creation complete after 3s [id=ba6828af-c8ff-40de-a0eb-6904963ff366]
bahriya_yaml_config.main: Creation complete after 3s [id=73cb3fbe-448e-4841-9c69-9f03d7840a39]
bahriya_json_config.main: Creation complete after 4s [id=12f8b71a-d9ab-4637-9343-79086c9ff6e7]
bahriya_plain_config.main: Creation complete after 3s [id=a15c1ada-46bb-425e-ad38-09d4209b29e8]
bahriya_ssh_keypair.main: Creation complete after 4s [id=9c184466-309c-4a9c-963a-9697918f2225]
bahriya_env_file.main: Creation complete after 3s [id=75d71391-41a9-43a1-aad5-bf97ce38ff3a]

Error: Create failed

  with bahriya_project.e2e,
  on main.tf line 72, in resource "bahriya_project" "e2e":
  72: resource "bahriya_project" "e2e" {

bahriya api error 400 BAD REQUEST: "Could not map type
`Bahriya\\Contracts\\DataTransferObjects\\Console\\v1\\Project`. An error
occurred at path organisation: Value null is not a valid non-empty string."

Error: Create failed

  with bahriya_project.peer,
  on main.tf line 80, in resource "bahriya_project" "peer":
  80: resource "bahriya_project" "peer" {

bahriya api error 400 BAD REQUEST: "Could not map type
`Bahriya\\Contracts\\DataTransferObjects\\Console\\v1\\Project`. An error
occurred at path organisation: Value null is not a valid non-empty string."
