
Warning: Provider development overrides are in effect

The following provider development overrides are set in the CLI
configuration:
 - bahriya-cloud/bahriya in /Users/meezaan/code/bahriya/bahriya-platform/terraform-provider-bahriya/bin

The behavior may therefore not match any released version of the provider and
applying changes may cause the state to become incompatible with published
releases.
bahriya_project.e2e: Refreshing state... [id=2be273dc-cb77-48a3-9d2d-6a056030b6a3]
bahriya_ssh_keypair.main: Refreshing state... [id=7f7754d2-3f9f-400a-b104-e0cedc9f2175]
bahriya_env_file.main: Refreshing state... [id=f90c5b3b-d9a0-4010-b356-0e479116244a]
bahriya_plain_config.main: Refreshing state... [id=e3d888e9-d0fb-468b-b543-1078cc50b229]
bahriya_json_config.main: Refreshing state... [id=2342edef-a836-4fec-bb12-5df685e0c0cc]
bahriya_yaml_config.main: Refreshing state... [id=d799f4d0-582e-4112-9ab2-b7f5716aa4ca]
bahriya_gpg_keypair.main: Refreshing state... [id=05003f57-e31a-4830-bfdf-7f9c86bc84dc]
bahriya_tls_bundle.main: Refreshing state... [id=98018057-695b-44cc-861c-ed90e54963a1]
bahriya_encryption_key.main: Refreshing state... [id=69b2c785-0b93-4fd6-a41b-4336c77211fd]
bahriya_x509_cert.main: Refreshing state... [id=b647f77e-69b5-4944-919a-d29fae2c58bf]
bahriya_project_tls_bundle_attachment.main: Refreshing state... [id=2be273dc-cb77-48a3-9d2d-6a056030b6a3:tls-82415c4b]
bahriya_project_yaml_config_attachment.main: Refreshing state... [id=2be273dc-cb77-48a3-9d2d-6a056030b6a3:yaml-82415c4b]
bahriya_project_x509_cert_attachment.main: Refreshing state... [id=2be273dc-cb77-48a3-9d2d-6a056030b6a3:x509-82415c4b]
bahriya_project_env_file_attachment.main: Refreshing state... [id=2be273dc-cb77-48a3-9d2d-6a056030b6a3:env-82415c4b]
bahriya_project_ssh_keypair_attachment.main: Refreshing state... [id=2be273dc-cb77-48a3-9d2d-6a056030b6a3:ssh-82415c4b]
bahriya_project_plain_config_attachment.main: Refreshing state... [id=2be273dc-cb77-48a3-9d2d-6a056030b6a3:plain-82415c4b]
bahriya_project_encryption_key_attachment.main: Refreshing state... [id=2be273dc-cb77-48a3-9d2d-6a056030b6a3:enc-82415c4b]
bahriya_project_gpg_keypair_attachment.main: Refreshing state... [id=2be273dc-cb77-48a3-9d2d-6a056030b6a3:gpg-82415c4b]
bahriya_project_json_config_attachment.main: Refreshing state... [id=2be273dc-cb77-48a3-9d2d-6a056030b6a3:json-82415c4b]
bahriya_container.e2e: Refreshing state... [id=8d066c1f-2472-45f8-9e56-f54f932c42a4]

Terraform used the selected providers to generate the following execution
plan. Resource actions are indicated with the following symbols:
  ~ update in-place

Terraform will perform the following actions:

  # bahriya_container.e2e will be updated in-place
  ~ resource "bahriya_container" "e2e" {
      + activedeadlineseconds           = (known after apply)
      ~ autoscalingenabled              = false -> (known after apply)
      + autoscalingmaxreplicas          = (known after apply)
      ~ autoscalingtargetcpu            = "100" -> (known after apply)
      ~ autoscalingtargetmemory         = "100" -> (known after apply)
      + backofflimit                    = (known after apply)
      + basicauthcredentials            = (known after apply)
      ~ basicauthenabled                = false -> (known after apply)
      + concurrencypolicy               = (known after apply)
      + customdnsmode                   = (known after apply)
      ~ defaulthostname                 = "ptybs36d-szs" -> (known after apply)
      ~ dnsfailoverenabled              = false -> (known after apply)
      + dnsttl                          = (known after apply)
      ~ externalnetworkingenabled       = false -> (known after apply)
      + failedjobshistorylimit          = (known after apply)
        id                              = "8d066c1f-2472-45f8-9e56-f54f932c42a4"
      ~ ipblacklistenabled              = false -> (known after apply)
      ~ ipwhitelistenabled              = false -> (known after apply)
      ~ maxcpu                          = "150" -> (known after apply)
      ~ maxmemory                       = "192" -> (known after apply)
        name                            = "TF E2E Container 82415c4b"
      ~ projectname                     = "TF E2E Vault Configs 82415c4b" -> (known after apply)
      + prometheuspath                  = (known after apply)
      + prometheusport                  = (known after apply)
      ~ proxycacheallowforcecacheheader = false -> (known after apply)
      ~ proxycacheenabled               = false -> (known after apply)
      ~ proxycachehonorcachecontrol     = false -> (known after apply)
      + proxycachemaxitemsizemb         = (known after apply)
      + proxycachememcached             = (known after apply)
      + proxycachesizemb                = (known after apply)
      + proxycachestoragettl            = (known after apply)
      + proxycachettl                   = (known after apply)
      + proxycachevariant               = (known after apply)
      ~ ratelimitingenabled             = false -> (known after apply)
      + ratelimitingrequestsperhour     = (known after apply)
      + ratelimitingrequestsperminute   = (known after apply)
      + ratelimitingrequestspersecond   = (known after apply)
      + registry                        = (known after apply)
      + schedule                        = (known after apply)
      + startingdeadlineseconds         = (known after apply)
      + successfuljobshistorylimit      = (known after apply)
      ~ suspended                       = false -> (known after apply)
      + timezone                        = (known after apply)
      + ttlsecondsafterfinished         = (known after apply)
      ~ type                            = "http" -> (known after apply)
      + vanityhostname                  = (known after apply)
        # (37 unchanged attributes hidden)
    }

  # bahriya_tls_bundle.main will be updated in-place
  ~ resource "bahriya_tls_bundle" "main" {
      ~ billable              = true -> (known after apply)
      + currentversion        = (known after apply)
        id                    = "98018057-695b-44cc-861c-ed90e54963a1"
      + managedbyresourceid   = (known after apply)
      + managedbyresourcetype = (known after apply)
      ~ name                  = "TF E2E TLS Bundle 82415c4b" -> "TF E2E TLS Bundle Renamed 82415c4b"
        # (11 unchanged attributes hidden)
    }

Plan: 0 to add, 2 to change, 0 to destroy.
bahriya_tls_bundle.main: Modifying... [id=98018057-695b-44cc-861c-ed90e54963a1]
bahriya_tls_bundle.main: Modifications complete after 1s [id=98018057-695b-44cc-861c-ed90e54963a1]
bahriya_container.e2e: Modifying... [id=8d066c1f-2472-45f8-9e56-f54f932c42a4]
bahriya_container.e2e: Modifications complete after 1s [id=8d066c1f-2472-45f8-9e56-f54f932c42a4]

Apply complete! Resources: 0 added, 2 changed, 0 destroyed.

Outputs:

container_id = "8d066c1f-2472-45f8-9e56-f54f932c42a4"
container_status = "running"
project_id = "2be273dc-cb77-48a3-9d2d-6a056030b6a3"
suffix = "82415c4b"
