[33m╷[0m[0m
[33m│[0m [0m[1m[33mWarning: [0m[0m[1mProvider development overrides are in effect[0m
[33m│[0m [0m
[33m│[0m [0m[0mThe following provider development overrides are set in the CLI
[33m│[0m [0mconfiguration:
[33m│[0m [0m - bahriya-cloud/bahriya in /Users/meezaan/code/bahriya/bahriya-platform/terraform-provider-bahriya/bin
[33m│[0m [0m
[33m│[0m [0mThe behavior may therefore not match any released version of the provider
[33m│[0m [0mand applying changes may cause the state to become incompatible with
[33m│[0m [0mpublished releases.
[33m╵[0m[0m
[0m[1mdata.bahriya_regions.active: Reading...[0m[0m
[0m[1mdata.bahriya_regions.active: Read complete after 1s[0m

Terraform used the selected providers to generate the following execution
plan. Resource actions are indicated with the following symbols:
  [32m+[0m create[0m

Terraform will perform the following actions:

[1m  # bahriya_container.cron[0m will be created
[0m  [32m+[0m[0m resource "bahriya_container" "cron" {
      [32m+[0m[0m activedeadlineseconds           = (known after apply)
      [32m+[0m[0m activeregions                   = [
          [32m+[0m[0m "helsinki-1",
        ]
      [32m+[0m[0m args                            = (known after apply)
      [32m+[0m[0m autoscalingenabled              = (known after apply)
      [32m+[0m[0m autoscalingmaxreplicas          = (known after apply)
      [32m+[0m[0m autoscalingminreplicas          = (known after apply)
      [32m+[0m[0m autoscalingtargetcpu            = (known after apply)
      [32m+[0m[0m autoscalingtargetmemory         = (known after apply)
      [32m+[0m[0m backofflimit                    = (known after apply)
      [32m+[0m[0m basicauthcredentials            = (known after apply)
      [32m+[0m[0m basicauthenabled                = (known after apply)
      [32m+[0m[0m bootstraptime                   = (known after apply)
      [32m+[0m[0m command                         = [
          [32m+[0m[0m "sh",
          [32m+[0m[0m "-c",
          [32m+[0m[0m "echo e2e-tick",
        ]
      [32m+[0m[0m concurrencypolicy               = (known after apply)
      [32m+[0m[0m containerport                   = (known after apply)
      [32m+[0m[0m customdnsmode                   = (known after apply)
      [32m+[0m[0m defaulthostname                 = (known after apply)
      [32m+[0m[0m dnsfailoverenabled              = (known after apply)
      [32m+[0m[0m dnsttl                          = (known after apply)
      [32m+[0m[0m encryptionkeys                  = (known after apply)
      [32m+[0m[0m envfiles                        = (known after apply)
      [32m+[0m[0m ephemeralstoragegb              = (known after apply)
      [32m+[0m[0m externalnetworkingenabled       = (known after apply)
      [32m+[0m[0m failedjobshistorylimit          = (known after apply)
      [32m+[0m[0m gpgkeypairs                     = (known after apply)
      [32m+[0m[0m handle                          = "cron-de152327"
      [32m+[0m[0m healthcheckpath                 = (known after apply)
      [32m+[0m[0m hostnames                       = (known after apply)
      [32m+[0m[0m id                              = (known after apply)
      [32m+[0m[0m image                           = "busybox:latest"
      [32m+[0m[0m initjobs                        = (known after apply)
      [32m+[0m[0m ipblacklist                     = (known after apply)
      [32m+[0m[0m ipblacklistenabled              = (known after apply)
      [32m+[0m[0m ipwhitelist                     = (known after apply)
      [32m+[0m[0m ipwhitelistenabled              = (known after apply)
      [32m+[0m[0m jsonconfigs                     = (known after apply)
      [32m+[0m[0m maxcpu                          = (known after apply)
      [32m+[0m[0m maxmemory                       = (known after apply)
      [32m+[0m[0m mincpu                          = "100"
      [32m+[0m[0m minmemory                       = "128"
      [32m+[0m[0m name                            = "TF E2E Cron de152327"
      [32m+[0m[0m networkpolicies                 = (known after apply)
      [32m+[0m[0m newenvvar                       = (known after apply)
      [32m+[0m[0m organisation                    = (known after apply)
      [32m+[0m[0m persistentvolumes               = (known after apply)
      [32m+[0m[0m plainconfigs                    = (known after apply)
      [32m+[0m[0m project                         = (known after apply)
      [32m+[0m[0m projectname                     = (known after apply)
      [32m+[0m[0m prometheuspath                  = (known after apply)
      [32m+[0m[0m prometheusport                  = (known after apply)
      [32m+[0m[0m proxycacheallowforcecacheheader = (known after apply)
      [32m+[0m[0m proxycachecontenttypes          = (known after apply)
      [32m+[0m[0m proxycacheenabled               = (known after apply)
      [32m+[0m[0m proxycachehonorcachecontrol     = (known after apply)
      [32m+[0m[0m proxycachemaxitemsizemb         = (known after apply)
      [32m+[0m[0m proxycachememcached             = (known after apply)
      [32m+[0m[0m proxycacherequestmethods        = (known after apply)
      [32m+[0m[0m proxycacheresponsecodes         = (known after apply)
      [32m+[0m[0m proxycachesizemb                = (known after apply)
      [32m+[0m[0m proxycachestoragettl            = (known after apply)
      [32m+[0m[0m proxycachettl                   = (known after apply)
      [32m+[0m[0m proxycachevariant               = (known after apply)
      [32m+[0m[0m proxycachevarybodyjsonfields    = (known after apply)
      [32m+[0m[0m proxycachevaryheaders           = (known after apply)
      [32m+[0m[0m proxycachevaryqueryparams       = (known after apply)
      [32m+[0m[0m ratelimitingenabled             = (known after apply)
      [32m+[0m[0m ratelimitingrequestsperhour     = (known after apply)
      [32m+[0m[0m ratelimitingrequestsperminute   = (known after apply)
      [32m+[0m[0m ratelimitingrequestspersecond   = (known after apply)
      [32m+[0m[0m registry                        = (known after apply)
      [32m+[0m[0m schedule                        = "*/5 * * * *"
      [32m+[0m[0m secretsenvvar                   = (known after apply)
      [32m+[0m[0m sshkeypairs                     = (known after apply)
      [32m+[0m[0m startingdeadlineseconds         = (known after apply)
      [32m+[0m[0m status                          = (known after apply)
      [32m+[0m[0m successfuljobshistorylimit      = (known after apply)
      [32m+[0m[0m suspended                       = (known after apply)
      [32m+[0m[0m timezone                        = (known after apply)
      [32m+[0m[0m tlsbundles                      = (known after apply)
      [32m+[0m[0m ttlsecondsafterfinished         = (known after apply)
      [32m+[0m[0m type                            = "cronjob"
      [32m+[0m[0m vanityhostname                  = (known after apply)
      [32m+[0m[0m x509certs                       = (known after apply)
      [32m+[0m[0m yamlconfigs                     = (known after apply)
    }

[1m  # bahriya_container.web[0m will be created
[0m  [32m+[0m[0m resource "bahriya_container" "web" {
      [32m+[0m[0m activedeadlineseconds           = (known after apply)
      [32m+[0m[0m activeregions                   = [
          [32m+[0m[0m "helsinki-1",
        ]
      [32m+[0m[0m args                            = (known after apply)
      [32m+[0m[0m autoscalingenabled              = (known after apply)
      [32m+[0m[0m autoscalingmaxreplicas          = (known after apply)
      [32m+[0m[0m autoscalingminreplicas          = "1"
      [32m+[0m[0m autoscalingtargetcpu            = (known after apply)
      [32m+[0m[0m autoscalingtargetmemory         = (known after apply)
      [32m+[0m[0m backofflimit                    = (known after apply)
      [32m+[0m[0m basicauthcredentials            = (known after apply)
      [32m+[0m[0m basicauthenabled                = (known after apply)
      [32m+[0m[0m bootstraptime                   = (known after apply)
      [32m+[0m[0m command                         = (known after apply)
      [32m+[0m[0m concurrencypolicy               = (known after apply)
      [32m+[0m[0m containerport                   = "80"
      [32m+[0m[0m customdnsmode                   = (known after apply)
      [32m+[0m[0m defaulthostname                 = (known after apply)
      [32m+[0m[0m dnsfailoverenabled              = (known after apply)
      [32m+[0m[0m dnsttl                          = (known after apply)
      [32m+[0m[0m encryptionkeys                  = [
          [32m+[0m[0m {
              [32m+[0m[0m handle    = "enc-de152327"
              [32m+[0m[0m mountpath = "/etc/bahriya/enc"
            },
        ]
      [32m+[0m[0m envfiles                        = [
          [32m+[0m[0m {
              [32m+[0m[0m handle          = "env-de152327"
              [32m+[0m[0m injectionmethod = "envFrom"
            },
        ]
      [32m+[0m[0m ephemeralstoragegb              = (known after apply)
      [32m+[0m[0m externalnetworkingenabled       = (known after apply)
      [32m+[0m[0m failedjobshistorylimit          = (known after apply)
      [32m+[0m[0m gpgkeypairs                     = [
          [32m+[0m[0m {
              [32m+[0m[0m handle    = "gpg-de152327"
              [32m+[0m[0m mountpath = "/etc/bahriya/gpg"
            },
        ]
      [32m+[0m[0m handle                          = "web-de152327"
      [32m+[0m[0m healthcheckpath                 = "/"
      [32m+[0m[0m hostnames                       = [
          [32m+[0m[0m {
              [32m+[0m[0m hostname    = "web-de152327.e2e.bahriya.test"
              [32m+[0m[0m wwwredirect = false
            },
        ]
      [32m+[0m[0m id                              = (known after apply)
      [32m+[0m[0m image                           = "nginx:alpine"
      [32m+[0m[0m initjobs                        = (known after apply)
      [32m+[0m[0m ipblacklist                     = (known after apply)
      [32m+[0m[0m ipblacklistenabled              = (known after apply)
      [32m+[0m[0m ipwhitelist                     = (known after apply)
      [32m+[0m[0m ipwhitelistenabled              = (known after apply)
      [32m+[0m[0m jsonconfigs                     = [
          [32m+[0m[0m {
              [32m+[0m[0m handle    = "json-de152327"
              [32m+[0m[0m mountpath = "/etc/bahriya/cfg/json"
            },
        ]
      [32m+[0m[0m maxcpu                          = (known after apply)
      [32m+[0m[0m maxmemory                       = (known after apply)
      [32m+[0m[0m mincpu                          = "100"
      [32m+[0m[0m minmemory                       = "128"
      [32m+[0m[0m name                            = "TF E2E Web de152327"
      [32m+[0m[0m networkpolicies                 = [
          [32m+[0m[0m "netpol-de152327",
        ]
      [32m+[0m[0m newenvvar                       = [
          [32m+[0m[0m {
              [32m+[0m[0m key   = "APP_MODE"
              [32m+[0m[0m value = "e2e"
            },
        ]
      [32m+[0m[0m organisation                    = (known after apply)
      [32m+[0m[0m persistentvolumes               = [
          [32m+[0m[0m {
              [32m+[0m[0m handle    = "data"
              [32m+[0m[0m mountpath = "/var/lib/data"
              [32m+[0m[0m sizegb    = 1
            },
        ]
      [32m+[0m[0m plainconfigs                    = [
          [32m+[0m[0m {
              [32m+[0m[0m handle    = "plain-de152327"
              [32m+[0m[0m mountpath = "/etc/bahriya/cfg/plain"
            },
        ]
      [32m+[0m[0m project                         = (known after apply)
      [32m+[0m[0m projectname                     = (known after apply)
      [32m+[0m[0m prometheuspath                  = (known after apply)
      [32m+[0m[0m prometheusport                  = (known after apply)
      [32m+[0m[0m proxycacheallowforcecacheheader = (known after apply)
      [32m+[0m[0m proxycachecontenttypes          = (known after apply)
      [32m+[0m[0m proxycacheenabled               = (known after apply)
      [32m+[0m[0m proxycachehonorcachecontrol     = (known after apply)
      [32m+[0m[0m proxycachemaxitemsizemb         = (known after apply)
      [32m+[0m[0m proxycachememcached             = (known after apply)
      [32m+[0m[0m proxycacherequestmethods        = (known after apply)
      [32m+[0m[0m proxycacheresponsecodes         = (known after apply)
      [32m+[0m[0m proxycachesizemb                = (known after apply)
      [32m+[0m[0m proxycachestoragettl            = (known after apply)
      [32m+[0m[0m proxycachettl                   = (known after apply)
      [32m+[0m[0m proxycachevariant               = (known after apply)
      [32m+[0m[0m proxycachevarybodyjsonfields    = (known after apply)
      [32m+[0m[0m proxycachevaryheaders           = (known after apply)
      [32m+[0m[0m proxycachevaryqueryparams       = (known after apply)
      [32m+[0m[0m ratelimitingenabled             = (known after apply)
      [32m+[0m[0m ratelimitingrequestsperhour     = (known after apply)
      [32m+[0m[0m ratelimitingrequestsperminute   = (known after apply)
      [32m+[0m[0m ratelimitingrequestspersecond   = (known after apply)
      [32m+[0m[0m registry                        = (known after apply)
      [32m+[0m[0m schedule                        = (known after apply)
      [32m+[0m[0m secretsenvvar                   = [
          [32m+[0m[0m {
              [32m+[0m[0m name   = "APP_SECRET"
              [32m+[0m[0m secret = "sec-de152327"
            },
        ]
      [32m+[0m[0m sshkeypairs                     = [
          [32m+[0m[0m {
              [32m+[0m[0m handle    = "ssh-de152327"
              [32m+[0m[0m mountpath = "/etc/bahriya/ssh"
            },
        ]
      [32m+[0m[0m startingdeadlineseconds         = (known after apply)
      [32m+[0m[0m status                          = (known after apply)
      [32m+[0m[0m successfuljobshistorylimit      = (known after apply)
      [32m+[0m[0m suspended                       = (known after apply)
      [32m+[0m[0m timezone                        = (known after apply)
      [32m+[0m[0m tlsbundles                      = [
          [32m+[0m[0m {
              [32m+[0m[0m handle    = "tls-de152327"
              [32m+[0m[0m mountpath = "/etc/bahriya/tls"
            },
        ]
      [32m+[0m[0m ttlsecondsafterfinished         = (known after apply)
      [32m+[0m[0m type                            = "http"
      [32m+[0m[0m vanityhostname                  = (known after apply)
      [32m+[0m[0m x509certs                       = [
          [32m+[0m[0m {
              [32m+[0m[0m handle    = "x509-de152327"
              [32m+[0m[0m mountpath = "/etc/bahriya/x509"
            },
        ]
      [32m+[0m[0m yamlconfigs                     = [
          [32m+[0m[0m {
              [32m+[0m[0m handle    = "yaml-de152327"
              [32m+[0m[0m mountpath = "/etc/bahriya/cfg/yaml"
            },
        ]
    }

[1m  # bahriya_container.worker[0m will be created
[0m  [32m+[0m[0m resource "bahriya_container" "worker" {
      [32m+[0m[0m activedeadlineseconds           = (known after apply)
      [32m+[0m[0m activeregions                   = [
          [32m+[0m[0m "helsinki-1",
        ]
      [32m+[0m[0m args                            = (known after apply)
      [32m+[0m[0m autoscalingenabled              = (known after apply)
      [32m+[0m[0m autoscalingmaxreplicas          = (known after apply)
      [32m+[0m[0m autoscalingminreplicas          = "1"
      [32m+[0m[0m autoscalingtargetcpu            = (known after apply)
      [32m+[0m[0m autoscalingtargetmemory         = (known after apply)
      [32m+[0m[0m backofflimit                    = (known after apply)
      [32m+[0m[0m basicauthcredentials            = (known after apply)
      [32m+[0m[0m basicauthenabled                = (known after apply)
      [32m+[0m[0m bootstraptime                   = (known after apply)
      [32m+[0m[0m command                         = (known after apply)
      [32m+[0m[0m concurrencypolicy               = (known after apply)
      [32m+[0m[0m containerport                   = (known after apply)
      [32m+[0m[0m customdnsmode                   = (known after apply)
      [32m+[0m[0m defaulthostname                 = (known after apply)
      [32m+[0m[0m dnsfailoverenabled              = (known after apply)
      [32m+[0m[0m dnsttl                          = (known after apply)
      [32m+[0m[0m encryptionkeys                  = (known after apply)
      [32m+[0m[0m envfiles                        = (known after apply)
      [32m+[0m[0m ephemeralstoragegb              = (known after apply)
      [32m+[0m[0m externalnetworkingenabled       = (known after apply)
      [32m+[0m[0m failedjobshistorylimit          = (known after apply)
      [32m+[0m[0m gpgkeypairs                     = (known after apply)
      [32m+[0m[0m handle                          = "worker-de152327"
      [32m+[0m[0m healthcheckpath                 = (known after apply)
      [32m+[0m[0m hostnames                       = (known after apply)
      [32m+[0m[0m id                              = (known after apply)
      [32m+[0m[0m image                           = "nginx:alpine"
      [32m+[0m[0m initjobs                        = (known after apply)
      [32m+[0m[0m ipblacklist                     = (known after apply)
      [32m+[0m[0m ipblacklistenabled              = (known after apply)
      [32m+[0m[0m ipwhitelist                     = (known after apply)
      [32m+[0m[0m ipwhitelistenabled              = (known after apply)
      [32m+[0m[0m jsonconfigs                     = (known after apply)
      [32m+[0m[0m maxcpu                          = (known after apply)
      [32m+[0m[0m maxmemory                       = (known after apply)
      [32m+[0m[0m mincpu                          = "100"
      [32m+[0m[0m minmemory                       = "128"
      [32m+[0m[0m name                            = "TF E2E Worker de152327"
      [32m+[0m[0m networkpolicies                 = (known after apply)
      [32m+[0m[0m newenvvar                       = (known after apply)
      [32m+[0m[0m organisation                    = (known after apply)
      [32m+[0m[0m persistentvolumes               = (known after apply)
      [32m+[0m[0m plainconfigs                    = (known after apply)
      [32m+[0m[0m project                         = (known after apply)
      [32m+[0m[0m projectname                     = (known after apply)
      [32m+[0m[0m prometheuspath                  = (known after apply)
      [32m+[0m[0m prometheusport                  = (known after apply)
      [32m+[0m[0m proxycacheallowforcecacheheader = (known after apply)
      [32m+[0m[0m proxycachecontenttypes          = (known after apply)
      [32m+[0m[0m proxycacheenabled               = (known after apply)
      [32m+[0m[0m proxycachehonorcachecontrol     = (known after apply)
      [32m+[0m[0m proxycachemaxitemsizemb         = (known after apply)
      [32m+[0m[0m proxycachememcached             = (known after apply)
      [32m+[0m[0m proxycacherequestmethods        = (known after apply)
      [32m+[0m[0m proxycacheresponsecodes         = (known after apply)
      [32m+[0m[0m proxycachesizemb                = (known after apply)
      [32m+[0m[0m proxycachestoragettl            = (known after apply)
      [32m+[0m[0m proxycachettl                   = (known after apply)
      [32m+[0m[0m proxycachevariant               = (known after apply)
      [32m+[0m[0m proxycachevarybodyjsonfields    = (known after apply)
      [32m+[0m[0m proxycachevaryheaders           = (known after apply)
      [32m+[0m[0m proxycachevaryqueryparams       = (known after apply)
      [32m+[0m[0m ratelimitingenabled             = (known after apply)
      [32m+[0m[0m ratelimitingrequestsperhour     = (known after apply)
      [32m+[0m[0m ratelimitingrequestsperminute   = (known after apply)
      [32m+[0m[0m ratelimitingrequestspersecond   = (known after apply)
      [32m+[0m[0m registry                        = (known after apply)
      [32m+[0m[0m schedule                        = (known after apply)
      [32m+[0m[0m secretsenvvar                   = [
          [32m+[0m[0m {
              [32m+[0m[0m name   = "WORKER_SECRET"
              [32m+[0m[0m secret = "sec-de152327"
            },
        ]
      [32m+[0m[0m sshkeypairs                     = (known after apply)
      [32m+[0m[0m startingdeadlineseconds         = (known after apply)
      [32m+[0m[0m status                          = (known after apply)
      [32m+[0m[0m successfuljobshistorylimit      = (known after apply)
      [32m+[0m[0m suspended                       = (known after apply)
      [32m+[0m[0m timezone                        = (known after apply)
      [32m+[0m[0m tlsbundles                      = (known after apply)
      [32m+[0m[0m ttlsecondsafterfinished         = (known after apply)
      [32m+[0m[0m type                            = "worker"
      [32m+[0m[0m vanityhostname                  = (known after apply)
      [32m+[0m[0m x509certs                       = (known after apply)
      [32m+[0m[0m yamlconfigs                     = (known after apply)
    }

[1m  # bahriya_encryption_key.main[0m will be created
[0m  [32m+[0m[0m resource "bahriya_encryption_key" "main" {
      [32m+[0m[0m billable              = (known after apply)
      [32m+[0m[0m currentversion        = (known after apply)
      [32m+[0m[0m format                = "base64"
      [32m+[0m[0m handle                = "enc-de152327"
      [32m+[0m[0m id                    = (known after apply)
      [32m+[0m[0m key                   = (sensitive value)
      [32m+[0m[0m keybits               = (known after apply)
      [32m+[0m[0m managedbyresourceid   = (known after apply)
      [32m+[0m[0m managedbyresourcetype = (known after apply)
      [32m+[0m[0m maxversions           = (known after apply)
      [32m+[0m[0m name                  = "TF E2E Encryption Key de152327"
      [32m+[0m[0m organisation          = (known after apply)
    }

[1m  # bahriya_env_file.main[0m will be created
[0m  [32m+[0m[0m resource "bahriya_env_file" "main" {
      [32m+[0m[0m billable              = (known after apply)
      [32m+[0m[0m content               = <<-EOT
            # E2E env file
            APP_MODE=production
            LOG_LEVEL=info
            FEATURE_X_ENABLED=true
        EOT
      [32m+[0m[0m currentversion        = (known after apply)
      [32m+[0m[0m entrycount            = (known after apply)
      [32m+[0m[0m handle                = "env-de152327"
      [32m+[0m[0m id                    = (known after apply)
      [32m+[0m[0m managedbyresourceid   = (known after apply)
      [32m+[0m[0m managedbyresourcetype = (known after apply)
      [32m+[0m[0m maxversions           = (known after apply)
      [32m+[0m[0m name                  = "TF E2E Env File de152327"
      [32m+[0m[0m organisation          = (known after apply)
    }

[1m  # bahriya_gpg_keypair.main[0m will be created
[0m  [32m+[0m[0m resource "bahriya_gpg_keypair" "main" {
      [32m+[0m[0m algorithm             = (known after apply)
      [32m+[0m[0m billable              = (known after apply)
      [32m+[0m[0m currentversion        = (known after apply)
      [32m+[0m[0m handle                = "gpg-de152327"
      [32m+[0m[0m id                    = (known after apply)
      [32m+[0m[0m keybits               = (known after apply)
      [32m+[0m[0m keyid                 = (known after apply)
      [32m+[0m[0m managedbyresourceid   = (known after apply)
      [32m+[0m[0m managedbyresourcetype = (known after apply)
      [32m+[0m[0m maxversions           = (known after apply)
      [32m+[0m[0m name                  = "TF E2E GPG Keypair de152327"
      [32m+[0m[0m organisation          = (known after apply)
      [32m+[0m[0m privatekey            = (sensitive value)
      [32m+[0m[0m publickey             = (sensitive value)
      [32m+[0m[0m uid                   = (known after apply)
    }

[1m  # bahriya_json_config.main[0m will be created
[0m  [32m+[0m[0m resource "bahriya_json_config" "main" {
      [32m+[0m[0m billable              = (known after apply)
      [32m+[0m[0m content               = jsonencode(
            {
              [32m+[0m[0m features = [
                  [32m+[0m[0m "alpha",
                  [32m+[0m[0m "beta",
                ]
              [32m+[0m[0m replicas = 1
              [32m+[0m[0m service  = "e2e-de152327"
            }
        )
      [32m+[0m[0m currentversion        = (known after apply)
      [32m+[0m[0m handle                = "json-de152327"
      [32m+[0m[0m id                    = (known after apply)
      [32m+[0m[0m managedbyresourceid   = (known after apply)
      [32m+[0m[0m managedbyresourcetype = (known after apply)
      [32m+[0m[0m maxversions           = (known after apply)
      [32m+[0m[0m name                  = "TF E2E JSON Config de152327"
      [32m+[0m[0m organisation          = (known after apply)
    }

[1m  # bahriya_memcached.cache[0m will be created
[0m  [32m+[0m[0m resource "bahriya_memcached" "cache" {
      [32m+[0m[0m activeregions      = [
          [32m+[0m[0m "helsinki-1",
        ]
      [32m+[0m[0m handle             = "cache-de152327"
      [32m+[0m[0m id                 = (known after apply)
      [32m+[0m[0m managedbycontainer = (known after apply)
      [32m+[0m[0m maxconnections     = (known after apply)
      [32m+[0m[0m maxitemsizemb      = (known after apply)
      [32m+[0m[0m memorymb           = 512
      [32m+[0m[0m name               = "TF E2E Cache de152327"
      [32m+[0m[0m networkpolicies    = (known after apply)
      [32m+[0m[0m nodes              = (known after apply)
      [32m+[0m[0m organisation       = (known after apply)
      [32m+[0m[0m project            = (known after apply)
      [32m+[0m[0m projectname        = (known after apply)
      [32m+[0m[0m status             = (known after apply)
      [32m+[0m[0m threads            = (known after apply)
    }

[1m  # bahriya_network_policy.main[0m will be created
[0m  [32m+[0m[0m resource "bahriya_network_policy" "main" {
      [32m+[0m[0m billable              = (known after apply)
      [32m+[0m[0m egresscidrs           = [
          [32m+[0m[0m "10.0.0.0/8",
        ]
      [32m+[0m[0m egressfqdns           = (known after apply)
      [32m+[0m[0m handle                = "netpol-de152327"
      [32m+[0m[0m id                    = (known after apply)
      [32m+[0m[0m ingresspeers          = [
          [32m+[0m[0m "tfe2epeer-de152327",
        ]
      [32m+[0m[0m l7enabled             = (known after apply)
      [32m+[0m[0m managedbyresourceid   = (known after apply)
      [32m+[0m[0m managedbyresourcetype = (known after apply)
      [32m+[0m[0m name                  = "TF E2E Network Policy de152327"
      [32m+[0m[0m organisation          = (known after apply)
      [32m+[0m[0m ports                 = [
          [32m+[0m[0m {
              [32m+[0m[0m port     = 443
              [32m+[0m[0m protocol = "TCP"
            },
        ]
    }

[1m  # bahriya_path_rule.admin[0m will be created
[0m  [32m+[0m[0m resource "bahriya_path_rule" "admin" {
      [32m+[0m[0m basicauthcredentials = [
          [32m+[0m[0m {
              [32m+[0m[0m password = (sensitive value)
              [32m+[0m[0m username = "alice"
            },
        ]
      [32m+[0m[0m basicauthenabled     = true
      [32m+[0m[0m container_id         = (known after apply)
      [32m+[0m[0m handle               = "admin-de152327"
      [32m+[0m[0m id                   = (known after apply)
      [32m+[0m[0m ipblacklist          = (known after apply)
      [32m+[0m[0m ipblacklistenabled   = (known after apply)
      [32m+[0m[0m ipwhitelist          = [
          [32m+[0m[0m "10.0.0.0/8",
        ]
      [32m+[0m[0m ipwhitelistenabled   = true
      [32m+[0m[0m path                 = "/admin"
      [32m+[0m[0m priority             = 100
      [32m+[0m[0m ratelimitingenabled  = (known after apply)
    }

[1m  # bahriya_path_rule.webhook[0m will be created
[0m  [32m+[0m[0m resource "bahriya_path_rule" "webhook" {
      [32m+[0m[0m basicauthcredentials          = (known after apply)
      [32m+[0m[0m basicauthenabled              = (known after apply)
      [32m+[0m[0m container_id                  = (known after apply)
      [32m+[0m[0m handle                        = "webhook-de152327"
      [32m+[0m[0m id                            = (known after apply)
      [32m+[0m[0m ipblacklist                   = (known after apply)
      [32m+[0m[0m ipblacklistenabled            = (known after apply)
      [32m+[0m[0m ipwhitelist                   = (known after apply)
      [32m+[0m[0m ipwhitelistenabled            = (known after apply)
      [32m+[0m[0m path                          = "/webhook"
      [32m+[0m[0m priority                      = (known after apply)
      [32m+[0m[0m ratelimitingenabled           = true
      [32m+[0m[0m ratelimitingrequestsperhour   = 1000
      [32m+[0m[0m ratelimitingrequestsperminute = 60
    }

[1m  # bahriya_plain_config.main[0m will be created
[0m  [32m+[0m[0m resource "bahriya_plain_config" "main" {
      [32m+[0m[0m billable              = (known after apply)
      [32m+[0m[0m content               = <<-EOT
            # Plain text config for e2e-de152327
            key1=value1
            key2=value2
        EOT
      [32m+[0m[0m contentlength         = (known after apply)
      [32m+[0m[0m currentversion        = (known after apply)
      [32m+[0m[0m handle                = "plain-de152327"
      [32m+[0m[0m id                    = (known after apply)
      [32m+[0m[0m managedbyresourceid   = (known after apply)
      [32m+[0m[0m managedbyresourcetype = (known after apply)
      [32m+[0m[0m maxversions           = (known after apply)
      [32m+[0m[0m name                  = "TF E2E Plain Config de152327"
      [32m+[0m[0m organisation          = (known after apply)
    }

[1m  # bahriya_project.e2e[0m will be created
[0m  [32m+[0m[0m resource "bahriya_project" "e2e" {
      [32m+[0m[0m handle             = "tfe2e-de152327"
      [32m+[0m[0m id                 = (known after apply)
      [32m+[0m[0m name               = "TF E2E Comprehensive de152327"
      [32m+[0m[0m organisation       = (known after apply)
      [32m+[0m[0m quotalimitcpu      = (known after apply)
      [32m+[0m[0m quotalimitmemory   = (known after apply)
      [32m+[0m[0m quotarequestcpu    = (known after apply)
      [32m+[0m[0m quotarequestmemory = (known after apply)
      [32m+[0m[0m regions            = [
          [32m+[0m[0m "helsinki-1",
        ]
      [32m+[0m[0m users              = (known after apply)
    }

[1m  # bahriya_project.peer[0m will be created
[0m  [32m+[0m[0m resource "bahriya_project" "peer" {
      [32m+[0m[0m handle             = "tfe2epeer-de152327"
      [32m+[0m[0m id                 = (known after apply)
      [32m+[0m[0m name               = "TF E2E Peer de152327"
      [32m+[0m[0m organisation       = (known after apply)
      [32m+[0m[0m quotalimitcpu      = (known after apply)
      [32m+[0m[0m quotalimitmemory   = (known after apply)
      [32m+[0m[0m quotarequestcpu    = (known after apply)
      [32m+[0m[0m quotarequestmemory = (known after apply)
      [32m+[0m[0m regions            = [
          [32m+[0m[0m "helsinki-1",
        ]
      [32m+[0m[0m users              = (known after apply)
    }

[1m  # bahriya_project_encryption_key_attachment.main[0m will be created
[0m  [32m+[0m[0m resource "bahriya_project_encryption_key_attachment" "main" {
      [32m+[0m[0m handle     = "enc-de152327"
      [32m+[0m[0m id         = (known after apply)
      [32m+[0m[0m join_id    = (known after apply)
      [32m+[0m[0m project_id = (known after apply)
    }

[1m  # bahriya_project_env_file_attachment.main[0m will be created
[0m  [32m+[0m[0m resource "bahriya_project_env_file_attachment" "main" {
      [32m+[0m[0m handle     = "env-de152327"
      [32m+[0m[0m id         = (known after apply)
      [32m+[0m[0m join_id    = (known after apply)
      [32m+[0m[0m project_id = (known after apply)
    }

[1m  # bahriya_project_gpg_keypair_attachment.main[0m will be created
[0m  [32m+[0m[0m resource "bahriya_project_gpg_keypair_attachment" "main" {
      [32m+[0m[0m handle     = "gpg-de152327"
      [32m+[0m[0m id         = (known after apply)
      [32m+[0m[0m join_id    = (known after apply)
      [32m+[0m[0m project_id = (known after apply)
    }

[1m  # bahriya_project_json_config_attachment.main[0m will be created
[0m  [32m+[0m[0m resource "bahriya_project_json_config_attachment" "main" {
      [32m+[0m[0m handle     = "json-de152327"
      [32m+[0m[0m id         = (known after apply)
      [32m+[0m[0m join_id    = (known after apply)
      [32m+[0m[0m project_id = (known after apply)
    }

[1m  # bahriya_project_network_policy_attachment.main[0m will be created
[0m  [32m+[0m[0m resource "bahriya_project_network_policy_attachment" "main" {
      [32m+[0m[0m handle     = "netpol-de152327"
      [32m+[0m[0m id         = (known after apply)
      [32m+[0m[0m join_id    = (known after apply)
      [32m+[0m[0m project_id = (known after apply)
    }

[1m  # bahriya_project_plain_config_attachment.main[0m will be created
[0m  [32m+[0m[0m resource "bahriya_project_plain_config_attachment" "main" {
      [32m+[0m[0m handle     = "plain-de152327"
      [32m+[0m[0m id         = (known after apply)
      [32m+[0m[0m join_id    = (known after apply)
      [32m+[0m[0m project_id = (known after apply)
    }

[1m  # bahriya_project_registry_attachment.main[0m will be created
[0m  [32m+[0m[0m resource "bahriya_project_registry_attachment" "main" {
      [32m+[0m[0m handle     = "reg-de152327"
      [32m+[0m[0m id         = (known after apply)
      [32m+[0m[0m join_id    = (known after apply)
      [32m+[0m[0m project_id = (known after apply)
    }

[1m  # bahriya_project_secret_attachment.main[0m will be created
[0m  [32m+[0m[0m resource "bahriya_project_secret_attachment" "main" {
      [32m+[0m[0m handle     = "sec-de152327"
      [32m+[0m[0m id         = (known after apply)
      [32m+[0m[0m join_id    = (known after apply)
      [32m+[0m[0m project_id = (known after apply)
    }

[1m  # bahriya_project_ssh_keypair_attachment.main[0m will be created
[0m  [32m+[0m[0m resource "bahriya_project_ssh_keypair_attachment" "main" {
      [32m+[0m[0m handle     = "ssh-de152327"
      [32m+[0m[0m id         = (known after apply)
      [32m+[0m[0m join_id    = (known after apply)
      [32m+[0m[0m project_id = (known after apply)
    }

[1m  # bahriya_project_tls_bundle_attachment.main[0m will be created
[0m  [32m+[0m[0m resource "bahriya_project_tls_bundle_attachment" "main" {
      [32m+[0m[0m handle     = "tls-de152327"
      [32m+[0m[0m id         = (known after apply)
      [32m+[0m[0m join_id    = (known after apply)
      [32m+[0m[0m project_id = (known after apply)
    }

[1m  # bahriya_project_x509_cert_attachment.main[0m will be created
[0m  [32m+[0m[0m resource "bahriya_project_x509_cert_attachment" "main" {
      [32m+[0m[0m handle     = "x509-de152327"
      [32m+[0m[0m id         = (known after apply)
      [32m+[0m[0m join_id    = (known after apply)
      [32m+[0m[0m project_id = (known after apply)
    }

[1m  # bahriya_project_yaml_config_attachment.main[0m will be created
[0m  [32m+[0m[0m resource "bahriya_project_yaml_config_attachment" "main" {
      [32m+[0m[0m handle     = "yaml-de152327"
      [32m+[0m[0m id         = (known after apply)
      [32m+[0m[0m join_id    = (known after apply)
      [32m+[0m[0m project_id = (known after apply)
    }

[1m  # bahriya_registry.main[0m will be created
[0m  [32m+[0m[0m resource "bahriya_registry" "main" {
      [32m+[0m[0m billable              = (known after apply)
      [32m+[0m[0m currentversionid      = (known after apply)
      [32m+[0m[0m handle                = "reg-de152327"
      [32m+[0m[0m id                    = (known after apply)
      [32m+[0m[0m managedbyresourceid   = (known after apply)
      [32m+[0m[0m managedbyresourcetype = (known after apply)
      [32m+[0m[0m maxversions           = (known after apply)
      [32m+[0m[0m name                  = "TF E2E Registry de152327"
      [32m+[0m[0m password              = (sensitive value)
      [32m+[0m[0m server                = "ghcr.io"
      [32m+[0m[0m username              = "e2e-user"
    }

[1m  # bahriya_secret.main[0m will be created
[0m  [32m+[0m[0m resource "bahriya_secret" "main" {
      [32m+[0m[0m billable              = (known after apply)
      [32m+[0m[0m handle                = "sec-de152327"
      [32m+[0m[0m id                    = (known after apply)
      [32m+[0m[0m managedbyresourceid   = (known after apply)
      [32m+[0m[0m managedbyresourcetype = (known after apply)
      [32m+[0m[0m maxversions           = (known after apply)
      [32m+[0m[0m name                  = "TF E2E Secret de152327"
      [32m+[0m[0m value                 = (sensitive value)
    }

[1m  # bahriya_ssh_keypair.main[0m will be created
[0m  [32m+[0m[0m resource "bahriya_ssh_keypair" "main" {
      [32m+[0m[0m algorithm             = (known after apply)
      [32m+[0m[0m billable              = (known after apply)
      [32m+[0m[0m comment               = (known after apply)
      [32m+[0m[0m currentversion        = (known after apply)
      [32m+[0m[0m handle                = "ssh-de152327"
      [32m+[0m[0m id                    = (known after apply)
      [32m+[0m[0m keybits               = (known after apply)
      [32m+[0m[0m keyid                 = (known after apply)
      [32m+[0m[0m managedbyresourceid   = (known after apply)
      [32m+[0m[0m managedbyresourcetype = (known after apply)
      [32m+[0m[0m maxversions           = (known after apply)
      [32m+[0m[0m name                  = "TF E2E SSH Keypair de152327"
      [32m+[0m[0m organisation          = (known after apply)
      [32m+[0m[0m privatekey            = (sensitive value)
      [32m+[0m[0m publickey             = (sensitive value)
    }

[1m  # bahriya_tls_bundle.main[0m will be created
[0m  [32m+[0m[0m resource "bahriya_tls_bundle" "main" {
      [32m+[0m[0m algorithm             = (known after apply)
      [32m+[0m[0m billable              = (known after apply)
      [32m+[0m[0m ca                    = <<-EOT
            -----BEGIN CERTIFICATE-----
            MIIDQTCCAimgAwIBAgIUdCF8JKUBEaKUHYQh25lfGJp78ywwDQYJKoZIhvcNAQEL
            BQAwMDEYMBYGA1UEAwwPQmFocml5YSBUZXN0IENBMRQwEgYDVQQKDAtCYWhyaXlh
            IEUyRTAeFw0yNjA3MjMxNTA4MTNaFw0yNzA3MjMxNTA4MTNaMDAxGDAWBgNVBAMM
            D0JhaHJpeWEgVGVzdCBDQTEUMBIGA1UECgwLQmFocml5YSBFMkUwggEiMA0GCSqG
            SIb3DQEBAQUAA4IBDwAwggEKAoIBAQCcDqRGQJTxOIaZVEXLiZcowRYYSjBWm3i2
            XZbwELdxqftvevmyB+QR33BEVbmn9tjAp9c8CpvkuLpFyuXbvVqBYPfC3wXVbZOZ
            /DUSoWDT08oPeYENvwLvb5Pf1Ch/R0YvUIm1OYu6+uqV0iBbNrqzkA2Gsk0JNQsK
            PkpAw4iD2ecafzXaVuoarD4Mbm8Fonh+7BwiG0fLvBcDDYPhDuo9I1aVgBmYVoQK
            TMzRukKbtfKvfCgADfEc6Mh+9M1zpZRsMOyaLnRfzU/ZdQCi14ATxf24lCv4rKEq
            lpP/Hwy3/uAHYBDDaoEfF6OTT/hOsG3L37EIvG0y84P4LGDyQRWDAgMBAAGjUzBR
            MB0GA1UdDgQWBBQ5MsqUUzJrRMIYslwEPtQ0g1+xvzAfBgNVHSMEGDAWgBQ5MsqU
            UzJrRMIYslwEPtQ0g1+xvzAPBgNVHRMBAf8EBTADAQH/MA0GCSqGSIb3DQEBCwUA
            A4IBAQAAFs97JPr5BRn5nAZRSSmN6o/QbItewKXr9j/1r15w0p92BlKcgtc7rHbK
            6LCiBm7EA/wJveCtru/tYCIVw3XZ1AZHrvlK8/7bbsT5VKfOkbLjMrHz2qm9d0EL
            noQI4a7uQ29Qxo9Iu6f2GFq5HUG5k4EAWxxwBnQgyzzTnccITC+kPnZKUa9hm25u
            Y4Jx1wjry8a1GOg0dNNYAsv/vXKNdmexiNoUeuVMSIhyFpD68wv9+IXbBVbLBPvc
            mcNTxMb5DZaxI3Tt13QBGwo4aLQbSGD9RZ+VwaIeOtvZEMib+U/buZbNXE2825Qr
            YtLloocVpXjtR+r2c8ROxbyJR8u6
            -----END CERTIFICATE-----
        EOT
      [32m+[0m[0m cert                  = <<-EOT
            -----BEGIN CERTIFICATE-----
            MIIDOjCCAiKgAwIBAgIUWnaT5JsR5e1Tw2uAlJK28/EC1kIwDQYJKoZIhvcNAQEL
            BQAwMDEYMBYGA1UEAwwPQmFocml5YSBUZXN0IENBMRQwEgYDVQQKDAtCYWhyaXlh
            IEUyRTAeFw0yNjA3MjMxNTA4MTNaFw0yNzA3MjMxNTA4MTNaMDoxIjAgBgNVBAMM
            GWUyZS1kZTE1MjMyNy5iYWhyaXlhLnRlc3QxFDASBgNVBAoMC0JhaHJpeWEgRTJF
            MIIBIjANBgkqhkiG9w0BAQEFAAOCAQ8AMIIBCgKCAQEA2G/6q2YX2EsGcDfhgJuy
            G8rQZ5pLccbBvW54zOmdpy0RqZlvycWqoxscLhIxrQ/lA1fOWl22TgV2P97po3gX
            13yJz7c5DEoMGqRNvfO8OSoZwxx/DMVVQMD8fDwhhkfzb3hUsZFCyDDLNfDNh/Ht
            JfQQfCxnhm4RIJgLsqHNulP6uSC4WsuUJ1v3lLGtEP7Uiff0TzzJy82A9zYGoqI7
            BrVvLI+A4nJLzfTyxdB65SOx8aNraf2AjLeR7569qbzpUgQGtPY1MRb94IaaRxsr
            L4dLsUJhqkwMz4sE2Sy8V1jMUHueeb0qEW4dAuYmozVKYTCpsOW2ROSpUPkJ/wya
            owIDAQABo0IwQDAdBgNVHQ4EFgQUvGXP6whjhZYf8GMnXktDCcC7gYwwHwYDVR0j
            BBgwFoAUOTLKlFMya0TCGLJcBD7UNINfsb8wDQYJKoZIhvcNAQELBQADggEBACQh
            pVLLyeTj20SGD2npAzNN1r9Cv/agD+pZbfZgyj2gpvOaaKYuVfbJeTsu2m25cxyz
            JAP42i5Lh/JN/0zwzBADzap4Bcq9TDoDKG3fvilUVwKpUct9wLfQlVmcocq+4vfs
            eZR44nNK7QPkXem2Xj2VLKj43uX3BEwEpC8BK7FyVp8W9tdotfoHEwj2OU5VqEY3
            zdHfF/U01liy7t2ONKSO0mpNCPqv4SqpS6MlaOeI2/eLu+Ez157ZB2E2SKnzJ+Lz
            7X1Rmh2t9lMjnhGybI6NzPGyBstTr+alN/JEwtuUrdnBtIaQNGUOsTOfFjVy6Jli
            Fv3JvYNp74ysJN/W/Pc=
            -----END CERTIFICATE-----
        EOT
      [32m+[0m[0m currentversion        = (known after apply)
      [32m+[0m[0m fingerprint           = (known after apply)
      [32m+[0m[0m handle                = "tls-de152327"
      [32m+[0m[0m id                    = (known after apply)
      [32m+[0m[0m issuer                = (known after apply)
      [32m+[0m[0m key                   = (sensitive value)
      [32m+[0m[0m keybits               = (known after apply)
      [32m+[0m[0m managedbyresourceid   = (known after apply)
      [32m+[0m[0m managedbyresourcetype = (known after apply)
      [32m+[0m[0m maxversions           = (known after apply)
      [32m+[0m[0m name                  = "TF E2E TLS Bundle de152327"
      [32m+[0m[0m organisation          = (known after apply)
      [32m+[0m[0m subject               = (known after apply)
    }

[1m  # bahriya_x509_cert.main[0m will be created
[0m  [32m+[0m[0m resource "bahriya_x509_cert" "main" {
      [32m+[0m[0m algorithm             = (known after apply)
      [32m+[0m[0m billable              = (known after apply)
      [32m+[0m[0m cert                  = <<-EOT
            -----BEGIN CERTIFICATE-----
            MIIDXzCCAkegAwIBAgIUPfc9K0oqp6QFdpuTIbbM7fGfy3EwDQYJKoZIhvcNAQEL
            BQAwPzEnMCUGA1UEAwweZTJlLXg1MDktZGUxNTIzMjcuYmFocml5YS50ZXN0MRQw
            EgYDVQQKDAtCYWhyaXlhIEUyRTAeFw0yNjA3MjMxNTA4MTNaFw0yNzA3MjMxNTA4
            MTNaMD8xJzAlBgNVBAMMHmUyZS14NTA5LWRlMTUyMzI3LmJhaHJpeWEudGVzdDEU
            MBIGA1UECgwLQmFocml5YSBFMkUwggEiMA0GCSqGSIb3DQEBAQUAA4IBDwAwggEK
            AoIBAQC9aDl7cNa3suOF7F4rq0F/R8X28TtlMIiUapaMa+SJ/8vYo/v1HVYWIjz8
            BlJh9sUaY1aWtev0sgTmWlw96s3Hwti42Yws18by/gfanZxR/5QlHyv1tB/H5wMC
            HEJGNq0uzHmEH/apUIdwD23jdHiBTkE6QB3KJcPe2kwN8QU+FrVJ30ZOZ0wFx0Ej
            79jxHaurh1n15By70a1bEbO7KauVkv2eRGDzyZvdgaXJ+t5MNHbdNMy8dh+2td3/
            O4FhEq7mvVZbvGiARFn+9VvtUTzkAIDPEfLqJU13eRRAV38thE9FSGTFLLjbrNTP
            GgD541itoZeXqOYkjIiwJpz9ymBZAgMBAAGjUzBRMB0GA1UdDgQWBBTiuGyo7D1Q
            NigOIf9udYmKpCvFODAfBgNVHSMEGDAWgBTiuGyo7D1QNigOIf9udYmKpCvFODAP
            BgNVHRMBAf8EBTADAQH/MA0GCSqGSIb3DQEBCwUAA4IBAQA6kxf1G0nG18vjiusS
            4ChfjocKlCcoA+89QNV20x1Z5qertmNr1HIGNmthPqEyRoVPei9eQEUMd4j0Bb3D
            wDK81jdNTzs/hOTXQx+I7XLWNBjZf1WskP5g3IU+ui80LM+CnmxGGrIaGhPgGO7G
            anpwW2p72JbGBE/I9G+7H0hblcdqzW3kygUDmTW8B1igwHVrEB3qUTK8JMFxEHNl
            nimKwjcpygJ9kWwd9ssEx4A5e/+gC7GO9G0B4R6Cak6+MnQvs/vZxjCLNDTzbJ3Z
            VT5+bv8FcSPack8Vvrb/aLplgTJ3BHdwjKsZt3oLBA042B9ZCFnUMjaVK4oRFq4l
            4fVK
            -----END CERTIFICATE-----
        EOT
      [32m+[0m[0m currentversion        = (known after apply)
      [32m+[0m[0m fingerprint           = (known after apply)
      [32m+[0m[0m handle                = "x509-de152327"
      [32m+[0m[0m id                    = (known after apply)
      [32m+[0m[0m issuer                = (known after apply)
      [32m+[0m[0m managedbyresourceid   = (known after apply)
      [32m+[0m[0m managedbyresourcetype = (known after apply)
      [32m+[0m[0m maxversions           = (known after apply)
      [32m+[0m[0m name                  = "TF E2E X509 Cert de152327"
      [32m+[0m[0m organisation          = (known after apply)
      [32m+[0m[0m subject               = (known after apply)
    }

[1m  # bahriya_yaml_config.main[0m will be created
[0m  [32m+[0m[0m resource "bahriya_yaml_config" "main" {
      [32m+[0m[0m billable              = (known after apply)
      [32m+[0m[0m content               = <<-EOT
            service:
              name: e2e-de152327
              replicas: 1
              features:
                - alpha
                - beta
        EOT
      [32m+[0m[0m currentversion        = (known after apply)
      [32m+[0m[0m handle                = "yaml-de152327"
      [32m+[0m[0m id                    = (known after apply)
      [32m+[0m[0m managedbyresourceid   = (known after apply)
      [32m+[0m[0m managedbyresourcetype = (known after apply)
      [32m+[0m[0m maxversions           = (known after apply)
      [32m+[0m[0m name                  = "TF E2E YAML Config de152327"
      [32m+[0m[0m organisation          = (known after apply)
    }

[1mPlan:[0m [0m32 to add, 0 to change, 0 to destroy.

Changes to Outputs:
  [32m+[0m[0m active_regions          = [
      [32m+[0m[0m "falkenstein-1",
      [32m+[0m[0m "helsinki-1",
      [32m+[0m[0m "virginia-1",
      [32m+[0m[0m "singapore-1",
    ]
  [32m+[0m[0m cron_container_status   = (known after apply)
  [32m+[0m[0m memcached_id            = (known after apply)
  [32m+[0m[0m memcached_status        = (known after apply)
  [32m+[0m[0m network_policy_id       = (known after apply)
  [32m+[0m[0m project_id              = (known after apply)
  [32m+[0m[0m registry_id             = (known after apply)
  [32m+[0m[0m secret_id               = (known after apply)
  [32m+[0m[0m suffix                  = "de152327"
  [32m+[0m[0m web_container_id        = (known after apply)
  [32m+[0m[0m web_container_status    = (known after apply)
  [32m+[0m[0m worker_container_status = (known after apply)
[0m[1mbahriya_secret.main: Creating...[0m[0m
[0m[1mbahriya_project.peer: Creating...[0m[0m
[0m[1mbahriya_registry.main: Creating...[0m[0m
[0m[1mbahriya_json_config.main: Creating...[0m[0m
[0m[1mbahriya_env_file.main: Creating...[0m[0m
[0m[1mbahriya_x509_cert.main: Creating...[0m[0m
[0m[1mbahriya_gpg_keypair.main: Creating...[0m[0m
[0m[1mbahriya_plain_config.main: Creating...[0m[0m
[0m[1mbahriya_ssh_keypair.main: Creating...[0m[0m
[0m[1mbahriya_encryption_key.main: Creating...[0m[0m
[0m[1mbahriya_gpg_keypair.main: Creation complete after 3s [id=70b5c082-cb00-44ad-95d2-74820dc68e36][0m
[0m[1mbahriya_yaml_config.main: Creating...[0m[0m
[0m[1mbahriya_project.peer: Creation complete after 3s [id=330aaefb-5253-469b-90ac-c1cf1b7b56d7][0m
[0m[1mbahriya_tls_bundle.main: Creating...[0m[0m
[0m[1mbahriya_json_config.main: Creation complete after 3s [id=035c4a19-3e93-4627-9c92-237b65f19800][0m
[0m[1mbahriya_plain_config.main: Creation complete after 3s [id=95ebf518-2722-49be-a072-cf3a9a2a7f39][0m
[0m[1mbahriya_project.e2e: Creating...[0m[0m
[0m[1mbahriya_secret.main: Creation complete after 3s [id=81856cb1-ef6e-4cc4-833c-00363daef73e][0m
[0m[1mbahriya_network_policy.main: Creating...[0m[0m
[0m[1mbahriya_registry.main: Creation complete after 4s [id=fbc536aa-2555-4f46-9c17-866ee180b65d][0m
[0m[1mbahriya_env_file.main: Creation complete after 4s [id=54806e2a-f7d3-4a31-aa99-99e7dd37b51d][0m
[0m[1mbahriya_x509_cert.main: Creation complete after 4s [id=68402b1d-2399-4d08-bb77-f2cefd7df5b1][0m
[0m[1mbahriya_ssh_keypair.main: Creation complete after 4s [id=42b90df4-d27d-4ea5-8b7e-9ddac24ae0e0][0m
[0m[1mbahriya_encryption_key.main: Creation complete after 4s [id=2c294add-a354-42be-a8a4-d9832969bc93][0m
[0m[1mbahriya_project.e2e: Creation complete after 2s [id=7744b580-e9aa-4838-8f48-f38a49cf57b7][0m
[0m[1mbahriya_project_x509_cert_attachment.main: Creating...[0m[0m
[0m[1mbahriya_project_ssh_keypair_attachment.main: Creating...[0m[0m
[0m[1mbahriya_project_gpg_keypair_attachment.main: Creating...[0m[0m
[0m[1mbahriya_project_env_file_attachment.main: Creating...[0m[0m
[0m[1mbahriya_project_json_config_attachment.main: Creating...[0m[0m
[0m[1mbahriya_project_encryption_key_attachment.main: Creating...[0m[0m
[0m[1mbahriya_memcached.cache: Creating...[0m[0m
[0m[1mbahriya_network_policy.main: Creation complete after 2s [id=f7c9dc2e-d753-4834-9fda-894519d42e5d][0m
[0m[1mbahriya_project_plain_config_attachment.main: Creating...[0m[0m
[0m[1mbahriya_tls_bundle.main: Creation complete after 2s [id=42c21405-c881-459d-8951-6dacc6853e3d][0m
[0m[1mbahriya_container.cron: Creating...[0m[0m
[0m[1mbahriya_yaml_config.main: Creation complete after 2s [id=782a9b7c-b2c2-48c2-a917-55b93b21281d][0m
[0m[1mbahriya_project_registry_attachment.main: Creating...[0m[0m
[0m[1mbahriya_project_json_config_attachment.main: Creation complete after 1s [id=7744b580-e9aa-4838-8f48-f38a49cf57b7:json-de152327][0m
[0m[1mbahriya_project_secret_attachment.main: Creating...[0m[0m
[0m[1mbahriya_project_gpg_keypair_attachment.main: Creation complete after 1s [id=7744b580-e9aa-4838-8f48-f38a49cf57b7:gpg-de152327][0m
[0m[1mbahriya_project_network_policy_attachment.main: Creating...[0m[0m
[0m[1mbahriya_project_env_file_attachment.main: Creation complete after 1s [id=7744b580-e9aa-4838-8f48-f38a49cf57b7:env-de152327][0m
[0m[1mbahriya_project_tls_bundle_attachment.main: Creating...[0m[0m
[0m[1mbahriya_project_encryption_key_attachment.main: Creation complete after 1s [id=7744b580-e9aa-4838-8f48-f38a49cf57b7:enc-de152327][0m
[0m[1mbahriya_project_yaml_config_attachment.main: Creating...[0m[0m
[0m[1mbahriya_project_plain_config_attachment.main: Creation complete after 1s [id=7744b580-e9aa-4838-8f48-f38a49cf57b7:plain-de152327][0m
[0m[1mbahriya_project_ssh_keypair_attachment.main: Creation complete after 1s [id=7744b580-e9aa-4838-8f48-f38a49cf57b7:ssh-de152327][0m
[0m[1mbahriya_project_x509_cert_attachment.main: Creation complete after 1s [id=7744b580-e9aa-4838-8f48-f38a49cf57b7:x509-de152327][0m
[0m[1mbahriya_project_registry_attachment.main: Creation complete after 2s [id=7744b580-e9aa-4838-8f48-f38a49cf57b7:reg-de152327][0m
[0m[1mbahriya_project_secret_attachment.main: Creation complete after 1s [id=7744b580-e9aa-4838-8f48-f38a49cf57b7:sec-de152327][0m
[0m[1mbahriya_container.worker: Creating...[0m[0m
[0m[1mbahriya_project_network_policy_attachment.main: Creation complete after 1s [id=7744b580-e9aa-4838-8f48-f38a49cf57b7:netpol-de152327][0m
[0m[1mbahriya_project_tls_bundle_attachment.main: Creation complete after 1s [id=7744b580-e9aa-4838-8f48-f38a49cf57b7:tls-de152327][0m
[0m[1mbahriya_project_yaml_config_attachment.main: Creation complete after 1s [id=7744b580-e9aa-4838-8f48-f38a49cf57b7:yaml-de152327][0m
[0m[1mbahriya_container.web: Creating...[0m[0m
[0m[1mbahriya_memcached.cache: Still creating... [00m10s elapsed][0m[0m
[0m[1mbahriya_container.cron: Still creating... [00m10s elapsed][0m[0m
[0m[1mbahriya_container.worker: Still creating... [00m10s elapsed][0m[0m
[0m[1mbahriya_container.web: Still creating... [00m10s elapsed][0m[0m
[0m[1mbahriya_memcached.cache: Still creating... [00m20s elapsed][0m[0m
[0m[1mbahriya_container.cron: Still creating... [00m20s elapsed][0m[0m
[0m[1mbahriya_container.worker: Still creating... [00m20s elapsed][0m[0m
[0m[1mbahriya_container.web: Still creating... [00m20s elapsed][0m[0m
[0m[1mbahriya_memcached.cache: Still creating... [00m30s elapsed][0m[0m
[0m[1mbahriya_container.cron: Still creating... [00m30s elapsed][0m[0m
[0m[1mbahriya_container.worker: Still creating... [00m30s elapsed][0m[0m
[0m[1mbahriya_container.web: Still creating... [00m30s elapsed][0m[0m
[0m[1mbahriya_memcached.cache: Still creating... [00m40s elapsed][0m[0m
[0m[1mbahriya_container.cron: Still creating... [00m40s elapsed][0m[0m
[0m[1mbahriya_container.worker: Still creating... [00m40s elapsed][0m[0m
[0m[1mbahriya_container.web: Still creating... [00m40s elapsed][0m[0m
[0m[1mbahriya_memcached.cache: Still creating... [00m50s elapsed][0m[0m
[0m[1mbahriya_container.cron: Still creating... [00m50s elapsed][0m[0m
[0m[1mbahriya_container.worker: Still creating... [00m50s elapsed][0m[0m
[0m[1mbahriya_container.web: Still creating... [00m50s elapsed][0m[0m
[0m[1mbahriya_memcached.cache: Still creating... [01m00s elapsed][0m[0m
[0m[1mbahriya_container.cron: Still creating... [01m00s elapsed][0m[0m
[0m[1mbahriya_container.worker: Still creating... [01m00s elapsed][0m[0m
[0m[1mbahriya_container.web: Still creating... [01m00s elapsed][0m[0m
[0m[1mbahriya_memcached.cache: Still creating... [01m10s elapsed][0m[0m
[0m[1mbahriya_container.cron: Still creating... [01m10s elapsed][0m[0m
[0m[1mbahriya_container.worker: Still creating... [01m10s elapsed][0m[0m
[0m[1mbahriya_container.web: Still creating... [01m10s elapsed][0m[0m
[0m[1mbahriya_memcached.cache: Still creating... [01m20s elapsed][0m[0m
[0m[1mbahriya_container.cron: Still creating... [01m20s elapsed][0m[0m
[0m[1mbahriya_container.worker: Still creating... [01m20s elapsed][0m[0m
[0m[1mbahriya_container.web: Still creating... [01m20s elapsed][0m[0m
[0m[1mbahriya_memcached.cache: Still creating... [01m30s elapsed][0m[0m
[0m[1mbahriya_container.cron: Still creating... [01m30s elapsed][0m[0m
[0m[1mbahriya_container.worker: Still creating... [01m30s elapsed][0m[0m
[0m[1mbahriya_container.web: Still creating... [01m30s elapsed][0m[0m
[0m[1mbahriya_memcached.cache: Still creating... [01m40s elapsed][0m[0m
[0m[1mbahriya_container.cron: Still creating... [01m40s elapsed][0m[0m
[0m[1mbahriya_container.worker: Still creating... [01m40s elapsed][0m[0m
[0m[1mbahriya_container.web: Still creating... [01m40s elapsed][0m[0m
[0m[1mbahriya_memcached.cache: Still creating... [01m50s elapsed][0m[0m
[0m[1mbahriya_container.cron: Still creating... [01m50s elapsed][0m[0m
[0m[1mbahriya_container.worker: Still creating... [01m50s elapsed][0m[0m
[0m[1mbahriya_container.web: Still creating... [01m50s elapsed][0m[0m
[0m[1mbahriya_memcached.cache: Creation complete after 1m53s [id=a672ec06-f47e-4508-9559-31554a11991f][0m
[0m[1mbahriya_container.cron: Still creating... [02m00s elapsed][0m[0m
[0m[1mbahriya_container.worker: Still creating... [02m00s elapsed][0m[0m
[0m[1mbahriya_container.web: Still creating... [02m00s elapsed][0m[0m
[0m[1mbahriya_container.cron: Still creating... [02m10s elapsed][0m[0m
[0m[1mbahriya_container.worker: Still creating... [02m10s elapsed][0m[0m
[0m[1mbahriya_container.web: Still creating... [02m10s elapsed][0m[0m
[0m[1mbahriya_container.cron: Still creating... [02m20s elapsed][0m[0m
[0m[1mbahriya_container.worker: Still creating... [02m20s elapsed][0m[0m
[0m[1mbahriya_container.web: Still creating... [02m20s elapsed][0m[0m
[0m[1mbahriya_container.cron: Creation complete after 2m24s [id=17d2d9da-1e6f-4488-b796-1253e6865631][0m
[0m[1mbahriya_container.worker: Still creating... [02m30s elapsed][0m[0m
[0m[1mbahriya_container.web: Still creating... [02m30s elapsed][0m[0m
[0m[1mbahriya_container.worker: Still creating... [02m40s elapsed][0m[0m
[0m[1mbahriya_container.web: Still creating... [02m40s elapsed][0m[0m
[0m[1mbahriya_container.worker: Still creating... [02m50s elapsed][0m[0m
[0m[1mbahriya_container.web: Still creating... [02m50s elapsed][0m[0m
[0m[1mbahriya_container.worker: Still creating... [03m00s elapsed][0m[0m
[0m[1mbahriya_container.web: Still creating... [03m00s elapsed][0m[0m
[0m[1mbahriya_container.worker: Still creating... [03m10s elapsed][0m[0m
[0m[1mbahriya_container.web: Still creating... [03m10s elapsed][0m[0m
[0m[1mbahriya_container.worker: Still creating... [03m20s elapsed][0m[0m
[0m[1mbahriya_container.web: Still creating... [03m20s elapsed][0m[0m
[0m[1mbahriya_container.worker: Still creating... [03m30s elapsed][0m[0m
[0m[1mbahriya_container.web: Still creating... [03m30s elapsed][0m[0m
[0m[1mbahriya_container.worker: Still creating... [03m40s elapsed][0m[0m
[0m[1mbahriya_container.web: Still creating... [03m40s elapsed][0m[0m
[0m[1mbahriya_container.worker: Still creating... [03m50s elapsed][0m[0m
[0m[1mbahriya_container.web: Still creating... [03m50s elapsed][0m[0m
[0m[1mbahriya_container.worker: Still creating... [04m00s elapsed][0m[0m
[0m[1mbahriya_container.web: Still creating... [04m00s elapsed][0m[0m
[0m[1mbahriya_container.worker: Still creating... [04m10s elapsed][0m[0m
[0m[1mbahriya_container.web: Still creating... [04m10s elapsed][0m[0m
[0m[1mbahriya_container.worker: Still creating... [04m20s elapsed][0m[0m
[0m[1mbahriya_container.web: Still creating... [04m20s elapsed][0m[0m
[0m[1mbahriya_container.worker: Still creating... [04m30s elapsed][0m[0m
[0m[1mbahriya_container.web: Still creating... [04m30s elapsed][0m[0m
[0m[1mbahriya_container.worker: Still creating... [04m40s elapsed][0m[0m
[0m[1mbahriya_container.web: Still creating... [04m40s elapsed][0m[0m
[0m[1mbahriya_container.worker: Still creating... [04m50s elapsed][0m[0m
[0m[1mbahriya_container.web: Still creating... [04m50s elapsed][0m[0m
[0m[1mbahriya_container.worker: Still creating... [05m00s elapsed][0m[0m
[0m[1mbahriya_container.web: Still creating... [05m00s elapsed][0m[0m
[0m[1mbahriya_container.worker: Still creating... [05m10s elapsed][0m[0m
[0m[1mbahriya_container.web: Still creating... [05m10s elapsed][0m[0m
[0m[1mbahriya_container.worker: Still creating... [05m20s elapsed][0m[0m
[0m[1mbahriya_container.web: Still creating... [05m20s elapsed][0m[0m
[0m[1mbahriya_container.worker: Still creating... [05m30s elapsed][0m[0m
[0m[1mbahriya_container.web: Still creating... [05m30s elapsed][0m[0m
[0m[1mbahriya_container.worker: Still creating... [05m40s elapsed][0m[0m
[0m[1mbahriya_container.web: Still creating... [05m40s elapsed][0m[0m
[0m[1mbahriya_container.worker: Still creating... [05m50s elapsed][0m[0m
[0m[1mbahriya_container.web: Still creating... [05m50s elapsed][0m[0m
[0m[1mbahriya_container.worker: Still creating... [06m00s elapsed][0m[0m
[0m[1mbahriya_container.web: Still creating... [06m00s elapsed][0m[0m
[0m[1mbahriya_container.worker: Still creating... [06m10s elapsed][0m[0m
[0m[1mbahriya_container.web: Still creating... [06m10s elapsed][0m[0m
[0m[1mbahriya_container.worker: Still creating... [06m20s elapsed][0m[0m
[0m[1mbahriya_container.web: Still creating... [06m20s elapsed][0m[0m
[0m[1mbahriya_container.worker: Still creating... [06m30s elapsed][0m[0m
[0m[1mbahriya_container.web: Still creating... [06m30s elapsed][0m[0m
[0m[1mbahriya_container.worker: Still creating... [06m40s elapsed][0m[0m
[0m[1mbahriya_container.web: Still creating... [06m40s elapsed][0m[0m
[0m[1mbahriya_container.worker: Still creating... [06m50s elapsed][0m[0m
[0m[1mbahriya_container.web: Still creating... [06m50s elapsed][0m[0m
[0m[1mbahriya_container.worker: Still creating... [07m00s elapsed][0m[0m
[0m[1mbahriya_container.web: Still creating... [07m00s elapsed][0m[0m
[0m[1mbahriya_container.worker: Still creating... [07m10s elapsed][0m[0m
[0m[1mbahriya_container.web: Still creating... [07m10s elapsed][0m[0m
[0m[1mbahriya_container.worker: Still creating... [07m20s elapsed][0m[0m
[0m[1mbahriya_container.web: Still creating... [07m20s elapsed][0m[0m
[0m[1mbahriya_container.worker: Still creating... [07m30s elapsed][0m[0m
[0m[1mbahriya_container.web: Still creating... [07m30s elapsed][0m[0m
[0m[1mbahriya_container.worker: Still creating... [07m40s elapsed][0m[0m
[0m[1mbahriya_container.web: Still creating... [07m40s elapsed][0m[0m
[0m[1mbahriya_container.worker: Still creating... [07m50s elapsed][0m[0m
[0m[1mbahriya_container.web: Still creating... [07m50s elapsed][0m[0m
[0m[1mbahriya_container.worker: Still creating... [08m00s elapsed][0m[0m
[0m[1mbahriya_container.web: Still creating... [08m00s elapsed][0m[0m
[0m[1mbahriya_container.worker: Still creating... [08m10s elapsed][0m[0m
[0m[1mbahriya_container.web: Still creating... [08m10s elapsed][0m[0m
[0m[1mbahriya_container.worker: Still creating... [08m20s elapsed][0m[0m
[0m[1mbahriya_container.web: Still creating... [08m20s elapsed][0m[0m
[0m[1mbahriya_container.worker: Still creating... [08m30s elapsed][0m[0m
[0m[1mbahriya_container.web: Still creating... [08m30s elapsed][0m[0m
[0m[1mbahriya_container.worker: Still creating... [08m40s elapsed][0m[0m
[0m[1mbahriya_container.web: Still creating... [08m40s elapsed][0m[0m
[0m[1mbahriya_container.worker: Still creating... [08m50s elapsed][0m[0m
[0m[1mbahriya_container.web: Still creating... [08m50s elapsed][0m[0m
[0m[1mbahriya_container.worker: Still creating... [09m00s elapsed][0m[0m
[0m[1mbahriya_container.web: Still creating... [09m00s elapsed][0m[0m
[0m[1mbahriya_container.worker: Still creating... [09m10s elapsed][0m[0m
[0m[1mbahriya_container.web: Still creating... [09m10s elapsed][0m[0m
[0m[1mbahriya_container.worker: Still creating... [09m20s elapsed][0m[0m
[0m[1mbahriya_container.web: Still creating... [09m20s elapsed][0m[0m
[0m[1mbahriya_container.worker: Still creating... [09m30s elapsed][0m[0m
[0m[1mbahriya_container.web: Still creating... [09m30s elapsed][0m[0m
[0m[1mbahriya_container.worker: Still creating... [09m40s elapsed][0m[0m
[0m[1mbahriya_container.web: Still creating... [09m40s elapsed][0m[0m
[0m[1mbahriya_container.worker: Still creating... [09m50s elapsed][0m[0m
[0m[1mbahriya_container.web: Still creating... [09m50s elapsed][0m[0m
[0m[1mbahriya_container.worker: Still creating... [10m00s elapsed][0m[0m
[0m[1mbahriya_container.web: Still creating... [10m00s elapsed][0m[0m
[0m[1mbahriya_container.worker: Still creating... [10m10s elapsed][0m[0m
[0m[1mbahriya_container.web: Still creating... [10m10s elapsed][0m[0m
[0m[1mbahriya_container.worker: Still creating... [10m20s elapsed][0m[0m
[0m[1mbahriya_container.web: Still creating... [10m20s elapsed][0m[0m
[0m[1mbahriya_container.worker: Still creating... [10m30s elapsed][0m[0m
[0m[1mbahriya_container.web: Still creating... [10m30s elapsed][0m[0m
[0m[1mbahriya_container.worker: Still creating... [10m40s elapsed][0m[0m
[0m[1mbahriya_container.web: Still creating... [10m40s elapsed][0m[0m
[0m[1mbahriya_container.worker: Still creating... [10m50s elapsed][0m[0m
[0m[1mbahriya_container.web: Still creating... [10m50s elapsed][0m[0m
[0m[1mbahriya_container.worker: Still creating... [11m00s elapsed][0m[0m
[0m[1mbahriya_container.web: Still creating... [11m00s elapsed][0m[0m
[0m[1mbahriya_container.worker: Still creating... [11m10s elapsed][0m[0m
[0m[1mbahriya_container.web: Still creating... [11m10s elapsed][0m[0m
[0m[1mbahriya_container.worker: Still creating... [11m20s elapsed][0m[0m
[0m[1mbahriya_container.web: Still creating... [11m20s elapsed][0m[0m
[0m[1mbahriya_container.worker: Still creating... [11m30s elapsed][0m[0m
[0m[1mbahriya_container.web: Still creating... [11m30s elapsed][0m[0m
[0m[1mbahriya_container.worker: Still creating... [11m40s elapsed][0m[0m
[0m[1mbahriya_container.web: Still creating... [11m40s elapsed][0m[0m
[0m[1mbahriya_container.worker: Still creating... [11m50s elapsed][0m[0m
[0m[1mbahriya_container.web: Still creating... [11m50s elapsed][0m[0m
[0m[1mbahriya_container.worker: Still creating... [12m00s elapsed][0m[0m
[0m[1mbahriya_container.web: Still creating... [12m00s elapsed][0m[0m
[0m[1mbahriya_container.worker: Still creating... [12m10s elapsed][0m[0m
[0m[1mbahriya_container.web: Still creating... [12m10s elapsed][0m[0m
[0m[1mbahriya_container.worker: Still creating... [12m20s elapsed][0m[0m
[0m[1mbahriya_container.web: Still creating... [12m20s elapsed][0m[0m
[0m[1mbahriya_container.worker: Still creating... [12m30s elapsed][0m[0m
[0m[1mbahriya_container.web: Still creating... [12m30s elapsed][0m[0m
[0m[1mbahriya_container.worker: Still creating... [12m40s elapsed][0m[0m
[0m[1mbahriya_container.web: Still creating... [12m40s elapsed][0m[0m
[0m[1mbahriya_container.worker: Still creating... [12m50s elapsed][0m[0m
[0m[1mbahriya_container.web: Still creating... [12m50s elapsed][0m[0m
[0m[1mbahriya_container.worker: Still creating... [13m00s elapsed][0m[0m
[0m[1mbahriya_container.web: Still creating... [13m00s elapsed][0m[0m
[0m[1mbahriya_container.worker: Still creating... [13m10s elapsed][0m[0m
[0m[1mbahriya_container.web: Still creating... [13m10s elapsed][0m[0m
[0m[1mbahriya_container.worker: Still creating... [13m20s elapsed][0m[0m
[0m[1mbahriya_container.web: Still creating... [13m20s elapsed][0m[0m
[0m[1mbahriya_container.worker: Still creating... [13m30s elapsed][0m[0m
[0m[1mbahriya_container.web: Still creating... [13m30s elapsed][0m[0m
[0m[1mbahriya_container.worker: Still creating... [13m40s elapsed][0m[0m
[0m[1mbahriya_container.web: Still creating... [13m40s elapsed][0m[0m
[0m[1mbahriya_container.worker: Still creating... [13m50s elapsed][0m[0m
[0m[1mbahriya_container.web: Still creating... [13m50s elapsed][0m[0m
[0m[1mbahriya_container.worker: Still creating... [14m00s elapsed][0m[0m
[0m[1mbahriya_container.web: Still creating... [14m00s elapsed][0m[0m
[0m[1mbahriya_container.worker: Still creating... [14m10s elapsed][0m[0m
[0m[1mbahriya_container.web: Still creating... [14m10s elapsed][0m[0m
[0m[1mbahriya_container.worker: Still creating... [14m20s elapsed][0m[0m
[0m[1mbahriya_container.web: Still creating... [14m20s elapsed][0m[0m
[0m[1mbahriya_container.worker: Still creating... [14m30s elapsed][0m[0m
[0m[1mbahriya_container.web: Still creating... [14m30s elapsed][0m[0m
[0m[1mbahriya_container.worker: Still creating... [14m40s elapsed][0m[0m
[0m[1mbahriya_container.web: Still creating... [14m40s elapsed][0m[0m
[0m[1mbahriya_container.worker: Still creating... [14m50s elapsed][0m[0m
[0m[1mbahriya_container.web: Still creating... [14m50s elapsed][0m[0m
[0m[1mbahriya_container.worker: Still creating... [15m00s elapsed][0m[0m
[0m[1mbahriya_container.web: Still creating... [15m00s elapsed][0m[0m
[0m[1mbahriya_container.worker: Still creating... [15m10s elapsed][0m[0m
[0m[1mbahriya_container.web: Still creating... [15m10s elapsed][0m[0m
[0m[1mbahriya_container.worker: Still creating... [15m20s elapsed][0m[0m
[0m[1mbahriya_container.web: Still creating... [15m20s elapsed][0m[0m
[0m[1mbahriya_container.worker: Still creating... [15m30s elapsed][0m[0m
[0m[1mbahriya_container.web: Still creating... [15m30s elapsed][0m[0m
[0m[1mbahriya_container.worker: Still creating... [15m40s elapsed][0m[0m
[0m[1mbahriya_container.web: Still creating... [15m40s elapsed][0m[0m
[0m[1mbahriya_container.worker: Still creating... [15m50s elapsed][0m[0m
[0m[1mbahriya_container.web: Still creating... [15m50s elapsed][0m[0m
[0m[1mbahriya_container.worker: Still creating... [16m00s elapsed][0m[0m
[0m[1mbahriya_container.web: Still creating... [16m00s elapsed][0m[0m
[0m[1mbahriya_container.worker: Still creating... [16m10s elapsed][0m[0m
[0m[1mbahriya_container.web: Still creating... [16m10s elapsed][0m[0m
[0m[1mbahriya_container.worker: Still creating... [16m20s elapsed][0m[0m
[0m[1mbahriya_container.web: Still creating... [16m20s elapsed][0m[0m
[0m[1mbahriya_container.worker: Still creating... [16m30s elapsed][0m[0m
[0m[1mbahriya_container.web: Still creating... [16m30s elapsed][0m[0m
[0m[1mbahriya_container.worker: Still creating... [16m40s elapsed][0m[0m
[0m[1mbahriya_container.web: Still creating... [16m40s elapsed][0m[0m
[0m[1mbahriya_container.worker: Still creating... [16m50s elapsed][0m[0m
[0m[1mbahriya_container.web: Still creating... [16m50s elapsed][0m[0m
[0m[1mbahriya_container.worker: Still creating... [17m00s elapsed][0m[0m
[0m[1mbahriya_container.web: Still creating... [17m00s elapsed][0m[0m
[0m[1mbahriya_container.worker: Still creating... [17m10s elapsed][0m[0m
[0m[1mbahriya_container.web: Still creating... [17m10s elapsed][0m[0m
[0m[1mbahriya_container.worker: Still creating... [17m20s elapsed][0m[0m
[0m[1mbahriya_container.web: Still creating... [17m20s elapsed][0m[0m
[0m[1mbahriya_container.worker: Still creating... [17m30s elapsed][0m[0m
[0m[1mbahriya_container.web: Still creating... [17m30s elapsed][0m[0m
[0m[1mbahriya_container.worker: Still creating... [17m40s elapsed][0m[0m
[0m[1mbahriya_container.web: Still creating... [17m40s elapsed][0m[0m
[0m[1mbahriya_container.worker: Still creating... [17m50s elapsed][0m[0m
[0m[1mbahriya_container.web: Still creating... [17m50s elapsed][0m[0m
[0m[1mbahriya_container.worker: Still creating... [18m00s elapsed][0m[0m
[0m[1mbahriya_container.web: Still creating... [18m00s elapsed][0m[0m
[0m[1mbahriya_container.worker: Still creating... [18m10s elapsed][0m[0m
[0m[1mbahriya_container.web: Still creating... [18m10s elapsed][0m[0m
[0m[1mbahriya_container.worker: Still creating... [18m20s elapsed][0m[0m
[0m[1mbahriya_container.web: Still creating... [18m20s elapsed][0m[0m
[0m[1mbahriya_container.worker: Still creating... [18m30s elapsed][0m[0m
[0m[1mbahriya_container.web: Still creating... [18m30s elapsed][0m[0m
[0m[1mbahriya_container.worker: Still creating... [18m40s elapsed][0m[0m
[0m[1mbahriya_container.web: Still creating... [18m40s elapsed][0m[0m
[0m[1mbahriya_container.worker: Still creating... [18m50s elapsed][0m[0m
[0m[1mbahriya_container.web: Still creating... [18m50s elapsed][0m[0m
[0m[1mbahriya_container.worker: Still creating... [19m00s elapsed][0m[0m
[0m[1mbahriya_container.web: Still creating... [19m00s elapsed][0m[0m
[0m[1mbahriya_container.worker: Still creating... [19m10s elapsed][0m[0m
[0m[1mbahriya_container.web: Still creating... [19m10s elapsed][0m[0m
[0m[1mbahriya_container.worker: Still creating... [19m20s elapsed][0m[0m
[0m[1mbahriya_container.web: Still creating... [19m20s elapsed][0m[0m
[0m[1mbahriya_container.worker: Still creating... [19m30s elapsed][0m[0m
[0m[1mbahriya_container.web: Still creating... [19m30s elapsed][0m[0m
[0m[1mbahriya_container.worker: Still creating... [19m40s elapsed][0m[0m
[0m[1mbahriya_container.web: Still creating... [19m40s elapsed][0m[0m
[0m[1mbahriya_container.worker: Still creating... [19m50s elapsed][0m[0m
[0m[1mbahriya_container.web: Still creating... [19m50s elapsed][0m[0m
[0m[1mbahriya_container.worker: Still creating... [20m00s elapsed][0m[0m
[0m[1mbahriya_container.web: Still creating... [20m00s elapsed][0m[0m
[0m[1mbahriya_container.worker: Creation complete after 20m3s [id=ac12aced-7e8a-440a-8402-1cba7290f2e6][0m
[33m╷[0m[0m
[33m│[0m [0m[1m[33mWarning: [0m[0m[1mContainer created but not yet running[0m
[33m│[0m [0m
[33m│[0m [0m[0m  with bahriya_container.web,
[33m│[0m [0m  on main.tf line 272, in resource "bahriya_container" "web":
[33m│[0m [0m 272: resource "bahriya_container" "web" [4m{[0m[0m
[33m│[0m [0m
[33m│[0m [0mContainer "web-de152327" was created but did not reach "running" within
[33m│[0m [0m20m0s (last status "provisioning"). It is saved to state; run `terraform
[33m│[0m [0mapply` again to re-check once the deploy settles. If it stays in "error",
[33m│[0m [0minvestigate the deploy and terminate the container explicitly — it is not
[33m│[0m [0mauto-replaced, because the handle is immutable and cannot be reused.
[33m│[0m [0m
[33m│[0m [0m(and one more similar warning elsewhere)
[33m╵[0m[0m
[31m╷[0m[0m
[31m│[0m [0m[1m[31mError: [0m[0m[1mProvider produced inconsistent result after apply[0m
[31m│[0m [0m
[31m│[0m [0m[0mWhen applying changes to bahriya_container.web, provider
[31m│[0m [0m"provider[\"registry.terraform.io/bahriya-cloud/bahriya\"]" produced an
[31m│[0m [0munexpected new value: .networkpolicies: element 0 has vanished.
[31m│[0m [0m
[31m│[0m [0mThis is a bug in the provider, which should be reported in the provider's
[31m│[0m [0mown issue tracker.
[31m╵[0m[0m
