[33m╷[0m[0m
[33m│[0m [0m[1m[33mWarning: [0m[0m[1mProvider development overrides are in effect[0m
[33m│[0m [0m
[33m│[0m [0m[0mThe following provider development overrides are set in the CLI
[33m│[0m [0mconfiguration:
[33m│[0m [0m - bahriya-cloud/bahriya in /Users/meezaan/code/bahriya/bahriya-platform/terraform-provider-bahriya/bin
[33m│[0m [0m
[33m│[0m [0mThe behavior may therefore not match any released version of the provider
[33m│[0m [0mand applying changes may cause the state to become incompatible with
[33m│[0m [0mpublished releases.
[33m╵[0m[0m
[0m[1mbahriya_secret.main: Refreshing state... [id=e3bb1b58-e6e8-4a23-9c08-ed81260d17a2][0m
[0m[1mbahriya_project.e2e: Refreshing state... [id=bd80f3a0-aee1-4094-b584-73058973ca78][0m
[0m[1mbahriya_plain_config.main: Refreshing state... [id=47ae577e-00ec-48a7-8016-7acf765f73fe][0m
[0m[1mbahriya_project.peer: Refreshing state... [id=ad189592-1179-4416-b205-607984dc7b19][0m
[0m[1mdata.bahriya_regions.active: Reading...[0m[0m
[0m[1mbahriya_env_file.main: Refreshing state... [id=6cc60be2-1829-4be0-aec2-5d57d28520ee][0m
[0m[1mbahriya_tls_bundle.main: Refreshing state... [id=8a2d6182-82ca-409b-98bf-e1ad009158ef][0m
[0m[1mbahriya_ssh_keypair.main: Refreshing state... [id=cd0866c4-c031-4a2e-9b9d-e635b51d7679][0m
[0m[1mbahriya_gpg_keypair.main: Refreshing state... [id=6986da6e-6bf0-441b-93fb-2fe3493de11d][0m
[0m[1mbahriya_x509_cert.main: Refreshing state... [id=4e273336-6baa-498e-a3ed-95bda462aefe][0m
[0m[1mbahriya_yaml_config.main: Refreshing state... [id=972e83b5-bc59-45f9-ba4d-3669894952df][0m
[0m[1mbahriya_registry.main: Refreshing state... [id=2ab3fc3f-ac63-4a07-8f97-05f7fc86cb93][0m
[0m[1mbahriya_json_config.main: Refreshing state... [id=1edbdfa7-bb4d-4bf3-b505-89d490b3d9ec][0m
[0m[1mdata.bahriya_regions.active: Read complete after 2s[0m
[0m[1mbahriya_encryption_key.main: Refreshing state... [id=3c94a5c2-1c73-48c1-b2c7-819230cda467][0m
[0m[1mbahriya_network_policy.main: Refreshing state... [id=2b77bd06-5bbc-4a14-9dcf-56b0fd1c66f2][0m
[0m[1mbahriya_project_gpg_keypair_attachment.main: Refreshing state... [id=bd80f3a0-aee1-4094-b584-73058973ca78:gpg-19d8960f][0m
[0m[1mbahriya_project_plain_config_attachment.main: Refreshing state... [id=bd80f3a0-aee1-4094-b584-73058973ca78:plain-19d8960f][0m
[0m[1mbahriya_project_ssh_keypair_attachment.main: Refreshing state... [id=bd80f3a0-aee1-4094-b584-73058973ca78:ssh-19d8960f][0m
[0m[1mbahriya_memcached.cache: Refreshing state... [id=634591a3-3907-4b13-b711-895f5516b198][0m
[0m[1mbahriya_project_x509_cert_attachment.main: Refreshing state... [id=bd80f3a0-aee1-4094-b584-73058973ca78:x509-19d8960f][0m
[0m[1mbahriya_project_env_file_attachment.main: Refreshing state... [id=bd80f3a0-aee1-4094-b584-73058973ca78:env-19d8960f][0m
[0m[1mbahriya_project_secret_attachment.main: Refreshing state... [id=bd80f3a0-aee1-4094-b584-73058973ca78:sec-19d8960f][0m
[0m[1mbahriya_container.cron: Refreshing state... [id=ab5220a1-ee60-4736-b08a-0c8bce107304][0m
[0m[1mbahriya_project_json_config_attachment.main: Refreshing state... [id=bd80f3a0-aee1-4094-b584-73058973ca78:json-19d8960f][0m
[0m[1mbahriya_project_tls_bundle_attachment.main: Refreshing state... [id=bd80f3a0-aee1-4094-b584-73058973ca78:tls-19d8960f][0m
[0m[1mbahriya_project_registry_attachment.main: Refreshing state... [id=bd80f3a0-aee1-4094-b584-73058973ca78:reg-19d8960f][0m
[0m[1mbahriya_project_yaml_config_attachment.main: Refreshing state... [id=bd80f3a0-aee1-4094-b584-73058973ca78:yaml-19d8960f][0m
[0m[1mbahriya_project_network_policy_attachment.main: Refreshing state... [id=bd80f3a0-aee1-4094-b584-73058973ca78:netpol-19d8960f][0m
[0m[1mbahriya_project_encryption_key_attachment.main: Refreshing state... [id=bd80f3a0-aee1-4094-b584-73058973ca78:enc-19d8960f][0m
[0m[1mbahriya_container.worker: Refreshing state... [id=a83d80d5-f9f1-4233-8b89-27594f4af8df][0m
[0m[1mbahriya_container.web: Refreshing state... [id=5366ef60-d9e5-4e34-b748-6be0e875b860][0m

[1m[36mNote:[0m[1m Objects have changed outside of Terraform
[0m
Terraform detected the following changes made outside of Terraform since the
last "terraform apply" which may have affected this plan:

[1m  # bahriya_container.web[0m has changed
[0m  [33m~[0m[0m resource "bahriya_container" "web" {
        id                              = "5366ef60-d9e5-4e34-b748-6be0e875b860"
        name                            = "TF E2E Web 19d8960f"
      [33m~[0m[0m status                          = "provisioning" [33m->[0m[0m "running"
        [90m# (55 unchanged attributes hidden)[0m[0m
    }

[1m  # bahriya_container.worker[0m has changed
[0m  [33m~[0m[0m resource "bahriya_container" "worker" {
        id                              = "a83d80d5-f9f1-4233-8b89-27594f4af8df"
        name                            = "TF E2E Worker 19d8960f"
      [33m~[0m[0m status                          = "provisioning" [33m->[0m[0m "running"
        [90m# (50 unchanged attributes hidden)[0m[0m
    }

[1m  # bahriya_memcached.cache[0m has changed
[0m  [33m~[0m[0m resource "bahriya_memcached" "cache" {
        id              = "634591a3-3907-4b13-b711-895f5516b198"
        name            = "TF E2E Cache 19d8960f"
      [33m~[0m[0m status          = "provisioning" [33m->[0m[0m "running"
        [90m# (11 unchanged attributes hidden)[0m[0m
    }


Unless you have made equivalent changes to your configuration, or ignored the
relevant attributes using ignore_changes, the following plan may include
actions to undo or respond to these changes.
[90m
─────────────────────────────────────────────────────────────────────────────[0m

Terraform used the selected providers to generate the following execution
plan. Resource actions are indicated with the following symbols:
  [32m+[0m create[0m
[31m-[0m/[32m+[0m destroy and then create replacement[0m

Terraform will perform the following actions:

[1m  # bahriya_container.web[0m is tainted, so must be [1m[31mreplaced[0m
[0m[31m-[0m/[32m+[0m[0m resource "bahriya_container" "web" {
      [32m+[0m[0m activedeadlineseconds           = (known after apply)
      [33m~[0m[0m args                            = [] -> (known after apply)
      [33m~[0m[0m autoscalingenabled              = false -> (known after apply)
      [32m+[0m[0m autoscalingmaxreplicas          = (known after apply)
      [33m~[0m[0m autoscalingtargetcpu            = "100" -> (known after apply)
      [33m~[0m[0m autoscalingtargetmemory         = "100" -> (known after apply)
      [32m+[0m[0m backofflimit                    = (known after apply)
      [32m+[0m[0m basicauthcredentials            = (known after apply)
      [33m~[0m[0m basicauthenabled                = false -> (known after apply)
      [33m~[0m[0m bootstraptime                   = 30 -> (known after apply)
      [33m~[0m[0m command                         = [] -> (known after apply)
      [32m+[0m[0m concurrencypolicy               = (known after apply)
      [32m+[0m[0m customdnsmode                   = (known after apply)
      [33m~[0m[0m defaulthostname                 = "d2n4pru1l-b" -> (known after apply)
      [33m~[0m[0m dnsfailoverenabled              = false -> (known after apply)
      [32m+[0m[0m dnsttl                          = (known after apply)
      [33m~[0m[0m ephemeralstoragegb              = 3 -> (known after apply)
      [33m~[0m[0m externalnetworkingenabled       = false -> (known after apply)
      [32m+[0m[0m failedjobshistorylimit          = (known after apply)
      [33m~[0m[0m id                              = "5366ef60-d9e5-4e34-b748-6be0e875b860" -> (known after apply)
      [33m~[0m[0m initjobs                        = [] -> (known after apply)
      [33m~[0m[0m ipblacklist                     = [] -> (known after apply)
      [33m~[0m[0m ipblacklistenabled              = false -> (known after apply)
      [33m~[0m[0m ipwhitelist                     = [] -> (known after apply)
      [33m~[0m[0m ipwhitelistenabled              = false -> (known after apply)
      [33m~[0m[0m maxcpu                          = "150" -> (known after apply)
      [33m~[0m[0m maxmemory                       = "192" -> (known after apply)
        name                            = "TF E2E Web 19d8960f"
      [33m~[0m[0m networkpolicies                 = [
          [32m+[0m[0m "netpol-19d8960f",
        ]
      [33m~[0m[0m organisation                    = "7d35e320-2291-4e65-8be6-ce0cf9019916" -> (known after apply)
      [33m~[0m[0m projectname                     = "TF E2E Comprehensive 19d8960f" -> (known after apply)
      [32m+[0m[0m prometheuspath                  = (known after apply)
      [32m+[0m[0m prometheusport                  = (known after apply)
      [33m~[0m[0m proxycacheallowforcecacheheader = false -> (known after apply)
      [33m~[0m[0m proxycachecontenttypes          = [] -> (known after apply)
      [33m~[0m[0m proxycacheenabled               = false -> (known after apply)
      [33m~[0m[0m proxycachehonorcachecontrol     = false -> (known after apply)
      [32m+[0m[0m proxycachemaxitemsizemb         = (known after apply)
      [32m+[0m[0m proxycachememcached             = (known after apply)
      [33m~[0m[0m proxycacherequestmethods        = [] -> (known after apply)
      [33m~[0m[0m proxycacheresponsecodes         = [] -> (known after apply)
      [32m+[0m[0m proxycachesizemb                = (known after apply)
      [32m+[0m[0m proxycachestoragettl            = (known after apply)
      [32m+[0m[0m proxycachettl                   = (known after apply)
      [32m+[0m[0m proxycachevariant               = (known after apply)
      [33m~[0m[0m proxycachevarybodyjsonfields    = [] -> (known after apply)
      [33m~[0m[0m proxycachevaryheaders           = [] -> (known after apply)
      [33m~[0m[0m proxycachevaryqueryparams       = [] -> (known after apply)
      [33m~[0m[0m ratelimitingenabled             = false -> (known after apply)
      [32m+[0m[0m ratelimitingrequestsperhour     = (known after apply)
      [32m+[0m[0m ratelimitingrequestsperminute   = (known after apply)
      [32m+[0m[0m ratelimitingrequestspersecond   = (known after apply)
      [32m+[0m[0m registry                        = (known after apply)
      [32m+[0m[0m schedule                        = (known after apply)
      [32m+[0m[0m startingdeadlineseconds         = (known after apply)
      [33m~[0m[0m status                          = "running" -> (known after apply)
      [32m+[0m[0m successfuljobshistorylimit      = (known after apply)
      [33m~[0m[0m suspended                       = false -> (known after apply)
      [32m+[0m[0m timezone                        = (known after apply)
      [32m+[0m[0m ttlsecondsafterfinished         = (known after apply)
      [32m+[0m[0m vanityhostname                  = (known after apply)
        [90m# (23 unchanged attributes hidden)[0m[0m
    }

[1m  # bahriya_container.worker[0m is tainted, so must be [1m[31mreplaced[0m
[0m[31m-[0m/[32m+[0m[0m resource "bahriya_container" "worker" {
      [32m+[0m[0m activedeadlineseconds           = (known after apply)
      [33m~[0m[0m args                            = [] -> (known after apply)
      [33m~[0m[0m autoscalingenabled              = false -> (known after apply)
      [32m+[0m[0m autoscalingmaxreplicas          = (known after apply)
      [33m~[0m[0m autoscalingtargetcpu            = "100" -> (known after apply)
      [33m~[0m[0m autoscalingtargetmemory         = "100" -> (known after apply)
      [32m+[0m[0m backofflimit                    = (known after apply)
      [32m+[0m[0m basicauthcredentials            = (known after apply)
      [33m~[0m[0m basicauthenabled                = false -> (known after apply)
      [33m~[0m[0m bootstraptime                   = 30 -> (known after apply)
      [33m~[0m[0m command                         = [] -> (known after apply)
      [32m+[0m[0m concurrencypolicy               = (known after apply)
      [32m+[0m[0m containerport                   = (known after apply)
      [32m+[0m[0m customdnsmode                   = (known after apply)
      [32m+[0m[0m defaulthostname                 = (known after apply)
      [33m~[0m[0m dnsfailoverenabled              = false -> (known after apply)
      [32m+[0m[0m dnsttl                          = (known after apply)
      [33m~[0m[0m encryptionkeys                  = [] -> (known after apply)
      [33m~[0m[0m envfiles                        = [] -> (known after apply)
      [33m~[0m[0m ephemeralstoragegb              = 3 -> (known after apply)
      [33m~[0m[0m externalnetworkingenabled       = false -> (known after apply)
      [32m+[0m[0m failedjobshistorylimit          = (known after apply)
      [33m~[0m[0m gpgkeypairs                     = [] -> (known after apply)
      [32m+[0m[0m healthcheckpath                 = (known after apply)
      [33m~[0m[0m hostnames                       = [] -> (known after apply)
      [33m~[0m[0m id                              = "a83d80d5-f9f1-4233-8b89-27594f4af8df" -> (known after apply)
      [33m~[0m[0m initjobs                        = [] -> (known after apply)
      [32m+[0m[0m ipblacklist                     = (known after apply)
      [33m~[0m[0m ipblacklistenabled              = false -> (known after apply)
      [32m+[0m[0m ipwhitelist                     = (known after apply)
      [33m~[0m[0m ipwhitelistenabled              = false -> (known after apply)
      [33m~[0m[0m jsonconfigs                     = [] -> (known after apply)
      [33m~[0m[0m maxcpu                          = "150" -> (known after apply)
      [33m~[0m[0m maxmemory                       = "192" -> (known after apply)
        name                            = "TF E2E Worker 19d8960f"
      [33m~[0m[0m networkpolicies                 = [] -> (known after apply)
      [33m~[0m[0m newenvvar                       = [] -> (known after apply)
      [33m~[0m[0m organisation                    = "7d35e320-2291-4e65-8be6-ce0cf9019916" -> (known after apply)
      [33m~[0m[0m persistentvolumes               = [] -> (known after apply)
      [33m~[0m[0m plainconfigs                    = [] -> (known after apply)
      [33m~[0m[0m projectname                     = "TF E2E Comprehensive 19d8960f" -> (known after apply)
      [32m+[0m[0m prometheuspath                  = (known after apply)
      [32m+[0m[0m prometheusport                  = (known after apply)
      [33m~[0m[0m proxycacheallowforcecacheheader = false -> (known after apply)
      [33m~[0m[0m proxycachecontenttypes          = [] -> (known after apply)
      [33m~[0m[0m proxycacheenabled               = false -> (known after apply)
      [33m~[0m[0m proxycachehonorcachecontrol     = false -> (known after apply)
      [32m+[0m[0m proxycachemaxitemsizemb         = (known after apply)
      [32m+[0m[0m proxycachememcached             = (known after apply)
      [33m~[0m[0m proxycacherequestmethods        = [] -> (known after apply)
      [33m~[0m[0m proxycacheresponsecodes         = [] -> (known after apply)
      [32m+[0m[0m proxycachesizemb                = (known after apply)
      [32m+[0m[0m proxycachestoragettl            = (known after apply)
      [32m+[0m[0m proxycachettl                   = (known after apply)
      [32m+[0m[0m proxycachevariant               = (known after apply)
      [33m~[0m[0m proxycachevarybodyjsonfields    = [] -> (known after apply)
      [33m~[0m[0m proxycachevaryheaders           = [] -> (known after apply)
      [33m~[0m[0m proxycachevaryqueryparams       = [] -> (known after apply)
      [33m~[0m[0m ratelimitingenabled             = false -> (known after apply)
      [32m+[0m[0m ratelimitingrequestsperhour     = (known after apply)
      [32m+[0m[0m ratelimitingrequestsperminute   = (known after apply)
      [32m+[0m[0m ratelimitingrequestspersecond   = (known after apply)
      [32m+[0m[0m registry                        = (known after apply)
      [32m+[0m[0m schedule                        = (known after apply)
      [33m~[0m[0m sshkeypairs                     = [] -> (known after apply)
      [32m+[0m[0m startingdeadlineseconds         = (known after apply)
      [33m~[0m[0m status                          = "running" -> (known after apply)
      [32m+[0m[0m successfuljobshistorylimit      = (known after apply)
      [33m~[0m[0m suspended                       = false -> (known after apply)
      [32m+[0m[0m timezone                        = (known after apply)
      [33m~[0m[0m tlsbundles                      = [] -> (known after apply)
      [32m+[0m[0m ttlsecondsafterfinished         = (known after apply)
      [32m+[0m[0m vanityhostname                  = (known after apply)
      [33m~[0m[0m x509certs                       = [] -> (known after apply)
      [33m~[0m[0m yamlconfigs                     = [] -> (known after apply)
        [90m# (9 unchanged attributes hidden)[0m[0m
    }

[1m  # bahriya_memcached.cache[0m is tainted, so must be [1m[31mreplaced[0m
[0m[31m-[0m/[32m+[0m[0m resource "bahriya_memcached" "cache" {
      [33m~[0m[0m id                 = "634591a3-3907-4b13-b711-895f5516b198" -> (known after apply)
      [32m+[0m[0m managedbycontainer = (known after apply)
      [33m~[0m[0m maxconnections     = 1024 -> (known after apply)
      [33m~[0m[0m maxitemsizemb      = 1 -> (known after apply)
        name               = "TF E2E Cache 19d8960f"
      [33m~[0m[0m networkpolicies    = [] -> (known after apply)
      [33m~[0m[0m nodes              = 1 -> (known after apply)
      [33m~[0m[0m organisation       = "7d35e320-2291-4e65-8be6-ce0cf9019916" -> (known after apply)
      [33m~[0m[0m projectname        = "TF E2E Comprehensive 19d8960f" -> (known after apply)
      [33m~[0m[0m status             = "running" -> (known after apply)
      [33m~[0m[0m threads            = 4 -> (known after apply)
        [90m# (4 unchanged attributes hidden)[0m[0m
    }

[1m  # bahriya_path_rule.admin[0m will be created
[0m  [32m+[0m[0m resource "bahriya_path_rule" "admin" {
      [32m+[0m[0m basicauthcredentials = [
          [32m+[0m[0m {
              [32m+[0m[0m password = (sensitive value)
              [32m+[0m[0m username = "alice"
            },
        ]
      [32m+[0m[0m basicauthenabled     = true
      [32m+[0m[0m container_id         = (known after apply)
      [32m+[0m[0m handle               = "admin-19d8960f"
      [32m+[0m[0m id                   = (known after apply)
      [32m+[0m[0m ipblacklist          = (known after apply)
      [32m+[0m[0m ipblacklistenabled   = (known after apply)
      [32m+[0m[0m ipwhitelist          = [
          [32m+[0m[0m "10.0.0.0/8",
        ]
      [32m+[0m[0m ipwhitelistenabled   = true
      [32m+[0m[0m path                 = "/admin"
      [32m+[0m[0m priority             = 100
      [32m+[0m[0m ratelimitingenabled  = (known after apply)
    }

[1m  # bahriya_path_rule.webhook[0m will be created
[0m  [32m+[0m[0m resource "bahriya_path_rule" "webhook" {
      [32m+[0m[0m basicauthcredentials          = (known after apply)
      [32m+[0m[0m basicauthenabled              = (known after apply)
      [32m+[0m[0m container_id                  = (known after apply)
      [32m+[0m[0m handle                        = "webhook-19d8960f"
      [32m+[0m[0m id                            = (known after apply)
      [32m+[0m[0m ipblacklist                   = (known after apply)
      [32m+[0m[0m ipblacklistenabled            = (known after apply)
      [32m+[0m[0m ipwhitelist                   = (known after apply)
      [32m+[0m[0m ipwhitelistenabled            = (known after apply)
      [32m+[0m[0m path                          = "/webhook"
      [32m+[0m[0m priority                      = (known after apply)
      [32m+[0m[0m ratelimitingenabled           = true
      [32m+[0m[0m ratelimitingrequestsperhour   = 1000
      [32m+[0m[0m ratelimitingrequestsperminute = 60
    }

[1mPlan:[0m [0m5 to add, 0 to change, 3 to destroy.

Changes to Outputs:
  [32m+[0m[0m memcached_id            = (known after apply)
  [32m+[0m[0m memcached_status        = (known after apply)
  [32m+[0m[0m web_container_id        = (known after apply)
  [32m+[0m[0m web_container_status    = (known after apply)
  [32m+[0m[0m worker_container_status = (known after apply)
[0m[1mbahriya_memcached.cache: Destroying... [id=634591a3-3907-4b13-b711-895f5516b198][0m[0m
[0m[1mbahriya_container.worker: Destroying... [id=a83d80d5-f9f1-4233-8b89-27594f4af8df][0m[0m
[0m[1mbahriya_container.web: Destroying... [id=5366ef60-d9e5-4e34-b748-6be0e875b860][0m[0m
[0m[1mbahriya_container.worker: Still destroying... [id=a83d80d5-f9f1-4233-8b89-27594f4af8df, 00m10s elapsed][0m[0m
[0m[1mbahriya_memcached.cache: Still destroying... [id=634591a3-3907-4b13-b711-895f5516b198, 00m10s elapsed][0m[0m
[0m[1mbahriya_container.web: Still destroying... [id=5366ef60-d9e5-4e34-b748-6be0e875b860, 00m10s elapsed][0m[0m
[0m[1mbahriya_container.web: Destruction complete after 19s[0m
[0m[1mbahriya_container.web: Creating...[0m[0m
[0m[1mbahriya_container.worker: Still destroying... [id=a83d80d5-f9f1-4233-8b89-27594f4af8df, 00m20s elapsed][0m[0m
[0m[1mbahriya_memcached.cache: Still destroying... [id=634591a3-3907-4b13-b711-895f5516b198, 00m20s elapsed][0m[0m
[0m[1mbahriya_memcached.cache: Still destroying... [id=634591a3-3907-4b13-b711-895f5516b198, 00m30s elapsed][0m[0m
[0m[1mbahriya_container.worker: Still destroying... [id=a83d80d5-f9f1-4233-8b89-27594f4af8df, 00m30s elapsed][0m[0m
[0m[1mbahriya_container.worker: Destruction complete after 31s[0m
[0m[1mbahriya_container.worker: Creating...[0m[0m
[0m[1mbahriya_memcached.cache: Still destroying... [id=634591a3-3907-4b13-b711-895f5516b198, 00m40s elapsed][0m[0m
[0m[1mbahriya_memcached.cache: Destruction complete after 41s[0m
[0m[1mbahriya_memcached.cache: Creating...[0m[0m
[31m╷[0m[0m
[31m│[0m [0m[1m[31mError: [0m[0m[1mHandle already in use[0m
[31m│[0m [0m
[31m│[0m [0m[0m  with bahriya_memcached.cache,
[31m│[0m [0m  on main.tf line 258, in resource "bahriya_memcached" "cache":
[31m│[0m [0m 258: resource "bahriya_memcached" "cache" [4m{[0m[0m
[31m│[0m [0m
[31m│[0m [0mA memcached with handle "cache-19d8960f" already exists in this
[31m│[0m [0morganisation. Handles cannot be reused.
[31m╵[0m[0m
[31m╷[0m[0m
[31m│[0m [0m[1m[31mError: [0m[0m[1mHandle already in use[0m
[31m│[0m [0m
[31m│[0m [0m[0m  with bahriya_container.web,
[31m│[0m [0m  on main.tf line 272, in resource "bahriya_container" "web":
[31m│[0m [0m 272: resource "bahriya_container" "web" [4m{[0m[0m
[31m│[0m [0m
[31m│[0m [0mA container with handle "web-19d8960f" already exists in this organisation.
[31m│[0m [0mHandles cannot be reused.
[31m╵[0m[0m
[31m╷[0m[0m
[31m│[0m [0m[1m[31mError: [0m[0m[1mHandle already in use[0m
[31m│[0m [0m
[31m│[0m [0m[0m  with bahriya_container.worker,
[31m│[0m [0m  on main.tf line 403, in resource "bahriya_container" "worker":
[31m│[0m [0m 403: resource "bahriya_container" "worker" [4m{[0m[0m
[31m│[0m [0m
[31m│[0m [0mA container with handle "worker-19d8960f" already exists in this
[31m│[0m [0morganisation. Handles cannot be reused.
[31m╵[0m[0m
