[33m╷[0m[0m
[33m│[0m [0m[1m[33mWarning: [0m[0m[1mProvider development overrides are in effect[0m
[33m│[0m [0m
[33m│[0m [0m[0mThe following provider development overrides are set in the CLI
[33m│[0m [0mconfiguration:
[33m│[0m [0m - bahriya-cloud/bahriya in /Users/meezaan/code/bahriya/bahriya-platform/terraform-provider-bahriya/bin
[33m│[0m [0m
[33m│[0m [0mThe behavior may therefore not match any released version of the provider
[33m│[0m [0mand applying changes may cause the state to become incompatible with
[33m│[0m [0mpublished releases.
[33m╵[0m[0m
[0m[1mdata.bahriya_regions.active: Reading...[0m[0m
[0m[1mdata.bahriya_regions.active: Read complete after 1s[0m

Terraform used the selected providers to generate the following execution
plan. Resource actions are indicated with the following symbols:
  [32m+[0m create[0m

Terraform will perform the following actions:

[1m  # bahriya_container.cron[0m will be created
[0m  [32m+[0m[0m resource "bahriya_container" "cron" {
      [32m+[0m[0m activedeadlineseconds           = (known after apply)
      [32m+[0m[0m activeregions                   = [
          [32m+[0m[0m "helsinki-1",
        ]
      [32m+[0m[0m args                            = (known after apply)
      [32m+[0m[0m autoscalingenabled              = (known after apply)
      [32m+[0m[0m autoscalingmaxreplicas          = (known after apply)
      [32m+[0m[0m autoscalingminreplicas          = (known after apply)
      [32m+[0m[0m autoscalingtargetcpu            = (known after apply)
      [32m+[0m[0m autoscalingtargetmemory         = (known after apply)
      [32m+[0m[0m backofflimit                    = (known after apply)
      [32m+[0m[0m basicauthcredentials            = (known after apply)
      [32m+[0m[0m basicauthenabled                = (known after apply)
      [32m+[0m[0m bootstraptime                   = (known after apply)
      [32m+[0m[0m command                         = [
          [32m+[0m[0m "sh",
          [32m+[0m[0m "-c",
          [32m+[0m[0m "echo e2e-tick",
        ]
      [32m+[0m[0m concurrencypolicy               = (known after apply)
      [32m+[0m[0m containerport                   = (known after apply)
      [32m+[0m[0m customdnsmode                   = (known after apply)
      [32m+[0m[0m defaulthostname                 = (known after apply)
      [32m+[0m[0m dnsfailoverenabled              = (known after apply)
      [32m+[0m[0m dnsttl                          = (known after apply)
      [32m+[0m[0m encryptionkeys                  = (known after apply)
      [32m+[0m[0m envfiles                        = (known after apply)
      [32m+[0m[0m ephemeralstoragegb              = (known after apply)
      [32m+[0m[0m externalnetworkingenabled       = (known after apply)
      [32m+[0m[0m failedjobshistorylimit          = (known after apply)
      [32m+[0m[0m gpgkeypairs                     = (known after apply)
      [32m+[0m[0m handle                          = "cron-80e92572"
      [32m+[0m[0m healthcheckpath                 = (known after apply)
      [32m+[0m[0m hostnames                       = (known after apply)
      [32m+[0m[0m id                              = (known after apply)
      [32m+[0m[0m image                           = "busybox:latest"
      [32m+[0m[0m initjobs                        = (known after apply)
      [32m+[0m[0m ipblacklist                     = (known after apply)
      [32m+[0m[0m ipblacklistenabled              = (known after apply)
      [32m+[0m[0m ipwhitelist                     = (known after apply)
      [32m+[0m[0m ipwhitelistenabled              = (known after apply)
      [32m+[0m[0m jsonconfigs                     = (known after apply)
      [32m+[0m[0m maxcpu                          = (known after apply)
      [32m+[0m[0m maxmemory                       = (known after apply)
      [32m+[0m[0m mincpu                          = "100"
      [32m+[0m[0m minmemory                       = "128"
      [32m+[0m[0m name                            = "TF E2E Cron 80e92572"
      [32m+[0m[0m networkpolicies                 = (known after apply)
      [32m+[0m[0m newenvvar                       = (known after apply)
      [32m+[0m[0m organisation                    = (known after apply)
      [32m+[0m[0m persistentvolumes               = (known after apply)
      [32m+[0m[0m plainconfigs                    = (known after apply)
      [32m+[0m[0m project                         = (known after apply)
      [32m+[0m[0m projectname                     = (known after apply)
      [32m+[0m[0m prometheuspath                  = (known after apply)
      [32m+[0m[0m prometheusport                  = (known after apply)
      [32m+[0m[0m proxycacheallowforcecacheheader = (known after apply)
      [32m+[0m[0m proxycachecontenttypes          = (known after apply)
      [32m+[0m[0m proxycacheenabled               = (known after apply)
      [32m+[0m[0m proxycachehonorcachecontrol     = (known after apply)
      [32m+[0m[0m proxycachemaxitemsizemb         = (known after apply)
      [32m+[0m[0m proxycachememcached             = (known after apply)
      [32m+[0m[0m proxycacherequestmethods        = (known after apply)
      [32m+[0m[0m proxycacheresponsecodes         = (known after apply)
      [32m+[0m[0m proxycachesizemb                = (known after apply)
      [32m+[0m[0m proxycachestoragettl            = (known after apply)
      [32m+[0m[0m proxycachettl                   = (known after apply)
      [32m+[0m[0m proxycachevariant               = (known after apply)
      [32m+[0m[0m proxycachevarybodyjsonfields    = (known after apply)
      [32m+[0m[0m proxycachevaryheaders           = (known after apply)
      [32m+[0m[0m proxycachevaryqueryparams       = (known after apply)
      [32m+[0m[0m ratelimitingenabled             = (known after apply)
      [32m+[0m[0m ratelimitingrequestsperhour     = (known after apply)
      [32m+[0m[0m ratelimitingrequestsperminute   = (known after apply)
      [32m+[0m[0m ratelimitingrequestspersecond   = (known after apply)
      [32m+[0m[0m registry                        = (known after apply)
      [32m+[0m[0m schedule                        = "*/5 * * * *"
      [32m+[0m[0m secretsenvvar                   = (known after apply)
      [32m+[0m[0m sshkeypairs                     = (known after apply)
      [32m+[0m[0m startingdeadlineseconds         = (known after apply)
      [32m+[0m[0m status                          = (known after apply)
      [32m+[0m[0m successfuljobshistorylimit      = (known after apply)
      [32m+[0m[0m suspended                       = (known after apply)
      [32m+[0m[0m timezone                        = (known after apply)
      [32m+[0m[0m tlsbundles                      = (known after apply)
      [32m+[0m[0m ttlsecondsafterfinished         = (known after apply)
      [32m+[0m[0m type                            = "cronjob"
      [32m+[0m[0m vanityhostname                  = (known after apply)
      [32m+[0m[0m x509certs                       = (known after apply)
      [32m+[0m[0m yamlconfigs                     = (known after apply)
    }

[1m  # bahriya_container.web[0m will be created
[0m  [32m+[0m[0m resource "bahriya_container" "web" {
      [32m+[0m[0m activedeadlineseconds           = (known after apply)
      [32m+[0m[0m activeregions                   = [
          [32m+[0m[0m "helsinki-1",
        ]
      [32m+[0m[0m args                            = (known after apply)
      [32m+[0m[0m autoscalingenabled              = (known after apply)
      [32m+[0m[0m autoscalingmaxreplicas          = (known after apply)
      [32m+[0m[0m autoscalingminreplicas          = "1"
      [32m+[0m[0m autoscalingtargetcpu            = (known after apply)
      [32m+[0m[0m autoscalingtargetmemory         = (known after apply)
      [32m+[0m[0m backofflimit                    = (known after apply)
      [32m+[0m[0m basicauthcredentials            = (known after apply)
      [32m+[0m[0m basicauthenabled                = (known after apply)
      [32m+[0m[0m bootstraptime                   = (known after apply)
      [32m+[0m[0m command                         = (known after apply)
      [32m+[0m[0m concurrencypolicy               = (known after apply)
      [32m+[0m[0m containerport                   = "80"
      [32m+[0m[0m customdnsmode                   = (known after apply)
      [32m+[0m[0m defaulthostname                 = (known after apply)
      [32m+[0m[0m dnsfailoverenabled              = (known after apply)
      [32m+[0m[0m dnsttl                          = (known after apply)
      [32m+[0m[0m encryptionkeys                  = [
          [32m+[0m[0m {
              [32m+[0m[0m handle    = "enc-80e92572"
              [32m+[0m[0m mountpath = "/etc/bahriya/enc"
            },
        ]
      [32m+[0m[0m envfiles                        = [
          [32m+[0m[0m {
              [32m+[0m[0m handle          = "env-80e92572"
              [32m+[0m[0m injectionmethod = "envFrom"
            },
        ]
      [32m+[0m[0m ephemeralstoragegb              = (known after apply)
      [32m+[0m[0m externalnetworkingenabled       = (known after apply)
      [32m+[0m[0m failedjobshistorylimit          = (known after apply)
      [32m+[0m[0m gpgkeypairs                     = [
          [32m+[0m[0m {
              [32m+[0m[0m handle    = "gpg-80e92572"
              [32m+[0m[0m mountpath = "/etc/bahriya/gpg"
            },
        ]
      [32m+[0m[0m handle                          = "web-80e92572"
      [32m+[0m[0m healthcheckpath                 = "/"
      [32m+[0m[0m hostnames                       = [
          [32m+[0m[0m {
              [32m+[0m[0m hostname    = "web-80e92572.e2e.bahriya.test"
              [32m+[0m[0m wwwredirect = false
            },
        ]
      [32m+[0m[0m id                              = (known after apply)
      [32m+[0m[0m image                           = "nginx:alpine"
      [32m+[0m[0m initjobs                        = (known after apply)
      [32m+[0m[0m ipblacklist                     = (known after apply)
      [32m+[0m[0m ipblacklistenabled              = (known after apply)
      [32m+[0m[0m ipwhitelist                     = (known after apply)
      [32m+[0m[0m ipwhitelistenabled              = (known after apply)
      [32m+[0m[0m jsonconfigs                     = [
          [32m+[0m[0m {
              [32m+[0m[0m handle    = "json-80e92572"
              [32m+[0m[0m mountpath = "/etc/bahriya/cfg/json"
            },
        ]
      [32m+[0m[0m maxcpu                          = (known after apply)
      [32m+[0m[0m maxmemory                       = (known after apply)
      [32m+[0m[0m mincpu                          = "100"
      [32m+[0m[0m minmemory                       = "128"
      [32m+[0m[0m name                            = "TF E2E Web 80e92572"
      [32m+[0m[0m networkpolicies                 = [
          [32m+[0m[0m "netpol-80e92572",
        ]
      [32m+[0m[0m newenvvar                       = [
          [32m+[0m[0m {
              [32m+[0m[0m key   = "APP_MODE"
              [32m+[0m[0m value = "e2e"
            },
        ]
      [32m+[0m[0m organisation                    = (known after apply)
      [32m+[0m[0m persistentvolumes               = [
          [32m+[0m[0m {
              [32m+[0m[0m handle    = "data"
              [32m+[0m[0m mountpath = "/var/lib/data"
              [32m+[0m[0m sizegb    = 1
            },
        ]
      [32m+[0m[0m plainconfigs                    = [
          [32m+[0m[0m {
              [32m+[0m[0m handle    = "plain-80e92572"
              [32m+[0m[0m mountpath = "/etc/bahriya/cfg/plain"
            },
        ]
      [32m+[0m[0m project                         = (known after apply)
      [32m+[0m[0m projectname                     = (known after apply)
      [32m+[0m[0m prometheuspath                  = (known after apply)
      [32m+[0m[0m prometheusport                  = (known after apply)
      [32m+[0m[0m proxycacheallowforcecacheheader = (known after apply)
      [32m+[0m[0m proxycachecontenttypes          = (known after apply)
      [32m+[0m[0m proxycacheenabled               = (known after apply)
      [32m+[0m[0m proxycachehonorcachecontrol     = (known after apply)
      [32m+[0m[0m proxycachemaxitemsizemb         = (known after apply)
      [32m+[0m[0m proxycachememcached             = (known after apply)
      [32m+[0m[0m proxycacherequestmethods        = (known after apply)
      [32m+[0m[0m proxycacheresponsecodes         = (known after apply)
      [32m+[0m[0m proxycachesizemb                = (known after apply)
      [32m+[0m[0m proxycachestoragettl            = (known after apply)
      [32m+[0m[0m proxycachettl                   = (known after apply)
      [32m+[0m[0m proxycachevariant               = (known after apply)
      [32m+[0m[0m proxycachevarybodyjsonfields    = (known after apply)
      [32m+[0m[0m proxycachevaryheaders           = (known after apply)
      [32m+[0m[0m proxycachevaryqueryparams       = (known after apply)
      [32m+[0m[0m ratelimitingenabled             = (known after apply)
      [32m+[0m[0m ratelimitingrequestsperhour     = (known after apply)
      [32m+[0m[0m ratelimitingrequestsperminute   = (known after apply)
      [32m+[0m[0m ratelimitingrequestspersecond   = (known after apply)
      [32m+[0m[0m registry                        = (known after apply)
      [32m+[0m[0m schedule                        = (known after apply)
      [32m+[0m[0m secretsenvvar                   = [
          [32m+[0m[0m {
              [32m+[0m[0m name   = "APP_SECRET"
              [32m+[0m[0m secret = "sec-80e92572"
            },
        ]
      [32m+[0m[0m sshkeypairs                     = [
          [32m+[0m[0m {
              [32m+[0m[0m handle    = "ssh-80e92572"
              [32m+[0m[0m mountpath = "/etc/bahriya/ssh"
            },
        ]
      [32m+[0m[0m startingdeadlineseconds         = (known after apply)
      [32m+[0m[0m status                          = (known after apply)
      [32m+[0m[0m successfuljobshistorylimit      = (known after apply)
      [32m+[0m[0m suspended                       = (known after apply)
      [32m+[0m[0m timezone                        = (known after apply)
      [32m+[0m[0m tlsbundles                      = [
          [32m+[0m[0m {
              [32m+[0m[0m handle    = "tls-80e92572"
              [32m+[0m[0m mountpath = "/etc/bahriya/tls"
            },
        ]
      [32m+[0m[0m ttlsecondsafterfinished         = (known after apply)
      [32m+[0m[0m type                            = "http"
      [32m+[0m[0m vanityhostname                  = (known after apply)
      [32m+[0m[0m x509certs                       = [
          [32m+[0m[0m {
              [32m+[0m[0m handle    = "x509-80e92572"
              [32m+[0m[0m mountpath = "/etc/bahriya/x509"
            },
        ]
      [32m+[0m[0m yamlconfigs                     = [
          [32m+[0m[0m {
              [32m+[0m[0m handle    = "yaml-80e92572"
              [32m+[0m[0m mountpath = "/etc/bahriya/cfg/yaml"
            },
        ]
    }

[1m  # bahriya_container.worker[0m will be created
[0m  [32m+[0m[0m resource "bahriya_container" "worker" {
      [32m+[0m[0m activedeadlineseconds           = (known after apply)
      [32m+[0m[0m activeregions                   = [
          [32m+[0m[0m "helsinki-1",
        ]
      [32m+[0m[0m args                            = (known after apply)
      [32m+[0m[0m autoscalingenabled              = (known after apply)
      [32m+[0m[0m autoscalingmaxreplicas          = (known after apply)
      [32m+[0m[0m autoscalingminreplicas          = "1"
      [32m+[0m[0m autoscalingtargetcpu            = (known after apply)
      [32m+[0m[0m autoscalingtargetmemory         = (known after apply)
      [32m+[0m[0m backofflimit                    = (known after apply)
      [32m+[0m[0m basicauthcredentials            = (known after apply)
      [32m+[0m[0m basicauthenabled                = (known after apply)
      [32m+[0m[0m bootstraptime                   = (known after apply)
      [32m+[0m[0m command                         = (known after apply)
      [32m+[0m[0m concurrencypolicy               = (known after apply)
      [32m+[0m[0m containerport                   = (known after apply)
      [32m+[0m[0m customdnsmode                   = (known after apply)
      [32m+[0m[0m defaulthostname                 = (known after apply)
      [32m+[0m[0m dnsfailoverenabled              = (known after apply)
      [32m+[0m[0m dnsttl                          = (known after apply)
      [32m+[0m[0m encryptionkeys                  = (known after apply)
      [32m+[0m[0m envfiles                        = (known after apply)
      [32m+[0m[0m ephemeralstoragegb              = (known after apply)
      [32m+[0m[0m externalnetworkingenabled       = (known after apply)
      [32m+[0m[0m failedjobshistorylimit          = (known after apply)
      [32m+[0m[0m gpgkeypairs                     = (known after apply)
      [32m+[0m[0m handle                          = "worker-80e92572"
      [32m+[0m[0m healthcheckpath                 = (known after apply)
      [32m+[0m[0m hostnames                       = (known after apply)
      [32m+[0m[0m id                              = (known after apply)
      [32m+[0m[0m image                           = "nginx:alpine"
      [32m+[0m[0m initjobs                        = (known after apply)
      [32m+[0m[0m ipblacklist                     = (known after apply)
      [32m+[0m[0m ipblacklistenabled              = (known after apply)
      [32m+[0m[0m ipwhitelist                     = (known after apply)
      [32m+[0m[0m ipwhitelistenabled              = (known after apply)
      [32m+[0m[0m jsonconfigs                     = (known after apply)
      [32m+[0m[0m maxcpu                          = (known after apply)
      [32m+[0m[0m maxmemory                       = (known after apply)
      [32m+[0m[0m mincpu                          = "100"
      [32m+[0m[0m minmemory                       = "128"
      [32m+[0m[0m name                            = "TF E2E Worker 80e92572"
      [32m+[0m[0m networkpolicies                 = (known after apply)
      [32m+[0m[0m newenvvar                       = (known after apply)
      [32m+[0m[0m organisation                    = (known after apply)
      [32m+[0m[0m persistentvolumes               = (known after apply)
      [32m+[0m[0m plainconfigs                    = (known after apply)
      [32m+[0m[0m project                         = (known after apply)
      [32m+[0m[0m projectname                     = (known after apply)
      [32m+[0m[0m prometheuspath                  = (known after apply)
      [32m+[0m[0m prometheusport                  = (known after apply)
      [32m+[0m[0m proxycacheallowforcecacheheader = (known after apply)
      [32m+[0m[0m proxycachecontenttypes          = (known after apply)
      [32m+[0m[0m proxycacheenabled               = (known after apply)
      [32m+[0m[0m proxycachehonorcachecontrol     = (known after apply)
      [32m+[0m[0m proxycachemaxitemsizemb         = (known after apply)
      [32m+[0m[0m proxycachememcached             = (known after apply)
      [32m+[0m[0m proxycacherequestmethods        = (known after apply)
      [32m+[0m[0m proxycacheresponsecodes         = (known after apply)
      [32m+[0m[0m proxycachesizemb                = (known after apply)
      [32m+[0m[0m proxycachestoragettl            = (known after apply)
      [32m+[0m[0m proxycachettl                   = (known after apply)
      [32m+[0m[0m proxycachevariant               = (known after apply)
      [32m+[0m[0m proxycachevarybodyjsonfields    = (known after apply)
      [32m+[0m[0m proxycachevaryheaders           = (known after apply)
      [32m+[0m[0m proxycachevaryqueryparams       = (known after apply)
      [32m+[0m[0m ratelimitingenabled             = (known after apply)
      [32m+[0m[0m ratelimitingrequestsperhour     = (known after apply)
      [32m+[0m[0m ratelimitingrequestsperminute   = (known after apply)
      [32m+[0m[0m ratelimitingrequestspersecond   = (known after apply)
      [32m+[0m[0m registry                        = (known after apply)
      [32m+[0m[0m schedule                        = (known after apply)
      [32m+[0m[0m secretsenvvar                   = [
          [32m+[0m[0m {
              [32m+[0m[0m name   = "WORKER_SECRET"
              [32m+[0m[0m secret = "sec-80e92572"
            },
        ]
      [32m+[0m[0m sshkeypairs                     = (known after apply)
      [32m+[0m[0m startingdeadlineseconds         = (known after apply)
      [32m+[0m[0m status                          = (known after apply)
      [32m+[0m[0m successfuljobshistorylimit      = (known after apply)
      [32m+[0m[0m suspended                       = (known after apply)
      [32m+[0m[0m timezone                        = (known after apply)
      [32m+[0m[0m tlsbundles                      = (known after apply)
      [32m+[0m[0m ttlsecondsafterfinished         = (known after apply)
      [32m+[0m[0m type                            = "worker"
      [32m+[0m[0m vanityhostname                  = (known after apply)
      [32m+[0m[0m x509certs                       = (known after apply)
      [32m+[0m[0m yamlconfigs                     = (known after apply)
    }

[1m  # bahriya_encryption_key.main[0m will be created
[0m  [32m+[0m[0m resource "bahriya_encryption_key" "main" {
      [32m+[0m[0m billable              = (known after apply)
      [32m+[0m[0m currentversion        = (known after apply)
      [32m+[0m[0m format                = "base64"
      [32m+[0m[0m handle                = "enc-80e92572"
      [32m+[0m[0m id                    = (known after apply)
      [32m+[0m[0m key                   = (sensitive value)
      [32m+[0m[0m keybits               = (known after apply)
      [32m+[0m[0m managedbyresourceid   = (known after apply)
      [32m+[0m[0m managedbyresourcetype = (known after apply)
      [32m+[0m[0m maxversions           = (known after apply)
      [32m+[0m[0m name                  = "TF E2E Encryption Key 80e92572"
      [32m+[0m[0m organisation          = (known after apply)
    }

[1m  # bahriya_env_file.main[0m will be created
[0m  [32m+[0m[0m resource "bahriya_env_file" "main" {
      [32m+[0m[0m billable              = (known after apply)
      [32m+[0m[0m content               = <<-EOT
            # E2E env file
            APP_MODE=production
            LOG_LEVEL=info
            FEATURE_X_ENABLED=true
        EOT
      [32m+[0m[0m currentversion        = (known after apply)
      [32m+[0m[0m entrycount            = (known after apply)
      [32m+[0m[0m handle                = "env-80e92572"
      [32m+[0m[0m id                    = (known after apply)
      [32m+[0m[0m managedbyresourceid   = (known after apply)
      [32m+[0m[0m managedbyresourcetype = (known after apply)
      [32m+[0m[0m maxversions           = (known after apply)
      [32m+[0m[0m name                  = "TF E2E Env File 80e92572"
      [32m+[0m[0m organisation          = (known after apply)
    }

[1m  # bahriya_gpg_keypair.main[0m will be created
[0m  [32m+[0m[0m resource "bahriya_gpg_keypair" "main" {
      [32m+[0m[0m algorithm             = (known after apply)
      [32m+[0m[0m billable              = (known after apply)
      [32m+[0m[0m currentversion        = (known after apply)
      [32m+[0m[0m handle                = "gpg-80e92572"
      [32m+[0m[0m id                    = (known after apply)
      [32m+[0m[0m keybits               = (known after apply)
      [32m+[0m[0m keyid                 = (known after apply)
      [32m+[0m[0m managedbyresourceid   = (known after apply)
      [32m+[0m[0m managedbyresourcetype = (known after apply)
      [32m+[0m[0m maxversions           = (known after apply)
      [32m+[0m[0m name                  = "TF E2E GPG Keypair 80e92572"
      [32m+[0m[0m organisation          = (known after apply)
      [32m+[0m[0m privatekey            = (sensitive value)
      [32m+[0m[0m publickey             = (sensitive value)
      [32m+[0m[0m uid                   = (known after apply)
    }

[1m  # bahriya_json_config.main[0m will be created
[0m  [32m+[0m[0m resource "bahriya_json_config" "main" {
      [32m+[0m[0m billable              = (known after apply)
      [32m+[0m[0m content               = jsonencode(
            {
              [32m+[0m[0m features = [
                  [32m+[0m[0m "alpha",
                  [32m+[0m[0m "beta",
                ]
              [32m+[0m[0m replicas = 1
              [32m+[0m[0m service  = "e2e-80e92572"
            }
        )
      [32m+[0m[0m currentversion        = (known after apply)
      [32m+[0m[0m handle                = "json-80e92572"
      [32m+[0m[0m id                    = (known after apply)
      [32m+[0m[0m managedbyresourceid   = (known after apply)
      [32m+[0m[0m managedbyresourcetype = (known after apply)
      [32m+[0m[0m maxversions           = (known after apply)
      [32m+[0m[0m name                  = "TF E2E JSON Config 80e92572"
      [32m+[0m[0m organisation          = (known after apply)
    }

[1m  # bahriya_memcached.cache[0m will be created
[0m  [32m+[0m[0m resource "bahriya_memcached" "cache" {
      [32m+[0m[0m activeregions      = [
          [32m+[0m[0m "helsinki-1",
        ]
      [32m+[0m[0m handle             = "cache-80e92572"
      [32m+[0m[0m id                 = (known after apply)
      [32m+[0m[0m managedbycontainer = (known after apply)
      [32m+[0m[0m maxconnections     = (known after apply)
      [32m+[0m[0m maxitemsizemb      = (known after apply)
      [32m+[0m[0m memorymb           = 512
      [32m+[0m[0m name               = "TF E2E Cache 80e92572"
      [32m+[0m[0m networkpolicies    = (known after apply)
      [32m+[0m[0m nodes              = (known after apply)
      [32m+[0m[0m organisation       = (known after apply)
      [32m+[0m[0m project            = (known after apply)
      [32m+[0m[0m projectname        = (known after apply)
      [32m+[0m[0m status             = (known after apply)
      [32m+[0m[0m threads            = (known after apply)
    }

[1m  # bahriya_network_policy.main[0m will be created
[0m  [32m+[0m[0m resource "bahriya_network_policy" "main" {
      [32m+[0m[0m billable              = (known after apply)
      [32m+[0m[0m egresscidrs           = [
          [32m+[0m[0m "10.0.0.0/8",
        ]
      [32m+[0m[0m egressfqdns           = (known after apply)
      [32m+[0m[0m handle                = "netpol-80e92572"
      [32m+[0m[0m id                    = (known after apply)
      [32m+[0m[0m ingresspeers          = [
          [32m+[0m[0m "tfe2epeer-80e92572",
        ]
      [32m+[0m[0m l7enabled             = (known after apply)
      [32m+[0m[0m managedbyresourceid   = (known after apply)
      [32m+[0m[0m managedbyresourcetype = (known after apply)
      [32m+[0m[0m name                  = "TF E2E Network Policy 80e92572"
      [32m+[0m[0m organisation          = (known after apply)
      [32m+[0m[0m ports                 = [
          [32m+[0m[0m {
              [32m+[0m[0m port     = 443
              [32m+[0m[0m protocol = "TCP"
            },
        ]
    }

[1m  # bahriya_path_rule.admin[0m will be created
[0m  [32m+[0m[0m resource "bahriya_path_rule" "admin" {
      [32m+[0m[0m basicauthcredentials = [
          [32m+[0m[0m {
              [32m+[0m[0m password = (sensitive value)
              [32m+[0m[0m username = "alice"
            },
        ]
      [32m+[0m[0m basicauthenabled     = true
      [32m+[0m[0m container_id         = (known after apply)
      [32m+[0m[0m handle               = "admin-80e92572"
      [32m+[0m[0m id                   = (known after apply)
      [32m+[0m[0m ipblacklist          = (known after apply)
      [32m+[0m[0m ipblacklistenabled   = (known after apply)
      [32m+[0m[0m ipwhitelist          = [
          [32m+[0m[0m "10.0.0.0/8",
        ]
      [32m+[0m[0m ipwhitelistenabled   = true
      [32m+[0m[0m path                 = "/admin"
      [32m+[0m[0m priority             = 100
      [32m+[0m[0m ratelimitingenabled  = (known after apply)
    }

[1m  # bahriya_path_rule.webhook[0m will be created
[0m  [32m+[0m[0m resource "bahriya_path_rule" "webhook" {
      [32m+[0m[0m basicauthcredentials          = (known after apply)
      [32m+[0m[0m basicauthenabled              = (known after apply)
      [32m+[0m[0m container_id                  = (known after apply)
      [32m+[0m[0m handle                        = "webhook-80e92572"
      [32m+[0m[0m id                            = (known after apply)
      [32m+[0m[0m ipblacklist                   = (known after apply)
      [32m+[0m[0m ipblacklistenabled            = (known after apply)
      [32m+[0m[0m ipwhitelist                   = (known after apply)
      [32m+[0m[0m ipwhitelistenabled            = (known after apply)
      [32m+[0m[0m path                          = "/webhook"
      [32m+[0m[0m priority                      = (known after apply)
      [32m+[0m[0m ratelimitingenabled           = true
      [32m+[0m[0m ratelimitingrequestsperhour   = 1000
      [32m+[0m[0m ratelimitingrequestsperminute = 60
    }

[1m  # bahriya_plain_config.main[0m will be created
[0m  [32m+[0m[0m resource "bahriya_plain_config" "main" {
      [32m+[0m[0m billable              = (known after apply)
      [32m+[0m[0m content               = <<-EOT
            # Plain text config for e2e-80e92572
            key1=value1
            key2=value2
        EOT
      [32m+[0m[0m contentlength         = (known after apply)
      [32m+[0m[0m currentversion        = (known after apply)
      [32m+[0m[0m handle                = "plain-80e92572"
      [32m+[0m[0m id                    = (known after apply)
      [32m+[0m[0m managedbyresourceid   = (known after apply)
      [32m+[0m[0m managedbyresourcetype = (known after apply)
      [32m+[0m[0m maxversions           = (known after apply)
      [32m+[0m[0m name                  = "TF E2E Plain Config 80e92572"
      [32m+[0m[0m organisation          = (known after apply)
    }

[1m  # bahriya_project.e2e[0m will be created
[0m  [32m+[0m[0m resource "bahriya_project" "e2e" {
      [32m+[0m[0m handle             = "tfe2e-80e92572"
      [32m+[0m[0m id                 = (known after apply)
      [32m+[0m[0m name               = "TF E2E Comprehensive 80e92572"
      [32m+[0m[0m organisation       = (known after apply)
      [32m+[0m[0m quotalimitcpu      = (known after apply)
      [32m+[0m[0m quotalimitmemory   = (known after apply)
      [32m+[0m[0m quotarequestcpu    = (known after apply)
      [32m+[0m[0m quotarequestmemory = (known after apply)
      [32m+[0m[0m regions            = [
          [32m+[0m[0m "helsinki-1",
        ]
      [32m+[0m[0m users              = (known after apply)
    }

[1m  # bahriya_project.peer[0m will be created
[0m  [32m+[0m[0m resource "bahriya_project" "peer" {
      [32m+[0m[0m handle             = "tfe2epeer-80e92572"
      [32m+[0m[0m id                 = (known after apply)
      [32m+[0m[0m name               = "TF E2E Peer 80e92572"
      [32m+[0m[0m organisation       = (known after apply)
      [32m+[0m[0m quotalimitcpu      = (known after apply)
      [32m+[0m[0m quotalimitmemory   = (known after apply)
      [32m+[0m[0m quotarequestcpu    = (known after apply)
      [32m+[0m[0m quotarequestmemory = (known after apply)
      [32m+[0m[0m regions            = [
          [32m+[0m[0m "helsinki-1",
        ]
      [32m+[0m[0m users              = (known after apply)
    }

[1m  # bahriya_project_encryption_key_attachment.main[0m will be created
[0m  [32m+[0m[0m resource "bahriya_project_encryption_key_attachment" "main" {
      [32m+[0m[0m handle     = "enc-80e92572"
      [32m+[0m[0m id         = (known after apply)
      [32m+[0m[0m join_id    = (known after apply)
      [32m+[0m[0m project_id = (known after apply)
    }

[1m  # bahriya_project_env_file_attachment.main[0m will be created
[0m  [32m+[0m[0m resource "bahriya_project_env_file_attachment" "main" {
      [32m+[0m[0m handle     = "env-80e92572"
      [32m+[0m[0m id         = (known after apply)
      [32m+[0m[0m join_id    = (known after apply)
      [32m+[0m[0m project_id = (known after apply)
    }

[1m  # bahriya_project_gpg_keypair_attachment.main[0m will be created
[0m  [32m+[0m[0m resource "bahriya_project_gpg_keypair_attachment" "main" {
      [32m+[0m[0m handle     = "gpg-80e92572"
      [32m+[0m[0m id         = (known after apply)
      [32m+[0m[0m join_id    = (known after apply)
      [32m+[0m[0m project_id = (known after apply)
    }

[1m  # bahriya_project_json_config_attachment.main[0m will be created
[0m  [32m+[0m[0m resource "bahriya_project_json_config_attachment" "main" {
      [32m+[0m[0m handle     = "json-80e92572"
      [32m+[0m[0m id         = (known after apply)
      [32m+[0m[0m join_id    = (known after apply)
      [32m+[0m[0m project_id = (known after apply)
    }

[1m  # bahriya_project_network_policy_attachment.main[0m will be created
[0m  [32m+[0m[0m resource "bahriya_project_network_policy_attachment" "main" {
      [32m+[0m[0m handle     = "netpol-80e92572"
      [32m+[0m[0m id         = (known after apply)
      [32m+[0m[0m join_id    = (known after apply)
      [32m+[0m[0m project_id = (known after apply)
    }

[1m  # bahriya_project_plain_config_attachment.main[0m will be created
[0m  [32m+[0m[0m resource "bahriya_project_plain_config_attachment" "main" {
      [32m+[0m[0m handle     = "plain-80e92572"
      [32m+[0m[0m id         = (known after apply)
      [32m+[0m[0m join_id    = (known after apply)
      [32m+[0m[0m project_id = (known after apply)
    }

[1m  # bahriya_project_registry_attachment.main[0m will be created
[0m  [32m+[0m[0m resource "bahriya_project_registry_attachment" "main" {
      [32m+[0m[0m handle     = "reg-80e92572"
      [32m+[0m[0m id         = (known after apply)
      [32m+[0m[0m join_id    = (known after apply)
      [32m+[0m[0m project_id = (known after apply)
    }

[1m  # bahriya_project_secret_attachment.main[0m will be created
[0m  [32m+[0m[0m resource "bahriya_project_secret_attachment" "main" {
      [32m+[0m[0m handle     = "sec-80e92572"
      [32m+[0m[0m id         = (known after apply)
      [32m+[0m[0m join_id    = (known after apply)
      [32m+[0m[0m project_id = (known after apply)
    }

[1m  # bahriya_project_ssh_keypair_attachment.main[0m will be created
[0m  [32m+[0m[0m resource "bahriya_project_ssh_keypair_attachment" "main" {
      [32m+[0m[0m handle     = "ssh-80e92572"
      [32m+[0m[0m id         = (known after apply)
      [32m+[0m[0m join_id    = (known after apply)
      [32m+[0m[0m project_id = (known after apply)
    }

[1m  # bahriya_project_tls_bundle_attachment.main[0m will be created
[0m  [32m+[0m[0m resource "bahriya_project_tls_bundle_attachment" "main" {
      [32m+[0m[0m handle     = "tls-80e92572"
      [32m+[0m[0m id         = (known after apply)
      [32m+[0m[0m join_id    = (known after apply)
      [32m+[0m[0m project_id = (known after apply)
    }

[1m  # bahriya_project_x509_cert_attachment.main[0m will be created
[0m  [32m+[0m[0m resource "bahriya_project_x509_cert_attachment" "main" {
      [32m+[0m[0m handle     = "x509-80e92572"
      [32m+[0m[0m id         = (known after apply)
      [32m+[0m[0m join_id    = (known after apply)
      [32m+[0m[0m project_id = (known after apply)
    }

[1m  # bahriya_project_yaml_config_attachment.main[0m will be created
[0m  [32m+[0m[0m resource "bahriya_project_yaml_config_attachment" "main" {
      [32m+[0m[0m handle     = "yaml-80e92572"
      [32m+[0m[0m id         = (known after apply)
      [32m+[0m[0m join_id    = (known after apply)
      [32m+[0m[0m project_id = (known after apply)
    }

[1m  # bahriya_registry.main[0m will be created
[0m  [32m+[0m[0m resource "bahriya_registry" "main" {
      [32m+[0m[0m billable              = (known after apply)
      [32m+[0m[0m currentversionid      = (known after apply)
      [32m+[0m[0m handle                = "reg-80e92572"
      [32m+[0m[0m id                    = (known after apply)
      [32m+[0m[0m managedbyresourceid   = (known after apply)
      [32m+[0m[0m managedbyresourcetype = (known after apply)
      [32m+[0m[0m maxversions           = (known after apply)
      [32m+[0m[0m name                  = "TF E2E Registry 80e92572"
      [32m+[0m[0m password              = (sensitive value)
      [32m+[0m[0m server                = "ghcr.io"
      [32m+[0m[0m username              = "e2e-user"
    }

[1m  # bahriya_secret.main[0m will be created
[0m  [32m+[0m[0m resource "bahriya_secret" "main" {
      [32m+[0m[0m billable              = (known after apply)
      [32m+[0m[0m handle                = "sec-80e92572"
      [32m+[0m[0m id                    = (known after apply)
      [32m+[0m[0m managedbyresourceid   = (known after apply)
      [32m+[0m[0m managedbyresourcetype = (known after apply)
      [32m+[0m[0m maxversions           = (known after apply)
      [32m+[0m[0m name                  = "TF E2E Secret 80e92572"
      [32m+[0m[0m value                 = (sensitive value)
    }

[1m  # bahriya_ssh_keypair.main[0m will be created
[0m  [32m+[0m[0m resource "bahriya_ssh_keypair" "main" {
      [32m+[0m[0m algorithm             = (known after apply)
      [32m+[0m[0m billable              = (known after apply)
      [32m+[0m[0m comment               = (known after apply)
      [32m+[0m[0m currentversion        = (known after apply)
      [32m+[0m[0m handle                = "ssh-80e92572"
      [32m+[0m[0m id                    = (known after apply)
      [32m+[0m[0m keybits               = (known after apply)
      [32m+[0m[0m keyid                 = (known after apply)
      [32m+[0m[0m managedbyresourceid   = (known after apply)
      [32m+[0m[0m managedbyresourcetype = (known after apply)
      [32m+[0m[0m maxversions           = (known after apply)
      [32m+[0m[0m name                  = "TF E2E SSH Keypair 80e92572"
      [32m+[0m[0m organisation          = (known after apply)
      [32m+[0m[0m privatekey            = (sensitive value)
      [32m+[0m[0m publickey             = (sensitive value)
    }

[1m  # bahriya_tls_bundle.main[0m will be created
[0m  [32m+[0m[0m resource "bahriya_tls_bundle" "main" {
      [32m+[0m[0m algorithm             = (known after apply)
      [32m+[0m[0m billable              = (known after apply)
      [32m+[0m[0m ca                    = <<-EOT
            -----BEGIN CERTIFICATE-----
            MIIDQTCCAimgAwIBAgIUAWB/iMYl0MLbM4+M5Qm6hVZu7sswDQYJKoZIhvcNAQEL
            BQAwMDEYMBYGA1UEAwwPQmFocml5YSBUZXN0IENBMRQwEgYDVQQKDAtCYWhyaXlh
            IEUyRTAeFw0yNjA3MjMxMzExMDhaFw0yNzA3MjMxMzExMDhaMDAxGDAWBgNVBAMM
            D0JhaHJpeWEgVGVzdCBDQTEUMBIGA1UECgwLQmFocml5YSBFMkUwggEiMA0GCSqG
            SIb3DQEBAQUAA4IBDwAwggEKAoIBAQCicnq3YlLlFcGFn6OsNRVlWjQUNsv76eGC
            tVp43QpubJxb/AUKFNbbuh0x5qc136II9mTrQ14bvZRVuydRQIWPv/zBFNcs6UBS
            IoOE3jjluk+5yAO0aZPTJ/qP9wG3iDbiWA0mpCEosSWFSV+Cyj4odgnpk/dD1xXg
            O/vgcB+oP03FF6pHmRm+YWl0bZL7BQc/OOPv2vvUUuKb09RmVzKSj1DDmEYK/U0L
            8UB9qmk69nMdYGhz1C0tqLCYyhFmib+YwZiMusWIMcRwZFUugwKQnuPWRj6fhgRU
            AkW/XpNMx03x6HG4llx1x+e5cEKHfyWa8k5B3AKuKMSgprzBd7eDAgMBAAGjUzBR
            MB0GA1UdDgQWBBQkXyBM/QeT4t8ATC/HJ35hekSHhTAfBgNVHSMEGDAWgBQkXyBM
            /QeT4t8ATC/HJ35hekSHhTAPBgNVHRMBAf8EBTADAQH/MA0GCSqGSIb3DQEBCwUA
            A4IBAQCabMQDiGBn898LvLgpRDzT6oOkSyxTv22bmSCunZhGv5JI5TGe9QXO5Rui
            mHJcN/9JDo6YH0HOmE/f0F0WVJFGjoXlV+2ehu8OIyyOyhGknk8tTN+UXwHaHsL5
            G8ws2XAapOyaDPkJCn3SGZ0GmKruQ6uORUX3k5Jf6ezQlmLZnTl1jfLzDNtBQr7P
            dv0ykAjM3JNGh2Rean0kBk442Y464Ck/ABWG8GPj9jaDDC37cNqNme1pNsElCY4L
            6VVfaKev+cWYjbY6+Jg/lD+W85whrJIA00GQ4IZPzcZ48vjZbwtRydjcJG+yh9L5
            08VxgbPo19KMJJKWk7/q7eR3A2FP
            -----END CERTIFICATE-----
        EOT
      [32m+[0m[0m cert                  = <<-EOT
            -----BEGIN CERTIFICATE-----
            MIIDOjCCAiKgAwIBAgIUK0Qv6RM0kTh2yAbX5y5kDCq1QQswDQYJKoZIhvcNAQEL
            BQAwMDEYMBYGA1UEAwwPQmFocml5YSBUZXN0IENBMRQwEgYDVQQKDAtCYWhyaXlh
            IEUyRTAeFw0yNjA3MjMxMzExMDhaFw0yNzA3MjMxMzExMDhaMDoxIjAgBgNVBAMM
            GWUyZS04MGU5MjU3Mi5iYWhyaXlhLnRlc3QxFDASBgNVBAoMC0JhaHJpeWEgRTJF
            MIIBIjANBgkqhkiG9w0BAQEFAAOCAQ8AMIIBCgKCAQEAyyZ1A2aMKgoGLLDIBkZ6
            kVxPOugP1U01hdCRduh2LAzyKz+vi+ySRcvAwoMAJPI7iXqKMh/62cXNYRNtiiY+
            0JmkCmDyNyiinaS7sgTwV//Mw6bM0cm/ZmnMslU2ZTQRYHP5NGT1usz04XDdrfrG
            TOeHzIl9LPvS2PM7kdFN0KqqscrtcnM/UjZV9Zu+1JQqiEN7sUh5dpGCa4NiZ+N3
            Cm5BeVtM9U6D14BJY7SpN5vpFyDPvneBWVn7KZMskyYYQZmUzugkzeYS0gLXXb99
            oSzOlSpVbJxRwhpmOj3zWzOPgx+xwqucLztwygxebe0mRNQ28w/NCrFMkqkGi87P
            PQIDAQABo0IwQDAdBgNVHQ4EFgQUdVneQXjA2TPg6he0r1X/BYQiKikwHwYDVR0j
            BBgwFoAUJF8gTP0Hk+LfAEwvxyd+YXpEh4UwDQYJKoZIhvcNAQELBQADggEBAAl2
            IuU3plgRuehO8Szg//J3BaY1lxfkkiM1AZZPIj3ry76NbU1O11bMQ9xxcoLudQJh
            3phA+ktCH05u4YwM+2Eda5P/jieXHkZD5ab0y3I1YD31UzQErYE/xz5ze1ssuYcF
            saVfEvwQ1novXk/ZpvviQnw9FZkHGoO/9wvvZr7bhLVYzDZIlAMmbjOP7eymZyl7
            YsdgrBf8eLqllMrWqDSpKHfGP8NQDMGX2CAvbixnrB9yK47y+O+ftIUjkz97ATr1
            /a2ObxFhxuhEHvuqQM4Ka1kl62xe4P23XNKD4DxmtJGpeGA523gXM1078lP046Gi
            qMib0O+FQ0hamwWFGes=
            -----END CERTIFICATE-----
        EOT
      [32m+[0m[0m currentversion        = (known after apply)
      [32m+[0m[0m fingerprint           = (known after apply)
      [32m+[0m[0m handle                = "tls-80e92572"
      [32m+[0m[0m id                    = (known after apply)
      [32m+[0m[0m issuer                = (known after apply)
      [32m+[0m[0m key                   = (sensitive value)
      [32m+[0m[0m keybits               = (known after apply)
      [32m+[0m[0m managedbyresourceid   = (known after apply)
      [32m+[0m[0m managedbyresourcetype = (known after apply)
      [32m+[0m[0m maxversions           = (known after apply)
      [32m+[0m[0m name                  = "TF E2E TLS Bundle 80e92572"
      [32m+[0m[0m organisation          = (known after apply)
      [32m+[0m[0m subject               = (known after apply)
    }

[1m  # bahriya_x509_cert.main[0m will be created
[0m  [32m+[0m[0m resource "bahriya_x509_cert" "main" {
      [32m+[0m[0m algorithm             = (known after apply)
      [32m+[0m[0m billable              = (known after apply)
      [32m+[0m[0m cert                  = <<-EOT
            -----BEGIN CERTIFICATE-----
            MIIDXzCCAkegAwIBAgIUJCQPxoz05eh1epxugsT4Jb7GXr4wDQYJKoZIhvcNAQEL
            BQAwPzEnMCUGA1UEAwweZTJlLXg1MDktODBlOTI1NzIuYmFocml5YS50ZXN0MRQw
            EgYDVQQKDAtCYWhyaXlhIEUyRTAeFw0yNjA3MjMxMzExMDhaFw0yNzA3MjMxMzEx
            MDhaMD8xJzAlBgNVBAMMHmUyZS14NTA5LTgwZTkyNTcyLmJhaHJpeWEudGVzdDEU
            MBIGA1UECgwLQmFocml5YSBFMkUwggEiMA0GCSqGSIb3DQEBAQUAA4IBDwAwggEK
            AoIBAQCtibY6fTpcoussqCvPFFc6+0xs6QZhSZo1BAmNK25I4cntS0sZHdrRMcjc
            pnD/FwYBsbOe1Bsr2KiL22rissjoLbJrY3BMZgKaPZHAq1TQJ2ogj4FfIthTdGpL
            P3jKFmC25zVUGOK4mcqES+yhMkJ+NNrI/Z01UdGW+isJvjq/pNanzXhgKI6iYqGl
            VLPGwWqCOCNOksqxiHBd1f3W/RLRkyoOBBzDiuNVyP6UqPBABhm1PGx2wCzzV7bo
            JXwGWj/YDKMY9TSUTTOVfRkNj++cdvemeC8jPGe0oSnaADCOcmgA/PZ5WO/CnVOH
            wgroH0ZTBezZ3pBCJLgzn9YXqIZVAgMBAAGjUzBRMB0GA1UdDgQWBBTtvOqpd+kM
            HY5f3KgX38lbxZQjXzAfBgNVHSMEGDAWgBTtvOqpd+kMHY5f3KgX38lbxZQjXzAP
            BgNVHRMBAf8EBTADAQH/MA0GCSqGSIb3DQEBCwUAA4IBAQA8T39kTdPQIu4UTQ7W
            Y/xGPnwlqP4Ilqp527USb/R9XtdFNmXmWy8uqb3+H1l8mNdxSAc7R2eJPz4tD4eS
            hFSpJgMll9ponBCiplEZj6HbhR5UVnHMZtF6e9PBMRxFfvpYZFk+55Ir8hNHp3FZ
            eTPBI1RlN1LbFW/T3MNUn4va3S1JwaUt6mBgNG3Dh2U3nNqPy0HPKKx3vJ4eMGeT
            S/PNizD3Xm1p9ucEfZGkz7GJrCeNpzmrWKUmIuaia9kcY9VUXIG3lUFUjwP7SVWd
            Z6hbEFkVC4QQkjWUYOjo1iQHW8YHWq/wpHbK8YzO69z47wsdsEDlZntj83H/239b
            F5D1
            -----END CERTIFICATE-----
        EOT
      [32m+[0m[0m currentversion        = (known after apply)
      [32m+[0m[0m fingerprint           = (known after apply)
      [32m+[0m[0m handle                = "x509-80e92572"
      [32m+[0m[0m id                    = (known after apply)
      [32m+[0m[0m issuer                = (known after apply)
      [32m+[0m[0m managedbyresourceid   = (known after apply)
      [32m+[0m[0m managedbyresourcetype = (known after apply)
      [32m+[0m[0m maxversions           = (known after apply)
      [32m+[0m[0m name                  = "TF E2E X509 Cert 80e92572"
      [32m+[0m[0m organisation          = (known after apply)
      [32m+[0m[0m subject               = (known after apply)
    }

[1m  # bahriya_yaml_config.main[0m will be created
[0m  [32m+[0m[0m resource "bahriya_yaml_config" "main" {
      [32m+[0m[0m billable              = (known after apply)
      [32m+[0m[0m content               = <<-EOT
            service:
              name: e2e-80e92572
              replicas: 1
              features:
                - alpha
                - beta
        EOT
      [32m+[0m[0m currentversion        = (known after apply)
      [32m+[0m[0m handle                = "yaml-80e92572"
      [32m+[0m[0m id                    = (known after apply)
      [32m+[0m[0m managedbyresourceid   = (known after apply)
      [32m+[0m[0m managedbyresourcetype = (known after apply)
      [32m+[0m[0m maxversions           = (known after apply)
      [32m+[0m[0m name                  = "TF E2E YAML Config 80e92572"
      [32m+[0m[0m organisation          = (known after apply)
    }

[1mPlan:[0m [0m32 to add, 0 to change, 0 to destroy.

Changes to Outputs:
  [32m+[0m[0m active_regions          = [
      [32m+[0m[0m "falkenstein-1",
      [32m+[0m[0m "helsinki-1",
      [32m+[0m[0m "virginia-1",
      [32m+[0m[0m "singapore-1",
    ]
  [32m+[0m[0m cron_container_status   = (known after apply)
  [32m+[0m[0m memcached_id            = (known after apply)
  [32m+[0m[0m memcached_status        = (known after apply)
  [32m+[0m[0m network_policy_id       = (known after apply)
  [32m+[0m[0m project_id              = (known after apply)
  [32m+[0m[0m registry_id             = (known after apply)
  [32m+[0m[0m secret_id               = (known after apply)
  [32m+[0m[0m suffix                  = "80e92572"
  [32m+[0m[0m web_container_id        = (known after apply)
  [32m+[0m[0m web_container_status    = (known after apply)
  [32m+[0m[0m worker_container_status = (known after apply)
[0m[1mbahriya_tls_bundle.main: Creating...[0m[0m
[0m[1mbahriya_ssh_keypair.main: Creating...[0m[0m
[0m[1mbahriya_env_file.main: Creating...[0m[0m
[0m[1mbahriya_json_config.main: Creating...[0m[0m
[0m[1mbahriya_project.peer: Creating...[0m[0m
[0m[1mbahriya_registry.main: Creating...[0m[0m
[0m[1mbahriya_project.e2e: Creating...[0m[0m
[0m[1mbahriya_plain_config.main: Creating...[0m[0m
[0m[1mbahriya_x509_cert.main: Creating...[0m[0m
[0m[1mbahriya_gpg_keypair.main: Creating...[0m[0m
[0m[1mbahriya_gpg_keypair.main: Creation complete after 1s [id=8de0c00c-80bf-4257-9c89-f0e82e577826][0m
[0m[1mbahriya_secret.main: Creating...[0m[0m
[0m[1mbahriya_registry.main: Creation complete after 1s [id=e8cdb429-4ad1-4b0d-a44f-ac243d4258cd][0m
[0m[1mbahriya_yaml_config.main: Creating...[0m[0m
[0m[1mbahriya_json_config.main: Creation complete after 2s [id=219d6faa-2d61-477a-ac80-aec6a1b76f52][0m
[0m[1mbahriya_project.peer: Creation complete after 2s [id=7a74788c-67b0-4ad1-be1f-18e8c5830c2a][0m
[0m[1mbahriya_encryption_key.main: Creating...[0m[0m
[0m[1mbahriya_network_policy.main: Creating...[0m[0m
[0m[1mbahriya_plain_config.main: Creation complete after 2s [id=2645611a-29c1-41b6-840e-33bfea821ba9][0m
[0m[1mbahriya_env_file.main: Creation complete after 2s [id=9948cb74-00ac-4a2e-b6f5-900c0ff0cea0][0m
[0m[1mbahriya_ssh_keypair.main: Creation complete after 2s [id=acb0e695-c003-4fcb-81fc-7be3a4481ebc][0m
[0m[1mbahriya_tls_bundle.main: Creation complete after 2s [id=6d96871e-2bf4-4996-82fb-ff64e81356c6][0m
[0m[1mbahriya_x509_cert.main: Creation complete after 2s [id=cc03aaef-339e-4eea-a2c4-2f45f420bd79][0m
[0m[1mbahriya_project.e2e: Creation complete after 2s [id=3e27a171-0684-42db-95a8-94478977597e][0m
[0m[1mbahriya_project_ssh_keypair_attachment.main: Creating...[0m[0m
[0m[1mbahriya_project_plain_config_attachment.main: Creating...[0m[0m
[0m[1mbahriya_project_json_config_attachment.main: Creating...[0m[0m
[0m[1mbahriya_project_gpg_keypair_attachment.main: Creating...[0m[0m
[0m[1mbahriya_project_x509_cert_attachment.main: Creating...[0m[0m
[0m[1mbahriya_container.cron: Creating...[0m[0m
[0m[1mbahriya_project_gpg_keypair_attachment.main: Creation complete after 0s [id=3e27a171-0684-42db-95a8-94478977597e:gpg-80e92572][0m
[0m[1mbahriya_project_plain_config_attachment.main: Creation complete after 0s [id=3e27a171-0684-42db-95a8-94478977597e:plain-80e92572][0m
[0m[1mbahriya_project_ssh_keypair_attachment.main: Creation complete after 0s [id=3e27a171-0684-42db-95a8-94478977597e:ssh-80e92572][0m
[0m[1mbahriya_project_json_config_attachment.main: Creation complete after 0s [id=3e27a171-0684-42db-95a8-94478977597e:json-80e92572][0m
[0m[1mbahriya_project_x509_cert_attachment.main: Creation complete after 0s [id=3e27a171-0684-42db-95a8-94478977597e:x509-80e92572][0m
[0m[1mbahriya_project_env_file_attachment.main: Creating...[0m[0m
[0m[1mbahriya_memcached.cache: Creating...[0m[0m
[0m[1mbahriya_project_registry_attachment.main: Creating...[0m[0m
[0m[1mbahriya_project_tls_bundle_attachment.main: Creating...[0m[0m
[0m[1mbahriya_secret.main: Creation complete after 2s [id=b7955c1a-ab0e-46cf-89b2-1eae8e6dbf5d][0m
[0m[1mbahriya_project_secret_attachment.main: Creating...[0m[0m
[0m[1mbahriya_yaml_config.main: Creation complete after 1s [id=7b39b8fa-ef22-4dee-94f1-1ee84cf2bdba][0m
[0m[1mbahriya_project_yaml_config_attachment.main: Creating...[0m[0m
[0m[1mbahriya_encryption_key.main: Creation complete after 1s [id=132d0e0c-bce5-48b6-99d8-a899ed2c8513][0m
[0m[1mbahriya_project_encryption_key_attachment.main: Creating...[0m[0m
[0m[1mbahriya_project_registry_attachment.main: Creation complete after 1s [id=3e27a171-0684-42db-95a8-94478977597e:reg-80e92572][0m
[0m[1mbahriya_project_tls_bundle_attachment.main: Creation complete after 1s [id=3e27a171-0684-42db-95a8-94478977597e:tls-80e92572][0m
[0m[1mbahriya_network_policy.main: Creation complete after 1s [id=1469ab32-abad-4282-9078-933ada724a4c][0m
[0m[1mbahriya_project_network_policy_attachment.main: Creating...[0m[0m
[0m[1mbahriya_project_env_file_attachment.main: Creation complete after 1s [id=3e27a171-0684-42db-95a8-94478977597e:env-80e92572][0m
[0m[1mbahriya_project_secret_attachment.main: Creation complete after 0s [id=3e27a171-0684-42db-95a8-94478977597e:sec-80e92572][0m
[0m[1mbahriya_project_yaml_config_attachment.main: Creation complete after 0s [id=3e27a171-0684-42db-95a8-94478977597e:yaml-80e92572][0m
[0m[1mbahriya_container.worker: Creating...[0m[0m
[0m[1mbahriya_project_encryption_key_attachment.main: Creation complete after 0s [id=3e27a171-0684-42db-95a8-94478977597e:enc-80e92572][0m
[0m[1mbahriya_project_network_policy_attachment.main: Creation complete after 0s [id=3e27a171-0684-42db-95a8-94478977597e:netpol-80e92572][0m
[0m[1mbahriya_container.web: Creating...[0m[0m
[0m[1mbahriya_container.cron: Still creating... [00m10s elapsed][0m[0m
[0m[1mbahriya_memcached.cache: Still creating... [00m10s elapsed][0m[0m
[0m[1mbahriya_container.worker: Still creating... [00m10s elapsed][0m[0m
[0m[1mbahriya_container.web: Still creating... [00m10s elapsed][0m[0m
[0m[1mbahriya_container.cron: Still creating... [00m20s elapsed][0m[0m
[0m[1mbahriya_memcached.cache: Still creating... [00m20s elapsed][0m[0m
[0m[1mbahriya_container.worker: Still creating... [00m20s elapsed][0m[0m
[0m[1mbahriya_container.web: Still creating... [00m20s elapsed][0m[0m
[0m[1mbahriya_container.cron: Still creating... [00m30s elapsed][0m[0m
[0m[1mbahriya_memcached.cache: Still creating... [00m30s elapsed][0m[0m
[0m[1mbahriya_container.worker: Still creating... [00m30s elapsed][0m[0m
[0m[1mbahriya_container.web: Still creating... [00m30s elapsed][0m[0m
[0m[1mbahriya_container.cron: Still creating... [00m40s elapsed][0m[0m
[0m[1mbahriya_memcached.cache: Still creating... [00m40s elapsed][0m[0m
[0m[1mbahriya_container.worker: Still creating... [00m40s elapsed][0m[0m
[0m[1mbahriya_container.web: Still creating... [00m40s elapsed][0m[0m
[0m[1mbahriya_container.cron: Still creating... [00m50s elapsed][0m[0m
[0m[1mbahriya_memcached.cache: Still creating... [00m50s elapsed][0m[0m
[0m[1mbahriya_container.worker: Still creating... [00m50s elapsed][0m[0m
[0m[1mbahriya_container.web: Still creating... [00m50s elapsed][0m[0m
[0m[1mbahriya_container.cron: Still creating... [01m00s elapsed][0m[0m
[0m[1mbahriya_memcached.cache: Still creating... [01m00s elapsed][0m[0m
[0m[1mbahriya_container.worker: Still creating... [01m00s elapsed][0m[0m
[0m[1mbahriya_container.web: Still creating... [01m00s elapsed][0m[0m
[0m[1mbahriya_container.cron: Still creating... [01m10s elapsed][0m[0m
[0m[1mbahriya_memcached.cache: Still creating... [01m10s elapsed][0m[0m
[0m[1mbahriya_container.worker: Still creating... [01m10s elapsed][0m[0m
[0m[1mbahriya_container.web: Still creating... [01m10s elapsed][0m[0m
[0m[1mbahriya_container.cron: Still creating... [01m20s elapsed][0m[0m
[0m[1mbahriya_memcached.cache: Still creating... [01m20s elapsed][0m[0m
[0m[1mbahriya_container.worker: Still creating... [01m20s elapsed][0m[0m
[0m[1mbahriya_container.web: Still creating... [01m20s elapsed][0m[0m
[0m[1mbahriya_container.cron: Still creating... [01m30s elapsed][0m[0m
[0m[1mbahriya_memcached.cache: Still creating... [01m30s elapsed][0m[0m
[0m[1mbahriya_container.worker: Still creating... [01m30s elapsed][0m[0m
[0m[1mbahriya_container.web: Still creating... [01m30s elapsed][0m[0m
[0m[1mbahriya_container.cron: Still creating... [01m40s elapsed][0m[0m
[0m[1mbahriya_memcached.cache: Still creating... [01m40s elapsed][0m[0m
[0m[1mbahriya_container.worker: Still creating... [01m40s elapsed][0m[0m
[0m[1mbahriya_container.web: Still creating... [01m40s elapsed][0m[0m
[0m[1mbahriya_container.cron: Still creating... [01m50s elapsed][0m[0m
[0m[1mbahriya_memcached.cache: Still creating... [01m50s elapsed][0m[0m
[0m[1mbahriya_container.worker: Still creating... [01m50s elapsed][0m[0m
[0m[1mbahriya_container.web: Still creating... [01m50s elapsed][0m[0m
[0m[1mbahriya_container.cron: Still creating... [02m00s elapsed][0m[0m
[0m[1mbahriya_memcached.cache: Still creating... [02m00s elapsed][0m[0m
[0m[1mbahriya_container.worker: Still creating... [02m00s elapsed][0m[0m
[0m[1mbahriya_container.web: Still creating... [02m00s elapsed][0m[0m
[0m[1mbahriya_container.cron: Still creating... [02m10s elapsed][0m[0m
[0m[1mbahriya_memcached.cache: Still creating... [02m10s elapsed][0m[0m
[0m[1mbahriya_container.worker: Still creating... [02m10s elapsed][0m[0m
[0m[1mbahriya_container.web: Still creating... [02m10s elapsed][0m[0m
[0m[1mbahriya_container.cron: Still creating... [02m20s elapsed][0m[0m
[0m[1mbahriya_memcached.cache: Still creating... [02m20s elapsed][0m[0m
[0m[1mbahriya_container.worker: Still creating... [02m20s elapsed][0m[0m
[0m[1mbahriya_container.web: Still creating... [02m20s elapsed][0m[0m
[0m[1mbahriya_container.cron: Still creating... [02m30s elapsed][0m[0m
[0m[1mbahriya_memcached.cache: Still creating... [02m30s elapsed][0m[0m
[0m[1mbahriya_container.worker: Still creating... [02m30s elapsed][0m[0m
[0m[1mbahriya_container.web: Still creating... [02m30s elapsed][0m[0m
[0m[1mbahriya_container.cron: Still creating... [02m40s elapsed][0m[0m
[0m[1mbahriya_memcached.cache: Still creating... [02m40s elapsed][0m[0m
[0m[1mbahriya_container.worker: Still creating... [02m40s elapsed][0m[0m
[0m[1mbahriya_container.web: Still creating... [02m40s elapsed][0m[0m
[0m[1mbahriya_container.cron: Still creating... [02m50s elapsed][0m[0m
[0m[1mbahriya_memcached.cache: Still creating... [02m50s elapsed][0m[0m
[0m[1mbahriya_container.worker: Still creating... [02m50s elapsed][0m[0m
[0m[1mbahriya_container.web: Still creating... [02m50s elapsed][0m[0m
[0m[1mbahriya_container.cron: Still creating... [03m00s elapsed][0m[0m
[0m[1mbahriya_memcached.cache: Still creating... [03m00s elapsed][0m[0m
[0m[1mbahriya_container.worker: Still creating... [03m00s elapsed][0m[0m
[0m[1mbahriya_container.web: Still creating... [03m00s elapsed][0m[0m
[0m[1mbahriya_container.cron: Still creating... [03m10s elapsed][0m[0m
[0m[1mbahriya_memcached.cache: Still creating... [03m10s elapsed][0m[0m
[0m[1mbahriya_container.worker: Still creating... [03m10s elapsed][0m[0m
[0m[1mbahriya_container.web: Still creating... [03m10s elapsed][0m[0m
[0m[1mbahriya_container.cron: Still creating... [03m20s elapsed][0m[0m
[0m[1mbahriya_memcached.cache: Still creating... [03m20s elapsed][0m[0m
[0m[1mbahriya_container.worker: Still creating... [03m20s elapsed][0m[0m
[0m[1mbahriya_container.web: Still creating... [03m20s elapsed][0m[0m
[0m[1mbahriya_container.cron: Still creating... [03m30s elapsed][0m[0m
[0m[1mbahriya_memcached.cache: Still creating... [03m30s elapsed][0m[0m
[0m[1mbahriya_container.worker: Still creating... [03m30s elapsed][0m[0m
[0m[1mbahriya_container.web: Still creating... [03m30s elapsed][0m[0m
[0m[1mbahriya_container.cron: Still creating... [03m40s elapsed][0m[0m
[0m[1mbahriya_memcached.cache: Still creating... [03m40s elapsed][0m[0m
[0m[1mbahriya_container.worker: Still creating... [03m40s elapsed][0m[0m
[0m[1mbahriya_container.web: Still creating... [03m40s elapsed][0m[0m
[0m[1mbahriya_container.cron: Still creating... [03m50s elapsed][0m[0m
[0m[1mbahriya_memcached.cache: Still creating... [03m50s elapsed][0m[0m
[0m[1mbahriya_container.worker: Still creating... [03m50s elapsed][0m[0m
[0m[1mbahriya_container.web: Still creating... [03m50s elapsed][0m[0m
[0m[1mbahriya_container.cron: Still creating... [04m00s elapsed][0m[0m
[0m[1mbahriya_memcached.cache: Still creating... [04m00s elapsed][0m[0m
[0m[1mbahriya_container.worker: Still creating... [04m00s elapsed][0m[0m
[0m[1mbahriya_container.web: Still creating... [04m00s elapsed][0m[0m
[0m[1mbahriya_container.cron: Still creating... [04m10s elapsed][0m[0m
[0m[1mbahriya_memcached.cache: Still creating... [04m10s elapsed][0m[0m
[0m[1mbahriya_container.worker: Still creating... [04m10s elapsed][0m[0m
[0m[1mbahriya_container.web: Still creating... [04m10s elapsed][0m[0m
[0m[1mbahriya_container.cron: Still creating... [04m20s elapsed][0m[0m
[0m[1mbahriya_memcached.cache: Still creating... [04m21s elapsed][0m[0m
[0m[1mbahriya_container.worker: Still creating... [04m20s elapsed][0m[0m
[0m[1mbahriya_container.web: Still creating... [04m20s elapsed][0m[0m
[0m[1mbahriya_container.cron: Still creating... [04m30s elapsed][0m[0m
[0m[1mbahriya_memcached.cache: Still creating... [04m31s elapsed][0m[0m
[0m[1mbahriya_container.worker: Still creating... [04m30s elapsed][0m[0m
[0m[1mbahriya_container.web: Still creating... [04m30s elapsed][0m[0m
[0m[1mbahriya_container.cron: Still creating... [04m40s elapsed][0m[0m
[0m[1mbahriya_memcached.cache: Still creating... [04m41s elapsed][0m[0m
[0m[1mbahriya_container.worker: Still creating... [04m40s elapsed][0m[0m
[0m[1mbahriya_container.web: Still creating... [04m40s elapsed][0m[0m
[0m[1mbahriya_container.cron: Still creating... [04m50s elapsed][0m[0m
[0m[1mbahriya_memcached.cache: Still creating... [04m51s elapsed][0m[0m
[0m[1mbahriya_container.worker: Still creating... [04m50s elapsed][0m[0m
[0m[1mbahriya_container.web: Still creating... [04m50s elapsed][0m[0m
[0m[1mbahriya_container.cron: Still creating... [05m00s elapsed][0m[0m
[0m[1mbahriya_memcached.cache: Still creating... [05m01s elapsed][0m[0m
[0m[1mbahriya_container.worker: Still creating... [05m00s elapsed][0m[0m
[0m[1mbahriya_container.web: Still creating... [05m00s elapsed][0m[0m
[0m[1mbahriya_container.cron: Still creating... [05m10s elapsed][0m[0m
[0m[1mbahriya_memcached.cache: Still creating... [05m11s elapsed][0m[0m
[0m[1mbahriya_container.worker: Still creating... [05m10s elapsed][0m[0m
[0m[1mbahriya_container.web: Still creating... [05m10s elapsed][0m[0m
[0m[1mbahriya_container.cron: Still creating... [05m20s elapsed][0m[0m
[0m[1mbahriya_memcached.cache: Still creating... [05m21s elapsed][0m[0m
[0m[1mbahriya_container.worker: Still creating... [05m20s elapsed][0m[0m
[0m[1mbahriya_container.web: Still creating... [05m20s elapsed][0m[0m
[0m[1mbahriya_container.cron: Still creating... [05m30s elapsed][0m[0m
[0m[1mbahriya_memcached.cache: Still creating... [05m31s elapsed][0m[0m
[0m[1mbahriya_container.worker: Still creating... [05m30s elapsed][0m[0m
[0m[1mbahriya_container.web: Still creating... [05m30s elapsed][0m[0m
[0m[1mbahriya_container.cron: Still creating... [05m40s elapsed][0m[0m
[0m[1mbahriya_memcached.cache: Still creating... [05m41s elapsed][0m[0m
[0m[1mbahriya_container.worker: Still creating... [05m40s elapsed][0m[0m
[0m[1mbahriya_container.web: Still creating... [05m40s elapsed][0m[0m
[0m[1mbahriya_container.cron: Still creating... [05m50s elapsed][0m[0m
[0m[1mbahriya_memcached.cache: Still creating... [05m51s elapsed][0m[0m
[0m[1mbahriya_container.worker: Still creating... [05m50s elapsed][0m[0m
[0m[1mbahriya_container.web: Still creating... [05m50s elapsed][0m[0m
[0m[1mbahriya_container.cron: Still creating... [06m00s elapsed][0m[0m
[0m[1mbahriya_memcached.cache: Still creating... [06m01s elapsed][0m[0m
[0m[1mbahriya_container.worker: Still creating... [06m00s elapsed][0m[0m
[0m[1mbahriya_container.web: Still creating... [06m00s elapsed][0m[0m
[0m[1mbahriya_container.cron: Still creating... [06m10s elapsed][0m[0m
[0m[1mbahriya_memcached.cache: Still creating... [06m11s elapsed][0m[0m
[0m[1mbahriya_container.worker: Still creating... [06m10s elapsed][0m[0m
[0m[1mbahriya_container.web: Still creating... [06m10s elapsed][0m[0m
[0m[1mbahriya_container.cron: Still creating... [06m20s elapsed][0m[0m
[0m[1mbahriya_memcached.cache: Still creating... [06m21s elapsed][0m[0m
[0m[1mbahriya_container.worker: Still creating... [06m20s elapsed][0m[0m
[0m[1mbahriya_container.web: Still creating... [06m20s elapsed][0m[0m
[0m[1mbahriya_container.cron: Still creating... [06m30s elapsed][0m[0m
[0m[1mbahriya_memcached.cache: Still creating... [06m31s elapsed][0m[0m
[0m[1mbahriya_container.worker: Still creating... [06m30s elapsed][0m[0m
[0m[1mbahriya_container.web: Still creating... [06m30s elapsed][0m[0m
[0m[1mbahriya_container.cron: Still creating... [06m40s elapsed][0m[0m
[0m[1mbahriya_memcached.cache: Still creating... [06m41s elapsed][0m[0m
[0m[1mbahriya_container.worker: Still creating... [06m40s elapsed][0m[0m
[0m[1mbahriya_container.web: Still creating... [06m40s elapsed][0m[0m
[0m[1mbahriya_container.cron: Still creating... [06m50s elapsed][0m[0m
[0m[1mbahriya_memcached.cache: Still creating... [06m51s elapsed][0m[0m
[0m[1mbahriya_container.worker: Still creating... [06m50s elapsed][0m[0m
[0m[1mbahriya_container.web: Still creating... [06m50s elapsed][0m[0m
[0m[1mbahriya_container.cron: Still creating... [07m00s elapsed][0m[0m
[0m[1mbahriya_memcached.cache: Still creating... [07m01s elapsed][0m[0m
[0m[1mbahriya_container.worker: Still creating... [07m00s elapsed][0m[0m
[0m[1mbahriya_container.web: Still creating... [07m00s elapsed][0m[0m
[0m[1mbahriya_container.cron: Still creating... [07m10s elapsed][0m[0m
[0m[1mbahriya_memcached.cache: Still creating... [07m11s elapsed][0m[0m
[0m[1mbahriya_container.worker: Still creating... [07m10s elapsed][0m[0m
[0m[1mbahriya_container.web: Still creating... [07m10s elapsed][0m[0m
[0m[1mbahriya_container.cron: Still creating... [07m20s elapsed][0m[0m
[0m[1mbahriya_memcached.cache: Still creating... [07m21s elapsed][0m[0m
[0m[1mbahriya_container.worker: Still creating... [07m20s elapsed][0m[0m
[0m[1mbahriya_container.web: Still creating... [07m20s elapsed][0m[0m
[0m[1mbahriya_container.cron: Still creating... [07m30s elapsed][0m[0m
[0m[1mbahriya_memcached.cache: Still creating... [07m31s elapsed][0m[0m
[0m[1mbahriya_container.worker: Still creating... [07m30s elapsed][0m[0m
[0m[1mbahriya_container.web: Still creating... [07m30s elapsed][0m[0m
[0m[1mbahriya_container.cron: Still creating... [07m40s elapsed][0m[0m
[0m[1mbahriya_memcached.cache: Still creating... [07m41s elapsed][0m[0m
[0m[1mbahriya_container.worker: Still creating... [07m40s elapsed][0m[0m
[0m[1mbahriya_container.web: Still creating... [07m40s elapsed][0m[0m
[0m[1mbahriya_container.cron: Still creating... [07m50s elapsed][0m[0m
[0m[1mbahriya_memcached.cache: Still creating... [07m51s elapsed][0m[0m
[0m[1mbahriya_container.worker: Still creating... [07m50s elapsed][0m[0m
[0m[1mbahriya_container.web: Still creating... [07m50s elapsed][0m[0m
[0m[1mbahriya_container.cron: Still creating... [08m00s elapsed][0m[0m
[0m[1mbahriya_memcached.cache: Still creating... [08m01s elapsed][0m[0m
[0m[1mbahriya_container.worker: Still creating... [08m00s elapsed][0m[0m
[0m[1mbahriya_container.web: Still creating... [08m00s elapsed][0m[0m
[0m[1mbahriya_container.cron: Still creating... [08m10s elapsed][0m[0m
[0m[1mbahriya_memcached.cache: Still creating... [08m11s elapsed][0m[0m
[0m[1mbahriya_container.worker: Still creating... [08m10s elapsed][0m[0m
[0m[1mbahriya_container.web: Still creating... [08m10s elapsed][0m[0m
[0m[1mbahriya_container.cron: Still creating... [08m20s elapsed][0m[0m
[0m[1mbahriya_memcached.cache: Still creating... [08m21s elapsed][0m[0m
[0m[1mbahriya_container.worker: Still creating... [08m20s elapsed][0m[0m
[0m[1mbahriya_container.web: Still creating... [08m20s elapsed][0m[0m
[0m[1mbahriya_container.cron: Still creating... [08m30s elapsed][0m[0m
[0m[1mbahriya_memcached.cache: Still creating... [08m31s elapsed][0m[0m
[0m[1mbahriya_container.worker: Still creating... [08m30s elapsed][0m[0m
[0m[1mbahriya_container.web: Still creating... [08m30s elapsed][0m[0m
[0m[1mbahriya_container.cron: Still creating... [08m40s elapsed][0m[0m
[0m[1mbahriya_memcached.cache: Still creating... [08m41s elapsed][0m[0m
[0m[1mbahriya_container.worker: Still creating... [08m40s elapsed][0m[0m
[0m[1mbahriya_container.web: Still creating... [08m40s elapsed][0m[0m
[0m[1mbahriya_container.cron: Still creating... [08m50s elapsed][0m[0m
[0m[1mbahriya_memcached.cache: Still creating... [08m51s elapsed][0m[0m
[0m[1mbahriya_container.worker: Still creating... [08m50s elapsed][0m[0m
[0m[1mbahriya_container.web: Still creating... [08m50s elapsed][0m[0m
[0m[1mbahriya_container.cron: Still creating... [09m00s elapsed][0m[0m
[0m[1mbahriya_memcached.cache: Still creating... [09m01s elapsed][0m[0m
[0m[1mbahriya_container.worker: Still creating... [09m00s elapsed][0m[0m
[0m[1mbahriya_container.web: Still creating... [09m00s elapsed][0m[0m
[0m[1mbahriya_container.cron: Still creating... [09m10s elapsed][0m[0m
[0m[1mbahriya_memcached.cache: Still creating... [09m11s elapsed][0m[0m
[0m[1mbahriya_container.worker: Still creating... [09m10s elapsed][0m[0m
[0m[1mbahriya_container.web: Still creating... [09m10s elapsed][0m[0m
[0m[1mbahriya_container.cron: Still creating... [09m20s elapsed][0m[0m
[0m[1mbahriya_memcached.cache: Still creating... [09m21s elapsed][0m[0m
[0m[1mbahriya_container.worker: Still creating... [09m20s elapsed][0m[0m
[0m[1mbahriya_container.web: Still creating... [09m20s elapsed][0m[0m
[0m[1mbahriya_container.cron: Still creating... [09m30s elapsed][0m[0m
[0m[1mbahriya_memcached.cache: Still creating... [09m31s elapsed][0m[0m
[0m[1mbahriya_container.worker: Still creating... [09m30s elapsed][0m[0m
[0m[1mbahriya_container.web: Still creating... [09m30s elapsed][0m[0m
[0m[1mbahriya_container.cron: Still creating... [09m40s elapsed][0m[0m
[0m[1mbahriya_memcached.cache: Still creating... [09m41s elapsed][0m[0m
[0m[1mbahriya_container.worker: Still creating... [09m40s elapsed][0m[0m
[0m[1mbahriya_container.web: Still creating... [09m40s elapsed][0m[0m
[0m[1mbahriya_container.cron: Still creating... [09m50s elapsed][0m[0m
[0m[1mbahriya_memcached.cache: Still creating... [09m51s elapsed][0m[0m
[0m[1mbahriya_container.worker: Still creating... [09m50s elapsed][0m[0m
[0m[1mbahriya_container.web: Still creating... [09m50s elapsed][0m[0m
[0m[1mbahriya_container.cron: Still creating... [10m00s elapsed][0m[0m
[0m[1mbahriya_memcached.cache: Still creating... [10m01s elapsed][0m[0m
[0m[1mbahriya_container.worker: Still creating... [10m00s elapsed][0m[0m
[0m[1mbahriya_container.web: Still creating... [10m00s elapsed][0m[0m
[0m[1mbahriya_container.cron: Still creating... [10m10s elapsed][0m[0m
[0m[1mbahriya_memcached.cache: Still creating... [10m11s elapsed][0m[0m
[0m[1mbahriya_container.worker: Still creating... [10m10s elapsed][0m[0m
[0m[1mbahriya_container.web: Still creating... [10m10s elapsed][0m[0m
[0m[1mbahriya_container.cron: Still creating... [10m20s elapsed][0m[0m
[0m[1mbahriya_memcached.cache: Still creating... [10m21s elapsed][0m[0m
[0m[1mbahriya_container.worker: Still creating... [10m20s elapsed][0m[0m
[0m[1mbahriya_container.web: Still creating... [10m20s elapsed][0m[0m
[0m[1mbahriya_container.cron: Still creating... [10m30s elapsed][0m[0m
[0m[1mbahriya_memcached.cache: Still creating... [10m31s elapsed][0m[0m
[0m[1mbahriya_container.worker: Still creating... [10m30s elapsed][0m[0m
[0m[1mbahriya_container.web: Still creating... [10m30s elapsed][0m[0m
[0m[1mbahriya_container.cron: Still creating... [10m40s elapsed][0m[0m
[0m[1mbahriya_memcached.cache: Still creating... [10m41s elapsed][0m[0m
[0m[1mbahriya_container.worker: Still creating... [10m40s elapsed][0m[0m
[0m[1mbahriya_container.web: Still creating... [10m40s elapsed][0m[0m
[0m[1mbahriya_container.cron: Still creating... [10m50s elapsed][0m[0m
[0m[1mbahriya_memcached.cache: Still creating... [10m51s elapsed][0m[0m
[0m[1mbahriya_container.worker: Still creating... [10m50s elapsed][0m[0m
[0m[1mbahriya_container.web: Still creating... [10m50s elapsed][0m[0m
[0m[1mbahriya_container.cron: Still creating... [11m00s elapsed][0m[0m
[0m[1mbahriya_memcached.cache: Still creating... [11m01s elapsed][0m[0m
[0m[1mbahriya_container.worker: Still creating... [11m00s elapsed][0m[0m
[0m[1mbahriya_container.web: Still creating... [11m00s elapsed][0m[0m
[0m[1mbahriya_container.cron: Still creating... [11m10s elapsed][0m[0m
[0m[1mbahriya_memcached.cache: Still creating... [11m11s elapsed][0m[0m
[0m[1mbahriya_container.worker: Still creating... [11m10s elapsed][0m[0m
[0m[1mbahriya_container.web: Still creating... [11m10s elapsed][0m[0m
[0m[1mbahriya_container.cron: Still creating... [11m20s elapsed][0m[0m
[0m[1mbahriya_memcached.cache: Still creating... [11m21s elapsed][0m[0m
[0m[1mbahriya_container.worker: Still creating... [11m20s elapsed][0m[0m
[0m[1mbahriya_container.web: Still creating... [11m20s elapsed][0m[0m
[0m[1mbahriya_container.cron: Still creating... [11m30s elapsed][0m[0m
[0m[1mbahriya_memcached.cache: Still creating... [11m31s elapsed][0m[0m
[0m[1mbahriya_container.worker: Still creating... [11m30s elapsed][0m[0m
[0m[1mbahriya_container.web: Still creating... [11m30s elapsed][0m[0m
[0m[1mbahriya_container.cron: Still creating... [11m40s elapsed][0m[0m
[0m[1mbahriya_memcached.cache: Still creating... [11m41s elapsed][0m[0m
[0m[1mbahriya_container.worker: Still creating... [11m40s elapsed][0m[0m
[0m[1mbahriya_container.web: Still creating... [11m40s elapsed][0m[0m
[0m[1mbahriya_container.cron: Still creating... [11m50s elapsed][0m[0m
[0m[1mbahriya_memcached.cache: Still creating... [11m51s elapsed][0m[0m
[0m[1mbahriya_container.worker: Still creating... [11m50s elapsed][0m[0m
[0m[1mbahriya_container.web: Still creating... [11m50s elapsed][0m[0m
[0m[1mbahriya_container.cron: Still creating... [12m00s elapsed][0m[0m
[0m[1mbahriya_memcached.cache: Still creating... [12m01s elapsed][0m[0m
[0m[1mbahriya_container.worker: Still creating... [12m00s elapsed][0m[0m
[0m[1mbahriya_container.web: Still creating... [12m00s elapsed][0m[0m
[0m[1mbahriya_container.cron: Still creating... [12m10s elapsed][0m[0m
[0m[1mbahriya_memcached.cache: Still creating... [12m11s elapsed][0m[0m
[0m[1mbahriya_container.worker: Still creating... [12m10s elapsed][0m[0m
[0m[1mbahriya_container.web: Still creating... [12m10s elapsed][0m[0m
[0m[1mbahriya_container.cron: Still creating... [12m20s elapsed][0m[0m
[0m[1mbahriya_memcached.cache: Still creating... [12m21s elapsed][0m[0m
[0m[1mbahriya_container.worker: Still creating... [12m20s elapsed][0m[0m
[0m[1mbahriya_container.web: Still creating... [12m20s elapsed][0m[0m
[0m[1mbahriya_container.cron: Still creating... [12m30s elapsed][0m[0m
[0m[1mbahriya_memcached.cache: Still creating... [12m31s elapsed][0m[0m
[0m[1mbahriya_container.worker: Still creating... [12m30s elapsed][0m[0m
[0m[1mbahriya_container.web: Still creating... [12m30s elapsed][0m[0m
[0m[1mbahriya_container.cron: Still creating... [12m40s elapsed][0m[0m
[0m[1mbahriya_memcached.cache: Still creating... [12m41s elapsed][0m[0m
[0m[1mbahriya_container.worker: Still creating... [12m40s elapsed][0m[0m
[0m[1mbahriya_container.web: Still creating... [12m40s elapsed][0m[0m
[0m[1mbahriya_container.cron: Still creating... [12m50s elapsed][0m[0m
[0m[1mbahriya_memcached.cache: Still creating... [12m51s elapsed][0m[0m
[0m[1mbahriya_container.worker: Still creating... [12m50s elapsed][0m[0m
[0m[1mbahriya_container.web: Still creating... [12m51s elapsed][0m[0m
[0m[1mbahriya_container.cron: Still creating... [13m00s elapsed][0m[0m
[0m[1mbahriya_memcached.cache: Still creating... [13m01s elapsed][0m[0m
[0m[1mbahriya_container.worker: Still creating... [13m00s elapsed][0m[0m
[0m[1mbahriya_container.web: Still creating... [13m01s elapsed][0m[0m
[0m[1mbahriya_container.cron: Still creating... [13m10s elapsed][0m[0m
[0m[1mbahriya_memcached.cache: Still creating... [13m11s elapsed][0m[0m
[0m[1mbahriya_container.worker: Still creating... [13m10s elapsed][0m[0m
[0m[1mbahriya_container.web: Still creating... [13m11s elapsed][0m[0m
[0m[1mbahriya_container.cron: Still creating... [13m20s elapsed][0m[0m
[0m[1mbahriya_memcached.cache: Still creating... [13m21s elapsed][0m[0m
[0m[1mbahriya_container.worker: Still creating... [13m20s elapsed][0m[0m
[0m[1mbahriya_container.web: Still creating... [13m21s elapsed][0m[0m
[0m[1mbahriya_container.cron: Still creating... [13m30s elapsed][0m[0m
[0m[1mbahriya_memcached.cache: Still creating... [13m31s elapsed][0m[0m
[0m[1mbahriya_container.worker: Still creating... [13m30s elapsed][0m[0m
[0m[1mbahriya_container.web: Still creating... [13m31s elapsed][0m[0m
[0m[1mbahriya_container.cron: Still creating... [13m40s elapsed][0m[0m
[0m[1mbahriya_memcached.cache: Still creating... [13m41s elapsed][0m[0m
[0m[1mbahriya_container.worker: Still creating... [13m40s elapsed][0m[0m
[0m[1mbahriya_container.web: Still creating... [13m41s elapsed][0m[0m
[0m[1mbahriya_container.cron: Still creating... [13m50s elapsed][0m[0m
[0m[1mbahriya_memcached.cache: Still creating... [13m51s elapsed][0m[0m
[0m[1mbahriya_container.worker: Still creating... [13m50s elapsed][0m[0m
[0m[1mbahriya_container.web: Still creating... [13m51s elapsed][0m[0m
[0m[1mbahriya_container.cron: Still creating... [14m00s elapsed][0m[0m
[0m[1mbahriya_memcached.cache: Still creating... [14m01s elapsed][0m[0m
[0m[1mbahriya_container.worker: Still creating... [14m00s elapsed][0m[0m
[0m[1mbahriya_container.web: Still creating... [14m01s elapsed][0m[0m
[0m[1mbahriya_container.cron: Still creating... [14m10s elapsed][0m[0m
[0m[1mbahriya_memcached.cache: Still creating... [14m11s elapsed][0m[0m
[0m[1mbahriya_container.worker: Still creating... [14m10s elapsed][0m[0m
[0m[1mbahriya_container.web: Still creating... [14m11s elapsed][0m[0m
[0m[1mbahriya_container.cron: Still creating... [14m20s elapsed][0m[0m
[0m[1mbahriya_memcached.cache: Still creating... [14m21s elapsed][0m[0m
[0m[1mbahriya_container.worker: Still creating... [14m20s elapsed][0m[0m
[0m[1mbahriya_container.web: Still creating... [14m21s elapsed][0m[0m
[0m[1mbahriya_container.cron: Still creating... [14m30s elapsed][0m[0m
[0m[1mbahriya_memcached.cache: Still creating... [14m31s elapsed][0m[0m
[0m[1mbahriya_container.worker: Still creating... [14m30s elapsed][0m[0m
[0m[1mbahriya_container.web: Still creating... [14m31s elapsed][0m[0m
[0m[1mbahriya_container.cron: Still creating... [14m40s elapsed][0m[0m
[0m[1mbahriya_memcached.cache: Still creating... [14m41s elapsed][0m[0m
[0m[1mbahriya_container.worker: Still creating... [14m40s elapsed][0m[0m
[0m[1mbahriya_container.web: Still creating... [14m41s elapsed][0m[0m
[0m[1mbahriya_container.cron: Still creating... [14m50s elapsed][0m[0m
[0m[1mbahriya_memcached.cache: Still creating... [14m51s elapsed][0m[0m
[0m[1mbahriya_container.worker: Still creating... [14m50s elapsed][0m[0m
[0m[1mbahriya_container.web: Still creating... [14m51s elapsed][0m[0m
[0m[1mbahriya_container.cron: Still creating... [15m00s elapsed][0m[0m
[0m[1mbahriya_memcached.cache: Still creating... [15m01s elapsed][0m[0m
[0m[1mbahriya_container.worker: Still creating... [15m00s elapsed][0m[0m
[0m[1mbahriya_container.web: Still creating... [15m01s elapsed][0m[0m
[0m[1mbahriya_container.cron: Still creating... [15m10s elapsed][0m[0m
[0m[1mbahriya_memcached.cache: Still creating... [15m11s elapsed][0m[0m
[0m[1mbahriya_container.worker: Still creating... [15m10s elapsed][0m[0m
[0m[1mbahriya_container.web: Still creating... [15m11s elapsed][0m[0m
[0m[1mbahriya_container.cron: Still creating... [15m20s elapsed][0m[0m
[0m[1mbahriya_memcached.cache: Still creating... [15m21s elapsed][0m[0m
[0m[1mbahriya_container.worker: Still creating... [15m20s elapsed][0m[0m
[0m[1mbahriya_container.web: Still creating... [15m21s elapsed][0m[0m
[0m[1mbahriya_container.cron: Still creating... [15m30s elapsed][0m[0m
[0m[1mbahriya_memcached.cache: Still creating... [15m31s elapsed][0m[0m
[0m[1mbahriya_container.worker: Still creating... [15m30s elapsed][0m[0m
[0m[1mbahriya_container.web: Still creating... [15m31s elapsed][0m[0m
[0m[1mbahriya_container.cron: Still creating... [15m40s elapsed][0m[0m
[0m[1mbahriya_memcached.cache: Still creating... [15m41s elapsed][0m[0m
[0m[1mbahriya_container.worker: Still creating... [15m40s elapsed][0m[0m
[0m[1mbahriya_container.web: Still creating... [15m41s elapsed][0m[0m
[0m[1mbahriya_container.cron: Still creating... [15m50s elapsed][0m[0m
[0m[1mbahriya_memcached.cache: Still creating... [15m51s elapsed][0m[0m
[0m[1mbahriya_container.worker: Still creating... [15m50s elapsed][0m[0m
[0m[1mbahriya_container.web: Still creating... [15m51s elapsed][0m[0m
[0m[1mbahriya_container.cron: Still creating... [16m00s elapsed][0m[0m
[0m[1mbahriya_memcached.cache: Still creating... [16m01s elapsed][0m[0m
[0m[1mbahriya_container.worker: Still creating... [16m00s elapsed][0m[0m
[0m[1mbahriya_container.web: Still creating... [16m01s elapsed][0m[0m
[0m[1mbahriya_container.cron: Still creating... [16m10s elapsed][0m[0m
[0m[1mbahriya_memcached.cache: Still creating... [16m11s elapsed][0m[0m
[0m[1mbahriya_container.worker: Still creating... [16m10s elapsed][0m[0m
[0m[1mbahriya_container.web: Still creating... [16m11s elapsed][0m[0m
[0m[1mbahriya_container.cron: Still creating... [16m20s elapsed][0m[0m
[0m[1mbahriya_memcached.cache: Still creating... [16m21s elapsed][0m[0m
[0m[1mbahriya_container.worker: Still creating... [16m20s elapsed][0m[0m
[0m[1mbahriya_container.web: Still creating... [16m21s elapsed][0m[0m
[0m[1mbahriya_container.cron: Still creating... [16m30s elapsed][0m[0m
[0m[1mbahriya_memcached.cache: Still creating... [16m31s elapsed][0m[0m
[0m[1mbahriya_container.worker: Still creating... [16m30s elapsed][0m[0m
[0m[1mbahriya_container.web: Still creating... [16m31s elapsed][0m[0m
[0m[1mbahriya_container.cron: Still creating... [16m40s elapsed][0m[0m
[0m[1mbahriya_memcached.cache: Still creating... [16m41s elapsed][0m[0m
[0m[1mbahriya_container.worker: Still creating... [16m40s elapsed][0m[0m
[0m[1mbahriya_container.web: Still creating... [16m41s elapsed][0m[0m
[0m[1mbahriya_container.cron: Still creating... [16m50s elapsed][0m[0m
[0m[1mbahriya_memcached.cache: Still creating... [16m51s elapsed][0m[0m
[0m[1mbahriya_container.worker: Still creating... [16m50s elapsed][0m[0m
[0m[1mbahriya_container.web: Still creating... [16m51s elapsed][0m[0m
[0m[1mbahriya_container.cron: Still creating... [17m00s elapsed][0m[0m
[0m[1mbahriya_memcached.cache: Still creating... [17m01s elapsed][0m[0m
[0m[1mbahriya_container.worker: Still creating... [17m00s elapsed][0m[0m
[0m[1mbahriya_container.web: Still creating... [17m01s elapsed][0m[0m
[0m[1mbahriya_container.cron: Still creating... [17m10s elapsed][0m[0m
[0m[1mbahriya_memcached.cache: Still creating... [17m11s elapsed][0m[0m
[0m[1mbahriya_container.worker: Still creating... [17m10s elapsed][0m[0m
[0m[1mbahriya_container.web: Still creating... [17m11s elapsed][0m[0m
[0m[1mbahriya_container.cron: Still creating... [17m20s elapsed][0m[0m
[0m[1mbahriya_memcached.cache: Still creating... [17m21s elapsed][0m[0m
[0m[1mbahriya_container.worker: Still creating... [17m20s elapsed][0m[0m
[0m[1mbahriya_container.web: Still creating... [17m21s elapsed][0m[0m
[0m[1mbahriya_container.cron: Still creating... [17m30s elapsed][0m[0m
[0m[1mbahriya_memcached.cache: Still creating... [17m31s elapsed][0m[0m
[0m[1mbahriya_container.worker: Still creating... [17m30s elapsed][0m[0m
[0m[1mbahriya_container.web: Still creating... [17m31s elapsed][0m[0m
[0m[1mbahriya_container.cron: Still creating... [17m40s elapsed][0m[0m
[0m[1mbahriya_memcached.cache: Still creating... [17m41s elapsed][0m[0m
[0m[1mbahriya_container.worker: Still creating... [17m40s elapsed][0m[0m
[0m[1mbahriya_container.web: Still creating... [17m41s elapsed][0m[0m
[0m[1mbahriya_container.cron: Still creating... [17m50s elapsed][0m[0m
[0m[1mbahriya_memcached.cache: Still creating... [17m51s elapsed][0m[0m
[0m[1mbahriya_container.worker: Still creating... [17m50s elapsed][0m[0m
[0m[1mbahriya_container.web: Still creating... [17m51s elapsed][0m[0m
[0m[1mbahriya_container.cron: Still creating... [18m00s elapsed][0m[0m
[0m[1mbahriya_memcached.cache: Still creating... [18m01s elapsed][0m[0m
[0m[1mbahriya_container.worker: Still creating... [18m00s elapsed][0m[0m
[0m[1mbahriya_container.web: Still creating... [18m01s elapsed][0m[0m
[0m[1mbahriya_container.cron: Still creating... [18m10s elapsed][0m[0m
[0m[1mbahriya_memcached.cache: Still creating... [18m11s elapsed][0m[0m
[0m[1mbahriya_container.worker: Still creating... [18m10s elapsed][0m[0m
[0m[1mbahriya_container.web: Still creating... [18m11s elapsed][0m[0m
[0m[1mbahriya_container.cron: Still creating... [18m20s elapsed][0m[0m
[0m[1mbahriya_memcached.cache: Still creating... [18m21s elapsed][0m[0m
[0m[1mbahriya_container.worker: Still creating... [18m20s elapsed][0m[0m
[0m[1mbahriya_container.web: Still creating... [18m21s elapsed][0m[0m
[0m[1mbahriya_container.cron: Still creating... [18m30s elapsed][0m[0m
[0m[1mbahriya_memcached.cache: Still creating... [18m31s elapsed][0m[0m
[0m[1mbahriya_container.worker: Still creating... [18m30s elapsed][0m[0m
[0m[1mbahriya_container.web: Still creating... [18m31s elapsed][0m[0m
[0m[1mbahriya_container.cron: Still creating... [18m40s elapsed][0m[0m
[0m[1mbahriya_memcached.cache: Still creating... [18m41s elapsed][0m[0m
[0m[1mbahriya_container.worker: Still creating... [18m40s elapsed][0m[0m
[0m[1mbahriya_container.web: Still creating... [18m41s elapsed][0m[0m
[0m[1mbahriya_container.cron: Still creating... [18m50s elapsed][0m[0m
[0m[1mbahriya_memcached.cache: Still creating... [18m51s elapsed][0m[0m
[0m[1mbahriya_container.worker: Still creating... [18m50s elapsed][0m[0m
[0m[1mbahriya_container.web: Still creating... [18m51s elapsed][0m[0m
[0m[1mbahriya_container.cron: Still creating... [19m00s elapsed][0m[0m
[0m[1mbahriya_memcached.cache: Still creating... [19m01s elapsed][0m[0m
[0m[1mbahriya_container.worker: Still creating... [19m00s elapsed][0m[0m
[0m[1mbahriya_container.web: Still creating... [19m01s elapsed][0m[0m
[0m[1mbahriya_container.cron: Still creating... [19m10s elapsed][0m[0m
[0m[1mbahriya_memcached.cache: Still creating... [19m11s elapsed][0m[0m
[0m[1mbahriya_container.worker: Still creating... [19m10s elapsed][0m[0m
[0m[1mbahriya_container.web: Still creating... [19m11s elapsed][0m[0m
[0m[1mbahriya_container.cron: Still creating... [19m20s elapsed][0m[0m
[0m[1mbahriya_memcached.cache: Still creating... [19m21s elapsed][0m[0m
[0m[1mbahriya_container.worker: Still creating... [19m20s elapsed][0m[0m
[0m[1mbahriya_container.web: Still creating... [19m21s elapsed][0m[0m
[0m[1mbahriya_container.cron: Still creating... [19m30s elapsed][0m[0m
[0m[1mbahriya_memcached.cache: Still creating... [19m31s elapsed][0m[0m
[0m[1mbahriya_container.worker: Still creating... [19m30s elapsed][0m[0m
[0m[1mbahriya_container.web: Still creating... [19m31s elapsed][0m[0m
[0m[1mbahriya_container.cron: Still creating... [19m40s elapsed][0m[0m
[0m[1mbahriya_memcached.cache: Still creating... [19m41s elapsed][0m[0m
[0m[1mbahriya_container.worker: Still creating... [19m40s elapsed][0m[0m
[0m[1mbahriya_container.web: Still creating... [19m41s elapsed][0m[0m
[0m[1mbahriya_container.cron: Still creating... [19m50s elapsed][0m[0m
[0m[1mbahriya_memcached.cache: Still creating... [19m51s elapsed][0m[0m
[0m[1mbahriya_container.worker: Still creating... [19m50s elapsed][0m[0m
[0m[1mbahriya_container.web: Still creating... [19m51s elapsed][0m[0m
[0m[1mbahriya_container.cron: Still creating... [20m00s elapsed][0m[0m
[0m[1mbahriya_memcached.cache: Still creating... [20m01s elapsed][0m[0m
[0m[1mbahriya_container.worker: Still creating... [20m00s elapsed][0m[0m
[0m[1mbahriya_container.web: Still creating... [20m01s elapsed][0m[0m
[31m╷[0m[0m
[31m│[0m [0m[1m[31mError: [0m[0m[1mResource did not reach ready status[0m
[31m│[0m [0m
[31m│[0m [0m[0m  with bahriya_memcached.cache,
[31m│[0m [0m  on main.tf line 258, in resource "bahriya_memcached" "cache":
[31m│[0m [0m 258: resource "bahriya_memcached" "cache" [4m{[0m[0m
[31m│[0m [0m
[31m│[0m [0mtimed out after 20m0s waiting for status "running" (last seen
[31m│[0m [0m"provisioning")
[31m╵[0m[0m
[31m╷[0m[0m
[31m│[0m [0m[1m[31mError: [0m[0m[1mResource did not reach ready status[0m
[31m│[0m [0m
[31m│[0m [0m[0m  with bahriya_container.web,
[31m│[0m [0m  on main.tf line 272, in resource "bahriya_container" "web":
[31m│[0m [0m 272: resource "bahriya_container" "web" [4m{[0m[0m
[31m│[0m [0m
[31m│[0m [0mtimed out after 20m0s waiting for status "running" (last seen
[31m│[0m [0m"provisioning")
[31m╵[0m[0m
[31m╷[0m[0m
[31m│[0m [0m[1m[31mError: [0m[0m[1mResource did not reach ready status[0m
[31m│[0m [0m
[31m│[0m [0m[0m  with bahriya_container.worker,
[31m│[0m [0m  on main.tf line 403, in resource "bahriya_container" "worker":
[31m│[0m [0m 403: resource "bahriya_container" "worker" [4m{[0m[0m
[31m│[0m [0m
[31m│[0m [0mtimed out after 20m0s waiting for status "running" (last seen
[31m│[0m [0m"provisioning")
[31m╵[0m[0m
[31m╷[0m[0m
[31m│[0m [0m[1m[31mError: [0m[0m[1mResource did not reach ready status[0m
[31m│[0m [0m
[31m│[0m [0m[0m  with bahriya_container.cron,
[31m│[0m [0m  on main.tf line 427, in resource "bahriya_container" "cron":
[31m│[0m [0m 427: resource "bahriya_container" "cron" [4m{[0m[0m
[31m│[0m [0m
[31m│[0m [0mtimed out after 20m0s waiting for status "running" (last seen
[31m│[0m [0m"provisioning")
[31m╵[0m[0m
