
Warning: Provider development overrides are in effect

The following provider development overrides are set in the CLI
configuration:
 - bahriya-cloud/bahriya in /Users/meezaan/code/bahriya/bahriya-platform/terraform-provider-bahriya/bin

The behavior may therefore not match any released version of the provider and
applying changes may cause the state to become incompatible with published
releases.
bahriya_project_json_config_attachment.main: Refreshing state... [id=2be273dc-cb77-48a3-9d2d-6a056030b6a3:json-82415c4b]
bahriya_project.e2e: Refreshing state... [id=2be273dc-cb77-48a3-9d2d-6a056030b6a3]
bahriya_yaml_config.main: Refreshing state... [id=d799f4d0-582e-4112-9ab2-b7f5716aa4ca]
bahriya_plain_config.main: Refreshing state... [id=e3d888e9-d0fb-468b-b543-1078cc50b229]
bahriya_json_config.main: Refreshing state... [id=2342edef-a836-4fec-bb12-5df685e0c0cc]
bahriya_gpg_keypair.main: Refreshing state... [id=05003f57-e31a-4830-bfdf-7f9c86bc84dc]
bahriya_encryption_key.main: Refreshing state... [id=69b2c785-0b93-4fd6-a41b-4336c77211fd]
bahriya_ssh_keypair.main: Refreshing state... [id=7f7754d2-3f9f-400a-b104-e0cedc9f2175]
bahriya_tls_bundle.main: Refreshing state... [id=98018057-695b-44cc-861c-ed90e54963a1]
bahriya_x509_cert.main: Refreshing state... [id=b647f77e-69b5-4944-919a-d29fae2c58bf]
bahriya_env_file.main: Refreshing state... [id=f90c5b3b-d9a0-4010-b356-0e479116244a]
bahriya_project_tls_bundle_attachment.main: Refreshing state... [id=2be273dc-cb77-48a3-9d2d-6a056030b6a3:tls-82415c4b]
bahriya_project_plain_config_attachment.main: Refreshing state... [id=2be273dc-cb77-48a3-9d2d-6a056030b6a3:plain-82415c4b]
bahriya_project_ssh_keypair_attachment.main: Refreshing state... [id=2be273dc-cb77-48a3-9d2d-6a056030b6a3:ssh-82415c4b]
bahriya_project_encryption_key_attachment.main: Refreshing state... [id=2be273dc-cb77-48a3-9d2d-6a056030b6a3:enc-82415c4b]
bahriya_project_yaml_config_attachment.main: Refreshing state... [id=2be273dc-cb77-48a3-9d2d-6a056030b6a3:yaml-82415c4b]
bahriya_project_x509_cert_attachment.main: Refreshing state... [id=2be273dc-cb77-48a3-9d2d-6a056030b6a3:x509-82415c4b]
bahriya_project_gpg_keypair_attachment.main: Refreshing state... [id=2be273dc-cb77-48a3-9d2d-6a056030b6a3:gpg-82415c4b]
bahriya_project_env_file_attachment.main: Refreshing state... [id=2be273dc-cb77-48a3-9d2d-6a056030b6a3:env-82415c4b]
bahriya_container.e2e: Refreshing state... [id=8d066c1f-2472-45f8-9e56-f54f932c42a4]

Terraform used the selected providers to generate the following execution
plan. Resource actions are indicated with the following symbols:
  - destroy

Terraform will perform the following actions:

  # bahriya_project_json_config_attachment.main will be destroyed
  # (because bahriya_project_json_config_attachment.main is not in configuration)
  - resource "bahriya_project_json_config_attachment" "main" {
      - handle     = "json-82415c4b" -> null
      - id         = "2be273dc-cb77-48a3-9d2d-6a056030b6a3:json-82415c4b" -> null
      - join_id    = "cd8e7e7c-bf54-4c00-a7a5-72ecc7c0f8cf" -> null
      - project_id = "2be273dc-cb77-48a3-9d2d-6a056030b6a3" -> null
    }

Plan: 0 to add, 0 to change, 1 to destroy.
bahriya_project_json_config_attachment.main: Destroying... [id=2be273dc-cb77-48a3-9d2d-6a056030b6a3:json-82415c4b]
bahriya_project_json_config_attachment.main: Destruction complete after 0s

Apply complete! Resources: 0 added, 0 changed, 1 destroyed.

Outputs:

container_id = "8d066c1f-2472-45f8-9e56-f54f932c42a4"
container_status = "running"
project_id = "2be273dc-cb77-48a3-9d2d-6a056030b6a3"
suffix = "82415c4b"
