
Warning: Provider development overrides are in effect

The following provider development overrides are set in the CLI
configuration:
 - bahriya-cloud/bahriya in /var/folders/qh/wlb0zlhj18dbcy10nzhlh3j40000gn/T/tmp.fhLbXZ7U73

The behavior may therefore not match any released version of the provider and
applying changes may cause the state to become incompatible with published
releases.
data.bahriya_regions.active: Reading...
data.bahriya_regions.active: Read complete after 1s

Terraform used the selected providers to generate the following execution
plan. Resource actions are indicated with the following symbols:
  + create

Terraform will perform the following actions:

  # bahriya_container.cron will be created
  + resource "bahriya_container" "cron" {
      + activedeadlineseconds           = (known after apply)
      + activeregions                   = [
          + "helsinki-1",
        ]
      + args                            = (known after apply)
      + autoscalingenabled              = (known after apply)
      + autoscalingmaxreplicas          = (known after apply)
      + autoscalingminreplicas          = (known after apply)
      + autoscalingtargetcpu            = (known after apply)
      + autoscalingtargetmemory         = (known after apply)
      + backofflimit                    = (known after apply)
      + basicauthcredentials            = (known after apply)
      + basicauthenabled                = (known after apply)
      + bootstraptime                   = (known after apply)
      + command                         = [
          + "sh",
          + "-c",
          + "echo e2e-tick",
        ]
      + concurrencypolicy               = (known after apply)
      + containerport                   = (known after apply)
      + customdnsmode                   = (known after apply)
      + defaulthostname                 = (known after apply)
      + dnsfailoverenabled              = (known after apply)
      + dnsttl                          = (known after apply)
      + encryptionkeys                  = (known after apply)
      + envfiles                        = (known after apply)
      + ephemeralstoragegb              = (known after apply)
      + externalnetworkingenabled       = (known after apply)
      + failedjobshistorylimit          = (known after apply)
      + gpgkeypairs                     = (known after apply)
      + handle                          = "cron-c9d2439d"
      + healthcheckpath                 = (known after apply)
      + hostnames                       = (known after apply)
      + id                              = (known after apply)
      + image                           = "busybox:latest"
      + initjobs                        = (known after apply)
      + ipblacklist                     = (known after apply)
      + ipblacklistenabled              = (known after apply)
      + ipwhitelist                     = (known after apply)
      + ipwhitelistenabled              = (known after apply)
      + jsonconfigs                     = (known after apply)
      + maxcpu                          = (known after apply)
      + maxmemory                       = (known after apply)
      + mincpu                          = "100"
      + minmemory                       = "128"
      + name                            = "TF E2E Cron c9d2439d"
      + networkpolicies                 = (known after apply)
      + newenvvar                       = (known after apply)
      + organisation                    = (known after apply)
      + persistentvolumes               = (known after apply)
      + plainconfigs                    = (known after apply)
      + project                         = (known after apply)
      + projectname                     = (known after apply)
      + prometheuspath                  = (known after apply)
      + prometheusport                  = (known after apply)
      + proxycacheallowforcecacheheader = (known after apply)
      + proxycachecontenttypes          = (known after apply)
      + proxycacheenabled               = (known after apply)
      + proxycachehonorcachecontrol     = (known after apply)
      + proxycachemaxitemsizemb         = (known after apply)
      + proxycachememcached             = (known after apply)
      + proxycacherequestmethods        = (known after apply)
      + proxycacheresponsecodes         = (known after apply)
      + proxycachesizemb                = (known after apply)
      + proxycachestoragettl            = (known after apply)
      + proxycachettl                   = (known after apply)
      + proxycachevariant               = (known after apply)
      + proxycachevarybodyjsonfields    = (known after apply)
      + proxycachevaryheaders           = (known after apply)
      + proxycachevaryqueryparams       = (known after apply)
      + ratelimitingenabled             = (known after apply)
      + ratelimitingrequestsperhour     = (known after apply)
      + ratelimitingrequestsperminute   = (known after apply)
      + ratelimitingrequestspersecond   = (known after apply)
      + registry                        = (known after apply)
      + schedule                        = "*/5 * * * *"
      + secretsenvvar                   = (known after apply)
      + sshkeypairs                     = (known after apply)
      + startingdeadlineseconds         = (known after apply)
      + status                          = (known after apply)
      + successfuljobshistorylimit      = (known after apply)
      + suspended                       = (known after apply)
      + timezone                        = (known after apply)
      + tlsbundles                      = (known after apply)
      + ttlsecondsafterfinished         = (known after apply)
      + type                            = "cronjob"
      + vanityhostname                  = (known after apply)
      + x509certs                       = (known after apply)
      + yamlconfigs                     = (known after apply)
    }

  # bahriya_container.web will be created
  + resource "bahriya_container" "web" {
      + activedeadlineseconds           = (known after apply)
      + activeregions                   = [
          + "helsinki-1",
        ]
      + args                            = (known after apply)
      + autoscalingenabled              = (known after apply)
      + autoscalingmaxreplicas          = (known after apply)
      + autoscalingminreplicas          = "1"
      + autoscalingtargetcpu            = (known after apply)
      + autoscalingtargetmemory         = (known after apply)
      + backofflimit                    = (known after apply)
      + basicauthcredentials            = (known after apply)
      + basicauthenabled                = (known after apply)
      + bootstraptime                   = (known after apply)
      + command                         = (known after apply)
      + concurrencypolicy               = (known after apply)
      + containerport                   = "80"
      + customdnsmode                   = (known after apply)
      + defaulthostname                 = (known after apply)
      + dnsfailoverenabled              = (known after apply)
      + dnsttl                          = (known after apply)
      + encryptionkeys                  = [
          + {
              + handle    = "enc-c9d2439d"
              + mountpath = "/etc/bahriya/enc"
            },
        ]
      + envfiles                        = [
          + {
              + handle          = "env-c9d2439d"
              + injectionmethod = "envFrom"
            },
        ]
      + ephemeralstoragegb              = (known after apply)
      + externalnetworkingenabled       = (known after apply)
      + failedjobshistorylimit          = (known after apply)
      + gpgkeypairs                     = [
          + {
              + handle    = "gpg-c9d2439d"
              + mountpath = "/etc/bahriya/gpg"
            },
        ]
      + handle                          = "web-c9d2439d"
      + healthcheckpath                 = "/"
      + hostnames                       = [
          + {
              + hostname    = "web-c9d2439d.e2e.bahriya.test"
              + wwwredirect = false
            },
        ]
      + id                              = (known after apply)
      + image                           = "nginx:alpine"
      + initjobs                        = (known after apply)
      + ipblacklist                     = (known after apply)
      + ipblacklistenabled              = (known after apply)
      + ipwhitelist                     = (known after apply)
      + ipwhitelistenabled              = (known after apply)
      + jsonconfigs                     = [
          + {
              + handle    = "json-c9d2439d"
              + mountpath = "/etc/bahriya/cfg/json"
            },
        ]
      + maxcpu                          = (known after apply)
      + maxmemory                       = (known after apply)
      + mincpu                          = "100"
      + minmemory                       = "128"
      + name                            = "TF E2E Web c9d2439d"
      + networkpolicies                 = [
          + "netpol-c9d2439d",
        ]
      + newenvvar                       = [
          + {
              + key   = "APP_MODE"
              + value = "e2e"
            },
        ]
      + organisation                    = (known after apply)
      + persistentvolumes               = [
          + {
              + handle    = "data"
              + mountpath = "/var/lib/data"
              + sizegb    = 1
            },
        ]
      + plainconfigs                    = [
          + {
              + handle    = "plain-c9d2439d"
              + mountpath = "/etc/bahriya/cfg/plain"
            },
        ]
      + project                         = (known after apply)
      + projectname                     = (known after apply)
      + prometheuspath                  = (known after apply)
      + prometheusport                  = (known after apply)
      + proxycacheallowforcecacheheader = (known after apply)
      + proxycachecontenttypes          = (known after apply)
      + proxycacheenabled               = (known after apply)
      + proxycachehonorcachecontrol     = (known after apply)
      + proxycachemaxitemsizemb         = (known after apply)
      + proxycachememcached             = (known after apply)
      + proxycacherequestmethods        = (known after apply)
      + proxycacheresponsecodes         = (known after apply)
      + proxycachesizemb                = (known after apply)
      + proxycachestoragettl            = (known after apply)
      + proxycachettl                   = (known after apply)
      + proxycachevariant               = (known after apply)
      + proxycachevarybodyjsonfields    = (known after apply)
      + proxycachevaryheaders           = (known after apply)
      + proxycachevaryqueryparams       = (known after apply)
      + ratelimitingenabled             = (known after apply)
      + ratelimitingrequestsperhour     = (known after apply)
      + ratelimitingrequestsperminute   = (known after apply)
      + ratelimitingrequestspersecond   = (known after apply)
      + registry                        = (known after apply)
      + schedule                        = (known after apply)
      + secretsenvvar                   = [
          + {
              + name   = "APP_SECRET"
              + secret = "sec-c9d2439d"
            },
        ]
      + sshkeypairs                     = [
          + {
              + handle    = "ssh-c9d2439d"
              + mountpath = "/etc/bahriya/ssh"
            },
        ]
      + startingdeadlineseconds         = (known after apply)
      + status                          = (known after apply)
      + successfuljobshistorylimit      = (known after apply)
      + suspended                       = (known after apply)
      + timezone                        = (known after apply)
      + tlsbundles                      = [
          + {
              + handle    = "tls-c9d2439d"
              + mountpath = "/etc/bahriya/tls"
            },
        ]
      + ttlsecondsafterfinished         = (known after apply)
      + type                            = "http"
      + vanityhostname                  = (known after apply)
      + x509certs                       = [
          + {
              + handle    = "x509-c9d2439d"
              + mountpath = "/etc/bahriya/x509"
            },
        ]
      + yamlconfigs                     = [
          + {
              + handle    = "yaml-c9d2439d"
              + mountpath = "/etc/bahriya/cfg/yaml"
            },
        ]
    }

  # bahriya_container.worker will be created
  + resource "bahriya_container" "worker" {
      + activedeadlineseconds           = (known after apply)
      + activeregions                   = [
          + "helsinki-1",
        ]
      + args                            = (known after apply)
      + autoscalingenabled              = (known after apply)
      + autoscalingmaxreplicas          = (known after apply)
      + autoscalingminreplicas          = "1"
      + autoscalingtargetcpu            = (known after apply)
      + autoscalingtargetmemory         = (known after apply)
      + backofflimit                    = (known after apply)
      + basicauthcredentials            = (known after apply)
      + basicauthenabled                = (known after apply)
      + bootstraptime                   = (known after apply)
      + command                         = (known after apply)
      + concurrencypolicy               = (known after apply)
      + containerport                   = (known after apply)
      + customdnsmode                   = (known after apply)
      + defaulthostname                 = (known after apply)
      + dnsfailoverenabled              = (known after apply)
      + dnsttl                          = (known after apply)
      + encryptionkeys                  = (known after apply)
      + envfiles                        = (known after apply)
      + ephemeralstoragegb              = (known after apply)
      + externalnetworkingenabled       = (known after apply)
      + failedjobshistorylimit          = (known after apply)
      + gpgkeypairs                     = (known after apply)
      + handle                          = "worker-c9d2439d"
      + healthcheckpath                 = (known after apply)
      + hostnames                       = (known after apply)
      + id                              = (known after apply)
      + image                           = "nginx:alpine"
      + initjobs                        = (known after apply)
      + ipblacklist                     = (known after apply)
      + ipblacklistenabled              = (known after apply)
      + ipwhitelist                     = (known after apply)
      + ipwhitelistenabled              = (known after apply)
      + jsonconfigs                     = (known after apply)
      + maxcpu                          = (known after apply)
      + maxmemory                       = (known after apply)
      + mincpu                          = "100"
      + minmemory                       = "128"
      + name                            = "TF E2E Worker c9d2439d"
      + networkpolicies                 = (known after apply)
      + newenvvar                       = (known after apply)
      + organisation                    = (known after apply)
      + persistentvolumes               = (known after apply)
      + plainconfigs                    = (known after apply)
      + project                         = (known after apply)
      + projectname                     = (known after apply)
      + prometheuspath                  = (known after apply)
      + prometheusport                  = (known after apply)
      + proxycacheallowforcecacheheader = (known after apply)
      + proxycachecontenttypes          = (known after apply)
      + proxycacheenabled               = (known after apply)
      + proxycachehonorcachecontrol     = (known after apply)
      + proxycachemaxitemsizemb         = (known after apply)
      + proxycachememcached             = (known after apply)
      + proxycacherequestmethods        = (known after apply)
      + proxycacheresponsecodes         = (known after apply)
      + proxycachesizemb                = (known after apply)
      + proxycachestoragettl            = (known after apply)
      + proxycachettl                   = (known after apply)
      + proxycachevariant               = (known after apply)
      + proxycachevarybodyjsonfields    = (known after apply)
      + proxycachevaryheaders           = (known after apply)
      + proxycachevaryqueryparams       = (known after apply)
      + ratelimitingenabled             = (known after apply)
      + ratelimitingrequestsperhour     = (known after apply)
      + ratelimitingrequestsperminute   = (known after apply)
      + ratelimitingrequestspersecond   = (known after apply)
      + registry                        = (known after apply)
      + schedule                        = (known after apply)
      + secretsenvvar                   = [
          + {
              + name   = "WORKER_SECRET"
              + secret = "sec-c9d2439d"
            },
        ]
      + sshkeypairs                     = (known after apply)
      + startingdeadlineseconds         = (known after apply)
      + status                          = (known after apply)
      + successfuljobshistorylimit      = (known after apply)
      + suspended                       = (known after apply)
      + timezone                        = (known after apply)
      + tlsbundles                      = (known after apply)
      + ttlsecondsafterfinished         = (known after apply)
      + type                            = "worker"
      + vanityhostname                  = (known after apply)
      + x509certs                       = (known after apply)
      + yamlconfigs                     = (known after apply)
    }

  # bahriya_encryption_key.main will be created
  + resource "bahriya_encryption_key" "main" {
      + algorithm             = "AES-256"
      + billable              = (known after apply)
      + currentversion        = (known after apply)
      + format                = "base64"
      + handle                = "enc-c9d2439d"
      + id                    = (known after apply)
      + key                   = (sensitive value)
      + keybits               = (known after apply)
      + managedbyresourceid   = (known after apply)
      + managedbyresourcetype = (known after apply)
      + maxversions           = (known after apply)
      + name                  = "TF E2E Encryption Key c9d2439d"
      + organisation          = (known after apply)
    }

  # bahriya_env_file.main will be created
  + resource "bahriya_env_file" "main" {
      + billable              = (known after apply)
      + content               = <<-EOT
            # E2E env file
            APP_MODE=production
            LOG_LEVEL=info
            FEATURE_X_ENABLED=true
        EOT
      + currentversion        = (known after apply)
      + entrycount            = (known after apply)
      + handle                = "env-c9d2439d"
      + id                    = (known after apply)
      + managedbyresourceid   = (known after apply)
      + managedbyresourcetype = (known after apply)
      + maxversions           = (known after apply)
      + name                  = "TF E2E Env File c9d2439d"
      + organisation          = (known after apply)
    }

  # bahriya_gpg_keypair.main will be created
  + resource "bahriya_gpg_keypair" "main" {
      + algorithm             = (known after apply)
      + billable              = (known after apply)
      + currentversion        = (known after apply)
      + handle                = "gpg-c9d2439d"
      + id                    = (known after apply)
      + keybits               = (known after apply)
      + keyid                 = (known after apply)
      + managedbyresourceid   = (known after apply)
      + managedbyresourcetype = (known after apply)
      + maxversions           = (known after apply)
      + name                  = "TF E2E GPG Keypair c9d2439d"
      + organisation          = (known after apply)
      + privatekey            = <<-EOT
            -----BEGIN PGP PRIVATE KEY BLOCK-----
            
            lFgEalYTrxYJKwYBBAHaRw8BAQdAPpPygBICd9BbyoFBFZAo7q+s0jL+3GV3AvaW
            B5VyN6wAAQCvblD0HL7uZBXFM9Pz6s1sALgQ1TaPTxniLzzRK/TRHBB4tDBCYWhy
            aXlhIEUyRSBjOWQyNDM5ZCA8ZTJlLWM5ZDI0MzlkQGJhaHJpeWEudGVzdD6IrwQT
            FgoAVxYhBL9dTgNPKAEP/ttylwORyb3ARhrEBQJqVhOvGxSAAAAAAAQADm1hbnUy
            LDIuNSsxLjEyLDAsMwIbAwULCQgHAgIiAgYVCgkICwIEFgIDAQIeBwIXgAAKCRAD
            kcm9wEYaxPXXAQDU7NYQ2EYUvzI8987qnjrMd0f8K1S+L7yRZFnyoa99NwD/e9bF
            TUfrv+je9u6XBVI1HLH2WizJu5AF4LnT1/zAzQk=
            =iYh0
            -----END PGP PRIVATE KEY BLOCK-----
        EOT
      + publickey             = <<-EOT
            -----BEGIN PGP PUBLIC KEY BLOCK-----
            
            mDMEalYTrxYJKwYBBAHaRw8BAQdAPpPygBICd9BbyoFBFZAo7q+s0jL+3GV3AvaW
            B5VyN6y0MEJhaHJpeWEgRTJFIGM5ZDI0MzlkIDxlMmUtYzlkMjQzOWRAYmFocml5
            YS50ZXN0PoivBBMWCgBXFiEEv11OA08oAQ/+23KXA5HJvcBGGsQFAmpWE68bFIAA
            AAAABAAObWFudTIsMi41KzEuMTIsMCwzAhsDBQsJCAcCAiICBhUKCQgLAgQWAgMB
            Ah4HAheAAAoJEAORyb3ARhrE9dcBANTs1hDYRhS/Mjz3zuqeOsx3R/wrVL4vvJFk
            WfKhr303AP971sVNR+u/6N727pcFUjUcsfZaLMm7kAXgudPX/MDNCQ==
            =PBLM
            -----END PGP PUBLIC KEY BLOCK-----
        EOT
      + uid                   = (known after apply)
    }

  # bahriya_json_config.main will be created
  + resource "bahriya_json_config" "main" {
      + billable              = (known after apply)
      + content               = jsonencode(
            {
              + features = [
                  + "alpha",
                  + "beta",
                ]
              + replicas = 1
              + service  = "e2e-c9d2439d"
            }
        )
      + currentversion        = (known after apply)
      + handle                = "json-c9d2439d"
      + id                    = (known after apply)
      + managedbyresourceid   = (known after apply)
      + managedbyresourcetype = (known after apply)
      + maxversions           = (known after apply)
      + name                  = "TF E2E JSON Config c9d2439d"
      + organisation          = (known after apply)
    }

  # bahriya_memcached.cache will be created
  + resource "bahriya_memcached" "cache" {
      + activeregions      = [
          + "helsinki-1",
        ]
      + handle             = "cache-c9d2439d"
      + id                 = (known after apply)
      + managedbycontainer = (known after apply)
      + maxconnections     = (known after apply)
      + maxitemsizemb      = (known after apply)
      + memorymb           = 512
      + name               = "TF E2E Cache c9d2439d"
      + networkpolicies    = (known after apply)
      + nodes              = (known after apply)
      + organisation       = (known after apply)
      + project            = (known after apply)
      + projectname        = (known after apply)
      + status             = (known after apply)
      + threads            = (known after apply)
    }

  # bahriya_network_policy.main will be created
  + resource "bahriya_network_policy" "main" {
      + billable              = (known after apply)
      + egresscidrs           = [
          + "10.0.0.0/8",
        ]
      + egressfqdns           = (known after apply)
      + handle                = "netpol-c9d2439d"
      + id                    = (known after apply)
      + ingresspeers          = [
          + "frontend",
          + "gateway",
        ]
      + l7enabled             = (known after apply)
      + managedbyresourceid   = (known after apply)
      + managedbyresourcetype = (known after apply)
      + name                  = "TF E2E Network Policy c9d2439d"
      + organisation          = (known after apply)
      + ports                 = [
          + {
              + port     = 443
              + protocol = "TCP"
            },
        ]
    }

  # bahriya_path_rule.admin will be created
  + resource "bahriya_path_rule" "admin" {
      + basicauthcredentials = [
          + {
              + password = (sensitive value)
              + username = "alice"
            },
        ]
      + basicauthenabled     = true
      + container_id         = (known after apply)
      + handle               = "admin-c9d2439d"
      + id                   = (known after apply)
      + ipblacklist          = (known after apply)
      + ipblacklistenabled   = (known after apply)
      + ipwhitelist          = [
          + "10.0.0.0/8",
        ]
      + ipwhitelistenabled   = true
      + path                 = "/admin"
      + priority             = 100
      + ratelimitingenabled  = (known after apply)
    }

  # bahriya_path_rule.webhook will be created
  + resource "bahriya_path_rule" "webhook" {
      + basicauthcredentials          = (known after apply)
      + basicauthenabled              = (known after apply)
      + container_id                  = (known after apply)
      + handle                        = "webhook-c9d2439d"
      + id                            = (known after apply)
      + ipblacklist                   = (known after apply)
      + ipblacklistenabled            = (known after apply)
      + ipwhitelist                   = (known after apply)
      + ipwhitelistenabled            = (known after apply)
      + path                          = "/webhook"
      + priority                      = (known after apply)
      + ratelimitingenabled           = true
      + ratelimitingrequestsperhour   = 1000
      + ratelimitingrequestsperminute = 60
    }

  # bahriya_plain_config.main will be created
  + resource "bahriya_plain_config" "main" {
      + billable              = (known after apply)
      + content               = <<-EOT
            # Plain text config for e2e-c9d2439d
            key1=value1
            key2=value2
        EOT
      + contentlength         = (known after apply)
      + currentversion        = (known after apply)
      + handle                = "plain-c9d2439d"
      + id                    = (known after apply)
      + managedbyresourceid   = (known after apply)
      + managedbyresourcetype = (known after apply)
      + maxversions           = (known after apply)
      + name                  = "TF E2E Plain Config c9d2439d"
      + organisation          = (known after apply)
    }

  # bahriya_project.e2e will be created
  + resource "bahriya_project" "e2e" {
      + handle             = "tfe2e-c9d2439d"
      + id                 = (known after apply)
      + name               = "TF E2E Comprehensive c9d2439d"
      + organisation       = (known after apply)
      + quotalimitcpu      = (known after apply)
      + quotalimitmemory   = (known after apply)
      + quotarequestcpu    = (known after apply)
      + quotarequestmemory = (known after apply)
      + regions            = [
          + "helsinki-1",
        ]
      + users              = (known after apply)
    }

  # bahriya_project_encryption_key_attachment.main will be created
  + resource "bahriya_project_encryption_key_attachment" "main" {
      + handle     = "enc-c9d2439d"
      + id         = (known after apply)
      + join_id    = (known after apply)
      + project_id = (known after apply)
    }

  # bahriya_project_env_file_attachment.main will be created
  + resource "bahriya_project_env_file_attachment" "main" {
      + handle     = "env-c9d2439d"
      + id         = (known after apply)
      + join_id    = (known after apply)
      + project_id = (known after apply)
    }

  # bahriya_project_gpg_keypair_attachment.main will be created
  + resource "bahriya_project_gpg_keypair_attachment" "main" {
      + handle     = "gpg-c9d2439d"
      + id         = (known after apply)
      + join_id    = (known after apply)
      + project_id = (known after apply)
    }

  # bahriya_project_json_config_attachment.main will be created
  + resource "bahriya_project_json_config_attachment" "main" {
      + handle     = "json-c9d2439d"
      + id         = (known after apply)
      + join_id    = (known after apply)
      + project_id = (known after apply)
    }

  # bahriya_project_network_policy_attachment.main will be created
  + resource "bahriya_project_network_policy_attachment" "main" {
      + handle     = "netpol-c9d2439d"
      + id         = (known after apply)
      + join_id    = (known after apply)
      + project_id = (known after apply)
    }

  # bahriya_project_plain_config_attachment.main will be created
  + resource "bahriya_project_plain_config_attachment" "main" {
      + handle     = "plain-c9d2439d"
      + id         = (known after apply)
      + join_id    = (known after apply)
      + project_id = (known after apply)
    }

  # bahriya_project_registry_attachment.main will be created
  + resource "bahriya_project_registry_attachment" "main" {
      + handle     = "reg-c9d2439d"
      + id         = (known after apply)
      + join_id    = (known after apply)
      + project_id = (known after apply)
    }

  # bahriya_project_secret_attachment.main will be created
  + resource "bahriya_project_secret_attachment" "main" {
      + handle     = "sec-c9d2439d"
      + id         = (known after apply)
      + join_id    = (known after apply)
      + project_id = (known after apply)
    }

  # bahriya_project_ssh_keypair_attachment.main will be created
  + resource "bahriya_project_ssh_keypair_attachment" "main" {
      + handle     = "ssh-c9d2439d"
      + id         = (known after apply)
      + join_id    = (known after apply)
      + project_id = (known after apply)
    }

  # bahriya_project_tls_bundle_attachment.main will be created
  + resource "bahriya_project_tls_bundle_attachment" "main" {
      + handle     = "tls-c9d2439d"
      + id         = (known after apply)
      + join_id    = (known after apply)
      + project_id = (known after apply)
    }

  # bahriya_project_x509_cert_attachment.main will be created
  + resource "bahriya_project_x509_cert_attachment" "main" {
      + handle     = "x509-c9d2439d"
      + id         = (known after apply)
      + join_id    = (known after apply)
      + project_id = (known after apply)
    }

  # bahriya_project_yaml_config_attachment.main will be created
  + resource "bahriya_project_yaml_config_attachment" "main" {
      + handle     = "yaml-c9d2439d"
      + id         = (known after apply)
      + join_id    = (known after apply)
      + project_id = (known after apply)
    }

  # bahriya_registry.main will be created
  + resource "bahriya_registry" "main" {
      + billable              = (known after apply)
      + currentversionid      = (known after apply)
      + handle                = "reg-c9d2439d"
      + id                    = (known after apply)
      + managedbyresourceid   = (known after apply)
      + managedbyresourcetype = (known after apply)
      + maxversions           = (known after apply)
      + name                  = "TF E2E Registry c9d2439d"
      + password              = (sensitive value)
      + server                = "ghcr.io"
      + username              = "e2e-user"
    }

  # bahriya_secret.main will be created
  + resource "bahriya_secret" "main" {
      + billable              = (known after apply)
      + handle                = "sec-c9d2439d"
      + id                    = (known after apply)
      + managedbyresourceid   = (known after apply)
      + managedbyresourcetype = (known after apply)
      + maxversions           = (known after apply)
      + name                  = "TF E2E Secret c9d2439d"
      + value                 = (sensitive value)
    }

  # bahriya_ssh_keypair.main will be created
  + resource "bahriya_ssh_keypair" "main" {
      + algorithm             = (known after apply)
      + billable              = (known after apply)
      + comment               = (known after apply)
      + currentversion        = (known after apply)
      + handle                = "ssh-c9d2439d"
      + id                    = (known after apply)
      + keybits               = (known after apply)
      + keyid                 = (known after apply)
      + managedbyresourceid   = (known after apply)
      + managedbyresourcetype = (known after apply)
      + maxversions           = (known after apply)
      + name                  = "TF E2E SSH Keypair c9d2439d"
      + organisation          = (known after apply)
      + privatekey            = <<-EOT
            -----BEGIN OPENSSH PRIVATE KEY-----
            b3BlbnNzaC1rZXktdjEAAAAABG5vbmUAAAAEbm9uZQAAAAAAAAABAAAAMwAAAAtzc2gtZW
            QyNTUxOQAAACAi94l9+cAsqJ716xi6eWcY59zHPQ0OikDuLBlqyyPX5gAAAKCyYa6AsmGu
            gAAAAAtzc2gtZWQyNTUxOQAAACAi94l9+cAsqJ716xi6eWcY59zHPQ0OikDuLBlqyyPX5g
            AAAEAi0RhYdCzRDonaQxROKTs9RTpbVT6BIAjxRYLXZgasRiL3iX35wCyonvXrGLp5Zxjn
            3Mc9DQ6KQO4sGWrLI9fmAAAAGWUyZS1jOWQyNDM5ZEBiYWhyaXlhLnRlc3QBAgME
            -----END OPENSSH PRIVATE KEY-----
        EOT
      + publickey             = <<-EOT
            ssh-ed25519 AAAAC3NzaC1lZDI1NTE5AAAAICL3iX35wCyonvXrGLp5Zxjn3Mc9DQ6KQO4sGWrLI9fm e2e-c9d2439d@bahriya.test
        EOT
    }

  # bahriya_tls_bundle.main will be created
  + resource "bahriya_tls_bundle" "main" {
      + algorithm             = (known after apply)
      + billable              = (known after apply)
      + ca                    = <<-EOT
            -----BEGIN CERTIFICATE-----
            MIIDQTCCAimgAwIBAgIUKE/fo1VEWzPOi9MpC2G5g5hdkPwwDQYJKoZIhvcNAQEL
            BQAwMDEYMBYGA1UEAwwPQmFocml5YSBUZXN0IENBMRQwEgYDVQQKDAtCYWhyaXlh
            IEUyRTAeFw0yNjA3MTQxMDQ3MTBaFw0yNzA3MTQxMDQ3MTBaMDAxGDAWBgNVBAMM
            D0JhaHJpeWEgVGVzdCBDQTEUMBIGA1UECgwLQmFocml5YSBFMkUwggEiMA0GCSqG
            SIb3DQEBAQUAA4IBDwAwggEKAoIBAQC00gs5bYuDm74z0rxw9LPD8hS/347ck+Co
            gWtTiasqtwu1Nitke/Ftg5c6aiD7WMGpsfe6zqX2wmzqMBhDkyJkmWzy2J0DVgJp
            9FMqUuxfoAd+0E5tBOUoaplP9mnvtOZmgUOoz2HfyRbJbqAIhGWEf5LbPvzIcbb0
            FYNYYHSUy2a2/QhjFwt8JklIy465Qyu2gZhxrpqyXgcqeR0afGSSxP9AgF5i0zhl
            UvUYqUmzTLkSrgyVEBMvEEyrut3cFBypeG5bPAyi+okQzDcT3O8UnJ/xMAC7rrBt
            a2C18k1nbR5IJUSsFVuY7rUhGq4NbMfaoBfLkuy+e0z0V7D1P4nfAgMBAAGjUzBR
            MB0GA1UdDgQWBBSqF6sNyWidOFPKA856X4ZF51VhYzAfBgNVHSMEGDAWgBSqF6sN
            yWidOFPKA856X4ZF51VhYzAPBgNVHRMBAf8EBTADAQH/MA0GCSqGSIb3DQEBCwUA
            A4IBAQBenlnYRS3S426fZPhZ96O4xtFc7T+hhroCLUZD3dba7Ds9qOT46VSUC1DT
            4tcPZfxpcpPwhyDYpv2Kwt+g5OQUFb/FBvFs6euxX3X9/IrgA+6MkML6MnyAINgi
            FS+ZembMo2PhQig7rkLSS+XBSWcjjNDQ/IGW+RQpMszVQfm4GI7F7oQanlsjy8cD
            yawMrGvQkUyGQ1V5Q98Bt0j2+LhjVeuy+Eepz1j4tWfrAFw/Exgqzw5k/aInAqh8
            wkeWUDVJGNmqxtLwLKNqElx3pEmq9v7drKe9OT25nZG5zdVxKv0ZPaNJQW0z73dB
            Psms+xzScSjEoV2WGJrIJQLOKSRG
            -----END CERTIFICATE-----
        EOT
      + cert                  = <<-EOT
            -----BEGIN CERTIFICATE-----
            MIIDOjCCAiKgAwIBAgIULDRt/ADFDrN3/9isfZUTHwW0pacwDQYJKoZIhvcNAQEL
            BQAwMDEYMBYGA1UEAwwPQmFocml5YSBUZXN0IENBMRQwEgYDVQQKDAtCYWhyaXlh
            IEUyRTAeFw0yNjA3MTQxMDQ3MTBaFw0yNzA3MTQxMDQ3MTBaMDoxIjAgBgNVBAMM
            GWUyZS1jOWQyNDM5ZC5iYWhyaXlhLnRlc3QxFDASBgNVBAoMC0JhaHJpeWEgRTJF
            MIIBIjANBgkqhkiG9w0BAQEFAAOCAQ8AMIIBCgKCAQEA3el//ySQ1wU3rEvYL0/N
            AvxInFF/0IzFX/58TQfS1t/Q12rDX4mAS3yS3od2B/Yi3fbT42WCzAGfQajG4kUO
            YZqzGPesHYRNHlsfx2JtgAU+AuYsBmpYfcG709L2IXXh/rVn0GI1o89WK3deMUGP
            hdv84JC6IR7piOC0QVb2OCUAG6rMQG0su5vMLpZro3YBI/6B8MHKOnbttXEaSfVh
            uyisgjTAFqPGJBT+AdYx+QhiNLOwjxhaTGy7oooMQxUpiKMjxVi8RwWLL5Ndd7ba
            U6mbYSMjxkTRxSoJqr3GuPAveY5cLM9EOD5dwj3gZINk5uB2iz9elr+dmhDVDOo4
            yQIDAQABo0IwQDAdBgNVHQ4EFgQUfHoU5cbPIKwF/l8CR3N7/wKM4fIwHwYDVR0j
            BBgwFoAUqherDclonThTygPOel+GRedVYWMwDQYJKoZIhvcNAQELBQADggEBAKse
            zEWU7S4z1LXowhKzO2cda6kBkFHaTTe4RKuDeKCcs+0Y75fTPTLiGmwbCmlH/ThY
            y5wR5Px66+qUR+1/EF71hJQnAqi8bkKpMQ5heaqx6nKHV0ijnMR6f7pGzmMmyi/Q
            qqXBdYy9SRQAHxvaY3D8IYSdeFHS/cpjRBYEOpv2aBkVfsekWoCLaH/zCrrOmpUq
            8TvSN+AINYdVKq8Cc1Yr3iM7+VPpmaRJAiHNZjzvgaVkh8XCB/mwWEV5TxGxay4t
            JOW/yrzYVWmAbkSVoRBV2HIgIN8Fge44eGJZK5TTrzvENxXvRyzdXb1jVmgCzC/c
            AVO9AGVLkr7wIZ6FtmY=
            -----END CERTIFICATE-----
        EOT
      + currentversion        = (known after apply)
      + fingerprint           = (known after apply)
      + handle                = "tls-c9d2439d"
      + id                    = (known after apply)
      + issuer                = (known after apply)
      + key                   = (sensitive value)
      + keybits               = (known after apply)
      + managedbyresourceid   = (known after apply)
      + managedbyresourcetype = (known after apply)
      + maxversions           = (known after apply)
      + name                  = "TF E2E TLS Bundle c9d2439d"
      + organisation          = (known after apply)
      + subject               = (known after apply)
    }

  # bahriya_x509_cert.main will be created
  + resource "bahriya_x509_cert" "main" {
      + algorithm             = (known after apply)
      + billable              = (known after apply)
      + cert                  = <<-EOT
            -----BEGIN CERTIFICATE-----
            MIIDXzCCAkegAwIBAgIUSC50EpPs6AGd4lofXRzx35zvSQMwDQYJKoZIhvcNAQEL
            BQAwPzEnMCUGA1UEAwweZTJlLXg1MDktYzlkMjQzOWQuYmFocml5YS50ZXN0MRQw
            EgYDVQQKDAtCYWhyaXlhIEUyRTAeFw0yNjA3MTQxMDQ3MTBaFw0yNzA3MTQxMDQ3
            MTBaMD8xJzAlBgNVBAMMHmUyZS14NTA5LWM5ZDI0MzlkLmJhaHJpeWEudGVzdDEU
            MBIGA1UECgwLQmFocml5YSBFMkUwggEiMA0GCSqGSIb3DQEBAQUAA4IBDwAwggEK
            AoIBAQCXdTVaDa4eDC/gxQ9Ws3GHpvLufP7RJSHAT1pDKNr8YyOyLLaf+NP1u7bc
            kiBT2AASG1av23W7lY2G2XTm9qDJQZJ2FLPOzQvGZEIP3bTAQ+3a3HIE6df1uj8k
            t9F80n2E2KY8nIKLmi5ga0M0UWgNkGm8IIJ4cUo7+dMWVVMWur0JwyNHetGgo9cP
            vkzOlWSxAgkl5KANFWfjZsbyG4imBWLmbB8/FUKuZA6x0xeuvHR5wLkHQjVp23Pn
            62jrk0TL8/wIbiQ3LGtDLW33yzxoOibxsaIzue6sfW/asRPSo1F9bkPlIpax74ZE
            Gq76E3Uh5QMPhEEa0BgizMXLsFPhAgMBAAGjUzBRMB0GA1UdDgQWBBTG/xOXrn2U
            RTxV8srarOsvnPoN6DAfBgNVHSMEGDAWgBTG/xOXrn2URTxV8srarOsvnPoN6DAP
            BgNVHRMBAf8EBTADAQH/MA0GCSqGSIb3DQEBCwUAA4IBAQAG8uWb+JFCp3e7FbWh
            Gp8J6PC+fJKgPA0koFe+OYZLyydTUhdAXorRKHaOFaIRpuL8fy4GlE+wqD/cTID+
            +UeMhCRCbIAem3P6+cSkqdHdCI+gu9jbtb/EBKOJ8Tij2nWRxMw79gogqxl+T9mm
            gKYjwrXRY3JxCDalqoNh87r9SAlAPF7sn3xDD6SGArYt8oxhYiijFgoJFl3nA24u
            sGoLfnHqezPQCdBAgqlH4rqp55bmZTYC5vStwqOvJM6Ir1/yjGQ4IEuhDcbFZ1al
            CsBxZ7oIi4nrcgGxa0un7VxDcCxKJ+CGANsJUTLtbO5bU6MEQy0tWb+6/HFUjNS4
            Qh5y
            -----END CERTIFICATE-----
        EOT
      + currentversion        = (known after apply)
      + fingerprint           = (known after apply)
      + handle                = "x509-c9d2439d"
      + id                    = (known after apply)
      + issuer                = (known after apply)
      + managedbyresourceid   = (known after apply)
      + managedbyresourcetype = (known after apply)
      + maxversions           = (known after apply)
      + name                  = "TF E2E X509 Cert c9d2439d"
      + organisation          = (known after apply)
      + subject               = (known after apply)
    }

  # bahriya_yaml_config.main will be created
  + resource "bahriya_yaml_config" "main" {
      + billable              = (known after apply)
      + content               = <<-EOT
            service:
              name: e2e-c9d2439d
              replicas: 1
              features:
                - alpha
                - beta
        EOT
      + currentversion        = (known after apply)
      + handle                = "yaml-c9d2439d"
      + id                    = (known after apply)
      + managedbyresourceid   = (known after apply)
      + managedbyresourcetype = (known after apply)
      + maxversions           = (known after apply)
      + name                  = "TF E2E YAML Config c9d2439d"
      + organisation          = (known after apply)
    }

Plan: 31 to add, 0 to change, 0 to destroy.

Changes to Outputs:
  + active_regions          = [
      + "falkenstein-1",
      + "helsinki-1",
      + "virginia-1",
      + "singapore-1",
    ]
  + cron_container_status   = (known after apply)
  + memcached_id            = (known after apply)
  + memcached_status        = (known after apply)
  + network_policy_id       = (known after apply)
  + project_id              = (known after apply)
  + registry_id             = (known after apply)
  + secret_id               = (known after apply)
  + suffix                  = "c9d2439d"
  + web_container_id        = (known after apply)
  + web_container_status    = (known after apply)
  + worker_container_status = (known after apply)
bahriya_secret.main: Creating...
bahriya_yaml_config.main: Creating...
bahriya_env_file.main: Creating...
bahriya_project.e2e: Creating...
bahriya_plain_config.main: Creating...
bahriya_json_config.main: Creating...
bahriya_encryption_key.main: Creating...
bahriya_ssh_keypair.main: Creating...
bahriya_gpg_keypair.main: Creating...
bahriya_network_policy.main: Creating...
bahriya_x509_cert.main: Creating...
bahriya_registry.main: Creating...
bahriya_json_config.main: Creation complete after 3s [id=c9345085-4496-4c47-bd5a-99812b71d287]
bahriya_tls_bundle.main: Creating...
bahriya_yaml_config.main: Creation complete after 3s [id=23ea5ebf-026c-4a53-8df9-91e9fe284420]
bahriya_plain_config.main: Creation complete after 3s [id=4292f57a-9dda-4569-9234-a1a3fde5f940]
bahriya_project.e2e: Creation complete after 3s [id=2f14e592-a77b-43af-85b3-8f903f79c32f]
bahriya_project_yaml_config_attachment.main: Creating...
bahriya_project_plain_config_attachment.main: Creating...
bahriya_project_json_config_attachment.main: Creating...
bahriya_memcached.cache: Creating...
bahriya_container.cron: Creating...
bahriya_env_file.main: Creation complete after 3s [id=4597e05b-3988-4998-a954-a65f8cb47f71]
bahriya_project_env_file_attachment.main: Creating...
bahriya_encryption_key.main: Creation complete after 4s [id=4c7e365c-b4f2-41b7-b715-b97c9ffa76f7]
bahriya_project_encryption_key_attachment.main: Creating...
bahriya_project_yaml_config_attachment.main: Creation complete after 1s [id=2f14e592-a77b-43af-85b3-8f903f79c32f:yaml-c9d2439d]
bahriya_project_plain_config_attachment.main: Creation complete after 1s [id=2f14e592-a77b-43af-85b3-8f903f79c32f:plain-c9d2439d]
bahriya_project_json_config_attachment.main: Creation complete after 1s [id=2f14e592-a77b-43af-85b3-8f903f79c32f:json-c9d2439d]
bahriya_x509_cert.main: Creation complete after 3s [id=85b5512b-db6e-4cf0-b358-8c66e769b7ca]
bahriya_project_x509_cert_attachment.main: Creating...
bahriya_project_env_file_attachment.main: Creation complete after 2s [id=2f14e592-a77b-43af-85b3-8f903f79c32f:env-c9d2439d]
bahriya_project_encryption_key_attachment.main: Creation complete after 1s [id=2f14e592-a77b-43af-85b3-8f903f79c32f:enc-c9d2439d]
bahriya_tls_bundle.main: Creation complete after 2s [id=da7bd312-7428-4b2a-9051-a7849c168091]
bahriya_project_x509_cert_attachment.main: Creation complete after 1s [id=2f14e592-a77b-43af-85b3-8f903f79c32f:x509-c9d2439d]
bahriya_project_tls_bundle_attachment.main: Creating...
bahriya_project_tls_bundle_attachment.main: Creation complete after 0s [id=2f14e592-a77b-43af-85b3-8f903f79c32f:tls-c9d2439d]
bahriya_memcached.cache: Still creating... [00m10s elapsed]
bahriya_container.cron: Still creating... [00m10s elapsed]
bahriya_memcached.cache: Still creating... [00m20s elapsed]
bahriya_container.cron: Still creating... [00m20s elapsed]
bahriya_memcached.cache: Still creating... [00m30s elapsed]
bahriya_container.cron: Still creating... [00m30s elapsed]
bahriya_memcached.cache: Still creating... [00m40s elapsed]
bahriya_container.cron: Still creating... [00m40s elapsed]
bahriya_memcached.cache: Still creating... [00m50s elapsed]
bahriya_container.cron: Still creating... [00m50s elapsed]
bahriya_memcached.cache: Still creating... [01m00s elapsed]
bahriya_container.cron: Still creating... [01m00s elapsed]
bahriya_memcached.cache: Still creating... [01m10s elapsed]
bahriya_container.cron: Still creating... [01m10s elapsed]
bahriya_memcached.cache: Still creating... [01m20s elapsed]
bahriya_container.cron: Still creating... [01m20s elapsed]
bahriya_memcached.cache: Still creating... [01m30s elapsed]
bahriya_container.cron: Still creating... [01m30s elapsed]
bahriya_memcached.cache: Still creating... [01m40s elapsed]
bahriya_container.cron: Still creating... [01m40s elapsed]
bahriya_memcached.cache: Still creating... [01m50s elapsed]
bahriya_container.cron: Still creating... [01m50s elapsed]
bahriya_memcached.cache: Still creating... [02m00s elapsed]
bahriya_container.cron: Still creating... [02m00s elapsed]
bahriya_memcached.cache: Still creating... [02m10s elapsed]
bahriya_container.cron: Still creating... [02m10s elapsed]
bahriya_memcached.cache: Still creating... [02m20s elapsed]
bahriya_container.cron: Still creating... [02m20s elapsed]
bahriya_memcached.cache: Still creating... [02m30s elapsed]
bahriya_container.cron: Still creating... [02m30s elapsed]
bahriya_memcached.cache: Still creating... [02m40s elapsed]
bahriya_container.cron: Still creating... [02m40s elapsed]
bahriya_memcached.cache: Still creating... [02m50s elapsed]
bahriya_container.cron: Still creating... [02m50s elapsed]
bahriya_memcached.cache: Still creating... [03m00s elapsed]
bahriya_container.cron: Still creating... [03m00s elapsed]
bahriya_memcached.cache: Still creating... [03m10s elapsed]
bahriya_container.cron: Still creating... [03m10s elapsed]
bahriya_memcached.cache: Still creating... [03m20s elapsed]
bahriya_container.cron: Still creating... [03m20s elapsed]
bahriya_memcached.cache: Still creating... [03m30s elapsed]
bahriya_container.cron: Still creating... [03m30s elapsed]
bahriya_memcached.cache: Still creating... [03m40s elapsed]
bahriya_container.cron: Still creating... [03m40s elapsed]
bahriya_memcached.cache: Still creating... [03m50s elapsed]
bahriya_container.cron: Still creating... [03m50s elapsed]
bahriya_memcached.cache: Still creating... [04m00s elapsed]
bahriya_container.cron: Still creating... [04m00s elapsed]
bahriya_memcached.cache: Still creating... [04m10s elapsed]
bahriya_container.cron: Still creating... [04m10s elapsed]
bahriya_memcached.cache: Still creating... [04m20s elapsed]
bahriya_container.cron: Still creating... [04m20s elapsed]
bahriya_memcached.cache: Still creating... [04m30s elapsed]
bahriya_container.cron: Still creating... [04m30s elapsed]
bahriya_memcached.cache: Still creating... [04m40s elapsed]
bahriya_container.cron: Still creating... [04m40s elapsed]
bahriya_memcached.cache: Still creating... [04m50s elapsed]
bahriya_container.cron: Still creating... [04m50s elapsed]
bahriya_memcached.cache: Still creating... [05m00s elapsed]
bahriya_container.cron: Still creating... [05m00s elapsed]
bahriya_memcached.cache: Still creating... [05m10s elapsed]
bahriya_container.cron: Still creating... [05m10s elapsed]
bahriya_memcached.cache: Still creating... [05m20s elapsed]
bahriya_container.cron: Still creating... [05m20s elapsed]
bahriya_memcached.cache: Still creating... [05m30s elapsed]
bahriya_container.cron: Still creating... [05m30s elapsed]
bahriya_memcached.cache: Creation complete after 5m34s [id=c9ce21d7-2d1e-4d36-bafe-3cf4703a4ade]
bahriya_container.cron: Creation complete after 5m34s [id=00dbaadd-7894-4234-ba60-fecc1452e9a2]

Error: Provider produced inconsistent result after apply

When applying changes to bahriya_gpg_keypair.main, provider
"provider[\"registry.terraform.io/bahriya-cloud/bahriya\"]" produced an
unexpected new value: .privatekey: was cty.StringVal("-----BEGIN PGP PRIVATE
KEY
BLOCK-----\n\nlFgEalYTrxYJKwYBBAHaRw8BAQdAPpPygBICd9BbyoFBFZAo7q+s0jL+3GV3AvaW\nB5VyN6wAAQCvblD0HL7uZBXFM9Pz6s1sALgQ1TaPTxniLzzRK/TRHBB4tDBCYWhy\naXlhIEUyRSBjOWQyNDM5ZCA8ZTJlLWM5ZDI0MzlkQGJhaHJpeWEudGVzdD6IrwQT\nFgoAVxYhBL9dTgNPKAEP/ttylwORyb3ARhrEBQJqVhOvGxSAAAAAAAQADm1hbnUy\nLDIuNSsxLjEyLDAsMwIbAwULCQgHAgIiAgYVCgkICwIEFgIDAQIeBwIXgAAKCRAD\nkcm9wEYaxPXXAQDU7NYQ2EYUvzI8987qnjrMd0f8K1S+L7yRZFnyoa99NwD/e9bF\nTUfrv+je9u6XBVI1HLH2WizJu5AF4LnT1/zAzQk=\n=iYh0\n-----END
PGP PRIVATE KEY BLOCK-----\n"), but now
cty.StringVal("value-hidden-for-your-own-good").

This is a bug in the provider, which should be reported in the provider's own
issue tracker.

Error: Provider produced inconsistent result after apply

When applying changes to bahriya_ssh_keypair.main, provider
"provider[\"registry.terraform.io/bahriya-cloud/bahriya\"]" produced an
unexpected new value: .privatekey: was cty.StringVal("-----BEGIN OPENSSH
PRIVATE
KEY-----\nb3BlbnNzaC1rZXktdjEAAAAABG5vbmUAAAAEbm9uZQAAAAAAAAABAAAAMwAAAAtzc2gtZW\nQyNTUxOQAAACAi94l9+cAsqJ716xi6eWcY59zHPQ0OikDuLBlqyyPX5gAAAKCyYa6AsmGu\ngAAAAAtzc2gtZWQyNTUxOQAAACAi94l9+cAsqJ716xi6eWcY59zHPQ0OikDuLBlqyyPX5g\nAAAEAi0RhYdCzRDonaQxROKTs9RTpbVT6BIAjxRYLXZgasRiL3iX35wCyonvXrGLp5Zxjn\n3Mc9DQ6KQO4sGWrLI9fmAAAAGWUyZS1jOWQyNDM5ZEBiYWhyaXlhLnRlc3QBAgME\n-----END
OPENSSH PRIVATE KEY-----\n"), but now
cty.StringVal("value-hidden-for-your-own-good").

This is a bug in the provider, which should be reported in the provider's own
issue tracker.

Error: Create failed

  with bahriya_registry.main,
  on main.tf line 82, in resource "bahriya_registry" "main":
  82: resource "bahriya_registry" "main" {

bahriya api error 400 BAD REQUEST: "Could not map type
`Bahriya\\Contracts\\DataTransferObjects\\Console\\v1\\Registry`. An error
occurred at path organisation: Unexpected key `organisation`."

Error: Create failed

  with bahriya_secret.main,
  on main.tf line 90, in resource "bahriya_secret" "main":
  90: resource "bahriya_secret" "main" {

bahriya api error 400 BAD REQUEST: "Could not map type
`Bahriya\\Contracts\\DataTransferObjects\\Console\\v1\\Secret`. An error
occurred at path organisation: Unexpected key `organisation`."

Error: Create failed

  with bahriya_network_policy.main,
  on main.tf line 178, in resource "bahriya_network_policy" "main":
 178: resource "bahriya_network_policy" "main" {

bahriya api error 400 BAD REQUEST: "Ingress peer project not found in this
organisation: frontend"
