
Warning: Provider development overrides are in effect

The following provider development overrides are set in the CLI
configuration:
 - bahriya-cloud/bahriya in /var/folders/qh/wlb0zlhj18dbcy10nzhlh3j40000gn/T/tmp.fhLbXZ7U73

The behavior may therefore not match any released version of the provider and
applying changes may cause the state to become incompatible with published
releases.
data.bahriya_regions.active: Reading...
data.bahriya_regions.active: Read complete after 1s

Terraform used the selected providers to generate the following execution
plan. Resource actions are indicated with the following symbols:
  + create

Terraform will perform the following actions:

  # bahriya_container.cron will be created
  + resource "bahriya_container" "cron" {
      + activedeadlineseconds           = (known after apply)
      + activeregions                   = [
          + "helsinki-1",
        ]
      + args                            = (known after apply)
      + autoscalingenabled              = (known after apply)
      + autoscalingmaxreplicas          = (known after apply)
      + autoscalingminreplicas          = (known after apply)
      + autoscalingtargetcpu            = (known after apply)
      + autoscalingtargetmemory         = (known after apply)
      + backofflimit                    = (known after apply)
      + basicauthcredentials            = (known after apply)
      + basicauthenabled                = (known after apply)
      + bootstraptime                   = (known after apply)
      + command                         = [
          + "sh",
          + "-c",
          + "echo e2e-tick",
        ]
      + concurrencypolicy               = (known after apply)
      + containerport                   = (known after apply)
      + customdnsmode                   = (known after apply)
      + defaulthostname                 = (known after apply)
      + dnsfailoverenabled              = (known after apply)
      + dnsttl                          = (known after apply)
      + encryptionkeys                  = (known after apply)
      + envfiles                        = (known after apply)
      + ephemeralstoragegb              = (known after apply)
      + externalnetworkingenabled       = (known after apply)
      + failedjobshistorylimit          = (known after apply)
      + gpgkeypairs                     = (known after apply)
      + handle                          = "cron-40f88962"
      + healthcheckpath                 = (known after apply)
      + hostnames                       = (known after apply)
      + id                              = (known after apply)
      + image                           = "busybox:latest"
      + initjobs                        = (known after apply)
      + ipblacklist                     = (known after apply)
      + ipblacklistenabled              = (known after apply)
      + ipwhitelist                     = (known after apply)
      + ipwhitelistenabled              = (known after apply)
      + jsonconfigs                     = (known after apply)
      + maxcpu                          = (known after apply)
      + maxmemory                       = (known after apply)
      + mincpu                          = "100"
      + minmemory                       = "128"
      + name                            = "TF E2E Cron 40f88962"
      + networkpolicies                 = (known after apply)
      + newenvvar                       = (known after apply)
      + organisation                    = (known after apply)
      + persistentvolumes               = (known after apply)
      + plainconfigs                    = (known after apply)
      + project                         = (known after apply)
      + projectname                     = (known after apply)
      + prometheuspath                  = (known after apply)
      + prometheusport                  = (known after apply)
      + proxycacheallowforcecacheheader = (known after apply)
      + proxycachecontenttypes          = (known after apply)
      + proxycacheenabled               = (known after apply)
      + proxycachehonorcachecontrol     = (known after apply)
      + proxycachemaxitemsizemb         = (known after apply)
      + proxycachememcached             = (known after apply)
      + proxycacherequestmethods        = (known after apply)
      + proxycacheresponsecodes         = (known after apply)
      + proxycachesizemb                = (known after apply)
      + proxycachestoragettl            = (known after apply)
      + proxycachettl                   = (known after apply)
      + proxycachevariant               = (known after apply)
      + proxycachevarybodyjsonfields    = (known after apply)
      + proxycachevaryheaders           = (known after apply)
      + proxycachevaryqueryparams       = (known after apply)
      + ratelimitingenabled             = (known after apply)
      + ratelimitingrequestsperhour     = (known after apply)
      + ratelimitingrequestsperminute   = (known after apply)
      + ratelimitingrequestspersecond   = (known after apply)
      + registry                        = (known after apply)
      + schedule                        = "*/5 * * * *"
      + secretsenvvar                   = (known after apply)
      + sshkeypairs                     = (known after apply)
      + startingdeadlineseconds         = (known after apply)
      + status                          = (known after apply)
      + successfuljobshistorylimit      = (known after apply)
      + suspended                       = (known after apply)
      + timezone                        = (known after apply)
      + tlsbundles                      = (known after apply)
      + ttlsecondsafterfinished         = (known after apply)
      + type                            = "cronjob"
      + vanityhostname                  = (known after apply)
      + x509certs                       = (known after apply)
      + yamlconfigs                     = (known after apply)
    }

  # bahriya_container.web will be created
  + resource "bahriya_container" "web" {
      + activedeadlineseconds           = (known after apply)
      + activeregions                   = [
          + "helsinki-1",
        ]
      + args                            = (known after apply)
      + autoscalingenabled              = (known after apply)
      + autoscalingmaxreplicas          = (known after apply)
      + autoscalingminreplicas          = "1"
      + autoscalingtargetcpu            = (known after apply)
      + autoscalingtargetmemory         = (known after apply)
      + backofflimit                    = (known after apply)
      + basicauthcredentials            = (known after apply)
      + basicauthenabled                = (known after apply)
      + bootstraptime                   = (known after apply)
      + command                         = (known after apply)
      + concurrencypolicy               = (known after apply)
      + containerport                   = "80"
      + customdnsmode                   = (known after apply)
      + defaulthostname                 = (known after apply)
      + dnsfailoverenabled              = (known after apply)
      + dnsttl                          = (known after apply)
      + encryptionkeys                  = [
          + {
              + handle    = "enc-40f88962"
              + mountpath = "/etc/bahriya/enc"
            },
        ]
      + envfiles                        = [
          + {
              + handle          = "env-40f88962"
              + injectionmethod = "envFrom"
            },
        ]
      + ephemeralstoragegb              = (known after apply)
      + externalnetworkingenabled       = (known after apply)
      + failedjobshistorylimit          = (known after apply)
      + gpgkeypairs                     = [
          + {
              + handle    = "gpg-40f88962"
              + mountpath = "/etc/bahriya/gpg"
            },
        ]
      + handle                          = "web-40f88962"
      + healthcheckpath                 = "/"
      + hostnames                       = [
          + {
              + hostname    = "web-40f88962.e2e.bahriya.test"
              + wwwredirect = false
            },
        ]
      + id                              = (known after apply)
      + image                           = "nginx:alpine"
      + initjobs                        = (known after apply)
      + ipblacklist                     = (known after apply)
      + ipblacklistenabled              = (known after apply)
      + ipwhitelist                     = (known after apply)
      + ipwhitelistenabled              = (known after apply)
      + jsonconfigs                     = [
          + {
              + handle    = "json-40f88962"
              + mountpath = "/etc/bahriya/cfg/json"
            },
        ]
      + maxcpu                          = (known after apply)
      + maxmemory                       = (known after apply)
      + mincpu                          = "100"
      + minmemory                       = "128"
      + name                            = "TF E2E Web 40f88962"
      + networkpolicies                 = [
          + "netpol-40f88962",
        ]
      + newenvvar                       = [
          + {
              + key   = "APP_MODE"
              + value = "e2e"
            },
        ]
      + organisation                    = (known after apply)
      + persistentvolumes               = [
          + {
              + handle    = "data"
              + mountpath = "/var/lib/data"
              + sizegb    = 1
            },
        ]
      + plainconfigs                    = [
          + {
              + handle    = "plain-40f88962"
              + mountpath = "/etc/bahriya/cfg/plain"
            },
        ]
      + project                         = (known after apply)
      + projectname                     = (known after apply)
      + prometheuspath                  = (known after apply)
      + prometheusport                  = (known after apply)
      + proxycacheallowforcecacheheader = (known after apply)
      + proxycachecontenttypes          = (known after apply)
      + proxycacheenabled               = (known after apply)
      + proxycachehonorcachecontrol     = (known after apply)
      + proxycachemaxitemsizemb         = (known after apply)
      + proxycachememcached             = (known after apply)
      + proxycacherequestmethods        = (known after apply)
      + proxycacheresponsecodes         = (known after apply)
      + proxycachesizemb                = (known after apply)
      + proxycachestoragettl            = (known after apply)
      + proxycachettl                   = (known after apply)
      + proxycachevariant               = (known after apply)
      + proxycachevarybodyjsonfields    = (known after apply)
      + proxycachevaryheaders           = (known after apply)
      + proxycachevaryqueryparams       = (known after apply)
      + ratelimitingenabled             = (known after apply)
      + ratelimitingrequestsperhour     = (known after apply)
      + ratelimitingrequestsperminute   = (known after apply)
      + ratelimitingrequestspersecond   = (known after apply)
      + registry                        = (known after apply)
      + schedule                        = (known after apply)
      + secretsenvvar                   = [
          + {
              + name   = "APP_SECRET"
              + secret = "sec-40f88962"
            },
        ]
      + sshkeypairs                     = [
          + {
              + handle    = "ssh-40f88962"
              + mountpath = "/etc/bahriya/ssh"
            },
        ]
      + startingdeadlineseconds         = (known after apply)
      + status                          = (known after apply)
      + successfuljobshistorylimit      = (known after apply)
      + suspended                       = (known after apply)
      + timezone                        = (known after apply)
      + tlsbundles                      = [
          + {
              + handle    = "tls-40f88962"
              + mountpath = "/etc/bahriya/tls"
            },
        ]
      + ttlsecondsafterfinished         = (known after apply)
      + type                            = "http"
      + vanityhostname                  = (known after apply)
      + x509certs                       = [
          + {
              + handle    = "x509-40f88962"
              + mountpath = "/etc/bahriya/x509"
            },
        ]
      + yamlconfigs                     = [
          + {
              + handle    = "yaml-40f88962"
              + mountpath = "/etc/bahriya/cfg/yaml"
            },
        ]
    }

  # bahriya_container.worker will be created
  + resource "bahriya_container" "worker" {
      + activedeadlineseconds           = (known after apply)
      + activeregions                   = [
          + "helsinki-1",
        ]
      + args                            = (known after apply)
      + autoscalingenabled              = (known after apply)
      + autoscalingmaxreplicas          = (known after apply)
      + autoscalingminreplicas          = "1"
      + autoscalingtargetcpu            = (known after apply)
      + autoscalingtargetmemory         = (known after apply)
      + backofflimit                    = (known after apply)
      + basicauthcredentials            = (known after apply)
      + basicauthenabled                = (known after apply)
      + bootstraptime                   = (known after apply)
      + command                         = (known after apply)
      + concurrencypolicy               = (known after apply)
      + containerport                   = (known after apply)
      + customdnsmode                   = (known after apply)
      + defaulthostname                 = (known after apply)
      + dnsfailoverenabled              = (known after apply)
      + dnsttl                          = (known after apply)
      + encryptionkeys                  = (known after apply)
      + envfiles                        = (known after apply)
      + ephemeralstoragegb              = (known after apply)
      + externalnetworkingenabled       = (known after apply)
      + failedjobshistorylimit          = (known after apply)
      + gpgkeypairs                     = (known after apply)
      + handle                          = "worker-40f88962"
      + healthcheckpath                 = (known after apply)
      + hostnames                       = (known after apply)
      + id                              = (known after apply)
      + image                           = "nginx:alpine"
      + initjobs                        = (known after apply)
      + ipblacklist                     = (known after apply)
      + ipblacklistenabled              = (known after apply)
      + ipwhitelist                     = (known after apply)
      + ipwhitelistenabled              = (known after apply)
      + jsonconfigs                     = (known after apply)
      + maxcpu                          = (known after apply)
      + maxmemory                       = (known after apply)
      + mincpu                          = "100"
      + minmemory                       = "128"
      + name                            = "TF E2E Worker 40f88962"
      + networkpolicies                 = (known after apply)
      + newenvvar                       = (known after apply)
      + organisation                    = (known after apply)
      + persistentvolumes               = (known after apply)
      + plainconfigs                    = (known after apply)
      + project                         = (known after apply)
      + projectname                     = (known after apply)
      + prometheuspath                  = (known after apply)
      + prometheusport                  = (known after apply)
      + proxycacheallowforcecacheheader = (known after apply)
      + proxycachecontenttypes          = (known after apply)
      + proxycacheenabled               = (known after apply)
      + proxycachehonorcachecontrol     = (known after apply)
      + proxycachemaxitemsizemb         = (known after apply)
      + proxycachememcached             = (known after apply)
      + proxycacherequestmethods        = (known after apply)
      + proxycacheresponsecodes         = (known after apply)
      + proxycachesizemb                = (known after apply)
      + proxycachestoragettl            = (known after apply)
      + proxycachettl                   = (known after apply)
      + proxycachevariant               = (known after apply)
      + proxycachevarybodyjsonfields    = (known after apply)
      + proxycachevaryheaders           = (known after apply)
      + proxycachevaryqueryparams       = (known after apply)
      + ratelimitingenabled             = (known after apply)
      + ratelimitingrequestsperhour     = (known after apply)
      + ratelimitingrequestsperminute   = (known after apply)
      + ratelimitingrequestspersecond   = (known after apply)
      + registry                        = (known after apply)
      + schedule                        = (known after apply)
      + secretsenvvar                   = [
          + {
              + name   = "WORKER_SECRET"
              + secret = "sec-40f88962"
            },
        ]
      + sshkeypairs                     = (known after apply)
      + startingdeadlineseconds         = (known after apply)
      + status                          = (known after apply)
      + successfuljobshistorylimit      = (known after apply)
      + suspended                       = (known after apply)
      + timezone                        = (known after apply)
      + tlsbundles                      = (known after apply)
      + ttlsecondsafterfinished         = (known after apply)
      + type                            = "worker"
      + vanityhostname                  = (known after apply)
      + x509certs                       = (known after apply)
      + yamlconfigs                     = (known after apply)
    }

  # bahriya_encryption_key.main will be created
  + resource "bahriya_encryption_key" "main" {
      + algorithm             = "AES-256"
      + billable              = (known after apply)
      + currentversion        = (known after apply)
      + format                = "base64"
      + handle                = "enc-40f88962"
      + id                    = (known after apply)
      + key                   = (sensitive value)
      + keybits               = (known after apply)
      + managedbyresourceid   = (known after apply)
      + managedbyresourcetype = (known after apply)
      + maxversions           = (known after apply)
      + name                  = "TF E2E Encryption Key 40f88962"
      + organisation          = (known after apply)
    }

  # bahriya_env_file.main will be created
  + resource "bahriya_env_file" "main" {
      + billable              = (known after apply)
      + content               = <<-EOT
            # E2E env file
            APP_MODE=production
            LOG_LEVEL=info
            FEATURE_X_ENABLED=true
        EOT
      + currentversion        = (known after apply)
      + entrycount            = (known after apply)
      + handle                = "env-40f88962"
      + id                    = (known after apply)
      + managedbyresourceid   = (known after apply)
      + managedbyresourcetype = (known after apply)
      + maxversions           = (known after apply)
      + name                  = "TF E2E Env File 40f88962"
      + organisation          = (known after apply)
    }

  # bahriya_gpg_keypair.main will be created
  + resource "bahriya_gpg_keypair" "main" {
      + algorithm             = (known after apply)
      + billable              = (known after apply)
      + currentversion        = (known after apply)
      + handle                = "gpg-40f88962"
      + id                    = (known after apply)
      + keybits               = (known after apply)
      + keyid                 = (known after apply)
      + managedbyresourceid   = (known after apply)
      + managedbyresourcetype = (known after apply)
      + maxversions           = (known after apply)
      + name                  = "TF E2E GPG Keypair 40f88962"
      + organisation          = (known after apply)
      + privatekey            = (sensitive value)
      + publickey             = (sensitive value)
      + uid                   = (known after apply)
    }

  # bahriya_json_config.main will be created
  + resource "bahriya_json_config" "main" {
      + billable              = (known after apply)
      + content               = jsonencode(
            {
              + features = [
                  + "alpha",
                  + "beta",
                ]
              + replicas = 1
              + service  = "e2e-40f88962"
            }
        )
      + currentversion        = (known after apply)
      + handle                = "json-40f88962"
      + id                    = (known after apply)
      + managedbyresourceid   = (known after apply)
      + managedbyresourcetype = (known after apply)
      + maxversions           = (known after apply)
      + name                  = "TF E2E JSON Config 40f88962"
      + organisation          = (known after apply)
    }

  # bahriya_memcached.cache will be created
  + resource "bahriya_memcached" "cache" {
      + activeregions      = [
          + "helsinki-1",
        ]
      + handle             = "cache-40f88962"
      + id                 = (known after apply)
      + managedbycontainer = (known after apply)
      + maxconnections     = (known after apply)
      + maxitemsizemb      = (known after apply)
      + memorymb           = 512
      + name               = "TF E2E Cache 40f88962"
      + networkpolicies    = (known after apply)
      + nodes              = (known after apply)
      + organisation       = (known after apply)
      + project            = (known after apply)
      + projectname        = (known after apply)
      + status             = (known after apply)
      + threads            = (known after apply)
    }

  # bahriya_network_policy.main will be created
  + resource "bahriya_network_policy" "main" {
      + billable              = (known after apply)
      + egresscidrs           = [
          + "10.0.0.0/8",
        ]
      + egressfqdns           = (known after apply)
      + handle                = "netpol-40f88962"
      + id                    = (known after apply)
      + ingresspeers          = [
          + "tfe2epeer-40f88962",
        ]
      + l7enabled             = (known after apply)
      + managedbyresourceid   = (known after apply)
      + managedbyresourcetype = (known after apply)
      + name                  = "TF E2E Network Policy 40f88962"
      + organisation          = (known after apply)
      + ports                 = [
          + {
              + port     = 443
              + protocol = "TCP"
            },
        ]
    }

  # bahriya_path_rule.admin will be created
  + resource "bahriya_path_rule" "admin" {
      + basicauthcredentials = [
          + {
              + password = (sensitive value)
              + username = "alice"
            },
        ]
      + basicauthenabled     = true
      + container_id         = (known after apply)
      + handle               = "admin-40f88962"
      + id                   = (known after apply)
      + ipblacklist          = (known after apply)
      + ipblacklistenabled   = (known after apply)
      + ipwhitelist          = [
          + "10.0.0.0/8",
        ]
      + ipwhitelistenabled   = true
      + path                 = "/admin"
      + priority             = 100
      + ratelimitingenabled  = (known after apply)
    }

  # bahriya_path_rule.webhook will be created
  + resource "bahriya_path_rule" "webhook" {
      + basicauthcredentials          = (known after apply)
      + basicauthenabled              = (known after apply)
      + container_id                  = (known after apply)
      + handle                        = "webhook-40f88962"
      + id                            = (known after apply)
      + ipblacklist                   = (known after apply)
      + ipblacklistenabled            = (known after apply)
      + ipwhitelist                   = (known after apply)
      + ipwhitelistenabled            = (known after apply)
      + path                          = "/webhook"
      + priority                      = (known after apply)
      + ratelimitingenabled           = true
      + ratelimitingrequestsperhour   = 1000
      + ratelimitingrequestsperminute = 60
    }

  # bahriya_plain_config.main will be created
  + resource "bahriya_plain_config" "main" {
      + billable              = (known after apply)
      + content               = <<-EOT
            # Plain text config for e2e-40f88962
            key1=value1
            key2=value2
        EOT
      + contentlength         = (known after apply)
      + currentversion        = (known after apply)
      + handle                = "plain-40f88962"
      + id                    = (known after apply)
      + managedbyresourceid   = (known after apply)
      + managedbyresourcetype = (known after apply)
      + maxversions           = (known after apply)
      + name                  = "TF E2E Plain Config 40f88962"
      + organisation          = (known after apply)
    }

  # bahriya_project.e2e will be created
  + resource "bahriya_project" "e2e" {
      + handle             = "tfe2e-40f88962"
      + id                 = (known after apply)
      + name               = "TF E2E Comprehensive 40f88962"
      + organisation       = (known after apply)
      + quotalimitcpu      = (known after apply)
      + quotalimitmemory   = (known after apply)
      + quotarequestcpu    = (known after apply)
      + quotarequestmemory = (known after apply)
      + regions            = [
          + "helsinki-1",
        ]
      + users              = (known after apply)
    }

  # bahriya_project.peer will be created
  + resource "bahriya_project" "peer" {
      + handle             = "tfe2epeer-40f88962"
      + id                 = (known after apply)
      + name               = "TF E2E Peer 40f88962"
      + organisation       = (known after apply)
      + quotalimitcpu      = (known after apply)
      + quotalimitmemory   = (known after apply)
      + quotarequestcpu    = (known after apply)
      + quotarequestmemory = (known after apply)
      + regions            = [
          + "helsinki-1",
        ]
      + users              = (known after apply)
    }

  # bahriya_project_encryption_key_attachment.main will be created
  + resource "bahriya_project_encryption_key_attachment" "main" {
      + handle     = "enc-40f88962"
      + id         = (known after apply)
      + join_id    = (known after apply)
      + project_id = (known after apply)
    }

  # bahriya_project_env_file_attachment.main will be created
  + resource "bahriya_project_env_file_attachment" "main" {
      + handle     = "env-40f88962"
      + id         = (known after apply)
      + join_id    = (known after apply)
      + project_id = (known after apply)
    }

  # bahriya_project_gpg_keypair_attachment.main will be created
  + resource "bahriya_project_gpg_keypair_attachment" "main" {
      + handle     = "gpg-40f88962"
      + id         = (known after apply)
      + join_id    = (known after apply)
      + project_id = (known after apply)
    }

  # bahriya_project_json_config_attachment.main will be created
  + resource "bahriya_project_json_config_attachment" "main" {
      + handle     = "json-40f88962"
      + id         = (known after apply)
      + join_id    = (known after apply)
      + project_id = (known after apply)
    }

  # bahriya_project_network_policy_attachment.main will be created
  + resource "bahriya_project_network_policy_attachment" "main" {
      + handle     = "netpol-40f88962"
      + id         = (known after apply)
      + join_id    = (known after apply)
      + project_id = (known after apply)
    }

  # bahriya_project_plain_config_attachment.main will be created
  + resource "bahriya_project_plain_config_attachment" "main" {
      + handle     = "plain-40f88962"
      + id         = (known after apply)
      + join_id    = (known after apply)
      + project_id = (known after apply)
    }

  # bahriya_project_registry_attachment.main will be created
  + resource "bahriya_project_registry_attachment" "main" {
      + handle     = "reg-40f88962"
      + id         = (known after apply)
      + join_id    = (known after apply)
      + project_id = (known after apply)
    }

  # bahriya_project_secret_attachment.main will be created
  + resource "bahriya_project_secret_attachment" "main" {
      + handle     = "sec-40f88962"
      + id         = (known after apply)
      + join_id    = (known after apply)
      + project_id = (known after apply)
    }

  # bahriya_project_ssh_keypair_attachment.main will be created
  + resource "bahriya_project_ssh_keypair_attachment" "main" {
      + handle     = "ssh-40f88962"
      + id         = (known after apply)
      + join_id    = (known after apply)
      + project_id = (known after apply)
    }

  # bahriya_project_tls_bundle_attachment.main will be created
  + resource "bahriya_project_tls_bundle_attachment" "main" {
      + handle     = "tls-40f88962"
      + id         = (known after apply)
      + join_id    = (known after apply)
      + project_id = (known after apply)
    }

  # bahriya_project_x509_cert_attachment.main will be created
  + resource "bahriya_project_x509_cert_attachment" "main" {
      + handle     = "x509-40f88962"
      + id         = (known after apply)
      + join_id    = (known after apply)
      + project_id = (known after apply)
    }

  # bahriya_project_yaml_config_attachment.main will be created
  + resource "bahriya_project_yaml_config_attachment" "main" {
      + handle     = "yaml-40f88962"
      + id         = (known after apply)
      + join_id    = (known after apply)
      + project_id = (known after apply)
    }

  # bahriya_registry.main will be created
  + resource "bahriya_registry" "main" {
      + billable              = (known after apply)
      + currentversionid      = (known after apply)
      + handle                = "reg-40f88962"
      + id                    = (known after apply)
      + managedbyresourceid   = (known after apply)
      + managedbyresourcetype = (known after apply)
      + maxversions           = (known after apply)
      + name                  = "TF E2E Registry 40f88962"
      + password              = (sensitive value)
      + server                = "ghcr.io"
      + username              = "e2e-user"
    }

  # bahriya_secret.main will be created
  + resource "bahriya_secret" "main" {
      + billable              = (known after apply)
      + handle                = "sec-40f88962"
      + id                    = (known after apply)
      + managedbyresourceid   = (known after apply)
      + managedbyresourcetype = (known after apply)
      + maxversions           = (known after apply)
      + name                  = "TF E2E Secret 40f88962"
      + value                 = (sensitive value)
    }

  # bahriya_ssh_keypair.main will be created
  + resource "bahriya_ssh_keypair" "main" {
      + algorithm             = (known after apply)
      + billable              = (known after apply)
      + comment               = (known after apply)
      + currentversion        = (known after apply)
      + handle                = "ssh-40f88962"
      + id                    = (known after apply)
      + keybits               = (known after apply)
      + keyid                 = (known after apply)
      + managedbyresourceid   = (known after apply)
      + managedbyresourcetype = (known after apply)
      + maxversions           = (known after apply)
      + name                  = "TF E2E SSH Keypair 40f88962"
      + organisation          = (known after apply)
      + privatekey            = (sensitive value)
      + publickey             = (sensitive value)
    }

  # bahriya_tls_bundle.main will be created
  + resource "bahriya_tls_bundle" "main" {
      + algorithm             = (known after apply)
      + billable              = (known after apply)
      + ca                    = <<-EOT
            -----BEGIN CERTIFICATE-----
            MIIDQTCCAimgAwIBAgIUZ2xWSlNBoFLW4WvjQz9MZRYtObgwDQYJKoZIhvcNAQEL
            BQAwMDEYMBYGA1UEAwwPQmFocml5YSBUZXN0IENBMRQwEgYDVQQKDAtCYWhyaXlh
            IEUyRTAeFw0yNjA3MTUwOTA3MzJaFw0yNzA3MTUwOTA3MzJaMDAxGDAWBgNVBAMM
            D0JhaHJpeWEgVGVzdCBDQTEUMBIGA1UECgwLQmFocml5YSBFMkUwggEiMA0GCSqG
            SIb3DQEBAQUAA4IBDwAwggEKAoIBAQCluD/0mjRg3eZfU7uCH1iJzkpvpcQ3QFmN
            +tS4N4OAYjk4XHEABG2tZhAekL1bARZpaqOAJZtmgRFBME4O4hvUpJnSn8pXfHW8
            XAXjRmvWN8DiU10THX4UJj/dq0d8jJJ0++XYDWwQEpveBiUbwqXEd9raO+K/ljhQ
            3wCS2xrHOcTABDqtRzMy/3BqNIWm86Kw4fdGUMvN02slh+lbjX8OiWhdZBy/OIlR
            qPuOttmZc+JXUesqx1ZUVpnK9kwVEJXVRaV85NGbbrdWIALN3+DP8phJ+AbEovnZ
            NmB6ZaWUFd2J4hvKVapVK64alKLsSO1mmz6HlDTsItm8WHkIEm7lAgMBAAGjUzBR
            MB0GA1UdDgQWBBTvSQqZfvuJlaBIDHLrEYfJc8HvDDAfBgNVHSMEGDAWgBTvSQqZ
            fvuJlaBIDHLrEYfJc8HvDDAPBgNVHRMBAf8EBTADAQH/MA0GCSqGSIb3DQEBCwUA
            A4IBAQCHjBrmGyLLAqj6wsDKP4NDZ8kaol7B/hMaYV1V2rTngU8nyM1XsQVEQYrb
            LExcgZ8bSPslZuuLSXpDfl14j1gmQZSPtXkjDmJg2PHh4dYD+OvLDx+qpB89JwgQ
            wA2MumDHSt7KNuODyAz9gj+MmnLouhFV8AlPHZ8xrXDjwTPE81rF7tjgzk5f3NU9
            WJockaaEq9M0uT7NwtOH5C96rHtHSTaCQZ50InJpOPcRqkdmORAAOw0aoAOz1gk/
            /99+/S7z5t99SBqBSG+9U7hK5m4zbyuLJ5RyMSzRL50VWWhesocP4OApKAAL5JUE
            BveQftZ8PpkwRPnD8UbQfoxjXvat
            -----END CERTIFICATE-----
        EOT
      + cert                  = <<-EOT
            -----BEGIN CERTIFICATE-----
            MIIDOjCCAiKgAwIBAgIUcNOcaDA51UkgG+L3upO+SXaqQaswDQYJKoZIhvcNAQEL
            BQAwMDEYMBYGA1UEAwwPQmFocml5YSBUZXN0IENBMRQwEgYDVQQKDAtCYWhyaXlh
            IEUyRTAeFw0yNjA3MTUwOTA3MzJaFw0yNzA3MTUwOTA3MzJaMDoxIjAgBgNVBAMM
            GWUyZS00MGY4ODk2Mi5iYWhyaXlhLnRlc3QxFDASBgNVBAoMC0JhaHJpeWEgRTJF
            MIIBIjANBgkqhkiG9w0BAQEFAAOCAQ8AMIIBCgKCAQEAs9vOQuxgBIUi/KecN4id
            aGBWs13Xo8ql1EyvXrowraJk01VtiGJ8nM4KTuBIFDezTLcrJTiIm1B+hgY9EBmG
            deKPsF80Ny3hr3ZCMPgh8iAWO09uXDNmrJ6BzhinrSqFEvJI3vYPiw+n5bNlZ4Ni
            yChM86nKU7AoaYRPpt7PFXmWbwQhyxjLJ0b93Z8+gqaIaE7Blp0fTX2Bc7iBqB+h
            5P0JDHqSgvuraTft5RUW5yNKeUHbXx8AUbjDx3R7wD5qoFZLfbEUkBBcjAmwbSQR
            1atxliA1T3W/W/RgBxCwqfnz388kWZDUz308QyVD6Ph7auLNSR5mlrlM0bp/uVzv
            jwIDAQABo0IwQDAdBgNVHQ4EFgQUH5jPj53fzvMnnzqCElChfANnVWAwHwYDVR0j
            BBgwFoAU70kKmX77iZWgSAxy6xGHyXPB7wwwDQYJKoZIhvcNAQELBQADggEBAIcP
            UWCs69Il8TM2YjasDupb82AIH3x0dGS+96gnFwDc/3zCPpXSXGMASWd8Tk8YPbOT
            NARiNMsZzEXkF7WL8nCW9qxblGmU2sjx8L2+5WvDcRIaGs4OfkSKQsZkzyaxO8qJ
            T7ho+G7J4nUi5g4aGQ8feYHifiJEFv0ngxpOZjxkUguYV2s5mC7cHKxc/e2+Mak4
            w0W+7XHmb93lgIUbgX66kWkBfnoaDGOwpO0VXhs2gpfI5nSk8z6aK7nazelPDVQz
            LpfGH2DBAr1vsJFvMnqy9c8IM3mI8BNbS7GMT4JvxgvxxXujQ3b4X6gyhRKzh4t7
            axPhGOJVzkzHpl3pRe4=
            -----END CERTIFICATE-----
        EOT
      + currentversion        = (known after apply)
      + fingerprint           = (known after apply)
      + handle                = "tls-40f88962"
      + id                    = (known after apply)
      + issuer                = (known after apply)
      + key                   = (sensitive value)
      + keybits               = (known after apply)
      + managedbyresourceid   = (known after apply)
      + managedbyresourcetype = (known after apply)
      + maxversions           = (known after apply)
      + name                  = "TF E2E TLS Bundle 40f88962"
      + organisation          = (known after apply)
      + subject               = (known after apply)
    }

  # bahriya_x509_cert.main will be created
  + resource "bahriya_x509_cert" "main" {
      + algorithm             = (known after apply)
      + billable              = (known after apply)
      + cert                  = <<-EOT
            -----BEGIN CERTIFICATE-----
            MIIDXzCCAkegAwIBAgIUPkBRUwiyztHzC5BSon3cjQAeNAwwDQYJKoZIhvcNAQEL
            BQAwPzEnMCUGA1UEAwweZTJlLXg1MDktNDBmODg5NjIuYmFocml5YS50ZXN0MRQw
            EgYDVQQKDAtCYWhyaXlhIEUyRTAeFw0yNjA3MTUwOTA3MzJaFw0yNzA3MTUwOTA3
            MzJaMD8xJzAlBgNVBAMMHmUyZS14NTA5LTQwZjg4OTYyLmJhaHJpeWEudGVzdDEU
            MBIGA1UECgwLQmFocml5YSBFMkUwggEiMA0GCSqGSIb3DQEBAQUAA4IBDwAwggEK
            AoIBAQCV+jat12RtBn3cTHNoZ7r+fm4Mu9N/HF5y/CSvPJuXHkmy2ePnOO9uemJ+
            mwMgLsYn/gKwnLs+9CkGF1gYYGbTWrvU/cFcyCublTJZ3zpjam5bLlD+9jzT22sY
            gtafx4nyZ633PVLzrXDpvyBl8UfKJjx9XiqmC+AZnfBDLLEZysONAjCV8g53gTSU
            gGEaMvB5YbqSvzW8pOk3/NfWbBHaDBzIF7qPiNsXwVftENAlWHIceviOLluWsiku
            zg8o6xIY3brAygu9eisO0pqxEtEnvrVaMMt7RG3Nly25KrBgKrwKkJo4CvTHBkc8
            rvsSp4rzUTrGxX/dEL3MaBlCmYdjAgMBAAGjUzBRMB0GA1UdDgQWBBTZMzgOto2F
            nAoMRlJw5ttyrXKS2TAfBgNVHSMEGDAWgBTZMzgOto2FnAoMRlJw5ttyrXKS2TAP
            BgNVHRMBAf8EBTADAQH/MA0GCSqGSIb3DQEBCwUAA4IBAQBdcMFg1ip7ZsNc2dNb
            23hWa0HAL38VazgsmwYBQ5N5eJ/RWb7psQqx3vDRKuveg/EOr/DraoCjha21Pi6m
            c8cGw5LP7kDGEXRTLcxHLU8RVy2CeDMOinIa41q3BcO+h3rsaAmfNA3yvbrlNxmD
            UGMgOjfPZ/4h+l1UKzQYBpy34E3EwnvrlKupP/CiXdEya273d2mhEQr7SAAsbzZ+
            te0kdSMzTsTM6D6ahLtTkys/VMTljAU7woTrEzCU4s8swq/MldxYcKaIC1j5kjxc
            UQcuyUGVDjnnw8SHH2WF86FQ8FXzVbrVHPCX++xrxKXsoaSJn8rBNfAQ2uwbNW9f
            uhuV
            -----END CERTIFICATE-----
        EOT
      + currentversion        = (known after apply)
      + fingerprint           = (known after apply)
      + handle                = "x509-40f88962"
      + id                    = (known after apply)
      + issuer                = (known after apply)
      + managedbyresourceid   = (known after apply)
      + managedbyresourcetype = (known after apply)
      + maxversions           = (known after apply)
      + name                  = "TF E2E X509 Cert 40f88962"
      + organisation          = (known after apply)
      + subject               = (known after apply)
    }

  # bahriya_yaml_config.main will be created
  + resource "bahriya_yaml_config" "main" {
      + billable              = (known after apply)
      + content               = <<-EOT
            service:
              name: e2e-40f88962
              replicas: 1
              features:
                - alpha
                - beta
        EOT
      + currentversion        = (known after apply)
      + handle                = "yaml-40f88962"
      + id                    = (known after apply)
      + managedbyresourceid   = (known after apply)
      + managedbyresourcetype = (known after apply)
      + maxversions           = (known after apply)
      + name                  = "TF E2E YAML Config 40f88962"
      + organisation          = (known after apply)
    }

Plan: 32 to add, 0 to change, 0 to destroy.

Changes to Outputs:
  + active_regions          = [
      + "falkenstein-1",
      + "helsinki-1",
      + "virginia-1",
      + "singapore-1",
    ]
  + cron_container_status   = (known after apply)
  + memcached_id            = (known after apply)
  + memcached_status        = (known after apply)
  + network_policy_id       = (known after apply)
  + project_id              = (known after apply)
  + registry_id             = (known after apply)
  + secret_id               = (known after apply)
  + suffix                  = "40f88962"
  + web_container_id        = (known after apply)
  + web_container_status    = (known after apply)
  + worker_container_status = (known after apply)
bahriya_secret.main: Creating...
bahriya_project.peer: Creating...
bahriya_json_config.main: Creating...
bahriya_x509_cert.main: Creating...
bahriya_project.e2e: Creating...
bahriya_ssh_keypair.main: Creating...
bahriya_env_file.main: Creating...
bahriya_encryption_key.main: Creating...
bahriya_gpg_keypair.main: Creating...
bahriya_tls_bundle.main: Creating...
bahriya_env_file.main: Creation complete after 3s [id=cf73e00d-9c2c-43ff-b867-adc03b6fdb1a]
bahriya_yaml_config.main: Creating...
bahriya_json_config.main: Creation complete after 4s [id=e5f30265-fac2-4cb5-89f2-b60a51c7cea4]
bahriya_plain_config.main: Creating...
bahriya_tls_bundle.main: Creation complete after 4s [id=f4098133-e555-4f35-88bd-9d5e4ef3307a]
bahriya_registry.main: Creating...
bahriya_project.e2e: Creation complete after 4s [id=b1c043e2-9887-45dd-a1b9-ecd4ff9911f7]
bahriya_secret.main: Creation complete after 4s [id=09ee9d7f-e1d2-41a8-97c0-45fed56d758e]
bahriya_memcached.cache: Creating...
bahriya_container.cron: Creating...
bahriya_project.peer: Creation complete after 4s [id=34cbbc95-b7dc-4c9d-90ee-153253a91a06]
bahriya_project_json_config_attachment.main: Creating...
bahriya_x509_cert.main: Creation complete after 4s [id=2ca382d0-e6ce-43c6-a40f-1d2bbbb5af81]
bahriya_ssh_keypair.main: Creation complete after 4s [id=0a05a560-3600-4501-a457-febb3e7d75b3]
bahriya_project_tls_bundle_attachment.main: Creating...
bahriya_project_env_file_attachment.main: Creating...
bahriya_encryption_key.main: Creation complete after 4s [id=38228b67-3eea-4751-8f84-939c317578bb]
bahriya_project_secret_attachment.main: Creating...
bahriya_gpg_keypair.main: Creation complete after 5s [id=9419a626-5fc6-4495-8da3-cc5f36d3658a]
bahriya_network_policy.main: Creating...
bahriya_project_json_config_attachment.main: Creation complete after 1s [id=b1c043e2-9887-45dd-a1b9-ecd4ff9911f7:json-40f88962]
bahriya_project_x509_cert_attachment.main: Creating...
bahriya_project_tls_bundle_attachment.main: Creation complete after 1s [id=b1c043e2-9887-45dd-a1b9-ecd4ff9911f7:tls-40f88962]
bahriya_project_ssh_keypair_attachment.main: Creating...
bahriya_project_env_file_attachment.main: Creation complete after 2s [id=b1c043e2-9887-45dd-a1b9-ecd4ff9911f7:env-40f88962]
bahriya_project_encryption_key_attachment.main: Creating...
bahriya_project_secret_attachment.main: Creation complete after 2s [id=b1c043e2-9887-45dd-a1b9-ecd4ff9911f7:sec-40f88962]
bahriya_project_gpg_keypair_attachment.main: Creating...
bahriya_project_x509_cert_attachment.main: Creation complete after 1s [id=b1c043e2-9887-45dd-a1b9-ecd4ff9911f7:x509-40f88962]
bahriya_container.worker: Creating...
bahriya_project_ssh_keypair_attachment.main: Creation complete after 2s [id=b1c043e2-9887-45dd-a1b9-ecd4ff9911f7:ssh-40f88962]
bahriya_project_encryption_key_attachment.main: Creation complete after 1s [id=b1c043e2-9887-45dd-a1b9-ecd4ff9911f7:enc-40f88962]
bahriya_yaml_config.main: Creation complete after 4s [id=13ec2570-54f6-48c3-b17b-15ae52cc8547]
bahriya_project_yaml_config_attachment.main: Creating...
bahriya_project_gpg_keypair_attachment.main: Creation complete after 1s [id=b1c043e2-9887-45dd-a1b9-ecd4ff9911f7:gpg-40f88962]
bahriya_registry.main: Creation complete after 3s [id=9ec01d85-eddf-4d33-a5e3-1fd559c4eb95]
bahriya_project_registry_attachment.main: Creating...
bahriya_plain_config.main: Creation complete after 3s [id=4a9ac88f-160f-494d-83ef-45f4e115f6fd]
bahriya_project_plain_config_attachment.main: Creating...
bahriya_network_policy.main: Creation complete after 3s [id=b90a94b5-7d7c-4342-b877-1624fd11f1b1]
bahriya_project_network_policy_attachment.main: Creating...
bahriya_project_registry_attachment.main: Creation complete after 1s [id=b1c043e2-9887-45dd-a1b9-ecd4ff9911f7:reg-40f88962]
bahriya_project_yaml_config_attachment.main: Creation complete after 1s [id=b1c043e2-9887-45dd-a1b9-ecd4ff9911f7:yaml-40f88962]
bahriya_project_plain_config_attachment.main: Creation complete after 2s [id=b1c043e2-9887-45dd-a1b9-ecd4ff9911f7:plain-40f88962]
bahriya_project_network_policy_attachment.main: Creation complete after 1s [id=b1c043e2-9887-45dd-a1b9-ecd4ff9911f7:netpol-40f88962]
bahriya_container.web: Creating...
bahriya_memcached.cache: Still creating... [00m10s elapsed]
bahriya_container.cron: Still creating... [00m10s elapsed]
bahriya_container.worker: Still creating... [00m10s elapsed]
bahriya_container.web: Still creating... [00m10s elapsed]
bahriya_memcached.cache: Still creating... [00m20s elapsed]
bahriya_container.cron: Still creating... [00m20s elapsed]
bahriya_container.worker: Still creating... [00m20s elapsed]
bahriya_container.web: Still creating... [00m20s elapsed]
bahriya_memcached.cache: Still creating... [00m30s elapsed]
bahriya_container.cron: Still creating... [00m30s elapsed]
bahriya_container.worker: Still creating... [00m30s elapsed]
bahriya_container.web: Still creating... [00m30s elapsed]
bahriya_memcached.cache: Still creating... [00m40s elapsed]
bahriya_container.cron: Still creating... [00m40s elapsed]
bahriya_container.worker: Still creating... [00m40s elapsed]
bahriya_container.web: Still creating... [00m40s elapsed]
bahriya_memcached.cache: Still creating... [00m50s elapsed]
bahriya_container.cron: Still creating... [00m50s elapsed]
bahriya_container.worker: Still creating... [00m50s elapsed]
bahriya_container.web: Still creating... [00m50s elapsed]
bahriya_memcached.cache: Still creating... [01m00s elapsed]
bahriya_container.cron: Still creating... [01m00s elapsed]
bahriya_container.worker: Still creating... [01m00s elapsed]
bahriya_container.web: Still creating... [01m00s elapsed]
bahriya_memcached.cache: Still creating... [01m10s elapsed]
bahriya_container.cron: Still creating... [01m10s elapsed]
bahriya_container.worker: Still creating... [01m10s elapsed]
bahriya_container.web: Still creating... [01m10s elapsed]
bahriya_container.cron: Still creating... [01m20s elapsed]
bahriya_memcached.cache: Still creating... [01m20s elapsed]
bahriya_container.worker: Still creating... [01m20s elapsed]
bahriya_container.web: Still creating... [01m20s elapsed]
bahriya_memcached.cache: Still creating... [01m30s elapsed]
bahriya_container.cron: Still creating... [01m30s elapsed]
bahriya_container.worker: Still creating... [01m30s elapsed]
bahriya_container.web: Still creating... [01m30s elapsed]
bahriya_container.cron: Still creating... [01m40s elapsed]
bahriya_memcached.cache: Still creating... [01m40s elapsed]
bahriya_container.worker: Still creating... [01m40s elapsed]
bahriya_container.web: Still creating... [01m40s elapsed]
bahriya_memcached.cache: Still creating... [01m50s elapsed]
bahriya_container.cron: Still creating... [01m50s elapsed]
bahriya_container.worker: Still creating... [01m50s elapsed]
bahriya_container.web: Still creating... [01m50s elapsed]
bahriya_container.cron: Still creating... [02m00s elapsed]
bahriya_memcached.cache: Still creating... [02m00s elapsed]
bahriya_container.worker: Still creating... [02m00s elapsed]
bahriya_container.web: Still creating... [02m00s elapsed]
bahriya_memcached.cache: Still creating... [02m10s elapsed]
bahriya_container.cron: Still creating... [02m10s elapsed]
bahriya_container.worker: Still creating... [02m10s elapsed]
bahriya_container.web: Still creating... [02m10s elapsed]
bahriya_container.cron: Still creating... [02m20s elapsed]
bahriya_memcached.cache: Still creating... [02m20s elapsed]
bahriya_container.worker: Still creating... [02m20s elapsed]
bahriya_container.web: Still creating... [02m20s elapsed]
bahriya_memcached.cache: Still creating... [02m30s elapsed]
bahriya_container.cron: Still creating... [02m30s elapsed]
bahriya_container.worker: Still creating... [02m30s elapsed]
bahriya_container.web: Still creating... [02m30s elapsed]
bahriya_container.cron: Still creating... [02m40s elapsed]
bahriya_memcached.cache: Still creating... [02m40s elapsed]
bahriya_container.worker: Still creating... [02m40s elapsed]
bahriya_container.web: Still creating... [02m40s elapsed]
bahriya_memcached.cache: Still creating... [02m50s elapsed]
bahriya_container.cron: Still creating... [02m50s elapsed]
bahriya_container.worker: Still creating... [02m50s elapsed]
bahriya_container.web: Still creating... [02m50s elapsed]
bahriya_container.cron: Still creating... [03m00s elapsed]
bahriya_memcached.cache: Still creating... [03m00s elapsed]
bahriya_container.worker: Still creating... [03m00s elapsed]
bahriya_container.web: Still creating... [03m00s elapsed]
bahriya_memcached.cache: Still creating... [03m10s elapsed]
bahriya_container.cron: Still creating... [03m10s elapsed]
bahriya_container.worker: Still creating... [03m10s elapsed]
bahriya_container.web: Still creating... [03m10s elapsed]
bahriya_container.cron: Still creating... [03m20s elapsed]
bahriya_memcached.cache: Still creating... [03m20s elapsed]
bahriya_container.worker: Still creating... [03m20s elapsed]
bahriya_container.web: Still creating... [03m20s elapsed]
bahriya_memcached.cache: Still creating... [03m30s elapsed]
bahriya_container.cron: Still creating... [03m30s elapsed]
bahriya_container.worker: Still creating... [03m30s elapsed]
bahriya_container.web: Still creating... [03m30s elapsed]
bahriya_container.cron: Still creating... [03m40s elapsed]
bahriya_memcached.cache: Still creating... [03m40s elapsed]
bahriya_container.worker: Still creating... [03m40s elapsed]
bahriya_container.web: Still creating... [03m40s elapsed]
bahriya_memcached.cache: Still creating... [03m50s elapsed]
bahriya_container.cron: Still creating... [03m50s elapsed]
bahriya_container.worker: Still creating... [03m50s elapsed]
bahriya_container.web: Still creating... [03m50s elapsed]
bahriya_container.cron: Still creating... [04m00s elapsed]
bahriya_memcached.cache: Still creating... [04m00s elapsed]
bahriya_container.worker: Still creating... [04m00s elapsed]
bahriya_container.web: Still creating... [04m00s elapsed]
bahriya_memcached.cache: Still creating... [04m10s elapsed]
bahriya_container.cron: Still creating... [04m10s elapsed]
bahriya_container.worker: Still creating... [04m10s elapsed]
bahriya_container.web: Still creating... [04m10s elapsed]
bahriya_container.cron: Still creating... [04m20s elapsed]
bahriya_memcached.cache: Still creating... [04m20s elapsed]
bahriya_container.worker: Still creating... [04m20s elapsed]
bahriya_container.web: Still creating... [04m20s elapsed]
bahriya_memcached.cache: Still creating... [04m30s elapsed]
bahriya_container.cron: Still creating... [04m30s elapsed]
bahriya_container.worker: Still creating... [04m30s elapsed]
bahriya_container.web: Still creating... [04m30s elapsed]
bahriya_container.cron: Still creating... [04m40s elapsed]
bahriya_memcached.cache: Still creating... [04m40s elapsed]
bahriya_container.worker: Still creating... [04m40s elapsed]
bahriya_container.web: Still creating... [04m40s elapsed]
bahriya_memcached.cache: Still creating... [04m50s elapsed]
bahriya_container.cron: Still creating... [04m50s elapsed]
bahriya_container.worker: Still creating... [04m50s elapsed]
bahriya_container.web: Still creating... [04m50s elapsed]
bahriya_container.cron: Still creating... [05m00s elapsed]
bahriya_memcached.cache: Still creating... [05m00s elapsed]
bahriya_container.worker: Still creating... [05m00s elapsed]
bahriya_container.web: Still creating... [05m00s elapsed]
bahriya_memcached.cache: Still creating... [05m10s elapsed]
bahriya_container.cron: Still creating... [05m10s elapsed]
bahriya_container.worker: Still creating... [05m10s elapsed]
bahriya_container.web: Still creating... [05m10s elapsed]
bahriya_container.cron: Still creating... [05m20s elapsed]
bahriya_memcached.cache: Still creating... [05m20s elapsed]
bahriya_container.worker: Still creating... [05m20s elapsed]
bahriya_container.web: Still creating... [05m20s elapsed]
bahriya_memcached.cache: Still creating... [05m30s elapsed]
bahriya_container.cron: Still creating... [05m30s elapsed]
bahriya_container.worker: Still creating... [05m30s elapsed]
bahriya_container.web: Still creating... [05m30s elapsed]
bahriya_container.cron: Still creating... [05m40s elapsed]
bahriya_memcached.cache: Still creating... [05m40s elapsed]
bahriya_container.worker: Still creating... [05m40s elapsed]
bahriya_container.web: Still creating... [05m40s elapsed]
bahriya_container.cron: Still creating... [05m50s elapsed]
bahriya_memcached.cache: Still creating... [05m50s elapsed]
bahriya_container.worker: Still creating... [05m50s elapsed]
bahriya_container.web: Still creating... [05m50s elapsed]
bahriya_memcached.cache: Still creating... [06m00s elapsed]
bahriya_container.cron: Still creating... [06m00s elapsed]
bahriya_container.worker: Still creating... [06m00s elapsed]
bahriya_container.web: Still creating... [06m00s elapsed]
bahriya_container.cron: Still creating... [06m10s elapsed]
bahriya_memcached.cache: Still creating... [06m10s elapsed]
bahriya_container.worker: Still creating... [06m10s elapsed]
bahriya_container.web: Still creating... [06m10s elapsed]
bahriya_memcached.cache: Still creating... [06m20s elapsed]
bahriya_container.cron: Still creating... [06m20s elapsed]
bahriya_container.worker: Still creating... [06m20s elapsed]
bahriya_container.web: Still creating... [06m20s elapsed]
bahriya_container.cron: Still creating... [06m30s elapsed]
bahriya_memcached.cache: Still creating... [06m30s elapsed]
bahriya_container.worker: Still creating... [06m30s elapsed]
bahriya_container.web: Still creating... [06m30s elapsed]
bahriya_memcached.cache: Still creating... [06m40s elapsed]
bahriya_container.cron: Still creating... [06m40s elapsed]
bahriya_container.worker: Still creating... [06m40s elapsed]
bahriya_container.web: Still creating... [06m40s elapsed]
bahriya_container.cron: Still creating... [06m50s elapsed]
bahriya_memcached.cache: Still creating... [06m50s elapsed]
bahriya_container.worker: Still creating... [06m50s elapsed]
bahriya_container.web: Still creating... [06m50s elapsed]
bahriya_memcached.cache: Still creating... [07m00s elapsed]
bahriya_container.cron: Still creating... [07m00s elapsed]
bahriya_container.worker: Still creating... [07m00s elapsed]
bahriya_container.web: Still creating... [07m00s elapsed]
bahriya_container.cron: Still creating... [07m10s elapsed]
bahriya_memcached.cache: Still creating... [07m10s elapsed]
bahriya_container.worker: Still creating... [07m10s elapsed]
bahriya_container.web: Still creating... [07m10s elapsed]
bahriya_memcached.cache: Still creating... [07m20s elapsed]
bahriya_container.cron: Still creating... [07m20s elapsed]
bahriya_container.worker: Still creating... [07m20s elapsed]
bahriya_container.web: Still creating... [07m20s elapsed]
bahriya_memcached.cache: Still creating... [07m30s elapsed]
bahriya_container.cron: Still creating... [07m30s elapsed]
bahriya_container.worker: Still creating... [07m30s elapsed]
bahriya_container.web: Still creating... [07m30s elapsed]
bahriya_container.cron: Still creating... [07m40s elapsed]
bahriya_memcached.cache: Still creating... [07m40s elapsed]
bahriya_container.worker: Still creating... [07m40s elapsed]
bahriya_container.web: Still creating... [07m40s elapsed]
bahriya_memcached.cache: Still creating... [07m50s elapsed]
bahriya_container.cron: Still creating... [07m50s elapsed]
bahriya_container.worker: Still creating... [07m50s elapsed]
bahriya_container.web: Still creating... [07m50s elapsed]
bahriya_container.cron: Still creating... [08m00s elapsed]
bahriya_memcached.cache: Still creating... [08m00s elapsed]
bahriya_container.worker: Still creating... [08m00s elapsed]
bahriya_container.web: Still creating... [08m00s elapsed]
bahriya_memcached.cache: Still creating... [08m10s elapsed]
bahriya_container.cron: Still creating... [08m10s elapsed]
bahriya_container.worker: Still creating... [08m10s elapsed]
bahriya_container.web: Still creating... [08m10s elapsed]
bahriya_container.cron: Still creating... [08m20s elapsed]
bahriya_memcached.cache: Still creating... [08m20s elapsed]
bahriya_container.worker: Still creating... [08m20s elapsed]
bahriya_container.web: Still creating... [08m20s elapsed]
bahriya_container.cron: Still creating... [08m30s elapsed]
bahriya_memcached.cache: Still creating... [08m30s elapsed]
bahriya_container.worker: Still creating... [08m30s elapsed]
bahriya_container.web: Still creating... [08m30s elapsed]
bahriya_memcached.cache: Still creating... [08m40s elapsed]
bahriya_container.cron: Still creating... [08m40s elapsed]
bahriya_container.worker: Still creating... [08m40s elapsed]
bahriya_container.web: Still creating... [08m40s elapsed]
bahriya_container.cron: Still creating... [08m50s elapsed]
bahriya_memcached.cache: Still creating... [08m50s elapsed]
bahriya_container.worker: Still creating... [08m50s elapsed]
bahriya_container.web: Still creating... [08m50s elapsed]
bahriya_memcached.cache: Still creating... [09m00s elapsed]
bahriya_container.cron: Still creating... [09m00s elapsed]
bahriya_container.worker: Still creating... [09m00s elapsed]
bahriya_container.web: Still creating... [09m00s elapsed]
bahriya_container.cron: Still creating... [09m10s elapsed]
bahriya_memcached.cache: Still creating... [09m10s elapsed]
bahriya_container.worker: Still creating... [09m10s elapsed]
bahriya_container.web: Still creating... [09m10s elapsed]
bahriya_container.cron: Creation complete after 9m18s [id=7290b943-f4d1-4b7e-aa7f-850c9c39c0c6]
bahriya_memcached.cache: Still creating... [09m20s elapsed]
bahriya_container.worker: Still creating... [09m20s elapsed]
bahriya_container.web: Still creating... [09m20s elapsed]
bahriya_memcached.cache: Still creating... [09m30s elapsed]
bahriya_container.worker: Still creating... [09m30s elapsed]
bahriya_container.web: Still creating... [09m30s elapsed]
bahriya_memcached.cache: Still creating... [09m40s elapsed]
bahriya_container.worker: Still creating... [09m40s elapsed]
bahriya_container.web: Still creating... [09m40s elapsed]
bahriya_memcached.cache: Still creating... [09m50s elapsed]
bahriya_container.worker: Still creating... [09m50s elapsed]
bahriya_container.web: Still creating... [09m50s elapsed]
bahriya_memcached.cache: Still creating... [10m00s elapsed]
bahriya_container.worker: Still creating... [10m00s elapsed]
bahriya_container.web: Still creating... [10m00s elapsed]

Error: Resource did not reach ready status

  with bahriya_memcached.cache,
  on main.tf line 259, in resource "bahriya_memcached" "cache":
 259: resource "bahriya_memcached" "cache" {

timed out after 10m0s waiting for status "running" (last seen "provisioning")

Error: Resource did not reach ready status

  with bahriya_container.web,
  on main.tf line 273, in resource "bahriya_container" "web":
 273: resource "bahriya_container" "web" {

timed out after 10m0s waiting for status "running" (last seen "provisioning")

Error: Resource did not reach ready status

  with bahriya_container.worker,
  on main.tf line 404, in resource "bahriya_container" "worker":
 404: resource "bahriya_container" "worker" {

timed out after 10m0s waiting for status "running" (last seen "provisioning")
