
Warning: Provider development overrides are in effect

The following provider development overrides are set in the CLI
configuration:
 - bahriya-cloud/bahriya in /var/folders/qh/wlb0zlhj18dbcy10nzhlh3j40000gn/T/tmp.fhLbXZ7U73

The behavior may therefore not match any released version of the provider and
applying changes may cause the state to become incompatible with published
releases.
data.bahriya_regions.active: Reading...
bahriya_env_file.main: Refreshing state... [id=4597e05b-3988-4998-a954-a65f8cb47f71]
bahriya_json_config.main: Refreshing state... [id=c9345085-4496-4c47-bd5a-99812b71d287]
bahriya_plain_config.main: Refreshing state... [id=4292f57a-9dda-4569-9234-a1a3fde5f940]
bahriya_tls_bundle.main: Refreshing state... [id=da7bd312-7428-4b2a-9051-a7849c168091]
bahriya_x509_cert.main: Refreshing state... [id=85b5512b-db6e-4cf0-b358-8c66e769b7ca]
bahriya_encryption_key.main: Refreshing state... [id=4c7e365c-b4f2-41b7-b715-b97c9ffa76f7]
bahriya_project.e2e: Refreshing state... [id=2f14e592-a77b-43af-85b3-8f903f79c32f]
bahriya_yaml_config.main: Refreshing state... [id=23ea5ebf-026c-4a53-8df9-91e9fe284420]
data.bahriya_regions.active: Read complete after 0s

Terraform used the selected providers to generate the following execution
plan. Resource actions are indicated with the following symbols:
  - destroy

Terraform will perform the following actions:

  # bahriya_encryption_key.main will be destroyed
  - resource "bahriya_encryption_key" "main" {
      - algorithm    = "AES-256" -> null
      - billable     = true -> null
      - format       = "base64" -> null
      - handle       = "enc-c9d2439d" -> null
      - id           = "4c7e365c-b4f2-41b7-b715-b97c9ffa76f7" -> null
      - key          = (sensitive value) -> null
      - keybits      = 256 -> null
      - maxversions  = 5 -> null
      - name         = "TF E2E Encryption Key c9d2439d" -> null
      - organisation = "7d35e320-2291-4e65-8be6-ce0cf9019916" -> null
    }

  # bahriya_env_file.main will be destroyed
  - resource "bahriya_env_file" "main" {
      - billable     = true -> null
      - content      = <<-EOT
            # E2E env file
            APP_MODE=production
            LOG_LEVEL=info
            FEATURE_X_ENABLED=true
        EOT -> null
      - entrycount   = 3 -> null
      - handle       = "env-c9d2439d" -> null
      - id           = "4597e05b-3988-4998-a954-a65f8cb47f71" -> null
      - maxversions  = 5 -> null
      - name         = "TF E2E Env File c9d2439d" -> null
      - organisation = "7d35e320-2291-4e65-8be6-ce0cf9019916" -> null
    }

  # bahriya_json_config.main will be destroyed
  - resource "bahriya_json_config" "main" {
      - billable     = true -> null
      - content      = jsonencode(
            {
              - features = [
                  - "alpha",
                  - "beta",
                ]
              - replicas = 1
              - service  = "e2e-c9d2439d"
            }
        ) -> null
      - handle       = "json-c9d2439d" -> null
      - id           = "c9345085-4496-4c47-bd5a-99812b71d287" -> null
      - maxversions  = 5 -> null
      - name         = "TF E2E JSON Config c9d2439d" -> null
      - organisation = "7d35e320-2291-4e65-8be6-ce0cf9019916" -> null
    }

  # bahriya_plain_config.main will be destroyed
  - resource "bahriya_plain_config" "main" {
      - billable      = true -> null
      - content       = <<-EOT
            # Plain text config for e2e-c9d2439d
            key1=value1
            key2=value2
        EOT -> null
      - contentlength = 61 -> null
      - handle        = "plain-c9d2439d" -> null
      - id            = "4292f57a-9dda-4569-9234-a1a3fde5f940" -> null
      - maxversions   = 5 -> null
      - name          = "TF E2E Plain Config c9d2439d" -> null
      - organisation  = "7d35e320-2291-4e65-8be6-ce0cf9019916" -> null
    }

  # bahriya_project.e2e will be destroyed
  - resource "bahriya_project" "e2e" {
      - handle       = "tfe2e-c9d2439d" -> null
      - id           = "2f14e592-a77b-43af-85b3-8f903f79c32f" -> null
      - name         = "TF E2E Comprehensive c9d2439d" -> null
      - organisation = "7d35e320-2291-4e65-8be6-ce0cf9019916" -> null
      - regions      = [
          - "helsinki-1",
        ] -> null
      - users        = [
          - "fd280783-1a32-462b-a25d-9562171cf7c6",
        ] -> null
    }

  # bahriya_tls_bundle.main will be destroyed
  - resource "bahriya_tls_bundle" "main" {
      - algorithm    = "RSA" -> null
      - billable     = true -> null
      - ca           = <<-EOT
            -----BEGIN CERTIFICATE-----
            MIIDQTCCAimgAwIBAgIUKE/fo1VEWzPOi9MpC2G5g5hdkPwwDQYJKoZIhvcNAQEL
            BQAwMDEYMBYGA1UEAwwPQmFocml5YSBUZXN0IENBMRQwEgYDVQQKDAtCYWhyaXlh
            IEUyRTAeFw0yNjA3MTQxMDQ3MTBaFw0yNzA3MTQxMDQ3MTBaMDAxGDAWBgNVBAMM
            D0JhaHJpeWEgVGVzdCBDQTEUMBIGA1UECgwLQmFocml5YSBFMkUwggEiMA0GCSqG
            SIb3DQEBAQUAA4IBDwAwggEKAoIBAQC00gs5bYuDm74z0rxw9LPD8hS/347ck+Co
            gWtTiasqtwu1Nitke/Ftg5c6aiD7WMGpsfe6zqX2wmzqMBhDkyJkmWzy2J0DVgJp
            9FMqUuxfoAd+0E5tBOUoaplP9mnvtOZmgUOoz2HfyRbJbqAIhGWEf5LbPvzIcbb0
            FYNYYHSUy2a2/QhjFwt8JklIy465Qyu2gZhxrpqyXgcqeR0afGSSxP9AgF5i0zhl
            UvUYqUmzTLkSrgyVEBMvEEyrut3cFBypeG5bPAyi+okQzDcT3O8UnJ/xMAC7rrBt
            a2C18k1nbR5IJUSsFVuY7rUhGq4NbMfaoBfLkuy+e0z0V7D1P4nfAgMBAAGjUzBR
            MB0GA1UdDgQWBBSqF6sNyWidOFPKA856X4ZF51VhYzAfBgNVHSMEGDAWgBSqF6sN
            yWidOFPKA856X4ZF51VhYzAPBgNVHRMBAf8EBTADAQH/MA0GCSqGSIb3DQEBCwUA
            A4IBAQBenlnYRS3S426fZPhZ96O4xtFc7T+hhroCLUZD3dba7Ds9qOT46VSUC1DT
            4tcPZfxpcpPwhyDYpv2Kwt+g5OQUFb/FBvFs6euxX3X9/IrgA+6MkML6MnyAINgi
            FS+ZembMo2PhQig7rkLSS+XBSWcjjNDQ/IGW+RQpMszVQfm4GI7F7oQanlsjy8cD
            yawMrGvQkUyGQ1V5Q98Bt0j2+LhjVeuy+Eepz1j4tWfrAFw/Exgqzw5k/aInAqh8
            wkeWUDVJGNmqxtLwLKNqElx3pEmq9v7drKe9OT25nZG5zdVxKv0ZPaNJQW0z73dB
            Psms+xzScSjEoV2WGJrIJQLOKSRG
            -----END CERTIFICATE-----
        EOT -> null
      - cert         = <<-EOT
            -----BEGIN CERTIFICATE-----
            MIIDOjCCAiKgAwIBAgIULDRt/ADFDrN3/9isfZUTHwW0pacwDQYJKoZIhvcNAQEL
            BQAwMDEYMBYGA1UEAwwPQmFocml5YSBUZXN0IENBMRQwEgYDVQQKDAtCYWhyaXlh
            IEUyRTAeFw0yNjA3MTQxMDQ3MTBaFw0yNzA3MTQxMDQ3MTBaMDoxIjAgBgNVBAMM
            GWUyZS1jOWQyNDM5ZC5iYWhyaXlhLnRlc3QxFDASBgNVBAoMC0JhaHJpeWEgRTJF
            MIIBIjANBgkqhkiG9w0BAQEFAAOCAQ8AMIIBCgKCAQEA3el//ySQ1wU3rEvYL0/N
            AvxInFF/0IzFX/58TQfS1t/Q12rDX4mAS3yS3od2B/Yi3fbT42WCzAGfQajG4kUO
            YZqzGPesHYRNHlsfx2JtgAU+AuYsBmpYfcG709L2IXXh/rVn0GI1o89WK3deMUGP
            hdv84JC6IR7piOC0QVb2OCUAG6rMQG0su5vMLpZro3YBI/6B8MHKOnbttXEaSfVh
            uyisgjTAFqPGJBT+AdYx+QhiNLOwjxhaTGy7oooMQxUpiKMjxVi8RwWLL5Ndd7ba
            U6mbYSMjxkTRxSoJqr3GuPAveY5cLM9EOD5dwj3gZINk5uB2iz9elr+dmhDVDOo4
            yQIDAQABo0IwQDAdBgNVHQ4EFgQUfHoU5cbPIKwF/l8CR3N7/wKM4fIwHwYDVR0j
            BBgwFoAUqherDclonThTygPOel+GRedVYWMwDQYJKoZIhvcNAQELBQADggEBAKse
            zEWU7S4z1LXowhKzO2cda6kBkFHaTTe4RKuDeKCcs+0Y75fTPTLiGmwbCmlH/ThY
            y5wR5Px66+qUR+1/EF71hJQnAqi8bkKpMQ5heaqx6nKHV0ijnMR6f7pGzmMmyi/Q
            qqXBdYy9SRQAHxvaY3D8IYSdeFHS/cpjRBYEOpv2aBkVfsekWoCLaH/zCrrOmpUq
            8TvSN+AINYdVKq8Cc1Yr3iM7+VPpmaRJAiHNZjzvgaVkh8XCB/mwWEV5TxGxay4t
            JOW/yrzYVWmAbkSVoRBV2HIgIN8Fge44eGJZK5TTrzvENxXvRyzdXb1jVmgCzC/c
            AVO9AGVLkr7wIZ6FtmY=
            -----END CERTIFICATE-----
        EOT -> null
      - fingerprint  = "SHA256:67:14:4A:31:F1:50:7D:99:B2:42:1B:FF:6A:83:14:EC:2B:19:4D:C4:10:0B:40:13:72:06:63:9C:CC:93:1B:FF:" -> null
      - handle       = "tls-c9d2439d" -> null
      - id           = "da7bd312-7428-4b2a-9051-a7849c168091" -> null
      - issuer       = "CN=Bahriya Test CA, O=Bahriya E2E" -> null
      - key          = (sensitive value) -> null
      - keybits      = 2048 -> null
      - maxversions  = 5 -> null
      - name         = "TF E2E TLS Bundle c9d2439d" -> null
      - organisation = "7d35e320-2291-4e65-8be6-ce0cf9019916" -> null
      - subject      = "CN=e2e-c9d2439d.bahriya.test, O=Bahriya E2E" -> null
    }

  # bahriya_x509_cert.main will be destroyed
  - resource "bahriya_x509_cert" "main" {
      - algorithm    = "RSA" -> null
      - billable     = true -> null
      - cert         = <<-EOT
            -----BEGIN CERTIFICATE-----
            MIIDXzCCAkegAwIBAgIUSC50EpPs6AGd4lofXRzx35zvSQMwDQYJKoZIhvcNAQEL
            BQAwPzEnMCUGA1UEAwweZTJlLXg1MDktYzlkMjQzOWQuYmFocml5YS50ZXN0MRQw
            EgYDVQQKDAtCYWhyaXlhIEUyRTAeFw0yNjA3MTQxMDQ3MTBaFw0yNzA3MTQxMDQ3
            MTBaMD8xJzAlBgNVBAMMHmUyZS14NTA5LWM5ZDI0MzlkLmJhaHJpeWEudGVzdDEU
            MBIGA1UECgwLQmFocml5YSBFMkUwggEiMA0GCSqGSIb3DQEBAQUAA4IBDwAwggEK
            AoIBAQCXdTVaDa4eDC/gxQ9Ws3GHpvLufP7RJSHAT1pDKNr8YyOyLLaf+NP1u7bc
            kiBT2AASG1av23W7lY2G2XTm9qDJQZJ2FLPOzQvGZEIP3bTAQ+3a3HIE6df1uj8k
            t9F80n2E2KY8nIKLmi5ga0M0UWgNkGm8IIJ4cUo7+dMWVVMWur0JwyNHetGgo9cP
            vkzOlWSxAgkl5KANFWfjZsbyG4imBWLmbB8/FUKuZA6x0xeuvHR5wLkHQjVp23Pn
            62jrk0TL8/wIbiQ3LGtDLW33yzxoOibxsaIzue6sfW/asRPSo1F9bkPlIpax74ZE
            Gq76E3Uh5QMPhEEa0BgizMXLsFPhAgMBAAGjUzBRMB0GA1UdDgQWBBTG/xOXrn2U
            RTxV8srarOsvnPoN6DAfBgNVHSMEGDAWgBTG/xOXrn2URTxV8srarOsvnPoN6DAP
            BgNVHRMBAf8EBTADAQH/MA0GCSqGSIb3DQEBCwUAA4IBAQAG8uWb+JFCp3e7FbWh
            Gp8J6PC+fJKgPA0koFe+OYZLyydTUhdAXorRKHaOFaIRpuL8fy4GlE+wqD/cTID+
            +UeMhCRCbIAem3P6+cSkqdHdCI+gu9jbtb/EBKOJ8Tij2nWRxMw79gogqxl+T9mm
            gKYjwrXRY3JxCDalqoNh87r9SAlAPF7sn3xDD6SGArYt8oxhYiijFgoJFl3nA24u
            sGoLfnHqezPQCdBAgqlH4rqp55bmZTYC5vStwqOvJM6Ir1/yjGQ4IEuhDcbFZ1al
            CsBxZ7oIi4nrcgGxa0un7VxDcCxKJ+CGANsJUTLtbO5bU6MEQy0tWb+6/HFUjNS4
            Qh5y
            -----END CERTIFICATE-----
        EOT -> null
      - fingerprint  = "SHA256:3C:D7:04:23:86:74:3A:43:3C:CD:33:5B:C2:4A:F8:C5:0E:51:91:91:06:45:AE:9E:03:48:97:1D:F7:7C:95:74:" -> null
      - handle       = "x509-c9d2439d" -> null
      - id           = "85b5512b-db6e-4cf0-b358-8c66e769b7ca" -> null
      - issuer       = "CN=e2e-x509-c9d2439d.bahriya.test, O=Bahriya E2E" -> null
      - maxversions  = 5 -> null
      - name         = "TF E2E X509 Cert c9d2439d" -> null
      - organisation = "7d35e320-2291-4e65-8be6-ce0cf9019916" -> null
      - subject      = "CN=e2e-x509-c9d2439d.bahriya.test, O=Bahriya E2E" -> null
    }

  # bahriya_yaml_config.main will be destroyed
  - resource "bahriya_yaml_config" "main" {
      - billable     = true -> null
      - content      = <<-EOT
            service:
              name: e2e-c9d2439d
              replicas: 1
              features:
                - alpha
                - beta
        EOT -> null
      - handle       = "yaml-c9d2439d" -> null
      - id           = "23ea5ebf-026c-4a53-8df9-91e9fe284420" -> null
      - maxversions  = 5 -> null
      - name         = "TF E2E YAML Config c9d2439d" -> null
      - organisation = "7d35e320-2291-4e65-8be6-ce0cf9019916" -> null
    }

Plan: 0 to add, 0 to change, 8 to destroy.

Changes to Outputs:
  - active_regions = [
      - "falkenstein-1",
      - "helsinki-1",
      - "virginia-1",
      - "singapore-1",
    ] -> null
  - project_id     = "2f14e592-a77b-43af-85b3-8f903f79c32f" -> null
  - suffix         = "c9d2439d" -> null
bahriya_plain_config.main: Destroying... [id=4292f57a-9dda-4569-9234-a1a3fde5f940]
bahriya_project.e2e: Destroying... [id=2f14e592-a77b-43af-85b3-8f903f79c32f]
bahriya_yaml_config.main: Destroying... [id=23ea5ebf-026c-4a53-8df9-91e9fe284420]
bahriya_json_config.main: Destroying... [id=c9345085-4496-4c47-bd5a-99812b71d287]
bahriya_x509_cert.main: Destroying... [id=85b5512b-db6e-4cf0-b358-8c66e769b7ca]
bahriya_encryption_key.main: Destroying... [id=4c7e365c-b4f2-41b7-b715-b97c9ffa76f7]
bahriya_env_file.main: Destroying... [id=4597e05b-3988-4998-a954-a65f8cb47f71]
bahriya_tls_bundle.main: Destroying... [id=da7bd312-7428-4b2a-9051-a7849c168091]
bahriya_env_file.main: Destruction complete after 1s
bahriya_json_config.main: Destruction complete after 1s
bahriya_encryption_key.main: Destruction complete after 1s
bahriya_project.e2e: Destruction complete after 1s
bahriya_x509_cert.main: Destruction complete after 1s
bahriya_yaml_config.main: Destruction complete after 1s
bahriya_tls_bundle.main: Destruction complete after 1s
bahriya_plain_config.main: Destruction complete after 1s

Destroy complete! Resources: 8 destroyed.
