[33m╷[0m[0m
[33m│[0m [0m[1m[33mWarning: [0m[0m[1mProvider development overrides are in effect[0m
[33m│[0m [0m
[33m│[0m [0m[0mThe following provider development overrides are set in the CLI
[33m│[0m [0mconfiguration:
[33m│[0m [0m - bahriya-cloud/bahriya in /Users/meezaan/code/bahriya/bahriya-platform/terraform-provider-bahriya/bin
[33m│[0m [0m
[33m│[0m [0mThe behavior may therefore not match any released version of the provider
[33m│[0m [0mand applying changes may cause the state to become incompatible with
[33m│[0m [0mpublished releases.
[33m╵[0m[0m
[0m[1mdata.bahriya_regions.active: Reading...[0m[0m
[0m[1mbahriya_json_config.main: Refreshing state... [id=219d6faa-2d61-477a-ac80-aec6a1b76f52][0m
[0m[1mbahriya_project.peer: Refreshing state... [id=7a74788c-67b0-4ad1-be1f-18e8c5830c2a][0m
[0m[1mbahriya_yaml_config.main: Refreshing state... [id=7b39b8fa-ef22-4dee-94f1-1ee84cf2bdba][0m
[0m[1mbahriya_encryption_key.main: Refreshing state... [id=132d0e0c-bce5-48b6-99d8-a899ed2c8513][0m
[0m[1mbahriya_plain_config.main: Refreshing state... [id=2645611a-29c1-41b6-840e-33bfea821ba9][0m
[0m[1mbahriya_x509_cert.main: Refreshing state... [id=cc03aaef-339e-4eea-a2c4-2f45f420bd79][0m
[0m[1mbahriya_ssh_keypair.main: Refreshing state... [id=acb0e695-c003-4fcb-81fc-7be3a4481ebc][0m
[0m[1mbahriya_env_file.main: Refreshing state... [id=9948cb74-00ac-4a2e-b6f5-900c0ff0cea0][0m
[0m[1mbahriya_gpg_keypair.main: Refreshing state... [id=8de0c00c-80bf-4257-9c89-f0e82e577826][0m
[0m[1mdata.bahriya_regions.active: Read complete after 1s[0m
[0m[1mbahriya_secret.main: Refreshing state... [id=b7955c1a-ab0e-46cf-89b2-1eae8e6dbf5d][0m
[0m[1mbahriya_tls_bundle.main: Refreshing state... [id=6d96871e-2bf4-4996-82fb-ff64e81356c6][0m
[0m[1mbahriya_project.e2e: Refreshing state... [id=3e27a171-0684-42db-95a8-94478977597e][0m
[0m[1mbahriya_registry.main: Refreshing state... [id=e8cdb429-4ad1-4b0d-a44f-ac243d4258cd][0m
[0m[1mbahriya_network_policy.main: Refreshing state... [id=1469ab32-abad-4282-9078-933ada724a4c][0m
[0m[1mbahriya_project_env_file_attachment.main: Refreshing state... [id=3e27a171-0684-42db-95a8-94478977597e:env-80e92572][0m
[0m[1mbahriya_project_tls_bundle_attachment.main: Refreshing state... [id=3e27a171-0684-42db-95a8-94478977597e:tls-80e92572][0m
[0m[1mbahriya_project_yaml_config_attachment.main: Refreshing state... [id=3e27a171-0684-42db-95a8-94478977597e:yaml-80e92572][0m
[0m[1mbahriya_project_secret_attachment.main: Refreshing state... [id=3e27a171-0684-42db-95a8-94478977597e:sec-80e92572][0m
[0m[1mbahriya_project_registry_attachment.main: Refreshing state... [id=3e27a171-0684-42db-95a8-94478977597e:reg-80e92572][0m
[0m[1mbahriya_project_x509_cert_attachment.main: Refreshing state... [id=3e27a171-0684-42db-95a8-94478977597e:x509-80e92572][0m
[0m[1mbahriya_project_encryption_key_attachment.main: Refreshing state... [id=3e27a171-0684-42db-95a8-94478977597e:enc-80e92572][0m
[0m[1mbahriya_project_ssh_keypair_attachment.main: Refreshing state... [id=3e27a171-0684-42db-95a8-94478977597e:ssh-80e92572][0m
[0m[1mbahriya_project_plain_config_attachment.main: Refreshing state... [id=3e27a171-0684-42db-95a8-94478977597e:plain-80e92572][0m
[0m[1mbahriya_container.cron: Refreshing state... [id=0a1d6dbd-abed-477f-8e6c-20cda176247d][0m
[0m[1mbahriya_memcached.cache: Refreshing state... [id=17b4b9f4-dfe4-4ead-8a80-d4bcdefe9a90][0m
[0m[1mbahriya_project_network_policy_attachment.main: Refreshing state... [id=3e27a171-0684-42db-95a8-94478977597e:netpol-80e92572][0m
[0m[1mbahriya_project_gpg_keypair_attachment.main: Refreshing state... [id=3e27a171-0684-42db-95a8-94478977597e:gpg-80e92572][0m
[0m[1mbahriya_project_json_config_attachment.main: Refreshing state... [id=3e27a171-0684-42db-95a8-94478977597e:json-80e92572][0m
[0m[1mbahriya_container.worker: Refreshing state... [id=6076220e-65c8-464f-81b8-2a2bdea1c572][0m
[0m[1mbahriya_container.web: Refreshing state... [id=626f1989-ace6-47ff-9447-47ffe625d9ad][0m

Terraform used the selected providers to generate the following execution
plan. Resource actions are indicated with the following symbols:
  [31m-[0m destroy[0m

Terraform will perform the following actions:

[1m  # bahriya_container.cron[0m will be [1m[31mdestroyed[0m
[0m  [31m-[0m[0m resource "bahriya_container" "cron" {
      [31m-[0m[0m activeregions                   = [
          [31m-[0m[0m "helsinki-1",
        ] [90m-> null[0m[0m
      [31m-[0m[0m args                            = [] [90m-> null[0m[0m
      [31m-[0m[0m autoscalingenabled              = false [90m-> null[0m[0m
      [31m-[0m[0m autoscalingminreplicas          = "1" [90m-> null[0m[0m
      [31m-[0m[0m autoscalingtargetcpu            = "100" [90m-> null[0m[0m
      [31m-[0m[0m autoscalingtargetmemory         = "100" [90m-> null[0m[0m
      [31m-[0m[0m backofflimit                    = 3 [90m-> null[0m[0m
      [31m-[0m[0m basicauthenabled                = false [90m-> null[0m[0m
      [31m-[0m[0m bootstraptime                   = 30 [90m-> null[0m[0m
      [31m-[0m[0m command                         = [
          [31m-[0m[0m "sh",
          [31m-[0m[0m "-c",
          [31m-[0m[0m "echo e2e-tick",
        ] [90m-> null[0m[0m
      [31m-[0m[0m concurrencypolicy               = "Forbid" [90m-> null[0m[0m
      [31m-[0m[0m dnsfailoverenabled              = false [90m-> null[0m[0m
      [31m-[0m[0m encryptionkeys                  = [] [90m-> null[0m[0m
      [31m-[0m[0m envfiles                        = [] [90m-> null[0m[0m
      [31m-[0m[0m ephemeralstoragegb              = 3 [90m-> null[0m[0m
      [31m-[0m[0m externalnetworkingenabled       = false [90m-> null[0m[0m
      [31m-[0m[0m failedjobshistorylimit          = 3 [90m-> null[0m[0m
      [31m-[0m[0m gpgkeypairs                     = [] [90m-> null[0m[0m
      [31m-[0m[0m handle                          = "cron-80e92572" [90m-> null[0m[0m
      [31m-[0m[0m hostnames                       = [] [90m-> null[0m[0m
      [31m-[0m[0m id                              = "0a1d6dbd-abed-477f-8e6c-20cda176247d" [90m-> null[0m[0m
      [31m-[0m[0m image                           = "busybox:latest" [90m-> null[0m[0m
      [31m-[0m[0m initjobs                        = [] [90m-> null[0m[0m
      [31m-[0m[0m ipblacklistenabled              = false [90m-> null[0m[0m
      [31m-[0m[0m ipwhitelistenabled              = false [90m-> null[0m[0m
      [31m-[0m[0m jsonconfigs                     = [] [90m-> null[0m[0m
      [31m-[0m[0m maxcpu                          = "150" [90m-> null[0m[0m
      [31m-[0m[0m maxmemory                       = "192" [90m-> null[0m[0m
      [31m-[0m[0m mincpu                          = "100" [90m-> null[0m[0m
      [31m-[0m[0m minmemory                       = "128" [90m-> null[0m[0m
      [31m-[0m[0m name                            = "TF E2E Cron 80e92572" [90m-> null[0m[0m
      [31m-[0m[0m networkpolicies                 = [] [90m-> null[0m[0m
      [31m-[0m[0m newenvvar                       = [] [90m-> null[0m[0m
      [31m-[0m[0m organisation                    = "7d35e320-2291-4e65-8be6-ce0cf9019916" [90m-> null[0m[0m
      [31m-[0m[0m persistentvolumes               = [] [90m-> null[0m[0m
      [31m-[0m[0m plainconfigs                    = [] [90m-> null[0m[0m
      [31m-[0m[0m project                         = "3e27a171-0684-42db-95a8-94478977597e" [90m-> null[0m[0m
      [31m-[0m[0m projectname                     = "TF E2E Comprehensive 80e92572" [90m-> null[0m[0m
      [31m-[0m[0m proxycacheallowforcecacheheader = false [90m-> null[0m[0m
      [31m-[0m[0m proxycachecontenttypes          = [] [90m-> null[0m[0m
      [31m-[0m[0m proxycacheenabled               = false [90m-> null[0m[0m
      [31m-[0m[0m proxycachehonorcachecontrol     = false [90m-> null[0m[0m
      [31m-[0m[0m proxycacherequestmethods        = [] [90m-> null[0m[0m
      [31m-[0m[0m proxycacheresponsecodes         = [] [90m-> null[0m[0m
      [31m-[0m[0m proxycachevarybodyjsonfields    = [] [90m-> null[0m[0m
      [31m-[0m[0m proxycachevaryheaders           = [] [90m-> null[0m[0m
      [31m-[0m[0m proxycachevaryqueryparams       = [] [90m-> null[0m[0m
      [31m-[0m[0m ratelimitingenabled             = false [90m-> null[0m[0m
      [31m-[0m[0m schedule                        = "*/5 * * * *" [90m-> null[0m[0m
      [31m-[0m[0m secretsenvvar                   = [] [90m-> null[0m[0m
      [31m-[0m[0m sshkeypairs                     = [] [90m-> null[0m[0m
      [31m-[0m[0m status                          = "running" [90m-> null[0m[0m
      [31m-[0m[0m successfuljobshistorylimit      = 3 [90m-> null[0m[0m
      [31m-[0m[0m suspended                       = false [90m-> null[0m[0m
      [31m-[0m[0m timezone                        = "UTC" [90m-> null[0m[0m
      [31m-[0m[0m tlsbundles                      = [] [90m-> null[0m[0m
      [31m-[0m[0m ttlsecondsafterfinished         = 3600 [90m-> null[0m[0m
      [31m-[0m[0m type                            = "cronjob" [90m-> null[0m[0m
      [31m-[0m[0m x509certs                       = [] [90m-> null[0m[0m
      [31m-[0m[0m yamlconfigs                     = [] [90m-> null[0m[0m
    }

[1m  # bahriya_container.web[0m will be [1m[31mdestroyed[0m
[0m  [31m-[0m[0m resource "bahriya_container" "web" {
      [31m-[0m[0m activeregions                   = [
          [31m-[0m[0m "helsinki-1",
        ] [90m-> null[0m[0m
      [31m-[0m[0m args                            = [] [90m-> null[0m[0m
      [31m-[0m[0m autoscalingenabled              = false [90m-> null[0m[0m
      [31m-[0m[0m autoscalingminreplicas          = "1" [90m-> null[0m[0m
      [31m-[0m[0m autoscalingtargetcpu            = "100" [90m-> null[0m[0m
      [31m-[0m[0m autoscalingtargetmemory         = "100" [90m-> null[0m[0m
      [31m-[0m[0m basicauthenabled                = false [90m-> null[0m[0m
      [31m-[0m[0m bootstraptime                   = 30 [90m-> null[0m[0m
      [31m-[0m[0m command                         = [] [90m-> null[0m[0m
      [31m-[0m[0m containerport                   = "80" [90m-> null[0m[0m
      [31m-[0m[0m defaulthostname                 = "anwvdc9ui" [90m-> null[0m[0m
      [31m-[0m[0m dnsfailoverenabled              = false [90m-> null[0m[0m
      [31m-[0m[0m encryptionkeys                  = [
          [31m-[0m[0m {
              [31m-[0m[0m handle    = "enc-80e92572" [90m-> null[0m[0m
              [31m-[0m[0m mountpath = "/etc/bahriya/enc" [90m-> null[0m[0m
            },
        ] [90m-> null[0m[0m
      [31m-[0m[0m envfiles                        = [
          [31m-[0m[0m {
              [31m-[0m[0m handle          = "env-80e92572" [90m-> null[0m[0m
              [31m-[0m[0m injectionmethod = "envFrom" [90m-> null[0m[0m
            },
        ] [90m-> null[0m[0m
      [31m-[0m[0m ephemeralstoragegb              = 3 [90m-> null[0m[0m
      [31m-[0m[0m externalnetworkingenabled       = false [90m-> null[0m[0m
      [31m-[0m[0m gpgkeypairs                     = [
          [31m-[0m[0m {
              [31m-[0m[0m handle    = "gpg-80e92572" [90m-> null[0m[0m
              [31m-[0m[0m mountpath = "/etc/bahriya/gpg" [90m-> null[0m[0m
            },
        ] [90m-> null[0m[0m
      [31m-[0m[0m handle                          = "web-80e92572" [90m-> null[0m[0m
      [31m-[0m[0m healthcheckpath                 = "/" [90m-> null[0m[0m
      [31m-[0m[0m hostnames                       = [
          [31m-[0m[0m {
              [31m-[0m[0m hostname    = "web-80e92572.e2e.bahriya.test" [90m-> null[0m[0m
              [31m-[0m[0m wwwredirect = false [90m-> null[0m[0m
            },
        ] [90m-> null[0m[0m
      [31m-[0m[0m id                              = "626f1989-ace6-47ff-9447-47ffe625d9ad" [90m-> null[0m[0m
      [31m-[0m[0m image                           = "nginx:alpine" [90m-> null[0m[0m
      [31m-[0m[0m initjobs                        = [] [90m-> null[0m[0m
      [31m-[0m[0m ipblacklist                     = [] [90m-> null[0m[0m
      [31m-[0m[0m ipblacklistenabled              = false [90m-> null[0m[0m
      [31m-[0m[0m ipwhitelist                     = [] [90m-> null[0m[0m
      [31m-[0m[0m ipwhitelistenabled              = false [90m-> null[0m[0m
      [31m-[0m[0m jsonconfigs                     = [
          [31m-[0m[0m {
              [31m-[0m[0m handle    = "json-80e92572" [90m-> null[0m[0m
              [31m-[0m[0m mountpath = "/etc/bahriya/cfg/json" [90m-> null[0m[0m
            },
        ] [90m-> null[0m[0m
      [31m-[0m[0m maxcpu                          = "150" [90m-> null[0m[0m
      [31m-[0m[0m maxmemory                       = "192" [90m-> null[0m[0m
      [31m-[0m[0m mincpu                          = "100" [90m-> null[0m[0m
      [31m-[0m[0m minmemory                       = "128" [90m-> null[0m[0m
      [31m-[0m[0m name                            = "TF E2E Web 80e92572" [90m-> null[0m[0m
      [31m-[0m[0m networkpolicies                 = [] [90m-> null[0m[0m
      [31m-[0m[0m newenvvar                       = [
          [31m-[0m[0m {
              [31m-[0m[0m key   = "APP_MODE" [90m-> null[0m[0m
              [31m-[0m[0m value = "e2e" [90m-> null[0m[0m
            },
        ] [90m-> null[0m[0m
      [31m-[0m[0m organisation                    = "7d35e320-2291-4e65-8be6-ce0cf9019916" [90m-> null[0m[0m
      [31m-[0m[0m persistentvolumes               = [
          [31m-[0m[0m {
              [31m-[0m[0m handle    = "data" [90m-> null[0m[0m
              [31m-[0m[0m mountpath = "/var/lib/data" [90m-> null[0m[0m
              [31m-[0m[0m sizegb    = 1 [90m-> null[0m[0m
            },
        ] [90m-> null[0m[0m
      [31m-[0m[0m plainconfigs                    = [
          [31m-[0m[0m {
              [31m-[0m[0m handle    = "plain-80e92572" [90m-> null[0m[0m
              [31m-[0m[0m mountpath = "/etc/bahriya/cfg/plain" [90m-> null[0m[0m
            },
        ] [90m-> null[0m[0m
      [31m-[0m[0m project                         = "3e27a171-0684-42db-95a8-94478977597e" [90m-> null[0m[0m
      [31m-[0m[0m projectname                     = "TF E2E Comprehensive 80e92572" [90m-> null[0m[0m
      [31m-[0m[0m proxycacheallowforcecacheheader = false [90m-> null[0m[0m
      [31m-[0m[0m proxycachecontenttypes          = [] [90m-> null[0m[0m
      [31m-[0m[0m proxycacheenabled               = false [90m-> null[0m[0m
      [31m-[0m[0m proxycachehonorcachecontrol     = false [90m-> null[0m[0m
      [31m-[0m[0m proxycacherequestmethods        = [] [90m-> null[0m[0m
      [31m-[0m[0m proxycacheresponsecodes         = [] [90m-> null[0m[0m
      [31m-[0m[0m proxycachevarybodyjsonfields    = [] [90m-> null[0m[0m
      [31m-[0m[0m proxycachevaryheaders           = [] [90m-> null[0m[0m
      [31m-[0m[0m proxycachevaryqueryparams       = [] [90m-> null[0m[0m
      [31m-[0m[0m ratelimitingenabled             = false [90m-> null[0m[0m
      [31m-[0m[0m secretsenvvar                   = [
          [31m-[0m[0m {
              [31m-[0m[0m name   = "APP_SECRET" [90m-> null[0m[0m
              [31m-[0m[0m secret = "sec-80e92572" [90m-> null[0m[0m
            },
        ] [90m-> null[0m[0m
      [31m-[0m[0m sshkeypairs                     = [
          [31m-[0m[0m {
              [31m-[0m[0m handle    = "ssh-80e92572" [90m-> null[0m[0m
              [31m-[0m[0m mountpath = "/etc/bahriya/ssh" [90m-> null[0m[0m
            },
        ] [90m-> null[0m[0m
      [31m-[0m[0m status                          = "running" [90m-> null[0m[0m
      [31m-[0m[0m suspended                       = false [90m-> null[0m[0m
      [31m-[0m[0m tlsbundles                      = [
          [31m-[0m[0m {
              [31m-[0m[0m handle    = "tls-80e92572" [90m-> null[0m[0m
              [31m-[0m[0m mountpath = "/etc/bahriya/tls" [90m-> null[0m[0m
            },
        ] [90m-> null[0m[0m
      [31m-[0m[0m type                            = "http" [90m-> null[0m[0m
      [31m-[0m[0m x509certs                       = [
          [31m-[0m[0m {
              [31m-[0m[0m handle    = "x509-80e92572" [90m-> null[0m[0m
              [31m-[0m[0m mountpath = "/etc/bahriya/x509" [90m-> null[0m[0m
            },
        ] [90m-> null[0m[0m
      [31m-[0m[0m yamlconfigs                     = [
          [31m-[0m[0m {
              [31m-[0m[0m handle    = "yaml-80e92572" [90m-> null[0m[0m
              [31m-[0m[0m mountpath = "/etc/bahriya/cfg/yaml" [90m-> null[0m[0m
            },
        ] [90m-> null[0m[0m
    }

[1m  # bahriya_container.worker[0m will be [1m[31mdestroyed[0m
[0m  [31m-[0m[0m resource "bahriya_container" "worker" {
      [31m-[0m[0m activeregions                   = [
          [31m-[0m[0m "helsinki-1",
        ] [90m-> null[0m[0m
      [31m-[0m[0m args                            = [] [90m-> null[0m[0m
      [31m-[0m[0m autoscalingenabled              = false [90m-> null[0m[0m
      [31m-[0m[0m autoscalingminreplicas          = "1" [90m-> null[0m[0m
      [31m-[0m[0m autoscalingtargetcpu            = "100" [90m-> null[0m[0m
      [31m-[0m[0m autoscalingtargetmemory         = "100" [90m-> null[0m[0m
      [31m-[0m[0m basicauthenabled                = false [90m-> null[0m[0m
      [31m-[0m[0m bootstraptime                   = 30 [90m-> null[0m[0m
      [31m-[0m[0m command                         = [] [90m-> null[0m[0m
      [31m-[0m[0m dnsfailoverenabled              = false [90m-> null[0m[0m
      [31m-[0m[0m encryptionkeys                  = [] [90m-> null[0m[0m
      [31m-[0m[0m envfiles                        = [] [90m-> null[0m[0m
      [31m-[0m[0m ephemeralstoragegb              = 3 [90m-> null[0m[0m
      [31m-[0m[0m externalnetworkingenabled       = false [90m-> null[0m[0m
      [31m-[0m[0m gpgkeypairs                     = [] [90m-> null[0m[0m
      [31m-[0m[0m handle                          = "worker-80e92572" [90m-> null[0m[0m
      [31m-[0m[0m hostnames                       = [] [90m-> null[0m[0m
      [31m-[0m[0m id                              = "6076220e-65c8-464f-81b8-2a2bdea1c572" [90m-> null[0m[0m
      [31m-[0m[0m image                           = "nginx:alpine" [90m-> null[0m[0m
      [31m-[0m[0m initjobs                        = [] [90m-> null[0m[0m
      [31m-[0m[0m ipblacklistenabled              = false [90m-> null[0m[0m
      [31m-[0m[0m ipwhitelistenabled              = false [90m-> null[0m[0m
      [31m-[0m[0m jsonconfigs                     = [] [90m-> null[0m[0m
      [31m-[0m[0m maxcpu                          = "150" [90m-> null[0m[0m
      [31m-[0m[0m maxmemory                       = "192" [90m-> null[0m[0m
      [31m-[0m[0m mincpu                          = "100" [90m-> null[0m[0m
      [31m-[0m[0m minmemory                       = "128" [90m-> null[0m[0m
      [31m-[0m[0m name                            = "TF E2E Worker 80e92572" [90m-> null[0m[0m
      [31m-[0m[0m networkpolicies                 = [] [90m-> null[0m[0m
      [31m-[0m[0m newenvvar                       = [] [90m-> null[0m[0m
      [31m-[0m[0m organisation                    = "7d35e320-2291-4e65-8be6-ce0cf9019916" [90m-> null[0m[0m
      [31m-[0m[0m persistentvolumes               = [] [90m-> null[0m[0m
      [31m-[0m[0m plainconfigs                    = [] [90m-> null[0m[0m
      [31m-[0m[0m project                         = "3e27a171-0684-42db-95a8-94478977597e" [90m-> null[0m[0m
      [31m-[0m[0m projectname                     = "TF E2E Comprehensive 80e92572" [90m-> null[0m[0m
      [31m-[0m[0m proxycacheallowforcecacheheader = false [90m-> null[0m[0m
      [31m-[0m[0m proxycachecontenttypes          = [] [90m-> null[0m[0m
      [31m-[0m[0m proxycacheenabled               = false [90m-> null[0m[0m
      [31m-[0m[0m proxycachehonorcachecontrol     = false [90m-> null[0m[0m
      [31m-[0m[0m proxycacherequestmethods        = [] [90m-> null[0m[0m
      [31m-[0m[0m proxycacheresponsecodes         = [] [90m-> null[0m[0m
      [31m-[0m[0m proxycachevarybodyjsonfields    = [] [90m-> null[0m[0m
      [31m-[0m[0m proxycachevaryheaders           = [] [90m-> null[0m[0m
      [31m-[0m[0m proxycachevaryqueryparams       = [] [90m-> null[0m[0m
      [31m-[0m[0m ratelimitingenabled             = false [90m-> null[0m[0m
      [31m-[0m[0m secretsenvvar                   = [
          [31m-[0m[0m {
              [31m-[0m[0m name   = "WORKER_SECRET" [90m-> null[0m[0m
              [31m-[0m[0m secret = "sec-80e92572" [90m-> null[0m[0m
            },
        ] [90m-> null[0m[0m
      [31m-[0m[0m sshkeypairs                     = [] [90m-> null[0m[0m
      [31m-[0m[0m status                          = "running" [90m-> null[0m[0m
      [31m-[0m[0m suspended                       = false [90m-> null[0m[0m
      [31m-[0m[0m tlsbundles                      = [] [90m-> null[0m[0m
      [31m-[0m[0m type                            = "worker" [90m-> null[0m[0m
      [31m-[0m[0m x509certs                       = [] [90m-> null[0m[0m
      [31m-[0m[0m yamlconfigs                     = [] [90m-> null[0m[0m
    }

[1m  # bahriya_encryption_key.main[0m will be [1m[31mdestroyed[0m
[0m  [31m-[0m[0m resource "bahriya_encryption_key" "main" {
      [31m-[0m[0m billable     = true [90m-> null[0m[0m
      [31m-[0m[0m format       = "base64" [90m-> null[0m[0m
      [31m-[0m[0m handle       = "enc-80e92572" [90m-> null[0m[0m
      [31m-[0m[0m id           = "132d0e0c-bce5-48b6-99d8-a899ed2c8513" [90m-> null[0m[0m
      [31m-[0m[0m key          = (sensitive value) [90m-> null[0m[0m
      [31m-[0m[0m keybits      = 256 [90m-> null[0m[0m
      [31m-[0m[0m maxversions  = 5 [90m-> null[0m[0m
      [31m-[0m[0m name         = "TF E2E Encryption Key 80e92572" [90m-> null[0m[0m
      [31m-[0m[0m organisation = "7d35e320-2291-4e65-8be6-ce0cf9019916" [90m-> null[0m[0m
    }

[1m  # bahriya_env_file.main[0m will be [1m[31mdestroyed[0m
[0m  [31m-[0m[0m resource "bahriya_env_file" "main" {
      [31m-[0m[0m billable     = true [90m-> null[0m[0m
      [31m-[0m[0m content      = <<-EOT
            # E2E env file
            APP_MODE=production
            LOG_LEVEL=info
            FEATURE_X_ENABLED=true
        EOT [90m-> null[0m[0m
      [31m-[0m[0m entrycount   = 3 [90m-> null[0m[0m
      [31m-[0m[0m handle       = "env-80e92572" [90m-> null[0m[0m
      [31m-[0m[0m id           = "9948cb74-00ac-4a2e-b6f5-900c0ff0cea0" [90m-> null[0m[0m
      [31m-[0m[0m maxversions  = 5 [90m-> null[0m[0m
      [31m-[0m[0m name         = "TF E2E Env File 80e92572" [90m-> null[0m[0m
      [31m-[0m[0m organisation = "7d35e320-2291-4e65-8be6-ce0cf9019916" [90m-> null[0m[0m
    }

[1m  # bahriya_gpg_keypair.main[0m will be [1m[31mdestroyed[0m
[0m  [31m-[0m[0m resource "bahriya_gpg_keypair" "main" {
      [31m-[0m[0m algorithm    = "EdDSA" [90m-> null[0m[0m
      [31m-[0m[0m billable     = true [90m-> null[0m[0m
      [31m-[0m[0m handle       = "gpg-80e92572" [90m-> null[0m[0m
      [31m-[0m[0m id           = "8de0c00c-80bf-4257-9c89-f0e82e577826" [90m-> null[0m[0m
      [31m-[0m[0m keyid        = "FA89075DBB7ACC9A" [90m-> null[0m[0m
      [31m-[0m[0m maxversions  = 5 [90m-> null[0m[0m
      [31m-[0m[0m name         = "TF E2E GPG Keypair 80e92572" [90m-> null[0m[0m
      [31m-[0m[0m organisation = "7d35e320-2291-4e65-8be6-ce0cf9019916" [90m-> null[0m[0m
      [31m-[0m[0m privatekey   = (sensitive value) [90m-> null[0m[0m
      [31m-[0m[0m publickey    = (sensitive value) [90m-> null[0m[0m
      [31m-[0m[0m uid          = "Bahriya E2E 80e92572 <e2e-80e92572@bahriya.test>" [90m-> null[0m[0m
    }

[1m  # bahriya_json_config.main[0m will be [1m[31mdestroyed[0m
[0m  [31m-[0m[0m resource "bahriya_json_config" "main" {
      [31m-[0m[0m billable     = true [90m-> null[0m[0m
      [31m-[0m[0m content      = jsonencode(
            {
              [31m-[0m[0m features = [
                  [31m-[0m[0m "alpha",
                  [31m-[0m[0m "beta",
                ]
              [31m-[0m[0m replicas = 1
              [31m-[0m[0m service  = "e2e-80e92572"
            }
        ) [90m-> null[0m[0m
      [31m-[0m[0m handle       = "json-80e92572" [90m-> null[0m[0m
      [31m-[0m[0m id           = "219d6faa-2d61-477a-ac80-aec6a1b76f52" [90m-> null[0m[0m
      [31m-[0m[0m maxversions  = 5 [90m-> null[0m[0m
      [31m-[0m[0m name         = "TF E2E JSON Config 80e92572" [90m-> null[0m[0m
      [31m-[0m[0m organisation = "7d35e320-2291-4e65-8be6-ce0cf9019916" [90m-> null[0m[0m
    }

[1m  # bahriya_memcached.cache[0m will be [1m[31mdestroyed[0m
[0m  [31m-[0m[0m resource "bahriya_memcached" "cache" {
      [31m-[0m[0m activeregions   = [
          [31m-[0m[0m "helsinki-1",
        ] [90m-> null[0m[0m
      [31m-[0m[0m handle          = "cache-80e92572" [90m-> null[0m[0m
      [31m-[0m[0m id              = "17b4b9f4-dfe4-4ead-8a80-d4bcdefe9a90" [90m-> null[0m[0m
      [31m-[0m[0m maxconnections  = 1024 [90m-> null[0m[0m
      [31m-[0m[0m maxitemsizemb   = 1 [90m-> null[0m[0m
      [31m-[0m[0m memorymb        = 512 [90m-> null[0m[0m
      [31m-[0m[0m name            = "TF E2E Cache 80e92572" [90m-> null[0m[0m
      [31m-[0m[0m networkpolicies = [] [90m-> null[0m[0m
      [31m-[0m[0m nodes           = 1 [90m-> null[0m[0m
      [31m-[0m[0m organisation    = "7d35e320-2291-4e65-8be6-ce0cf9019916" [90m-> null[0m[0m
      [31m-[0m[0m project         = "3e27a171-0684-42db-95a8-94478977597e" [90m-> null[0m[0m
      [31m-[0m[0m projectname     = "TF E2E Comprehensive 80e92572" [90m-> null[0m[0m
      [31m-[0m[0m status          = "running" [90m-> null[0m[0m
      [31m-[0m[0m threads         = 4 [90m-> null[0m[0m
    }

[1m  # bahriya_network_policy.main[0m will be [1m[31mdestroyed[0m
[0m  [31m-[0m[0m resource "bahriya_network_policy" "main" {
      [31m-[0m[0m billable     = true [90m-> null[0m[0m
      [31m-[0m[0m egresscidrs  = [
          [31m-[0m[0m "10.0.0.0/8",
        ] [90m-> null[0m[0m
      [31m-[0m[0m egressfqdns  = [] [90m-> null[0m[0m
      [31m-[0m[0m handle       = "netpol-80e92572" [90m-> null[0m[0m
      [31m-[0m[0m id           = "1469ab32-abad-4282-9078-933ada724a4c" [90m-> null[0m[0m
      [31m-[0m[0m ingresspeers = [
          [31m-[0m[0m "tfe2epeer-80e92572",
        ] [90m-> null[0m[0m
      [31m-[0m[0m l7enabled    = false [90m-> null[0m[0m
      [31m-[0m[0m name         = "TF E2E Network Policy 80e92572" [90m-> null[0m[0m
      [31m-[0m[0m organisation = "7d35e320-2291-4e65-8be6-ce0cf9019916" [90m-> null[0m[0m
      [31m-[0m[0m ports        = [
          [31m-[0m[0m {
              [31m-[0m[0m port     = 443 [90m-> null[0m[0m
              [31m-[0m[0m protocol = "TCP" [90m-> null[0m[0m
            },
        ] [90m-> null[0m[0m
    }

[1m  # bahriya_plain_config.main[0m will be [1m[31mdestroyed[0m
[0m  [31m-[0m[0m resource "bahriya_plain_config" "main" {
      [31m-[0m[0m billable      = true [90m-> null[0m[0m
      [31m-[0m[0m content       = <<-EOT
            # Plain text config for e2e-80e92572
            key1=value1
            key2=value2
        EOT [90m-> null[0m[0m
      [31m-[0m[0m contentlength = 61 [90m-> null[0m[0m
      [31m-[0m[0m handle        = "plain-80e92572" [90m-> null[0m[0m
      [31m-[0m[0m id            = "2645611a-29c1-41b6-840e-33bfea821ba9" [90m-> null[0m[0m
      [31m-[0m[0m maxversions   = 5 [90m-> null[0m[0m
      [31m-[0m[0m name          = "TF E2E Plain Config 80e92572" [90m-> null[0m[0m
      [31m-[0m[0m organisation  = "7d35e320-2291-4e65-8be6-ce0cf9019916" [90m-> null[0m[0m
    }

[1m  # bahriya_project.e2e[0m will be [1m[31mdestroyed[0m
[0m  [31m-[0m[0m resource "bahriya_project" "e2e" {
      [31m-[0m[0m handle       = "tfe2e-80e92572" [90m-> null[0m[0m
      [31m-[0m[0m id           = "3e27a171-0684-42db-95a8-94478977597e" [90m-> null[0m[0m
      [31m-[0m[0m name         = "TF E2E Comprehensive 80e92572" [90m-> null[0m[0m
      [31m-[0m[0m organisation = "7d35e320-2291-4e65-8be6-ce0cf9019916" [90m-> null[0m[0m
      [31m-[0m[0m regions      = [
          [31m-[0m[0m "helsinki-1",
        ] [90m-> null[0m[0m
      [31m-[0m[0m users        = [
          [31m-[0m[0m "fd280783-1a32-462b-a25d-9562171cf7c6",
        ] [90m-> null[0m[0m
    }

[1m  # bahriya_project.peer[0m will be [1m[31mdestroyed[0m
[0m  [31m-[0m[0m resource "bahriya_project" "peer" {
      [31m-[0m[0m handle       = "tfe2epeer-80e92572" [90m-> null[0m[0m
      [31m-[0m[0m id           = "7a74788c-67b0-4ad1-be1f-18e8c5830c2a" [90m-> null[0m[0m
      [31m-[0m[0m name         = "TF E2E Peer 80e92572" [90m-> null[0m[0m
      [31m-[0m[0m organisation = "7d35e320-2291-4e65-8be6-ce0cf9019916" [90m-> null[0m[0m
      [31m-[0m[0m regions      = [
          [31m-[0m[0m "helsinki-1",
        ] [90m-> null[0m[0m
      [31m-[0m[0m users        = [
          [31m-[0m[0m "fd280783-1a32-462b-a25d-9562171cf7c6",
        ] [90m-> null[0m[0m
    }

[1m  # bahriya_project_encryption_key_attachment.main[0m will be [1m[31mdestroyed[0m
[0m  [31m-[0m[0m resource "bahriya_project_encryption_key_attachment" "main" {
      [31m-[0m[0m handle     = "enc-80e92572" [90m-> null[0m[0m
      [31m-[0m[0m id         = "3e27a171-0684-42db-95a8-94478977597e:enc-80e92572" [90m-> null[0m[0m
      [31m-[0m[0m join_id    = "1f2ecdfb-a042-4275-a5cb-3ba83bea52ba" [90m-> null[0m[0m
      [31m-[0m[0m project_id = "3e27a171-0684-42db-95a8-94478977597e" [90m-> null[0m[0m
    }

[1m  # bahriya_project_env_file_attachment.main[0m will be [1m[31mdestroyed[0m
[0m  [31m-[0m[0m resource "bahriya_project_env_file_attachment" "main" {
      [31m-[0m[0m handle     = "env-80e92572" [90m-> null[0m[0m
      [31m-[0m[0m id         = "3e27a171-0684-42db-95a8-94478977597e:env-80e92572" [90m-> null[0m[0m
      [31m-[0m[0m join_id    = "b24e46d1-9bd9-42ff-b69a-33aaf935b737" [90m-> null[0m[0m
      [31m-[0m[0m project_id = "3e27a171-0684-42db-95a8-94478977597e" [90m-> null[0m[0m
    }

[1m  # bahriya_project_gpg_keypair_attachment.main[0m will be [1m[31mdestroyed[0m
[0m  [31m-[0m[0m resource "bahriya_project_gpg_keypair_attachment" "main" {
      [31m-[0m[0m handle     = "gpg-80e92572" [90m-> null[0m[0m
      [31m-[0m[0m id         = "3e27a171-0684-42db-95a8-94478977597e:gpg-80e92572" [90m-> null[0m[0m
      [31m-[0m[0m join_id    = "2eb9f61e-ef6d-4af4-b231-444e55b72ecf" [90m-> null[0m[0m
      [31m-[0m[0m project_id = "3e27a171-0684-42db-95a8-94478977597e" [90m-> null[0m[0m
    }

[1m  # bahriya_project_json_config_attachment.main[0m will be [1m[31mdestroyed[0m
[0m  [31m-[0m[0m resource "bahriya_project_json_config_attachment" "main" {
      [31m-[0m[0m handle     = "json-80e92572" [90m-> null[0m[0m
      [31m-[0m[0m id         = "3e27a171-0684-42db-95a8-94478977597e:json-80e92572" [90m-> null[0m[0m
      [31m-[0m[0m join_id    = "ef87151f-bcf9-4c64-9127-1dc706cac165" [90m-> null[0m[0m
      [31m-[0m[0m project_id = "3e27a171-0684-42db-95a8-94478977597e" [90m-> null[0m[0m
    }

[1m  # bahriya_project_network_policy_attachment.main[0m will be [1m[31mdestroyed[0m
[0m  [31m-[0m[0m resource "bahriya_project_network_policy_attachment" "main" {
      [31m-[0m[0m handle     = "netpol-80e92572" [90m-> null[0m[0m
      [31m-[0m[0m id         = "3e27a171-0684-42db-95a8-94478977597e:netpol-80e92572" [90m-> null[0m[0m
      [31m-[0m[0m join_id    = "415c015c-251c-474d-b600-daae2ad20292" [90m-> null[0m[0m
      [31m-[0m[0m project_id = "3e27a171-0684-42db-95a8-94478977597e" [90m-> null[0m[0m
    }

[1m  # bahriya_project_plain_config_attachment.main[0m will be [1m[31mdestroyed[0m
[0m  [31m-[0m[0m resource "bahriya_project_plain_config_attachment" "main" {
      [31m-[0m[0m handle     = "plain-80e92572" [90m-> null[0m[0m
      [31m-[0m[0m id         = "3e27a171-0684-42db-95a8-94478977597e:plain-80e92572" [90m-> null[0m[0m
      [31m-[0m[0m join_id    = "d7cdb0a1-441e-473d-a041-1b9b1dc275aa" [90m-> null[0m[0m
      [31m-[0m[0m project_id = "3e27a171-0684-42db-95a8-94478977597e" [90m-> null[0m[0m
    }

[1m  # bahriya_project_registry_attachment.main[0m will be [1m[31mdestroyed[0m
[0m  [31m-[0m[0m resource "bahriya_project_registry_attachment" "main" {
      [31m-[0m[0m handle     = "reg-80e92572" [90m-> null[0m[0m
      [31m-[0m[0m id         = "3e27a171-0684-42db-95a8-94478977597e:reg-80e92572" [90m-> null[0m[0m
      [31m-[0m[0m join_id    = "a92547e2-ebdf-4cc9-95d8-4f8253c6fd0d" [90m-> null[0m[0m
      [31m-[0m[0m project_id = "3e27a171-0684-42db-95a8-94478977597e" [90m-> null[0m[0m
    }

[1m  # bahriya_project_secret_attachment.main[0m will be [1m[31mdestroyed[0m
[0m  [31m-[0m[0m resource "bahriya_project_secret_attachment" "main" {
      [31m-[0m[0m handle     = "sec-80e92572" [90m-> null[0m[0m
      [31m-[0m[0m id         = "3e27a171-0684-42db-95a8-94478977597e:sec-80e92572" [90m-> null[0m[0m
      [31m-[0m[0m join_id    = "c5a459ae-e6ff-479b-b759-37b39b39f597" [90m-> null[0m[0m
      [31m-[0m[0m project_id = "3e27a171-0684-42db-95a8-94478977597e" [90m-> null[0m[0m
    }

[1m  # bahriya_project_ssh_keypair_attachment.main[0m will be [1m[31mdestroyed[0m
[0m  [31m-[0m[0m resource "bahriya_project_ssh_keypair_attachment" "main" {
      [31m-[0m[0m handle     = "ssh-80e92572" [90m-> null[0m[0m
      [31m-[0m[0m id         = "3e27a171-0684-42db-95a8-94478977597e:ssh-80e92572" [90m-> null[0m[0m
      [31m-[0m[0m join_id    = "93b8b21d-0c42-403d-9219-244ba272071e" [90m-> null[0m[0m
      [31m-[0m[0m project_id = "3e27a171-0684-42db-95a8-94478977597e" [90m-> null[0m[0m
    }

[1m  # bahriya_project_tls_bundle_attachment.main[0m will be [1m[31mdestroyed[0m
[0m  [31m-[0m[0m resource "bahriya_project_tls_bundle_attachment" "main" {
      [31m-[0m[0m handle     = "tls-80e92572" [90m-> null[0m[0m
      [31m-[0m[0m id         = "3e27a171-0684-42db-95a8-94478977597e:tls-80e92572" [90m-> null[0m[0m
      [31m-[0m[0m join_id    = "52a7c754-448b-4352-a6fa-5ab0ed0b1508" [90m-> null[0m[0m
      [31m-[0m[0m project_id = "3e27a171-0684-42db-95a8-94478977597e" [90m-> null[0m[0m
    }

[1m  # bahriya_project_x509_cert_attachment.main[0m will be [1m[31mdestroyed[0m
[0m  [31m-[0m[0m resource "bahriya_project_x509_cert_attachment" "main" {
      [31m-[0m[0m handle     = "x509-80e92572" [90m-> null[0m[0m
      [31m-[0m[0m id         = "3e27a171-0684-42db-95a8-94478977597e:x509-80e92572" [90m-> null[0m[0m
      [31m-[0m[0m join_id    = "367422a0-4a72-46e5-a063-4b463f95e3ee" [90m-> null[0m[0m
      [31m-[0m[0m project_id = "3e27a171-0684-42db-95a8-94478977597e" [90m-> null[0m[0m
    }

[1m  # bahriya_project_yaml_config_attachment.main[0m will be [1m[31mdestroyed[0m
[0m  [31m-[0m[0m resource "bahriya_project_yaml_config_attachment" "main" {
      [31m-[0m[0m handle     = "yaml-80e92572" [90m-> null[0m[0m
      [31m-[0m[0m id         = "3e27a171-0684-42db-95a8-94478977597e:yaml-80e92572" [90m-> null[0m[0m
      [31m-[0m[0m join_id    = "01426444-5126-42ad-a0f0-e27e0858007a" [90m-> null[0m[0m
      [31m-[0m[0m project_id = "3e27a171-0684-42db-95a8-94478977597e" [90m-> null[0m[0m
    }

[1m  # bahriya_registry.main[0m will be [1m[31mdestroyed[0m
[0m  [31m-[0m[0m resource "bahriya_registry" "main" {
      [31m-[0m[0m billable    = true [90m-> null[0m[0m
      [31m-[0m[0m handle      = "reg-80e92572" [90m-> null[0m[0m
      [31m-[0m[0m id          = "e8cdb429-4ad1-4b0d-a44f-ac243d4258cd" [90m-> null[0m[0m
      [31m-[0m[0m maxversions = 5 [90m-> null[0m[0m
      [31m-[0m[0m name        = "TF E2E Registry 80e92572" [90m-> null[0m[0m
      [31m-[0m[0m password    = (sensitive value) [90m-> null[0m[0m
      [31m-[0m[0m server      = "ghcr.io" [90m-> null[0m[0m
      [31m-[0m[0m username    = "e2e-user" [90m-> null[0m[0m
    }

[1m  # bahriya_secret.main[0m will be [1m[31mdestroyed[0m
[0m  [31m-[0m[0m resource "bahriya_secret" "main" {
      [31m-[0m[0m billable    = true [90m-> null[0m[0m
      [31m-[0m[0m handle      = "sec-80e92572" [90m-> null[0m[0m
      [31m-[0m[0m id          = "b7955c1a-ab0e-46cf-89b2-1eae8e6dbf5d" [90m-> null[0m[0m
      [31m-[0m[0m maxversions = 5 [90m-> null[0m[0m
      [31m-[0m[0m name        = "TF E2E Secret 80e92572" [90m-> null[0m[0m
      [31m-[0m[0m value       = (sensitive value) [90m-> null[0m[0m
    }

[1m  # bahriya_ssh_keypair.main[0m will be [1m[31mdestroyed[0m
[0m  [31m-[0m[0m resource "bahriya_ssh_keypair" "main" {
      [31m-[0m[0m algorithm    = "ssh-ed25519" [90m-> null[0m[0m
      [31m-[0m[0m billable     = true [90m-> null[0m[0m
      [31m-[0m[0m comment      = "e2e-80e92572@bahriya.test" [90m-> null[0m[0m
      [31m-[0m[0m handle       = "ssh-80e92572" [90m-> null[0m[0m
      [31m-[0m[0m id           = "acb0e695-c003-4fcb-81fc-7be3a4481ebc" [90m-> null[0m[0m
      [31m-[0m[0m keyid        = "SHA256:RilBIzgCycbhp3z+6Gn39mu+Kay3X7GcTHHzkc7YNY8" [90m-> null[0m[0m
      [31m-[0m[0m maxversions  = 5 [90m-> null[0m[0m
      [31m-[0m[0m name         = "TF E2E SSH Keypair 80e92572" [90m-> null[0m[0m
      [31m-[0m[0m organisation = "7d35e320-2291-4e65-8be6-ce0cf9019916" [90m-> null[0m[0m
      [31m-[0m[0m privatekey   = (sensitive value) [90m-> null[0m[0m
      [31m-[0m[0m publickey    = (sensitive value) [90m-> null[0m[0m
    }

[1m  # bahriya_tls_bundle.main[0m will be [1m[31mdestroyed[0m
[0m  [31m-[0m[0m resource "bahriya_tls_bundle" "main" {
      [31m-[0m[0m algorithm    = "RSA" [90m-> null[0m[0m
      [31m-[0m[0m billable     = true [90m-> null[0m[0m
      [31m-[0m[0m ca           = <<-EOT
            -----BEGIN CERTIFICATE-----
            MIIDQTCCAimgAwIBAgIUAWB/iMYl0MLbM4+M5Qm6hVZu7sswDQYJKoZIhvcNAQEL
            BQAwMDEYMBYGA1UEAwwPQmFocml5YSBUZXN0IENBMRQwEgYDVQQKDAtCYWhyaXlh
            IEUyRTAeFw0yNjA3MjMxMzExMDhaFw0yNzA3MjMxMzExMDhaMDAxGDAWBgNVBAMM
            D0JhaHJpeWEgVGVzdCBDQTEUMBIGA1UECgwLQmFocml5YSBFMkUwggEiMA0GCSqG
            SIb3DQEBAQUAA4IBDwAwggEKAoIBAQCicnq3YlLlFcGFn6OsNRVlWjQUNsv76eGC
            tVp43QpubJxb/AUKFNbbuh0x5qc136II9mTrQ14bvZRVuydRQIWPv/zBFNcs6UBS
            IoOE3jjluk+5yAO0aZPTJ/qP9wG3iDbiWA0mpCEosSWFSV+Cyj4odgnpk/dD1xXg
            O/vgcB+oP03FF6pHmRm+YWl0bZL7BQc/OOPv2vvUUuKb09RmVzKSj1DDmEYK/U0L
            8UB9qmk69nMdYGhz1C0tqLCYyhFmib+YwZiMusWIMcRwZFUugwKQnuPWRj6fhgRU
            AkW/XpNMx03x6HG4llx1x+e5cEKHfyWa8k5B3AKuKMSgprzBd7eDAgMBAAGjUzBR
            MB0GA1UdDgQWBBQkXyBM/QeT4t8ATC/HJ35hekSHhTAfBgNVHSMEGDAWgBQkXyBM
            /QeT4t8ATC/HJ35hekSHhTAPBgNVHRMBAf8EBTADAQH/MA0GCSqGSIb3DQEBCwUA
            A4IBAQCabMQDiGBn898LvLgpRDzT6oOkSyxTv22bmSCunZhGv5JI5TGe9QXO5Rui
            mHJcN/9JDo6YH0HOmE/f0F0WVJFGjoXlV+2ehu8OIyyOyhGknk8tTN+UXwHaHsL5
            G8ws2XAapOyaDPkJCn3SGZ0GmKruQ6uORUX3k5Jf6ezQlmLZnTl1jfLzDNtBQr7P
            dv0ykAjM3JNGh2Rean0kBk442Y464Ck/ABWG8GPj9jaDDC37cNqNme1pNsElCY4L
            6VVfaKev+cWYjbY6+Jg/lD+W85whrJIA00GQ4IZPzcZ48vjZbwtRydjcJG+yh9L5
            08VxgbPo19KMJJKWk7/q7eR3A2FP
            -----END CERTIFICATE-----
        EOT [90m-> null[0m[0m
      [31m-[0m[0m cert         = <<-EOT
            -----BEGIN CERTIFICATE-----
            MIIDOjCCAiKgAwIBAgIUK0Qv6RM0kTh2yAbX5y5kDCq1QQswDQYJKoZIhvcNAQEL
            BQAwMDEYMBYGA1UEAwwPQmFocml5YSBUZXN0IENBMRQwEgYDVQQKDAtCYWhyaXlh
            IEUyRTAeFw0yNjA3MjMxMzExMDhaFw0yNzA3MjMxMzExMDhaMDoxIjAgBgNVBAMM
            GWUyZS04MGU5MjU3Mi5iYWhyaXlhLnRlc3QxFDASBgNVBAoMC0JhaHJpeWEgRTJF
            MIIBIjANBgkqhkiG9w0BAQEFAAOCAQ8AMIIBCgKCAQEAyyZ1A2aMKgoGLLDIBkZ6
            kVxPOugP1U01hdCRduh2LAzyKz+vi+ySRcvAwoMAJPI7iXqKMh/62cXNYRNtiiY+
            0JmkCmDyNyiinaS7sgTwV//Mw6bM0cm/ZmnMslU2ZTQRYHP5NGT1usz04XDdrfrG
            TOeHzIl9LPvS2PM7kdFN0KqqscrtcnM/UjZV9Zu+1JQqiEN7sUh5dpGCa4NiZ+N3
            Cm5BeVtM9U6D14BJY7SpN5vpFyDPvneBWVn7KZMskyYYQZmUzugkzeYS0gLXXb99
            oSzOlSpVbJxRwhpmOj3zWzOPgx+xwqucLztwygxebe0mRNQ28w/NCrFMkqkGi87P
            PQIDAQABo0IwQDAdBgNVHQ4EFgQUdVneQXjA2TPg6he0r1X/BYQiKikwHwYDVR0j
            BBgwFoAUJF8gTP0Hk+LfAEwvxyd+YXpEh4UwDQYJKoZIhvcNAQELBQADggEBAAl2
            IuU3plgRuehO8Szg//J3BaY1lxfkkiM1AZZPIj3ry76NbU1O11bMQ9xxcoLudQJh
            3phA+ktCH05u4YwM+2Eda5P/jieXHkZD5ab0y3I1YD31UzQErYE/xz5ze1ssuYcF
            saVfEvwQ1novXk/ZpvviQnw9FZkHGoO/9wvvZr7bhLVYzDZIlAMmbjOP7eymZyl7
            YsdgrBf8eLqllMrWqDSpKHfGP8NQDMGX2CAvbixnrB9yK47y+O+ftIUjkz97ATr1
            /a2ObxFhxuhEHvuqQM4Ka1kl62xe4P23XNKD4DxmtJGpeGA523gXM1078lP046Gi
            qMib0O+FQ0hamwWFGes=
            -----END CERTIFICATE-----
        EOT [90m-> null[0m[0m
      [31m-[0m[0m fingerprint  = "SHA256:FA:46:D8:DF:C1:47:5C:05:6B:AA:5B:09:01:3F:CD:70:05:C7:D0:12:26:35:2E:DB:D1:14:2F:E8:67:BB:14:70:" [90m-> null[0m[0m
      [31m-[0m[0m handle       = "tls-80e92572" [90m-> null[0m[0m
      [31m-[0m[0m id           = "6d96871e-2bf4-4996-82fb-ff64e81356c6" [90m-> null[0m[0m
      [31m-[0m[0m issuer       = "CN=Bahriya Test CA, O=Bahriya E2E" [90m-> null[0m[0m
      [31m-[0m[0m key          = (sensitive value) [90m-> null[0m[0m
      [31m-[0m[0m keybits      = 2048 [90m-> null[0m[0m
      [31m-[0m[0m maxversions  = 5 [90m-> null[0m[0m
      [31m-[0m[0m name         = "TF E2E TLS Bundle 80e92572" [90m-> null[0m[0m
      [31m-[0m[0m organisation = "7d35e320-2291-4e65-8be6-ce0cf9019916" [90m-> null[0m[0m
      [31m-[0m[0m subject      = "CN=e2e-80e92572.bahriya.test, O=Bahriya E2E" [90m-> null[0m[0m
    }

[1m  # bahriya_x509_cert.main[0m will be [1m[31mdestroyed[0m
[0m  [31m-[0m[0m resource "bahriya_x509_cert" "main" {
      [31m-[0m[0m algorithm    = "RSA" [90m-> null[0m[0m
      [31m-[0m[0m billable     = true [90m-> null[0m[0m
      [31m-[0m[0m cert         = <<-EOT
            -----BEGIN CERTIFICATE-----
            MIIDXzCCAkegAwIBAgIUJCQPxoz05eh1epxugsT4Jb7GXr4wDQYJKoZIhvcNAQEL
            BQAwPzEnMCUGA1UEAwweZTJlLXg1MDktODBlOTI1NzIuYmFocml5YS50ZXN0MRQw
            EgYDVQQKDAtCYWhyaXlhIEUyRTAeFw0yNjA3MjMxMzExMDhaFw0yNzA3MjMxMzEx
            MDhaMD8xJzAlBgNVBAMMHmUyZS14NTA5LTgwZTkyNTcyLmJhaHJpeWEudGVzdDEU
            MBIGA1UECgwLQmFocml5YSBFMkUwggEiMA0GCSqGSIb3DQEBAQUAA4IBDwAwggEK
            AoIBAQCtibY6fTpcoussqCvPFFc6+0xs6QZhSZo1BAmNK25I4cntS0sZHdrRMcjc
            pnD/FwYBsbOe1Bsr2KiL22rissjoLbJrY3BMZgKaPZHAq1TQJ2ogj4FfIthTdGpL
            P3jKFmC25zVUGOK4mcqES+yhMkJ+NNrI/Z01UdGW+isJvjq/pNanzXhgKI6iYqGl
            VLPGwWqCOCNOksqxiHBd1f3W/RLRkyoOBBzDiuNVyP6UqPBABhm1PGx2wCzzV7bo
            JXwGWj/YDKMY9TSUTTOVfRkNj++cdvemeC8jPGe0oSnaADCOcmgA/PZ5WO/CnVOH
            wgroH0ZTBezZ3pBCJLgzn9YXqIZVAgMBAAGjUzBRMB0GA1UdDgQWBBTtvOqpd+kM
            HY5f3KgX38lbxZQjXzAfBgNVHSMEGDAWgBTtvOqpd+kMHY5f3KgX38lbxZQjXzAP
            BgNVHRMBAf8EBTADAQH/MA0GCSqGSIb3DQEBCwUAA4IBAQA8T39kTdPQIu4UTQ7W
            Y/xGPnwlqP4Ilqp527USb/R9XtdFNmXmWy8uqb3+H1l8mNdxSAc7R2eJPz4tD4eS
            hFSpJgMll9ponBCiplEZj6HbhR5UVnHMZtF6e9PBMRxFfvpYZFk+55Ir8hNHp3FZ
            eTPBI1RlN1LbFW/T3MNUn4va3S1JwaUt6mBgNG3Dh2U3nNqPy0HPKKx3vJ4eMGeT
            S/PNizD3Xm1p9ucEfZGkz7GJrCeNpzmrWKUmIuaia9kcY9VUXIG3lUFUjwP7SVWd
            Z6hbEFkVC4QQkjWUYOjo1iQHW8YHWq/wpHbK8YzO69z47wsdsEDlZntj83H/239b
            F5D1
            -----END CERTIFICATE-----
        EOT [90m-> null[0m[0m
      [31m-[0m[0m fingerprint  = "SHA256:FD:8D:26:5F:1C:D2:63:C0:F2:C7:E4:FC:35:00:54:DD:E1:94:6D:D3:18:ED:14:5D:17:03:3D:57:A0:4F:66:1F:" [90m-> null[0m[0m
      [31m-[0m[0m handle       = "x509-80e92572" [90m-> null[0m[0m
      [31m-[0m[0m id           = "cc03aaef-339e-4eea-a2c4-2f45f420bd79" [90m-> null[0m[0m
      [31m-[0m[0m issuer       = "CN=e2e-x509-80e92572.bahriya.test, O=Bahriya E2E" [90m-> null[0m[0m
      [31m-[0m[0m maxversions  = 5 [90m-> null[0m[0m
      [31m-[0m[0m name         = "TF E2E X509 Cert 80e92572" [90m-> null[0m[0m
      [31m-[0m[0m organisation = "7d35e320-2291-4e65-8be6-ce0cf9019916" [90m-> null[0m[0m
      [31m-[0m[0m subject      = "CN=e2e-x509-80e92572.bahriya.test, O=Bahriya E2E" [90m-> null[0m[0m
    }

[1m  # bahriya_yaml_config.main[0m will be [1m[31mdestroyed[0m
[0m  [31m-[0m[0m resource "bahriya_yaml_config" "main" {
      [31m-[0m[0m billable     = true [90m-> null[0m[0m
      [31m-[0m[0m content      = <<-EOT
            service:
              name: e2e-80e92572
              replicas: 1
              features:
                - alpha
                - beta
        EOT [90m-> null[0m[0m
      [31m-[0m[0m handle       = "yaml-80e92572" [90m-> null[0m[0m
      [31m-[0m[0m id           = "7b39b8fa-ef22-4dee-94f1-1ee84cf2bdba" [90m-> null[0m[0m
      [31m-[0m[0m maxversions  = 5 [90m-> null[0m[0m
      [31m-[0m[0m name         = "TF E2E YAML Config 80e92572" [90m-> null[0m[0m
      [31m-[0m[0m organisation = "7d35e320-2291-4e65-8be6-ce0cf9019916" [90m-> null[0m[0m
    }

[1mPlan:[0m [0m0 to add, 0 to change, 30 to destroy.

Changes to Outputs:
  [31m-[0m[0m active_regions    = [
      [31m-[0m[0m "falkenstein-1",
      [31m-[0m[0m "helsinki-1",
      [31m-[0m[0m "virginia-1",
      [31m-[0m[0m "singapore-1",
    ] [90m-> null[0m[0m
  [31m-[0m[0m network_policy_id = "1469ab32-abad-4282-9078-933ada724a4c" [90m-> null[0m[0m
  [31m-[0m[0m project_id        = "3e27a171-0684-42db-95a8-94478977597e" [90m-> null[0m[0m
  [31m-[0m[0m registry_id       = "e8cdb429-4ad1-4b0d-a44f-ac243d4258cd" [90m-> null[0m[0m
  [31m-[0m[0m secret_id         = "b7955c1a-ab0e-46cf-89b2-1eae8e6dbf5d" [90m-> null[0m[0m
  [31m-[0m[0m suffix            = "80e92572" [90m-> null[0m[0m
[0m[1mbahriya_project_registry_attachment.main: Destroying... [id=3e27a171-0684-42db-95a8-94478977597e:reg-80e92572][0m[0m
[0m[1mbahriya_memcached.cache: Destroying... [id=17b4b9f4-dfe4-4ead-8a80-d4bcdefe9a90][0m[0m
[0m[1mbahriya_container.web: Destroying... [id=626f1989-ace6-47ff-9447-47ffe625d9ad][0m[0m
[0m[1mbahriya_container.cron: Destroying... [id=0a1d6dbd-abed-477f-8e6c-20cda176247d][0m[0m
[0m[1mbahriya_container.worker: Destroying... [id=6076220e-65c8-464f-81b8-2a2bdea1c572][0m[0m
[0m[1mbahriya_project_registry_attachment.main: Destruction complete after 1s[0m
[0m[1mbahriya_registry.main: Destroying... [id=e8cdb429-4ad1-4b0d-a44f-ac243d4258cd][0m[0m
[0m[1mbahriya_registry.main: Destruction complete after 0s[0m
[0m[1mbahriya_memcached.cache: Still destroying... [id=17b4b9f4-dfe4-4ead-8a80-d4bcdefe9a90, 00m10s elapsed][0m[0m
[0m[1mbahriya_container.web: Still destroying... [id=626f1989-ace6-47ff-9447-47ffe625d9ad, 00m10s elapsed][0m[0m
[0m[1mbahriya_container.cron: Still destroying... [id=0a1d6dbd-abed-477f-8e6c-20cda176247d, 00m10s elapsed][0m[0m
[0m[1mbahriya_container.worker: Still destroying... [id=6076220e-65c8-464f-81b8-2a2bdea1c572, 00m10s elapsed][0m[0m
[0m[1mbahriya_memcached.cache: Still destroying... [id=17b4b9f4-dfe4-4ead-8a80-d4bcdefe9a90, 00m20s elapsed][0m[0m
[0m[1mbahriya_container.cron: Still destroying... [id=0a1d6dbd-abed-477f-8e6c-20cda176247d, 00m20s elapsed][0m[0m
[0m[1mbahriya_container.web: Still destroying... [id=626f1989-ace6-47ff-9447-47ffe625d9ad, 00m20s elapsed][0m[0m
[0m[1mbahriya_container.worker: Still destroying... [id=6076220e-65c8-464f-81b8-2a2bdea1c572, 00m20s elapsed][0m[0m
[0m[1mbahriya_container.worker: Destruction complete after 30s[0m
[0m[1mbahriya_container.cron: Still destroying... [id=0a1d6dbd-abed-477f-8e6c-20cda176247d, 00m30s elapsed][0m[0m
[0m[1mbahriya_container.web: Still destroying... [id=626f1989-ace6-47ff-9447-47ffe625d9ad, 00m30s elapsed][0m[0m
[0m[1mbahriya_memcached.cache: Still destroying... [id=17b4b9f4-dfe4-4ead-8a80-d4bcdefe9a90, 00m30s elapsed][0m[0m
[0m[1mbahriya_memcached.cache: Still destroying... [id=17b4b9f4-dfe4-4ead-8a80-d4bcdefe9a90, 00m40s elapsed][0m[0m
[0m[1mbahriya_container.cron: Still destroying... [id=0a1d6dbd-abed-477f-8e6c-20cda176247d, 00m40s elapsed][0m[0m
[0m[1mbahriya_container.web: Still destroying... [id=626f1989-ace6-47ff-9447-47ffe625d9ad, 00m40s elapsed][0m[0m
[0m[1mbahriya_container.web: Destruction complete after 40s[0m
[0m[1mbahriya_project_json_config_attachment.main: Destroying... [id=3e27a171-0684-42db-95a8-94478977597e:json-80e92572][0m[0m
[0m[1mbahriya_project_encryption_key_attachment.main: Destroying... [id=3e27a171-0684-42db-95a8-94478977597e:enc-80e92572][0m[0m
[0m[1mbahriya_project_secret_attachment.main: Destroying... [id=3e27a171-0684-42db-95a8-94478977597e:sec-80e92572][0m[0m
[0m[1mbahriya_project_env_file_attachment.main: Destroying... [id=3e27a171-0684-42db-95a8-94478977597e:env-80e92572][0m[0m
[0m[1mbahriya_project_plain_config_attachment.main: Destroying... [id=3e27a171-0684-42db-95a8-94478977597e:plain-80e92572][0m[0m
[0m[1mbahriya_project_gpg_keypair_attachment.main: Destroying... [id=3e27a171-0684-42db-95a8-94478977597e:gpg-80e92572][0m[0m
[0m[1mbahriya_project_tls_bundle_attachment.main: Destroying... [id=3e27a171-0684-42db-95a8-94478977597e:tls-80e92572][0m[0m
[0m[1mbahriya_project_x509_cert_attachment.main: Destroying... [id=3e27a171-0684-42db-95a8-94478977597e:x509-80e92572][0m[0m
[0m[1mbahriya_project_plain_config_attachment.main: Destruction complete after 1s[0m
[0m[1mbahriya_project_x509_cert_attachment.main: Destruction complete after 1s[0m
[0m[1mbahriya_project_gpg_keypair_attachment.main: Destruction complete after 1s[0m
[0m[1mbahriya_project_ssh_keypair_attachment.main: Destroying... [id=3e27a171-0684-42db-95a8-94478977597e:ssh-80e92572][0m[0m
[0m[1mbahriya_project_network_policy_attachment.main: Destroying... [id=3e27a171-0684-42db-95a8-94478977597e:netpol-80e92572][0m[0m
[0m[1mbahriya_project_tls_bundle_attachment.main: Destruction complete after 1s[0m
[0m[1mbahriya_project_yaml_config_attachment.main: Destroying... [id=3e27a171-0684-42db-95a8-94478977597e:yaml-80e92572][0m[0m
[0m[1mbahriya_plain_config.main: Destroying... [id=2645611a-29c1-41b6-840e-33bfea821ba9][0m[0m
[0m[1mbahriya_project_encryption_key_attachment.main: Destruction complete after 1s[0m
[0m[1mbahriya_x509_cert.main: Destroying... [id=cc03aaef-339e-4eea-a2c4-2f45f420bd79][0m[0m
[0m[1mbahriya_project_json_config_attachment.main: Destruction complete after 1s[0m
[0m[1mbahriya_gpg_keypair.main: Destroying... [id=8de0c00c-80bf-4257-9c89-f0e82e577826][0m[0m
[0m[1mbahriya_project_env_file_attachment.main: Destruction complete after 1s[0m
[0m[1mbahriya_tls_bundle.main: Destroying... [id=6d96871e-2bf4-4996-82fb-ff64e81356c6][0m[0m
[0m[1mbahriya_plain_config.main: Destruction complete after 0s[0m
[0m[1mbahriya_encryption_key.main: Destroying... [id=132d0e0c-bce5-48b6-99d8-a899ed2c8513][0m[0m
[0m[1mbahriya_project_ssh_keypair_attachment.main: Destruction complete after 0s[0m
[0m[1mbahriya_json_config.main: Destroying... [id=219d6faa-2d61-477a-ac80-aec6a1b76f52][0m[0m
[0m[1mbahriya_project_yaml_config_attachment.main: Destruction complete after 0s[0m
[0m[1mbahriya_env_file.main: Destroying... [id=9948cb74-00ac-4a2e-b6f5-900c0ff0cea0][0m[0m
[0m[1mbahriya_project_secret_attachment.main: Destruction complete after 1s[0m
[0m[1mbahriya_ssh_keypair.main: Destroying... [id=acb0e695-c003-4fcb-81fc-7be3a4481ebc][0m[0m
[0m[1mbahriya_project_network_policy_attachment.main: Destruction complete after 1s[0m
[0m[1mbahriya_gpg_keypair.main: Destruction complete after 1s[0m
[0m[1mbahriya_yaml_config.main: Destroying... [id=7b39b8fa-ef22-4dee-94f1-1ee84cf2bdba][0m[0m
[0m[1mbahriya_secret.main: Destroying... [id=b7955c1a-ab0e-46cf-89b2-1eae8e6dbf5d][0m[0m
[0m[1mbahriya_tls_bundle.main: Destruction complete after 1s[0m
[0m[1mbahriya_network_policy.main: Destroying... [id=1469ab32-abad-4282-9078-933ada724a4c][0m[0m
[0m[1mbahriya_json_config.main: Destruction complete after 1s[0m
[0m[1mbahriya_encryption_key.main: Destruction complete after 1s[0m
[0m[1mbahriya_yaml_config.main: Destruction complete after 0s[0m
[0m[1mbahriya_env_file.main: Destruction complete after 1s[0m
[0m[1mbahriya_secret.main: Destruction complete after 0s[0m
[0m[1mbahriya_x509_cert.main: Destruction complete after 1s[0m
[0m[1mbahriya_ssh_keypair.main: Destruction complete after 1s[0m
[0m[1mbahriya_network_policy.main: Destruction complete after 0s[0m
[0m[1mbahriya_project.peer: Destroying... [id=7a74788c-67b0-4ad1-be1f-18e8c5830c2a][0m[0m
[0m[1mbahriya_project.peer: Destruction complete after 1s[0m
[0m[1mbahriya_container.cron: Still destroying... [id=0a1d6dbd-abed-477f-8e6c-20cda176247d, 00m50s elapsed][0m[0m
[0m[1mbahriya_memcached.cache: Still destroying... [id=17b4b9f4-dfe4-4ead-8a80-d4bcdefe9a90, 00m50s elapsed][0m[0m
[0m[1mbahriya_memcached.cache: Still destroying... [id=17b4b9f4-dfe4-4ead-8a80-d4bcdefe9a90, 01m00s elapsed][0m[0m
[0m[1mbahriya_container.cron: Still destroying... [id=0a1d6dbd-abed-477f-8e6c-20cda176247d, 01m00s elapsed][0m[0m
[0m[1mbahriya_container.cron: Destruction complete after 1m1s[0m
[0m[1mbahriya_memcached.cache: Destruction complete after 1m1s[0m
[0m[1mbahriya_project.e2e: Destroying... [id=3e27a171-0684-42db-95a8-94478977597e][0m[0m
[0m[1mbahriya_project.e2e: Destruction complete after 0s[0m
[0m[1m[32m
Destroy complete! Resources: 30 destroyed.[0m
