
Warning: Provider development overrides are in effect

The following provider development overrides are set in the CLI
configuration:
 - bahriya-cloud/bahriya in /Users/meezaan/code/bahriya/bahriya-platform/terraform-provider-bahriya/bin

The behavior may therefore not match any released version of the provider and
applying changes may cause the state to become incompatible with published
releases.
bahriya_gpg_keypair.main: Refreshing state... [id=19464953-67ed-49ac-b845-cef70cd97872]
bahriya_yaml_config.main: Refreshing state... [id=51f1c9f0-6fe2-489e-8aab-850613062bb8]
bahriya_x509_cert.main: Refreshing state... [id=cf356cf2-ab4c-4049-8509-c6fbb3a314a8]
bahriya_project.e2e: Refreshing state... [id=a469c38b-8556-4e2d-a0ed-82c6431bb7c9]
bahriya_encryption_key.main: Refreshing state... [id=36009576-573d-4b29-931a-c31dedf92406]
bahriya_tls_bundle.main: Refreshing state... [id=fa4d2550-7bc6-42e5-bf44-de4d88ed737f]
bahriya_ssh_keypair.main: Refreshing state... [id=2d489a1d-8313-4a07-ad74-3e1372f0533a]
bahriya_plain_config.main: Refreshing state... [id=ef0b6f90-450b-4f7e-ad52-38db47a39e23]
bahriya_json_config.main: Refreshing state... [id=e297c584-2080-48c4-9f1d-ea48f91772e8]
bahriya_env_file.main: Refreshing state... [id=f4738427-f90a-4d7e-a46c-9ba450bc3986]
bahriya_project_plain_config_attachment.main: Refreshing state... [id=a469c38b-8556-4e2d-a0ed-82c6431bb7c9:plain-9d2ea417]
bahriya_project_json_config_attachment.main: Refreshing state... [id=a469c38b-8556-4e2d-a0ed-82c6431bb7c9:json-9d2ea417]
bahriya_project_ssh_keypair_attachment.main: Refreshing state... [id=a469c38b-8556-4e2d-a0ed-82c6431bb7c9:ssh-9d2ea417]
bahriya_project_tls_bundle_attachment.main: Refreshing state... [id=a469c38b-8556-4e2d-a0ed-82c6431bb7c9:tls-9d2ea417]
bahriya_project_yaml_config_attachment.main: Refreshing state... [id=a469c38b-8556-4e2d-a0ed-82c6431bb7c9:yaml-9d2ea417]
bahriya_project_gpg_keypair_attachment.main: Refreshing state... [id=a469c38b-8556-4e2d-a0ed-82c6431bb7c9:gpg-9d2ea417]
bahriya_project_x509_cert_attachment.main: Refreshing state... [id=a469c38b-8556-4e2d-a0ed-82c6431bb7c9:x509-9d2ea417]
bahriya_project_env_file_attachment.main: Refreshing state... [id=a469c38b-8556-4e2d-a0ed-82c6431bb7c9:env-9d2ea417]
bahriya_project_encryption_key_attachment.main: Refreshing state... [id=a469c38b-8556-4e2d-a0ed-82c6431bb7c9:enc-9d2ea417]

Terraform used the selected providers to generate the following execution
plan. Resource actions are indicated with the following symbols:
  - destroy

Terraform will perform the following actions:

  # bahriya_encryption_key.main will be destroyed
  - resource "bahriya_encryption_key" "main" {
      - algorithm    = "AES-256" -> null
      - billable     = true -> null
      - format       = "base64" -> null
      - handle       = "enc-9d2ea417" -> null
      - id           = "36009576-573d-4b29-931a-c31dedf92406" -> null
      - key          = (sensitive value) -> null
      - maxversions  = 5 -> null
      - name         = "TF E2E Encryption Key 9d2ea417" -> null
      - organisation = "7d35e320-2291-4e65-8be6-ce0cf9019916" -> null
    }

  # bahriya_env_file.main will be destroyed
  - resource "bahriya_env_file" "main" {
      - billable     = true -> null
      - content      = <<-EOT
            # E2E env file
            APP_MODE=production
            LOG_LEVEL=info
            FEATURE_X_ENABLED=true
        EOT -> null
      - handle       = "env-9d2ea417" -> null
      - id           = "f4738427-f90a-4d7e-a46c-9ba450bc3986" -> null
      - maxversions  = 5 -> null
      - name         = "TF E2E Env File 9d2ea417" -> null
      - organisation = "7d35e320-2291-4e65-8be6-ce0cf9019916" -> null
    }

  # bahriya_gpg_keypair.main will be destroyed
  - resource "bahriya_gpg_keypair" "main" {
      - algorithm    = "EdDSA" -> null
      - billable     = true -> null
      - handle       = "gpg-9d2ea417" -> null
      - id           = "19464953-67ed-49ac-b845-cef70cd97872" -> null
      - maxversions  = 5 -> null
      - name         = "TF E2E GPG Keypair 9d2ea417" -> null
      - organisation = "7d35e320-2291-4e65-8be6-ce0cf9019916" -> null
      - private_key  = (sensitive value) -> null
      - public_key   = (sensitive value) -> null
      - uid          = "Bahriya E2E 9d2ea417 <e2e-9d2ea417@bahriya.test>" -> null
    }

  # bahriya_json_config.main will be destroyed
  - resource "bahriya_json_config" "main" {
      - billable     = true -> null
      - content      = jsonencode(
            {
              - features = [
                  - "alpha",
                  - "beta",
                ]
              - replicas = 1
              - service  = "e2e-9d2ea417"
            }
        ) -> null
      - handle       = "json-9d2ea417" -> null
      - id           = "e297c584-2080-48c4-9f1d-ea48f91772e8" -> null
      - maxversions  = 5 -> null
      - name         = "TF E2E JSON Config 9d2ea417" -> null
      - organisation = "7d35e320-2291-4e65-8be6-ce0cf9019916" -> null
    }

  # bahriya_plain_config.main will be destroyed
  - resource "bahriya_plain_config" "main" {
      - billable      = true -> null
      - content       = <<-EOT
            # Plain text config for e2e-9d2ea417
            key1=value1
            key2=value2
        EOT -> null
      - contentlength = 61 -> null
      - handle        = "plain-9d2ea417" -> null
      - id            = "ef0b6f90-450b-4f7e-ad52-38db47a39e23" -> null
      - maxversions   = 5 -> null
      - name          = "TF E2E Plain Config 9d2ea417" -> null
      - organisation  = "7d35e320-2291-4e65-8be6-ce0cf9019916" -> null
    }

  # bahriya_project.e2e will be destroyed
  - resource "bahriya_project" "e2e" {
      - handle       = "tfe2e-9d2ea417" -> null
      - id           = "a469c38b-8556-4e2d-a0ed-82c6431bb7c9" -> null
      - name         = "TF E2E Vault Configs 9d2ea417" -> null
      - organisation = "7d35e320-2291-4e65-8be6-ce0cf9019916" -> null
      - regions      = [
          - "helsinki-1",
        ] -> null
      - users        = [
          - "fd280783-1a32-462b-a25d-9562171cf7c6",
        ] -> null
    }

  # bahriya_project_encryption_key_attachment.main will be destroyed
  - resource "bahriya_project_encryption_key_attachment" "main" {
      - handle     = "enc-9d2ea417" -> null
      - id         = "a469c38b-8556-4e2d-a0ed-82c6431bb7c9:enc-9d2ea417" -> null
      - join_id    = "6b6a094d-8195-4151-aafc-090e05fd815a" -> null
      - project_id = "a469c38b-8556-4e2d-a0ed-82c6431bb7c9" -> null
    }

  # bahriya_project_env_file_attachment.main will be destroyed
  - resource "bahriya_project_env_file_attachment" "main" {
      - handle     = "env-9d2ea417" -> null
      - id         = "a469c38b-8556-4e2d-a0ed-82c6431bb7c9:env-9d2ea417" -> null
      - join_id    = "3389cb77-d4e8-4165-9f91-f42e46188fe9" -> null
      - project_id = "a469c38b-8556-4e2d-a0ed-82c6431bb7c9" -> null
    }

  # bahriya_project_gpg_keypair_attachment.main will be destroyed
  - resource "bahriya_project_gpg_keypair_attachment" "main" {
      - handle     = "gpg-9d2ea417" -> null
      - id         = "a469c38b-8556-4e2d-a0ed-82c6431bb7c9:gpg-9d2ea417" -> null
      - join_id    = "293ac46f-d81e-4fbc-a378-827ff2cf1e79" -> null
      - project_id = "a469c38b-8556-4e2d-a0ed-82c6431bb7c9" -> null
    }

  # bahriya_project_json_config_attachment.main will be destroyed
  - resource "bahriya_project_json_config_attachment" "main" {
      - handle     = "json-9d2ea417" -> null
      - id         = "a469c38b-8556-4e2d-a0ed-82c6431bb7c9:json-9d2ea417" -> null
      - join_id    = "5d9de344-64bd-4388-9d24-a74c95466f99" -> null
      - project_id = "a469c38b-8556-4e2d-a0ed-82c6431bb7c9" -> null
    }

  # bahriya_project_plain_config_attachment.main will be destroyed
  - resource "bahriya_project_plain_config_attachment" "main" {
      - handle     = "plain-9d2ea417" -> null
      - id         = "a469c38b-8556-4e2d-a0ed-82c6431bb7c9:plain-9d2ea417" -> null
      - join_id    = "f44935b7-f3e4-48ec-a068-4cc5aa33cb01" -> null
      - project_id = "a469c38b-8556-4e2d-a0ed-82c6431bb7c9" -> null
    }

  # bahriya_project_ssh_keypair_attachment.main will be destroyed
  - resource "bahriya_project_ssh_keypair_attachment" "main" {
      - handle     = "ssh-9d2ea417" -> null
      - id         = "a469c38b-8556-4e2d-a0ed-82c6431bb7c9:ssh-9d2ea417" -> null
      - join_id    = "c2f403fe-3430-4245-bd3d-1b7ccccfddc3" -> null
      - project_id = "a469c38b-8556-4e2d-a0ed-82c6431bb7c9" -> null
    }

  # bahriya_project_tls_bundle_attachment.main will be destroyed
  - resource "bahriya_project_tls_bundle_attachment" "main" {
      - handle     = "tls-9d2ea417" -> null
      - id         = "a469c38b-8556-4e2d-a0ed-82c6431bb7c9:tls-9d2ea417" -> null
      - join_id    = "50db5dfa-fe77-49ed-93e5-5e422cfcd60b" -> null
      - project_id = "a469c38b-8556-4e2d-a0ed-82c6431bb7c9" -> null
    }

  # bahriya_project_x509_cert_attachment.main will be destroyed
  - resource "bahriya_project_x509_cert_attachment" "main" {
      - handle     = "x509-9d2ea417" -> null
      - id         = "a469c38b-8556-4e2d-a0ed-82c6431bb7c9:x509-9d2ea417" -> null
      - join_id    = "bae77304-13c0-4a35-9e27-977ae3c550e7" -> null
      - project_id = "a469c38b-8556-4e2d-a0ed-82c6431bb7c9" -> null
    }

  # bahriya_project_yaml_config_attachment.main will be destroyed
  - resource "bahriya_project_yaml_config_attachment" "main" {
      - handle     = "yaml-9d2ea417" -> null
      - id         = "a469c38b-8556-4e2d-a0ed-82c6431bb7c9:yaml-9d2ea417" -> null
      - join_id    = "283ab38f-2fa5-4517-ae57-46a69d6b9fd4" -> null
      - project_id = "a469c38b-8556-4e2d-a0ed-82c6431bb7c9" -> null
    }

  # bahriya_ssh_keypair.main will be destroyed
  - resource "bahriya_ssh_keypair" "main" {
      - algorithm    = "ssh-ed25519" -> null
      - billable     = true -> null
      - comment      = "e2e-9d2ea417@bahriya.test" -> null
      - handle       = "ssh-9d2ea417" -> null
      - id           = "2d489a1d-8313-4a07-ad74-3e1372f0533a" -> null
      - maxversions  = 5 -> null
      - name         = "TF E2E SSH Keypair 9d2ea417" -> null
      - organisation = "7d35e320-2291-4e65-8be6-ce0cf9019916" -> null
      - private_key  = (sensitive value) -> null
      - public_key   = (sensitive value) -> null
    }

  # bahriya_tls_bundle.main will be destroyed
  - resource "bahriya_tls_bundle" "main" {
      - algorithm    = "RSA" -> null
      - billable     = true -> null
      - ca           = <<-EOT
            -----BEGIN CERTIFICATE-----
            MIIDQTCCAimgAwIBAgIUS8BNhM1aOb0h8u8ITRKmmW3qkf4wDQYJKoZIhvcNAQEL
            BQAwMDEYMBYGA1UEAwwPQmFocml5YSBUZXN0IENBMRQwEgYDVQQKDAtCYWhyaXlh
            IEUyRTAeFw0yNjA2MjEwNzI0NDBaFw0yNzA2MjEwNzI0NDBaMDAxGDAWBgNVBAMM
            D0JhaHJpeWEgVGVzdCBDQTEUMBIGA1UECgwLQmFocml5YSBFMkUwggEiMA0GCSqG
            SIb3DQEBAQUAA4IBDwAwggEKAoIBAQCnuPpVo+pX3sm5s8w09lrrp79Tw3riz7ig
            Ao2HmQIH0aU7D24z5j612kk4B6r90tO3UIMKKcbDd0o/qce+cL56Wsz06uxXxc8G
            KFV58YiALMWwE+frTMG9IEJ6M4cXw5oWc2m3T6JfCpLsChbSj8/eA4XoYCRn5pYp
            Rz3oTbG0dh4NuOGMUDoEl+x6DKtxHxo5sT1smCy3+Bt7lGz0JXTnTDRXH8/5VFRr
            NLcxCs3O7WB4yMmloSLSpDzCATzfFH08GYIN/YbNrJqmMXu0bzlreZE9iSFLWEiW
            QOULwwx4H0iR66dH5qXJ/QPobP1eDVBr9/85D29kdVbwjKKzqI8rAgMBAAGjUzBR
            MB0GA1UdDgQWBBQXIGtY9lxYhckm1WlmZZRxWxxFMjAfBgNVHSMEGDAWgBQXIGtY
            9lxYhckm1WlmZZRxWxxFMjAPBgNVHRMBAf8EBTADAQH/MA0GCSqGSIb3DQEBCwUA
            A4IBAQAlzC/KxULdX1uBwf9O2SQ7V8Zj63OqEHcZMBD2fn68BH1LXxRWhDta1KfB
            HwAEvtGPF6lP4aVYOVQI10oxHQMjb+i2+lk1PFcMU3rBYdGlKwdzHkl0L8WkGqku
            5asebcXrtiNxsa7uiMktvZ07hxx75OG7i3Q0HrzjbVBzk72nr8AYAykeh9UZFpyG
            e1wcopRBXoRNyR6dAYnTBOxC6SJm2GnZ8kp8h2QfLeRMn5OwqetO3gvrM9+mv0qB
            E8jtMEUTFR50CVxEKUXZvluOKuqtCTBjkI3wwBQUEL+XxdRV2Zm6CJ+KNVGP31i9
            2mJgjYwWAb/e7Cbcci0Bh/OlEjPc
            -----END CERTIFICATE-----
        EOT -> null
      - cert         = <<-EOT
            -----BEGIN CERTIFICATE-----
            MIIDOjCCAiKgAwIBAgIUQOe775GNaNTx8CJEEAwb6/9U4fkwDQYJKoZIhvcNAQEL
            BQAwMDEYMBYGA1UEAwwPQmFocml5YSBUZXN0IENBMRQwEgYDVQQKDAtCYWhyaXlh
            IEUyRTAeFw0yNjA2MjEwNzI0NDBaFw0yNzA2MjEwNzI0NDBaMDoxIjAgBgNVBAMM
            GWUyZS05ZDJlYTQxNy5iYWhyaXlhLnRlc3QxFDASBgNVBAoMC0JhaHJpeWEgRTJF
            MIIBIjANBgkqhkiG9w0BAQEFAAOCAQ8AMIIBCgKCAQEAqVYU6ZJ+PscXrw9qoeMQ
            Ya+pvP/FU6RDrVTsPSTwak5RM5PubYirUo9Y9s4KHfTC+hFLSXfDQUYZLNx2bZtt
            vhKnmloSbLjnNMJKH7MUugCbfGOfN/t/By4eIp48pXZLHI/XPrMr0Zs7MBiALwO3
            m38YKfiapiuJtxKbBKyEZeNmD1eqU7enYcTucTaVCclQCbi5slKhXmLXrQp/tmx+
            Nc5l2FGFJJ5FC6dorBiYg4fNeakNDTpG8uASWZOh4q7emfFwV9gPogEh7qls7mSR
            703DGIbSjgGK52EouvS6oJfXl+OTigmPwm44OOm5muB9Mhya2k3w6/FwprXW9IEx
            iwIDAQABo0IwQDAdBgNVHQ4EFgQU0oiemP9zokx6Zx2nuVkbnEMpxS8wHwYDVR0j
            BBgwFoAUFyBrWPZcWIXJJtVpZmWUcVscRTIwDQYJKoZIhvcNAQELBQADggEBAG45
            91dtb6oLB9lI0BxSV2MLegLoJDW35+b7DRPjWtkAfnHHYFdJSg/yPMdNoFZdeoMS
            7G/bzjbzaZ3IjVpzRpqXxyMdJ5rK+e7BrZ4+Xm6E4+AOOPrsfuO8779UtJLE9N/C
            KXmby6clNoI5pLPmCMUlSE4W4YvkX2OKe97P9uNmVsGG9DqBGiR08ZCVrK3RriQb
            fbFfp/qjrPZzBeN/TEB3P2yhWrt0j/uXichKW+PTV4MvYLYqCi9gg02WHker0FvH
            dRJ+blq+llqBz7qgKb5D/LghdoWJqj4qIwTcCERxpoWDkTvPAyctBiQyx3lWsRIo
            9kjkr6tP3cvYJcCsIrM=
            -----END CERTIFICATE-----
        EOT -> null
      - fingerprint  = "SHA256:56:D4:73:A1:E8:23:19:CB:B5:09:F2:0F:1D:ED:CD:A3:94:2B:32:EA:45:3F:2D:69:8F:0C:91:5A:6E:36:94:46:" -> null
      - handle       = "tls-9d2ea417" -> null
      - id           = "fa4d2550-7bc6-42e5-bf44-de4d88ed737f" -> null
      - issuer       = "CN=Bahriya Test CA, O=Bahriya E2E" -> null
      - key          = (sensitive value) -> null
      - keybits      = 2048 -> null
      - maxversions  = 5 -> null
      - name         = "TF E2E TLS Bundle 9d2ea417" -> null
      - organisation = "7d35e320-2291-4e65-8be6-ce0cf9019916" -> null
      - subject      = "CN=e2e-9d2ea417.bahriya.test, O=Bahriya E2E" -> null
    }

  # bahriya_x509_cert.main will be destroyed
  - resource "bahriya_x509_cert" "main" {
      - algorithm    = "RSA" -> null
      - billable     = true -> null
      - cert         = <<-EOT
            -----BEGIN CERTIFICATE-----
            MIIDXzCCAkegAwIBAgIUb39YOT6b6OZO2HIgvcWpbeAyUGwwDQYJKoZIhvcNAQEL
            BQAwPzEnMCUGA1UEAwweZTJlLXg1MDktOWQyZWE0MTcuYmFocml5YS50ZXN0MRQw
            EgYDVQQKDAtCYWhyaXlhIEUyRTAeFw0yNjA2MjEwNzI0NDBaFw0yNzA2MjEwNzI0
            NDBaMD8xJzAlBgNVBAMMHmUyZS14NTA5LTlkMmVhNDE3LmJhaHJpeWEudGVzdDEU
            MBIGA1UECgwLQmFocml5YSBFMkUwggEiMA0GCSqGSIb3DQEBAQUAA4IBDwAwggEK
            AoIBAQDAa4+6TjR/ul+5JmXMbOkS20MVni7EOpRrDkDquXwKqr+7xLY8UxmigLuG
            Np4gV0qbXxkW2gZNktwWb1dkvmNtJP7nwk5j50iBWlz7qS8tw9yD/4LH5feV3O1l
            bhitNqsVf1qYVf2xgII18DTeJoYnASNWebFs6FhjelG3P1Q/g6iZ9hYAAsJTRoin
            li7L1oyfWoumbDia9bGcflmKpwfuC0qq2dfbEmYwte5bM7efGgt0EAPFPV6KSD1d
            UbicD5emHP5SNpFhufP/BIZAtCvIPyPce/pmWdwj9h3YTAIB8NeoHcuaSOWHA/Oi
            RF8XAKFk/Xh//0Zrn5+mGhvbUi/7AgMBAAGjUzBRMB0GA1UdDgQWBBSkV0xZm8gl
            pWlqdVmK50Z7amdu9zAfBgNVHSMEGDAWgBSkV0xZm8glpWlqdVmK50Z7amdu9zAP
            BgNVHRMBAf8EBTADAQH/MA0GCSqGSIb3DQEBCwUAA4IBAQC8mlOlWZ33dSpB8hIV
            EPD8KIMpttBhJX+1nOBaBUdRglwpjQRLvlHrdaAxhBboDIU1eEPu9lnZZJziVrv7
            fT+C91IdB5pYrEvCFdLVs8zTDpYqpT9FZsnj6DifXDpKwY75eRp1PblkDqfT47l+
            9mtHj1SoF3umCcCIQjEKD7WU1PXOxlaCeAjZaQDyRAQI5UBMsUbe/yE4cEjEq15q
            bmUUAfnFPBagggjUa3Bt/stSD3suwXumdGiTRf7NXLE/NfYJjkQi7UhR/tvAAfm/
            +smouBQ10ip9s8wPUerIsbJHM2OiO8a/eqir7gcH5W7grmwm5cXSn9C9IG1rppLY
            bO9+
            -----END CERTIFICATE-----
        EOT -> null
      - fingerprint  = "SHA256:45:55:C3:BE:00:69:69:D2:26:BB:ED:1E:86:9A:C4:AC:ED:03:02:72:63:3F:30:22:DD:0E:B7:E3:14:49:E7:9A:" -> null
      - handle       = "x509-9d2ea417" -> null
      - id           = "cf356cf2-ab4c-4049-8509-c6fbb3a314a8" -> null
      - issuer       = "CN=e2e-x509-9d2ea417.bahriya.test, O=Bahriya E2E" -> null
      - maxversions  = 5 -> null
      - name         = "TF E2E X509 Cert 9d2ea417" -> null
      - organisation = "7d35e320-2291-4e65-8be6-ce0cf9019916" -> null
      - subject      = "CN=e2e-x509-9d2ea417.bahriya.test, O=Bahriya E2E" -> null
    }

  # bahriya_yaml_config.main will be destroyed
  - resource "bahriya_yaml_config" "main" {
      - billable     = true -> null
      - content      = <<-EOT
            service:
              name: e2e-9d2ea417
              replicas: 1
              features:
                - alpha
                - beta
        EOT -> null
      - handle       = "yaml-9d2ea417" -> null
      - id           = "51f1c9f0-6fe2-489e-8aab-850613062bb8" -> null
      - maxversions  = 5 -> null
      - name         = "TF E2E YAML Config 9d2ea417" -> null
      - organisation = "7d35e320-2291-4e65-8be6-ce0cf9019916" -> null
    }

Plan: 0 to add, 0 to change, 19 to destroy.

Changes to Outputs:
  - project_id = "a469c38b-8556-4e2d-a0ed-82c6431bb7c9" -> null
  - suffix     = "9d2ea417" -> null
bahriya_project_env_file_attachment.main: Destroying... [id=a469c38b-8556-4e2d-a0ed-82c6431bb7c9:env-9d2ea417]
bahriya_project_encryption_key_attachment.main: Destroying... [id=a469c38b-8556-4e2d-a0ed-82c6431bb7c9:enc-9d2ea417]
bahriya_project_plain_config_attachment.main: Destroying... [id=a469c38b-8556-4e2d-a0ed-82c6431bb7c9:plain-9d2ea417]
bahriya_project_gpg_keypair_attachment.main: Destroying... [id=a469c38b-8556-4e2d-a0ed-82c6431bb7c9:gpg-9d2ea417]
bahriya_project_tls_bundle_attachment.main: Destroying... [id=a469c38b-8556-4e2d-a0ed-82c6431bb7c9:tls-9d2ea417]
bahriya_project_json_config_attachment.main: Destroying... [id=a469c38b-8556-4e2d-a0ed-82c6431bb7c9:json-9d2ea417]
bahriya_project_x509_cert_attachment.main: Destroying... [id=a469c38b-8556-4e2d-a0ed-82c6431bb7c9:x509-9d2ea417]
bahriya_project_ssh_keypair_attachment.main: Destroying... [id=a469c38b-8556-4e2d-a0ed-82c6431bb7c9:ssh-9d2ea417]
bahriya_project_yaml_config_attachment.main: Destroying... [id=a469c38b-8556-4e2d-a0ed-82c6431bb7c9:yaml-9d2ea417]
bahriya_project_env_file_attachment.main: Destruction complete after 1s
bahriya_project_yaml_config_attachment.main: Destruction complete after 1s
bahriya_env_file.main: Destroying... [id=f4738427-f90a-4d7e-a46c-9ba450bc3986]
bahriya_yaml_config.main: Destroying... [id=51f1c9f0-6fe2-489e-8aab-850613062bb8]
bahriya_project_x509_cert_attachment.main: Destruction complete after 1s
bahriya_x509_cert.main: Destroying... [id=cf356cf2-ab4c-4049-8509-c6fbb3a314a8]
bahriya_project_json_config_attachment.main: Destruction complete after 1s
bahriya_json_config.main: Destroying... [id=e297c584-2080-48c4-9f1d-ea48f91772e8]
bahriya_project_tls_bundle_attachment.main: Destruction complete after 1s
bahriya_tls_bundle.main: Destroying... [id=fa4d2550-7bc6-42e5-bf44-de4d88ed737f]
bahriya_project_gpg_keypair_attachment.main: Destruction complete after 1s
bahriya_project_plain_config_attachment.main: Destruction complete after 1s
bahriya_gpg_keypair.main: Destroying... [id=19464953-67ed-49ac-b845-cef70cd97872]
bahriya_plain_config.main: Destroying... [id=ef0b6f90-450b-4f7e-ad52-38db47a39e23]
bahriya_project_encryption_key_attachment.main: Destruction complete after 1s
bahriya_encryption_key.main: Destroying... [id=36009576-573d-4b29-931a-c31dedf92406]
bahriya_project_ssh_keypair_attachment.main: Destruction complete after 1s
bahriya_project.e2e: Destroying... [id=a469c38b-8556-4e2d-a0ed-82c6431bb7c9]
bahriya_ssh_keypair.main: Destroying... [id=2d489a1d-8313-4a07-ad74-3e1372f0533a]
bahriya_x509_cert.main: Destruction complete after 1s
bahriya_env_file.main: Destruction complete after 1s
bahriya_yaml_config.main: Destruction complete after 1s
bahriya_json_config.main: Destruction complete after 1s
bahriya_plain_config.main: Destruction complete after 1s
bahriya_tls_bundle.main: Destruction complete after 1s
bahriya_gpg_keypair.main: Destruction complete after 1s
bahriya_encryption_key.main: Destruction complete after 1s
bahriya_ssh_keypair.main: Destruction complete after 1s

Error: Delete failed

bahriya api error 409 CONFLICT: "Project cannot be deleted because it still
has 1 container. Please detach or remove these resources from this project
before deleting it."
