
Warning: Provider development overrides are in effect

The following provider development overrides are set in the CLI
configuration:
 - bahriya-cloud/bahriya in /var/folders/qh/wlb0zlhj18dbcy10nzhlh3j40000gn/T/tmp.fhLbXZ7U73

The behavior may therefore not match any released version of the provider and
applying changes may cause the state to become incompatible with published
releases.
bahriya_x509_cert.main: Refreshing state... [id=20598545-e012-408e-8713-2c105b1bde43]
bahriya_project.e2e: Refreshing state... [id=b4288efc-ad04-4ae4-99ea-84961d20bb4b]
bahriya_json_config.main: Refreshing state... [id=12f8b71a-d9ab-4637-9343-79086c9ff6e7]
bahriya_gpg_keypair.main: Refreshing state... [id=3a24c9fd-2573-4de8-9ebe-70b0fcaecc10]
bahriya_tls_bundle.main: Refreshing state... [id=d071d8ea-bc6e-4c38-942d-afd91ab1bc41]
bahriya_project.peer: Refreshing state... [id=5d75f642-f29f-40c4-8ea0-4cfb32bd8469]
bahriya_registry.main: Refreshing state... [id=ba6828af-c8ff-40de-a0eb-6904963ff366]
bahriya_ssh_keypair.main: Refreshing state... [id=9c184466-309c-4a9c-963a-9697918f2225]
bahriya_secret.main: Refreshing state... [id=cc9886f3-1a23-4013-ad72-b911cd53510a]
data.bahriya_regions.active: Reading...
bahriya_env_file.main: Refreshing state... [id=75d71391-41a9-43a1-aad5-bf97ce38ff3a]
data.bahriya_regions.active: Read complete after 1s
bahriya_yaml_config.main: Refreshing state... [id=73cb3fbe-448e-4841-9c69-9f03d7840a39]
bahriya_plain_config.main: Refreshing state... [id=a15c1ada-46bb-425e-ad38-09d4209b29e8]
bahriya_encryption_key.main: Refreshing state... [id=b41a0ada-723a-4768-8f66-b6141349d739]
bahriya_network_policy.main: Refreshing state... [id=d7d26e7c-0558-41fc-bf85-648f1c2c21ab]
bahriya_project_ssh_keypair_attachment.main: Refreshing state... [id=b4288efc-ad04-4ae4-99ea-84961d20bb4b:ssh-f357f231]
bahriya_project_encryption_key_attachment.main: Refreshing state... [id=b4288efc-ad04-4ae4-99ea-84961d20bb4b:enc-f357f231]
bahriya_project_yaml_config_attachment.main: Refreshing state... [id=b4288efc-ad04-4ae4-99ea-84961d20bb4b:yaml-f357f231]
bahriya_project_gpg_keypair_attachment.main: Refreshing state... [id=b4288efc-ad04-4ae4-99ea-84961d20bb4b:gpg-f357f231]
bahriya_project_tls_bundle_attachment.main: Refreshing state... [id=b4288efc-ad04-4ae4-99ea-84961d20bb4b:tls-f357f231]
bahriya_project_registry_attachment.main: Refreshing state... [id=b4288efc-ad04-4ae4-99ea-84961d20bb4b:reg-f357f231]
bahriya_container.cron: Refreshing state... [id=99060205-4516-4b15-b4b6-e65d56ddb032]
bahriya_project_secret_attachment.main: Refreshing state... [id=b4288efc-ad04-4ae4-99ea-84961d20bb4b:sec-f357f231]
bahriya_project_json_config_attachment.main: Refreshing state... [id=b4288efc-ad04-4ae4-99ea-84961d20bb4b:json-f357f231]
bahriya_memcached.cache: Refreshing state... [id=95004d9e-27d4-4d2c-b259-98e625bc0b34]
bahriya_project_x509_cert_attachment.main: Refreshing state... [id=b4288efc-ad04-4ae4-99ea-84961d20bb4b:x509-f357f231]
bahriya_project_env_file_attachment.main: Refreshing state... [id=b4288efc-ad04-4ae4-99ea-84961d20bb4b:env-f357f231]
bahriya_project_plain_config_attachment.main: Refreshing state... [id=b4288efc-ad04-4ae4-99ea-84961d20bb4b:plain-f357f231]
bahriya_project_network_policy_attachment.main: Refreshing state... [id=b4288efc-ad04-4ae4-99ea-84961d20bb4b:netpol-f357f231]
bahriya_container.worker: Refreshing state... [id=a7789ccb-b2c9-448a-a0ce-e6f69fad5417]
bahriya_container.web: Refreshing state... [id=45c0575c-f5cc-41bc-b2c0-bf1e1cd30b37]

Terraform used the selected providers to generate the following execution
plan. Resource actions are indicated with the following symbols:
  - destroy

Terraform will perform the following actions:

  # bahriya_container.cron will be destroyed
  - resource "bahriya_container" "cron" {
      - activeregions                   = [
          - "helsinki-1",
        ] -> null
      - args                            = [] -> null
      - autoscalingenabled              = false -> null
      - autoscalingminreplicas          = "1" -> null
      - autoscalingtargetcpu            = "100" -> null
      - autoscalingtargetmemory         = "100" -> null
      - backofflimit                    = 3 -> null
      - basicauthenabled                = false -> null
      - bootstraptime                   = 30 -> null
      - command                         = [
          - "sh",
          - "-c",
          - "echo e2e-tick",
        ] -> null
      - concurrencypolicy               = "Forbid" -> null
      - dnsfailoverenabled              = false -> null
      - encryptionkeys                  = [] -> null
      - envfiles                        = [] -> null
      - ephemeralstoragegb              = 3 -> null
      - externalnetworkingenabled       = false -> null
      - failedjobshistorylimit          = 3 -> null
      - gpgkeypairs                     = [] -> null
      - handle                          = "cron-f357f231" -> null
      - hostnames                       = [] -> null
      - id                              = "99060205-4516-4b15-b4b6-e65d56ddb032" -> null
      - image                           = "busybox:latest" -> null
      - initjobs                        = [] -> null
      - ipblacklistenabled              = false -> null
      - ipwhitelistenabled              = false -> null
      - jsonconfigs                     = [] -> null
      - maxcpu                          = "150" -> null
      - maxmemory                       = "192" -> null
      - mincpu                          = "100" -> null
      - minmemory                       = "128" -> null
      - name                            = "TF E2E Cron f357f231" -> null
      - networkpolicies                 = [] -> null
      - newenvvar                       = [] -> null
      - organisation                    = "7d35e320-2291-4e65-8be6-ce0cf9019916" -> null
      - persistentvolumes               = [] -> null
      - plainconfigs                    = [] -> null
      - project                         = "b4288efc-ad04-4ae4-99ea-84961d20bb4b" -> null
      - projectname                     = "TF E2E Comprehensive f357f231" -> null
      - proxycacheallowforcecacheheader = false -> null
      - proxycachecontenttypes          = [] -> null
      - proxycacheenabled               = false -> null
      - proxycachehonorcachecontrol     = false -> null
      - proxycacherequestmethods        = [] -> null
      - proxycacheresponsecodes         = [] -> null
      - proxycachevarybodyjsonfields    = [] -> null
      - proxycachevaryheaders           = [] -> null
      - proxycachevaryqueryparams       = [] -> null
      - ratelimitingenabled             = false -> null
      - schedule                        = "*/5 * * * *" -> null
      - secretsenvvar                   = [] -> null
      - sshkeypairs                     = [] -> null
      - status                          = "running" -> null
      - successfuljobshistorylimit      = 3 -> null
      - suspended                       = false -> null
      - timezone                        = "UTC" -> null
      - tlsbundles                      = [] -> null
      - ttlsecondsafterfinished         = 3600 -> null
      - type                            = "cronjob" -> null
      - x509certs                       = [] -> null
      - yamlconfigs                     = [] -> null
    }

  # bahriya_container.web will be destroyed
  - resource "bahriya_container" "web" {
      - activeregions                   = [
          - "helsinki-1",
        ] -> null
      - args                            = [] -> null
      - autoscalingenabled              = false -> null
      - autoscalingminreplicas          = "1" -> null
      - autoscalingtargetcpu            = "100" -> null
      - autoscalingtargetmemory         = "100" -> null
      - basicauthenabled                = false -> null
      - bootstraptime                   = 30 -> null
      - command                         = [] -> null
      - containerport                   = "80" -> null
      - defaulthostname                 = "h-5jx15knw" -> null
      - dnsfailoverenabled              = false -> null
      - encryptionkeys                  = [
          - {
              - handle    = "enc-f357f231" -> null
              - mountpath = "/etc/bahriya/enc" -> null
            },
        ] -> null
      - envfiles                        = [
          - {
              - handle          = "env-f357f231" -> null
              - injectionmethod = "envFrom" -> null
            },
        ] -> null
      - ephemeralstoragegb              = 3 -> null
      - externalnetworkingenabled       = false -> null
      - gpgkeypairs                     = [
          - {
              - handle    = "gpg-f357f231" -> null
              - mountpath = "/etc/bahriya/gpg" -> null
            },
        ] -> null
      - handle                          = "web-f357f231" -> null
      - healthcheckpath                 = "/" -> null
      - hostnames                       = [
          - {
              - hostname    = "web-f357f231.e2e.bahriya.test" -> null
              - wwwredirect = false -> null
            },
        ] -> null
      - id                              = "45c0575c-f5cc-41bc-b2c0-bf1e1cd30b37" -> null
      - image                           = "nginx:alpine" -> null
      - initjobs                        = [] -> null
      - ipblacklist                     = [] -> null
      - ipblacklistenabled              = false -> null
      - ipwhitelist                     = [] -> null
      - ipwhitelistenabled              = false -> null
      - jsonconfigs                     = [
          - {
              - handle    = "json-f357f231" -> null
              - mountpath = "/etc/bahriya/cfg/json" -> null
            },
        ] -> null
      - maxcpu                          = "150" -> null
      - maxmemory                       = "192" -> null
      - mincpu                          = "100" -> null
      - minmemory                       = "128" -> null
      - name                            = "TF E2E Web f357f231" -> null
      - networkpolicies                 = [] -> null
      - newenvvar                       = [
          - {
              - key   = "APP_MODE" -> null
              - value = "e2e" -> null
            },
        ] -> null
      - organisation                    = "7d35e320-2291-4e65-8be6-ce0cf9019916" -> null
      - persistentvolumes               = [
          - {
              - handle    = "data" -> null
              - mountpath = "/var/lib/data" -> null
              - sizegb    = 1 -> null
            },
        ] -> null
      - plainconfigs                    = [
          - {
              - handle    = "plain-f357f231" -> null
              - mountpath = "/etc/bahriya/cfg/plain" -> null
            },
        ] -> null
      - project                         = "b4288efc-ad04-4ae4-99ea-84961d20bb4b" -> null
      - projectname                     = "TF E2E Comprehensive f357f231" -> null
      - proxycacheallowforcecacheheader = false -> null
      - proxycachecontenttypes          = [] -> null
      - proxycacheenabled               = false -> null
      - proxycachehonorcachecontrol     = false -> null
      - proxycacherequestmethods        = [] -> null
      - proxycacheresponsecodes         = [] -> null
      - proxycachevarybodyjsonfields    = [] -> null
      - proxycachevaryheaders           = [] -> null
      - proxycachevaryqueryparams       = [] -> null
      - ratelimitingenabled             = false -> null
      - secretsenvvar                   = [
          - {
              - name   = "APP_SECRET" -> null
              - secret = "sec-f357f231" -> null
            },
        ] -> null
      - sshkeypairs                     = [
          - {
              - handle    = "ssh-f357f231" -> null
              - mountpath = "/etc/bahriya/ssh" -> null
            },
        ] -> null
      - status                          = "error" -> null
      - suspended                       = false -> null
      - tlsbundles                      = [
          - {
              - handle    = "tls-f357f231" -> null
              - mountpath = "/etc/bahriya/tls" -> null
            },
        ] -> null
      - type                            = "http" -> null
      - x509certs                       = [
          - {
              - handle    = "x509-f357f231" -> null
              - mountpath = "/etc/bahriya/x509" -> null
            },
        ] -> null
      - yamlconfigs                     = [
          - {
              - handle    = "yaml-f357f231" -> null
              - mountpath = "/etc/bahriya/cfg/yaml" -> null
            },
        ] -> null
    }

  # bahriya_container.worker will be destroyed
  - resource "bahriya_container" "worker" {
      - activeregions                   = [
          - "helsinki-1",
        ] -> null
      - args                            = [] -> null
      - autoscalingenabled              = false -> null
      - autoscalingminreplicas          = "1" -> null
      - autoscalingtargetcpu            = "100" -> null
      - autoscalingtargetmemory         = "100" -> null
      - basicauthenabled                = false -> null
      - bootstraptime                   = 30 -> null
      - command                         = [] -> null
      - dnsfailoverenabled              = false -> null
      - encryptionkeys                  = [] -> null
      - envfiles                        = [] -> null
      - ephemeralstoragegb              = 3 -> null
      - externalnetworkingenabled       = false -> null
      - gpgkeypairs                     = [] -> null
      - handle                          = "worker-f357f231" -> null
      - hostnames                       = [] -> null
      - id                              = "a7789ccb-b2c9-448a-a0ce-e6f69fad5417" -> null
      - image                           = "nginx:alpine" -> null
      - initjobs                        = [] -> null
      - ipblacklistenabled              = false -> null
      - ipwhitelistenabled              = false -> null
      - jsonconfigs                     = [] -> null
      - maxcpu                          = "150" -> null
      - maxmemory                       = "192" -> null
      - mincpu                          = "100" -> null
      - minmemory                       = "128" -> null
      - name                            = "TF E2E Worker f357f231" -> null
      - networkpolicies                 = [] -> null
      - newenvvar                       = [] -> null
      - organisation                    = "7d35e320-2291-4e65-8be6-ce0cf9019916" -> null
      - persistentvolumes               = [] -> null
      - plainconfigs                    = [] -> null
      - project                         = "b4288efc-ad04-4ae4-99ea-84961d20bb4b" -> null
      - projectname                     = "TF E2E Comprehensive f357f231" -> null
      - proxycacheallowforcecacheheader = false -> null
      - proxycachecontenttypes          = [] -> null
      - proxycacheenabled               = false -> null
      - proxycachehonorcachecontrol     = false -> null
      - proxycacherequestmethods        = [] -> null
      - proxycacheresponsecodes         = [] -> null
      - proxycachevarybodyjsonfields    = [] -> null
      - proxycachevaryheaders           = [] -> null
      - proxycachevaryqueryparams       = [] -> null
      - ratelimitingenabled             = false -> null
      - secretsenvvar                   = [
          - {
              - name   = "WORKER_SECRET" -> null
              - secret = "sec-f357f231" -> null
            },
        ] -> null
      - sshkeypairs                     = [] -> null
      - status                          = "error" -> null
      - suspended                       = false -> null
      - tlsbundles                      = [] -> null
      - type                            = "worker" -> null
      - x509certs                       = [] -> null
      - yamlconfigs                     = [] -> null
    }

  # bahriya_encryption_key.main will be destroyed
  - resource "bahriya_encryption_key" "main" {
      - algorithm    = "AES-256" -> null
      - billable     = true -> null
      - format       = "base64" -> null
      - handle       = "enc-f357f231" -> null
      - id           = "b41a0ada-723a-4768-8f66-b6141349d739" -> null
      - key          = (sensitive value) -> null
      - keybits      = 256 -> null
      - maxversions  = 5 -> null
      - name         = "TF E2E Encryption Key f357f231" -> null
      - organisation = "7d35e320-2291-4e65-8be6-ce0cf9019916" -> null
    }

  # bahriya_env_file.main will be destroyed
  - resource "bahriya_env_file" "main" {
      - billable     = true -> null
      - content      = <<-EOT
            # E2E env file
            APP_MODE=production
            LOG_LEVEL=info
            FEATURE_X_ENABLED=true
        EOT -> null
      - entrycount   = 3 -> null
      - handle       = "env-f357f231" -> null
      - id           = "75d71391-41a9-43a1-aad5-bf97ce38ff3a" -> null
      - maxversions  = 5 -> null
      - name         = "TF E2E Env File f357f231" -> null
      - organisation = "7d35e320-2291-4e65-8be6-ce0cf9019916" -> null
    }

  # bahriya_gpg_keypair.main will be destroyed
  - resource "bahriya_gpg_keypair" "main" {
      - algorithm    = "EdDSA" -> null
      - billable     = true -> null
      - handle       = "gpg-f357f231" -> null
      - id           = "3a24c9fd-2573-4de8-9ebe-70b0fcaecc10" -> null
      - keyid        = "E7A48B288CDA5E68" -> null
      - maxversions  = 5 -> null
      - name         = "TF E2E GPG Keypair f357f231" -> null
      - organisation = "7d35e320-2291-4e65-8be6-ce0cf9019916" -> null
      - privatekey   = (sensitive value) -> null
      - publickey    = (sensitive value) -> null
      - uid          = "Bahriya E2E f357f231 <e2e-f357f231@bahriya.test>" -> null
    }

  # bahriya_json_config.main will be destroyed
  - resource "bahriya_json_config" "main" {
      - billable     = true -> null
      - content      = jsonencode(
            {
              - features = [
                  - "alpha",
                  - "beta",
                ]
              - replicas = 1
              - service  = "e2e-f357f231"
            }
        ) -> null
      - handle       = "json-f357f231" -> null
      - id           = "12f8b71a-d9ab-4637-9343-79086c9ff6e7" -> null
      - maxversions  = 5 -> null
      - name         = "TF E2E JSON Config f357f231" -> null
      - organisation = "7d35e320-2291-4e65-8be6-ce0cf9019916" -> null
    }

  # bahriya_memcached.cache will be destroyed
  - resource "bahriya_memcached" "cache" {
      - activeregions   = [
          - "helsinki-1",
        ] -> null
      - handle          = "cache-f357f231" -> null
      - id              = "95004d9e-27d4-4d2c-b259-98e625bc0b34" -> null
      - maxconnections  = 1024 -> null
      - maxitemsizemb   = 1 -> null
      - memorymb        = 512 -> null
      - name            = "TF E2E Cache f357f231" -> null
      - networkpolicies = [] -> null
      - nodes           = 1 -> null
      - organisation    = "7d35e320-2291-4e65-8be6-ce0cf9019916" -> null
      - project         = "b4288efc-ad04-4ae4-99ea-84961d20bb4b" -> null
      - projectname     = "TF E2E Comprehensive f357f231" -> null
      - status          = "running" -> null
      - threads         = 4 -> null
    }

  # bahriya_network_policy.main will be destroyed
  - resource "bahriya_network_policy" "main" {
      - billable     = true -> null
      - egresscidrs  = [
          - "10.0.0.0/8",
        ] -> null
      - egressfqdns  = [] -> null
      - handle       = "netpol-f357f231" -> null
      - id           = "d7d26e7c-0558-41fc-bf85-648f1c2c21ab" -> null
      - ingresspeers = [
          - "tfe2epeer-f357f231",
        ] -> null
      - l7enabled    = false -> null
      - name         = "TF E2E Network Policy f357f231" -> null
      - organisation = "7d35e320-2291-4e65-8be6-ce0cf9019916" -> null
      - ports        = [
          - {
              - port     = 443 -> null
              - protocol = "TCP" -> null
            },
        ] -> null
    }

  # bahriya_plain_config.main will be destroyed
  - resource "bahriya_plain_config" "main" {
      - billable      = true -> null
      - content       = <<-EOT
            # Plain text config for e2e-f357f231
            key1=value1
            key2=value2
        EOT -> null
      - contentlength = 61 -> null
      - handle        = "plain-f357f231" -> null
      - id            = "a15c1ada-46bb-425e-ad38-09d4209b29e8" -> null
      - maxversions   = 5 -> null
      - name          = "TF E2E Plain Config f357f231" -> null
      - organisation  = "7d35e320-2291-4e65-8be6-ce0cf9019916" -> null
    }

  # bahriya_project.e2e will be destroyed
  - resource "bahriya_project" "e2e" {
      - handle       = "tfe2e-f357f231" -> null
      - id           = "b4288efc-ad04-4ae4-99ea-84961d20bb4b" -> null
      - name         = "TF E2E Comprehensive f357f231" -> null
      - organisation = "7d35e320-2291-4e65-8be6-ce0cf9019916" -> null
      - regions      = [
          - "helsinki-1",
        ] -> null
      - users        = [
          - "fd280783-1a32-462b-a25d-9562171cf7c6",
        ] -> null
    }

  # bahriya_project.peer will be destroyed
  - resource "bahriya_project" "peer" {
      - handle       = "tfe2epeer-f357f231" -> null
      - id           = "5d75f642-f29f-40c4-8ea0-4cfb32bd8469" -> null
      - name         = "TF E2E Peer f357f231" -> null
      - organisation = "7d35e320-2291-4e65-8be6-ce0cf9019916" -> null
      - regions      = [
          - "helsinki-1",
        ] -> null
      - users        = [
          - "fd280783-1a32-462b-a25d-9562171cf7c6",
        ] -> null
    }

  # bahriya_project_encryption_key_attachment.main will be destroyed
  - resource "bahriya_project_encryption_key_attachment" "main" {
      - handle     = "enc-f357f231" -> null
      - id         = "b4288efc-ad04-4ae4-99ea-84961d20bb4b:enc-f357f231" -> null
      - join_id    = "51b9ff30-9f84-4d61-bab4-938fd8845dea" -> null
      - project_id = "b4288efc-ad04-4ae4-99ea-84961d20bb4b" -> null
    }

  # bahriya_project_env_file_attachment.main will be destroyed
  - resource "bahriya_project_env_file_attachment" "main" {
      - handle     = "env-f357f231" -> null
      - id         = "b4288efc-ad04-4ae4-99ea-84961d20bb4b:env-f357f231" -> null
      - join_id    = "43e1b9a3-7492-458a-9d5f-d5e3d5427a9f" -> null
      - project_id = "b4288efc-ad04-4ae4-99ea-84961d20bb4b" -> null
    }

  # bahriya_project_gpg_keypair_attachment.main will be destroyed
  - resource "bahriya_project_gpg_keypair_attachment" "main" {
      - handle     = "gpg-f357f231" -> null
      - id         = "b4288efc-ad04-4ae4-99ea-84961d20bb4b:gpg-f357f231" -> null
      - join_id    = "1e41e0e1-65c0-48bb-b723-fa47b2e23f5c" -> null
      - project_id = "b4288efc-ad04-4ae4-99ea-84961d20bb4b" -> null
    }

  # bahriya_project_json_config_attachment.main will be destroyed
  - resource "bahriya_project_json_config_attachment" "main" {
      - handle     = "json-f357f231" -> null
      - id         = "b4288efc-ad04-4ae4-99ea-84961d20bb4b:json-f357f231" -> null
      - join_id    = "41e47201-55dc-419c-b356-7402d1afc780" -> null
      - project_id = "b4288efc-ad04-4ae4-99ea-84961d20bb4b" -> null
    }

  # bahriya_project_network_policy_attachment.main will be destroyed
  - resource "bahriya_project_network_policy_attachment" "main" {
      - handle     = "netpol-f357f231" -> null
      - id         = "b4288efc-ad04-4ae4-99ea-84961d20bb4b:netpol-f357f231" -> null
      - join_id    = "1f5a347a-72c3-4b85-b501-8a22bf25d394" -> null
      - project_id = "b4288efc-ad04-4ae4-99ea-84961d20bb4b" -> null
    }

  # bahriya_project_plain_config_attachment.main will be destroyed
  - resource "bahriya_project_plain_config_attachment" "main" {
      - handle     = "plain-f357f231" -> null
      - id         = "b4288efc-ad04-4ae4-99ea-84961d20bb4b:plain-f357f231" -> null
      - join_id    = "67442cd9-85ff-4f9b-a47e-8f00515d0c8c" -> null
      - project_id = "b4288efc-ad04-4ae4-99ea-84961d20bb4b" -> null
    }

  # bahriya_project_registry_attachment.main will be destroyed
  - resource "bahriya_project_registry_attachment" "main" {
      - handle     = "reg-f357f231" -> null
      - id         = "b4288efc-ad04-4ae4-99ea-84961d20bb4b:reg-f357f231" -> null
      - join_id    = "53fb0bb4-c60d-4773-9bbc-e8b66f871b8c" -> null
      - project_id = "b4288efc-ad04-4ae4-99ea-84961d20bb4b" -> null
    }

  # bahriya_project_secret_attachment.main will be destroyed
  - resource "bahriya_project_secret_attachment" "main" {
      - handle     = "sec-f357f231" -> null
      - id         = "b4288efc-ad04-4ae4-99ea-84961d20bb4b:sec-f357f231" -> null
      - join_id    = "0b9e8041-59cc-422b-82c4-9d2026d64330" -> null
      - project_id = "b4288efc-ad04-4ae4-99ea-84961d20bb4b" -> null
    }

  # bahriya_project_ssh_keypair_attachment.main will be destroyed
  - resource "bahriya_project_ssh_keypair_attachment" "main" {
      - handle     = "ssh-f357f231" -> null
      - id         = "b4288efc-ad04-4ae4-99ea-84961d20bb4b:ssh-f357f231" -> null
      - join_id    = "9525e057-9416-4feb-8b8c-c1871af59fd2" -> null
      - project_id = "b4288efc-ad04-4ae4-99ea-84961d20bb4b" -> null
    }

  # bahriya_project_tls_bundle_attachment.main will be destroyed
  - resource "bahriya_project_tls_bundle_attachment" "main" {
      - handle     = "tls-f357f231" -> null
      - id         = "b4288efc-ad04-4ae4-99ea-84961d20bb4b:tls-f357f231" -> null
      - join_id    = "8e6cb6bf-ec4c-487f-b6f8-450168a3d5a9" -> null
      - project_id = "b4288efc-ad04-4ae4-99ea-84961d20bb4b" -> null
    }

  # bahriya_project_x509_cert_attachment.main will be destroyed
  - resource "bahriya_project_x509_cert_attachment" "main" {
      - handle     = "x509-f357f231" -> null
      - id         = "b4288efc-ad04-4ae4-99ea-84961d20bb4b:x509-f357f231" -> null
      - join_id    = "08e4cdfc-a23c-4202-b74e-867906642975" -> null
      - project_id = "b4288efc-ad04-4ae4-99ea-84961d20bb4b" -> null
    }

  # bahriya_project_yaml_config_attachment.main will be destroyed
  - resource "bahriya_project_yaml_config_attachment" "main" {
      - handle     = "yaml-f357f231" -> null
      - id         = "b4288efc-ad04-4ae4-99ea-84961d20bb4b:yaml-f357f231" -> null
      - join_id    = "89038431-3bab-4643-861d-0e6264d70543" -> null
      - project_id = "b4288efc-ad04-4ae4-99ea-84961d20bb4b" -> null
    }

  # bahriya_registry.main will be destroyed
  - resource "bahriya_registry" "main" {
      - billable    = true -> null
      - handle      = "reg-f357f231" -> null
      - id          = "ba6828af-c8ff-40de-a0eb-6904963ff366" -> null
      - maxversions = 5 -> null
      - name        = "TF E2E Registry f357f231" -> null
      - password    = (sensitive value) -> null
      - server      = "ghcr.io" -> null
      - username    = "e2e-user" -> null
    }

  # bahriya_secret.main will be destroyed
  - resource "bahriya_secret" "main" {
      - billable    = true -> null
      - handle      = "sec-f357f231" -> null
      - id          = "cc9886f3-1a23-4013-ad72-b911cd53510a" -> null
      - maxversions = 5 -> null
      - name        = "TF E2E Secret f357f231" -> null
      - value       = (sensitive value) -> null
    }

  # bahriya_ssh_keypair.main will be destroyed
  - resource "bahriya_ssh_keypair" "main" {
      - algorithm    = "ssh-ed25519" -> null
      - billable     = true -> null
      - comment      = "e2e-f357f231@bahriya.test" -> null
      - handle       = "ssh-f357f231" -> null
      - id           = "9c184466-309c-4a9c-963a-9697918f2225" -> null
      - keyid        = "SHA256:IaNXlaqD51hBh9dkcFfC2wMTIuMwd4aIBBXDwYq4As8" -> null
      - maxversions  = 5 -> null
      - name         = "TF E2E SSH Keypair f357f231" -> null
      - organisation = "7d35e320-2291-4e65-8be6-ce0cf9019916" -> null
      - privatekey   = (sensitive value) -> null
      - publickey    = (sensitive value) -> null
    }

  # bahriya_tls_bundle.main will be destroyed
  - resource "bahriya_tls_bundle" "main" {
      - algorithm    = "RSA" -> null
      - billable     = true -> null
      - ca           = <<-EOT
            -----BEGIN CERTIFICATE-----
            MIIDQTCCAimgAwIBAgIUTHTJHv/lvGYtWs6cy5uyhrbS/MMwDQYJKoZIhvcNAQEL
            BQAwMDEYMBYGA1UEAwwPQmFocml5YSBUZXN0IENBMRQwEgYDVQQKDAtCYWhyaXlh
            IEUyRTAeFw0yNjA3MTQxMTE4MDRaFw0yNzA3MTQxMTE4MDRaMDAxGDAWBgNVBAMM
            D0JhaHJpeWEgVGVzdCBDQTEUMBIGA1UECgwLQmFocml5YSBFMkUwggEiMA0GCSqG
            SIb3DQEBAQUAA4IBDwAwggEKAoIBAQDwYL/shfJezJ16pHhxgaa3YrOYQGs2n3bj
            7CbiBjkKoPtuxpX4JS3PaS0K3uoXMCvJJRNEKXlkferdrsN3quUhDNA5zvRU4HAY
            VibNDvxaSOi56d/K8wkOp2jNXPWKYlNS3mEVXSCy1lUsgtPsdQTucbcWGCBwJEW4
            YZ38IWnW3C6Puf42u2h31+bveY1Y86TF8AYVpjltf3dOAdWy3GXuCGwbVeWZhhJR
            2xxkDPnMDzWtjeGvYlDgasE60pQe0qs5OpdfOon5aeD0gjWgK/sik0aNvLr/3IM4
            hCTKEHZwBtLxXzrbhQuHLy5rckpBznZMdBlY4QHpHUb3II6vNawNAgMBAAGjUzBR
            MB0GA1UdDgQWBBSuHV0sHMHZuoJKWBVJ3OSvALcTiTAfBgNVHSMEGDAWgBSuHV0s
            HMHZuoJKWBVJ3OSvALcTiTAPBgNVHRMBAf8EBTADAQH/MA0GCSqGSIb3DQEBCwUA
            A4IBAQCpLsQFpBawoi0uYvhaq82Gu/hl5cMWji4hk1CIOGQqTDYcMwXe+s9DVxXH
            AFwBkwkPsH+Gn0gLJIENi6J6N8+kSRVy29ueV1NoIpMZwQFDbcKgmN5c7IMnG6Ce
            mFKupjN7yScpmp+ItTtk2b1kJImr+Ez6VmX2Dqxxm5GmrW9e66uc5oZsP3Xvwh0F
            zUWlCLPt+bOGeEaX+n/XYpPaXJ/41UZJfoOYBoUhRg8b0uA8arh3dQTYRkdlVAAe
            Gs5Tyvpn3qp1z3yFroUjNreavMt3xNiJatiTM//vTiR89lIiiwDBOQKyNMHnDq/B
            Y2pjv3w6bIp/oyTMAlVTFk9S5+T9
            -----END CERTIFICATE-----
        EOT -> null
      - cert         = <<-EOT
            -----BEGIN CERTIFICATE-----
            MIIDOjCCAiKgAwIBAgIUKLm3YJEcwBQecU0tTwuMd3rZXrAwDQYJKoZIhvcNAQEL
            BQAwMDEYMBYGA1UEAwwPQmFocml5YSBUZXN0IENBMRQwEgYDVQQKDAtCYWhyaXlh
            IEUyRTAeFw0yNjA3MTQxMTE4MDRaFw0yNzA3MTQxMTE4MDRaMDoxIjAgBgNVBAMM
            GWUyZS1mMzU3ZjIzMS5iYWhyaXlhLnRlc3QxFDASBgNVBAoMC0JhaHJpeWEgRTJF
            MIIBIjANBgkqhkiG9w0BAQEFAAOCAQ8AMIIBCgKCAQEAqtHf6cBqJDvc/8Lhx8Vn
            HG2CeHML5mlFR2+tO199OF8wWziTCsgk35pjf03OLVYIaxR7mSdfL0pmsrjasKEQ
            1PxraXAm5oSF31CHQppkpTQyOHA8VOsNoPqgYaQ32rJ13UqO9vnM+1B197P92ZUh
            GTzQSzCodGNVthTGITR1H6PgHYhKsdsjKN9bc3iIcAFvM4s0p15Dgwx2ZKpxijZ3
            O8bfYiR2aAuzFipEXeNDWG5lKASw6v3uYXCJtOv88S2LIScxdomGJ+33+bzZw2HA
            8RME3MxWl4ydq4m1OZ+oiIurdMFW7gKA5e/efiwxpNZxrksbz1SiPH1i2dJH/r7t
            iwIDAQABo0IwQDAdBgNVHQ4EFgQU5OqdxdcMvxYjbpFH6WzFJQvwUqswHwYDVR0j
            BBgwFoAUrh1dLBzB2bqCSlgVSdzkrwC3E4kwDQYJKoZIhvcNAQELBQADggEBALtD
            gJD1PQlr6BPYjixH9ghx6NGv858toYObMNZQ8Yiaukg470LhO+sYzbEgSFnFd7vW
            nPqpvhP+uasCyBPG3APb4drkA4Vm7CqsfUcodhoLxtO/l3NA4eYzl4ppYGaMKcgc
            ibglmhXVp+S120fK0i6TlL0/TLazksFMq+3XKiooFyxlZ2o9atzxNZ9I5El3OWsR
            /99gMrtG/oZpHHo9FZauTd6rQhdwsItTqiImR1A2jn1CJ/hoHGD6KCTNW3dcb06S
            HBrdMytNGfTSKhSRzYkUfeREwa4pAMJkTKAcMNC8j+QsGkuAfjcO0BqEpCESoO6B
            2CfQ+6tnxQk7B399aFo=
            -----END CERTIFICATE-----
        EOT -> null
      - fingerprint  = "SHA256:9A:4D:7E:79:40:A6:9B:52:FC:93:2D:B9:FF:2B:7B:29:A0:AC:61:8E:99:A7:9C:0E:87:E8:66:4E:C1:A8:6F:AC:" -> null
      - handle       = "tls-f357f231" -> null
      - id           = "d071d8ea-bc6e-4c38-942d-afd91ab1bc41" -> null
      - issuer       = "CN=Bahriya Test CA, O=Bahriya E2E" -> null
      - key          = (sensitive value) -> null
      - keybits      = 2048 -> null
      - maxversions  = 5 -> null
      - name         = "TF E2E TLS Bundle f357f231" -> null
      - organisation = "7d35e320-2291-4e65-8be6-ce0cf9019916" -> null
      - subject      = "CN=e2e-f357f231.bahriya.test, O=Bahriya E2E" -> null
    }

  # bahriya_x509_cert.main will be destroyed
  - resource "bahriya_x509_cert" "main" {
      - algorithm    = "RSA" -> null
      - billable     = true -> null
      - cert         = <<-EOT
            -----BEGIN CERTIFICATE-----
            MIIDXzCCAkegAwIBAgIUeMQK4GhIG7ER9SeTxCJZJc/e8o4wDQYJKoZIhvcNAQEL
            BQAwPzEnMCUGA1UEAwweZTJlLXg1MDktZjM1N2YyMzEuYmFocml5YS50ZXN0MRQw
            EgYDVQQKDAtCYWhyaXlhIEUyRTAeFw0yNjA3MTQxMTE4MDRaFw0yNzA3MTQxMTE4
            MDRaMD8xJzAlBgNVBAMMHmUyZS14NTA5LWYzNTdmMjMxLmJhaHJpeWEudGVzdDEU
            MBIGA1UECgwLQmFocml5YSBFMkUwggEiMA0GCSqGSIb3DQEBAQUAA4IBDwAwggEK
            AoIBAQCzQ/2axpJ1Em9J3Ppmd207FvKd6jRedc/LmR84s3ApAUl3RyFSNrNhL/iI
            9Addxa3g/RYGt4iYPIiZH6BHMNJAtd7yVGx/L01JP21ZqwL1ig5Gq4JKHqy2hyxa
            Lr8wnQ4+9eHuRpqxugYZiGTfTMRARI4WdNDto04pFQgtVIpGLHEvdqpMM9R0s3Ij
            lIhSK65yvHwRmrykgPxxj2E7bLk9imp8SUNEeIzF2keTNlAiwzM3YXLbjQ6c/kaD
            uXIbkMWhVQlOpzKm16M1zGVU9kdEmLRHyqUiCJsHQCS1nmWZxvcbbo3ONoDExHC8
            cvhlUtL9ULutNQnb1IKlYSwoM4DbAgMBAAGjUzBRMB0GA1UdDgQWBBQhO067eDWb
            Ac3fcz23rHkh6HHjfTAfBgNVHSMEGDAWgBQhO067eDWbAc3fcz23rHkh6HHjfTAP
            BgNVHRMBAf8EBTADAQH/MA0GCSqGSIb3DQEBCwUAA4IBAQCLI0H5AHP+ljJiHQVL
            pzsc0x+9UXh3AAs3f3HD/tRW+fn3iUtURb33wephqcgDayUpI98n8yFUETYxOh/1
            vvvz/DpQ4YyLBYzV2kvGMrX3Rx+ZFS0pqUbCAioR+zFz2qpv1VqDOT5zbmq/oQt4
            6P4q/6kMetvzZkS3jNdXoE5nsBJqz7AsQ77aY+cRMh3a2T6CP9ow97FAnebtpORQ
            yqDMjihUBWD+NtpbJ5h0CV9RWeXvbFg2DhKx2+NJLjTjIiHHwj/1psN/7QmIZPK5
            0gg9gCJ2Xr91BwwC+9QgfZHdvPLVUMWAkUybkFAsqlr3yZRUSyL5y+9lIekwiEnh
            /JLC
            -----END CERTIFICATE-----
        EOT -> null
      - fingerprint  = "SHA256:2F:E3:C2:B6:6E:B2:03:3F:07:B1:13:94:02:9F:46:45:1C:29:AB:E6:90:96:F1:16:00:D1:C2:96:FA:F9:71:79:" -> null
      - handle       = "x509-f357f231" -> null
      - id           = "20598545-e012-408e-8713-2c105b1bde43" -> null
      - issuer       = "CN=e2e-x509-f357f231.bahriya.test, O=Bahriya E2E" -> null
      - maxversions  = 5 -> null
      - name         = "TF E2E X509 Cert f357f231" -> null
      - organisation = "7d35e320-2291-4e65-8be6-ce0cf9019916" -> null
      - subject      = "CN=e2e-x509-f357f231.bahriya.test, O=Bahriya E2E" -> null
    }

  # bahriya_yaml_config.main will be destroyed
  - resource "bahriya_yaml_config" "main" {
      - billable     = true -> null
      - content      = <<-EOT
            service:
              name: e2e-f357f231
              replicas: 1
              features:
                - alpha
                - beta
        EOT -> null
      - handle       = "yaml-f357f231" -> null
      - id           = "73cb3fbe-448e-4841-9c69-9f03d7840a39" -> null
      - maxversions  = 5 -> null
      - name         = "TF E2E YAML Config f357f231" -> null
      - organisation = "7d35e320-2291-4e65-8be6-ce0cf9019916" -> null
    }

Plan: 0 to add, 0 to change, 30 to destroy.

Changes to Outputs:
  - active_regions        = [
      - "falkenstein-1",
      - "helsinki-1",
      - "virginia-1",
      - "singapore-1",
    ] -> null
  - cron_container_status = "running" -> null
  - memcached_id          = "95004d9e-27d4-4d2c-b259-98e625bc0b34" -> null
  - memcached_status      = "running" -> null
  - network_policy_id     = "d7d26e7c-0558-41fc-bf85-648f1c2c21ab" -> null
  - project_id            = "b4288efc-ad04-4ae4-99ea-84961d20bb4b" -> null
  - registry_id           = "ba6828af-c8ff-40de-a0eb-6904963ff366" -> null
  - secret_id             = "cc9886f3-1a23-4013-ad72-b911cd53510a" -> null
  - suffix                = "f357f231" -> null
bahriya_project_registry_attachment.main: Destroying... [id=b4288efc-ad04-4ae4-99ea-84961d20bb4b:reg-f357f231]
bahriya_memcached.cache: Destroying... [id=95004d9e-27d4-4d2c-b259-98e625bc0b34]
bahriya_container.cron: Destroying... [id=99060205-4516-4b15-b4b6-e65d56ddb032]
bahriya_container.worker: Destroying... [id=a7789ccb-b2c9-448a-a0ce-e6f69fad5417]
bahriya_container.web: Destroying... [id=45c0575c-f5cc-41bc-b2c0-bf1e1cd30b37]
bahriya_project_registry_attachment.main: Destruction complete after 1s
bahriya_registry.main: Destroying... [id=ba6828af-c8ff-40de-a0eb-6904963ff366]
bahriya_memcached.cache: Still destroying... [id=95004d9e-27d4-4d2c-b259-98e625bc0b34, 00m10s elapsed]
bahriya_container.cron: Still destroying... [id=99060205-4516-4b15-b4b6-e65d56ddb032, 00m10s elapsed]
bahriya_container.cron: Still destroying... [id=99060205-4516-4b15-b4b6-e65d56ddb032, 00m20s elapsed]
bahriya_memcached.cache: Still destroying... [id=95004d9e-27d4-4d2c-b259-98e625bc0b34, 00m20s elapsed]
bahriya_memcached.cache: Still destroying... [id=95004d9e-27d4-4d2c-b259-98e625bc0b34, 00m30s elapsed]
bahriya_container.cron: Still destroying... [id=99060205-4516-4b15-b4b6-e65d56ddb032, 00m30s elapsed]
bahriya_memcached.cache: Still destroying... [id=95004d9e-27d4-4d2c-b259-98e625bc0b34, 00m40s elapsed]
bahriya_container.cron: Still destroying... [id=99060205-4516-4b15-b4b6-e65d56ddb032, 00m40s elapsed]
bahriya_container.cron: Still destroying... [id=99060205-4516-4b15-b4b6-e65d56ddb032, 00m50s elapsed]
bahriya_memcached.cache: Still destroying... [id=95004d9e-27d4-4d2c-b259-98e625bc0b34, 00m50s elapsed]
bahriya_memcached.cache: Still destroying... [id=95004d9e-27d4-4d2c-b259-98e625bc0b34, 01m00s elapsed]
bahriya_container.cron: Still destroying... [id=99060205-4516-4b15-b4b6-e65d56ddb032, 01m00s elapsed]
bahriya_container.cron: Still destroying... [id=99060205-4516-4b15-b4b6-e65d56ddb032, 01m10s elapsed]
bahriya_memcached.cache: Still destroying... [id=95004d9e-27d4-4d2c-b259-98e625bc0b34, 01m10s elapsed]
bahriya_memcached.cache: Still destroying... [id=95004d9e-27d4-4d2c-b259-98e625bc0b34, 01m20s elapsed]
bahriya_container.cron: Still destroying... [id=99060205-4516-4b15-b4b6-e65d56ddb032, 01m20s elapsed]
bahriya_container.cron: Still destroying... [id=99060205-4516-4b15-b4b6-e65d56ddb032, 01m30s elapsed]
bahriya_memcached.cache: Still destroying... [id=95004d9e-27d4-4d2c-b259-98e625bc0b34, 01m30s elapsed]
bahriya_memcached.cache: Still destroying... [id=95004d9e-27d4-4d2c-b259-98e625bc0b34, 01m40s elapsed]
bahriya_container.cron: Still destroying... [id=99060205-4516-4b15-b4b6-e65d56ddb032, 01m40s elapsed]
bahriya_container.cron: Still destroying... [id=99060205-4516-4b15-b4b6-e65d56ddb032, 01m50s elapsed]
bahriya_memcached.cache: Still destroying... [id=95004d9e-27d4-4d2c-b259-98e625bc0b34, 01m50s elapsed]
bahriya_memcached.cache: Still destroying... [id=95004d9e-27d4-4d2c-b259-98e625bc0b34, 02m00s elapsed]
bahriya_container.cron: Still destroying... [id=99060205-4516-4b15-b4b6-e65d56ddb032, 02m00s elapsed]
bahriya_memcached.cache: Destruction complete after 2m6s
bahriya_container.cron: Destruction complete after 2m6s

Error: Delete failed

bahriya api error 400 BAD REQUEST: "Container is not running"

Error: Delete failed

bahriya api error 400 BAD REQUEST: "A registry associated with a project
cannot be deleted."

Error: Delete failed

bahriya api error 400 BAD REQUEST: "Container is not running"
