
Warning: Provider development overrides are in effect

The following provider development overrides are set in the CLI
configuration:
 - bahriya-cloud/bahriya in /var/folders/qh/wlb0zlhj18dbcy10nzhlh3j40000gn/T/tmp.fhLbXZ7U73

The behavior may therefore not match any released version of the provider and
applying changes may cause the state to become incompatible with published
releases.
bahriya_secret.main: Refreshing state... [id=09ee9d7f-e1d2-41a8-97c0-45fed56d758e]
bahriya_yaml_config.main: Refreshing state... [id=13ec2570-54f6-48c3-b17b-15ae52cc8547]
bahriya_project.peer: Refreshing state... [id=34cbbc95-b7dc-4c9d-90ee-153253a91a06]
bahriya_ssh_keypair.main: Refreshing state... [id=0a05a560-3600-4501-a457-febb3e7d75b3]
data.bahriya_regions.active: Reading...
bahriya_x509_cert.main: Refreshing state... [id=2ca382d0-e6ce-43c6-a40f-1d2bbbb5af81]
bahriya_json_config.main: Refreshing state... [id=e5f30265-fac2-4cb5-89f2-b60a51c7cea4]
bahriya_env_file.main: Refreshing state... [id=cf73e00d-9c2c-43ff-b867-adc03b6fdb1a]
bahriya_plain_config.main: Refreshing state... [id=4a9ac88f-160f-494d-83ef-45f4e115f6fd]
bahriya_encryption_key.main: Refreshing state... [id=38228b67-3eea-4751-8f84-939c317578bb]
data.bahriya_regions.active: Read complete after 1s
bahriya_gpg_keypair.main: Refreshing state... [id=9419a626-5fc6-4495-8da3-cc5f36d3658a]
bahriya_tls_bundle.main: Refreshing state... [id=f4098133-e555-4f35-88bd-9d5e4ef3307a]
bahriya_project.e2e: Refreshing state... [id=b1c043e2-9887-45dd-a1b9-ecd4ff9911f7]
bahriya_network_policy.main: Refreshing state... [id=b90a94b5-7d7c-4342-b877-1624fd11f1b1]
bahriya_project_x509_cert_attachment.main: Refreshing state... [id=b1c043e2-9887-45dd-a1b9-ecd4ff9911f7:x509-40f88962]
bahriya_project_json_config_attachment.main: Refreshing state... [id=b1c043e2-9887-45dd-a1b9-ecd4ff9911f7:json-40f88962]
bahriya_project_ssh_keypair_attachment.main: Refreshing state... [id=b1c043e2-9887-45dd-a1b9-ecd4ff9911f7:ssh-40f88962]
bahriya_project_encryption_key_attachment.main: Refreshing state... [id=b1c043e2-9887-45dd-a1b9-ecd4ff9911f7:enc-40f88962]
bahriya_project_plain_config_attachment.main: Refreshing state... [id=b1c043e2-9887-45dd-a1b9-ecd4ff9911f7:plain-40f88962]
bahriya_project_secret_attachment.main: Refreshing state... [id=b1c043e2-9887-45dd-a1b9-ecd4ff9911f7:sec-40f88962]
bahriya_project_tls_bundle_attachment.main: Refreshing state... [id=b1c043e2-9887-45dd-a1b9-ecd4ff9911f7:tls-40f88962]
bahriya_project_gpg_keypair_attachment.main: Refreshing state... [id=b1c043e2-9887-45dd-a1b9-ecd4ff9911f7:gpg-40f88962]
bahriya_project_env_file_attachment.main: Refreshing state... [id=b1c043e2-9887-45dd-a1b9-ecd4ff9911f7:env-40f88962]
bahriya_project_yaml_config_attachment.main: Refreshing state... [id=b1c043e2-9887-45dd-a1b9-ecd4ff9911f7:yaml-40f88962]
bahriya_project_network_policy_attachment.main: Refreshing state... [id=b1c043e2-9887-45dd-a1b9-ecd4ff9911f7:netpol-40f88962]

Terraform used the selected providers to generate the following execution
plan. Resource actions are indicated with the following symbols:
  - destroy

Terraform will perform the following actions:

  # bahriya_encryption_key.main will be destroyed
  - resource "bahriya_encryption_key" "main" {
      - algorithm    = "AES-256" -> null
      - billable     = true -> null
      - format       = "base64" -> null
      - handle       = "enc-40f88962" -> null
      - id           = "38228b67-3eea-4751-8f84-939c317578bb" -> null
      - key          = (sensitive value) -> null
      - keybits      = 256 -> null
      - maxversions  = 5 -> null
      - name         = "TF E2E Encryption Key 40f88962" -> null
      - organisation = "7d35e320-2291-4e65-8be6-ce0cf9019916" -> null
    }

  # bahriya_env_file.main will be destroyed
  - resource "bahriya_env_file" "main" {
      - billable     = true -> null
      - content      = <<-EOT
            # E2E env file
            APP_MODE=production
            LOG_LEVEL=info
            FEATURE_X_ENABLED=true
        EOT -> null
      - entrycount   = 3 -> null
      - handle       = "env-40f88962" -> null
      - id           = "cf73e00d-9c2c-43ff-b867-adc03b6fdb1a" -> null
      - maxversions  = 5 -> null
      - name         = "TF E2E Env File 40f88962" -> null
      - organisation = "7d35e320-2291-4e65-8be6-ce0cf9019916" -> null
    }

  # bahriya_gpg_keypair.main will be destroyed
  - resource "bahriya_gpg_keypair" "main" {
      - algorithm    = "EdDSA" -> null
      - billable     = true -> null
      - handle       = "gpg-40f88962" -> null
      - id           = "9419a626-5fc6-4495-8da3-cc5f36d3658a" -> null
      - keyid        = "F577C071826CB5DE" -> null
      - maxversions  = 5 -> null
      - name         = "TF E2E GPG Keypair 40f88962" -> null
      - organisation = "7d35e320-2291-4e65-8be6-ce0cf9019916" -> null
      - privatekey   = (sensitive value) -> null
      - publickey    = (sensitive value) -> null
      - uid          = "Bahriya E2E 40f88962 <e2e-40f88962@bahriya.test>" -> null
    }

  # bahriya_json_config.main will be destroyed
  - resource "bahriya_json_config" "main" {
      - billable     = true -> null
      - content      = jsonencode(
            {
              - features = [
                  - "alpha",
                  - "beta",
                ]
              - replicas = 1
              - service  = "e2e-40f88962"
            }
        ) -> null
      - handle       = "json-40f88962" -> null
      - id           = "e5f30265-fac2-4cb5-89f2-b60a51c7cea4" -> null
      - maxversions  = 5 -> null
      - name         = "TF E2E JSON Config 40f88962" -> null
      - organisation = "7d35e320-2291-4e65-8be6-ce0cf9019916" -> null
    }

  # bahriya_network_policy.main will be destroyed
  - resource "bahriya_network_policy" "main" {
      - billable     = true -> null
      - egresscidrs  = [
          - "10.0.0.0/8",
        ] -> null
      - egressfqdns  = [] -> null
      - handle       = "netpol-40f88962" -> null
      - id           = "b90a94b5-7d7c-4342-b877-1624fd11f1b1" -> null
      - ingresspeers = [
          - "tfe2epeer-40f88962",
        ] -> null
      - l7enabled    = false -> null
      - name         = "TF E2E Network Policy 40f88962" -> null
      - organisation = "7d35e320-2291-4e65-8be6-ce0cf9019916" -> null
      - ports        = [
          - {
              - port     = 443 -> null
              - protocol = "TCP" -> null
            },
        ] -> null
    }

  # bahriya_plain_config.main will be destroyed
  - resource "bahriya_plain_config" "main" {
      - billable      = true -> null
      - content       = <<-EOT
            # Plain text config for e2e-40f88962
            key1=value1
            key2=value2
        EOT -> null
      - contentlength = 61 -> null
      - handle        = "plain-40f88962" -> null
      - id            = "4a9ac88f-160f-494d-83ef-45f4e115f6fd" -> null
      - maxversions   = 5 -> null
      - name          = "TF E2E Plain Config 40f88962" -> null
      - organisation  = "7d35e320-2291-4e65-8be6-ce0cf9019916" -> null
    }

  # bahriya_project.e2e will be destroyed
  - resource "bahriya_project" "e2e" {
      - handle       = "tfe2e-40f88962" -> null
      - id           = "b1c043e2-9887-45dd-a1b9-ecd4ff9911f7" -> null
      - name         = "TF E2E Comprehensive 40f88962" -> null
      - organisation = "7d35e320-2291-4e65-8be6-ce0cf9019916" -> null
      - regions      = [
          - "helsinki-1",
        ] -> null
      - users        = [
          - "fd280783-1a32-462b-a25d-9562171cf7c6",
        ] -> null
    }

  # bahriya_project.peer will be destroyed
  - resource "bahriya_project" "peer" {
      - handle       = "tfe2epeer-40f88962" -> null
      - id           = "34cbbc95-b7dc-4c9d-90ee-153253a91a06" -> null
      - name         = "TF E2E Peer 40f88962" -> null
      - organisation = "7d35e320-2291-4e65-8be6-ce0cf9019916" -> null
      - regions      = [
          - "helsinki-1",
        ] -> null
      - users        = [
          - "fd280783-1a32-462b-a25d-9562171cf7c6",
        ] -> null
    }

  # bahriya_project_encryption_key_attachment.main will be destroyed
  - resource "bahriya_project_encryption_key_attachment" "main" {
      - handle     = "enc-40f88962" -> null
      - id         = "b1c043e2-9887-45dd-a1b9-ecd4ff9911f7:enc-40f88962" -> null
      - join_id    = "0523ecb9-c18f-4c38-988a-09b1c1a28ec0" -> null
      - project_id = "b1c043e2-9887-45dd-a1b9-ecd4ff9911f7" -> null
    }

  # bahriya_project_env_file_attachment.main will be destroyed
  - resource "bahriya_project_env_file_attachment" "main" {
      - handle     = "env-40f88962" -> null
      - id         = "b1c043e2-9887-45dd-a1b9-ecd4ff9911f7:env-40f88962" -> null
      - join_id    = "dba11a29-4ba8-4b63-b278-75dd006d36c8" -> null
      - project_id = "b1c043e2-9887-45dd-a1b9-ecd4ff9911f7" -> null
    }

  # bahriya_project_gpg_keypair_attachment.main will be destroyed
  - resource "bahriya_project_gpg_keypair_attachment" "main" {
      - handle     = "gpg-40f88962" -> null
      - id         = "b1c043e2-9887-45dd-a1b9-ecd4ff9911f7:gpg-40f88962" -> null
      - join_id    = "1b7349bb-0fe6-4c0f-81e4-c4ec86ee652b" -> null
      - project_id = "b1c043e2-9887-45dd-a1b9-ecd4ff9911f7" -> null
    }

  # bahriya_project_json_config_attachment.main will be destroyed
  - resource "bahriya_project_json_config_attachment" "main" {
      - handle     = "json-40f88962" -> null
      - id         = "b1c043e2-9887-45dd-a1b9-ecd4ff9911f7:json-40f88962" -> null
      - join_id    = "68bc6520-f9ef-4472-a7f7-61473c95820a" -> null
      - project_id = "b1c043e2-9887-45dd-a1b9-ecd4ff9911f7" -> null
    }

  # bahriya_project_network_policy_attachment.main will be destroyed
  - resource "bahriya_project_network_policy_attachment" "main" {
      - handle     = "netpol-40f88962" -> null
      - id         = "b1c043e2-9887-45dd-a1b9-ecd4ff9911f7:netpol-40f88962" -> null
      - join_id    = "01827d5e-bcf7-4f69-b4f6-b0be5a0c123d" -> null
      - project_id = "b1c043e2-9887-45dd-a1b9-ecd4ff9911f7" -> null
    }

  # bahriya_project_plain_config_attachment.main will be destroyed
  - resource "bahriya_project_plain_config_attachment" "main" {
      - handle     = "plain-40f88962" -> null
      - id         = "b1c043e2-9887-45dd-a1b9-ecd4ff9911f7:plain-40f88962" -> null
      - join_id    = "b10f3c76-a66b-4cbc-b1ad-33767f54ea43" -> null
      - project_id = "b1c043e2-9887-45dd-a1b9-ecd4ff9911f7" -> null
    }

  # bahriya_project_secret_attachment.main will be destroyed
  - resource "bahriya_project_secret_attachment" "main" {
      - handle     = "sec-40f88962" -> null
      - id         = "b1c043e2-9887-45dd-a1b9-ecd4ff9911f7:sec-40f88962" -> null
      - join_id    = "3ed82aea-7da8-4d21-9014-a038fdbe0ed3" -> null
      - project_id = "b1c043e2-9887-45dd-a1b9-ecd4ff9911f7" -> null
    }

  # bahriya_project_ssh_keypair_attachment.main will be destroyed
  - resource "bahriya_project_ssh_keypair_attachment" "main" {
      - handle     = "ssh-40f88962" -> null
      - id         = "b1c043e2-9887-45dd-a1b9-ecd4ff9911f7:ssh-40f88962" -> null
      - join_id    = "55b095fd-f0ae-44ca-92dc-8a9d078650ca" -> null
      - project_id = "b1c043e2-9887-45dd-a1b9-ecd4ff9911f7" -> null
    }

  # bahriya_project_tls_bundle_attachment.main will be destroyed
  - resource "bahriya_project_tls_bundle_attachment" "main" {
      - handle     = "tls-40f88962" -> null
      - id         = "b1c043e2-9887-45dd-a1b9-ecd4ff9911f7:tls-40f88962" -> null
      - join_id    = "522ca916-c89d-4b81-820d-1e07293cd44a" -> null
      - project_id = "b1c043e2-9887-45dd-a1b9-ecd4ff9911f7" -> null
    }

  # bahriya_project_x509_cert_attachment.main will be destroyed
  - resource "bahriya_project_x509_cert_attachment" "main" {
      - handle     = "x509-40f88962" -> null
      - id         = "b1c043e2-9887-45dd-a1b9-ecd4ff9911f7:x509-40f88962" -> null
      - join_id    = "03e7ebef-5d53-4062-9942-d504d0302c87" -> null
      - project_id = "b1c043e2-9887-45dd-a1b9-ecd4ff9911f7" -> null
    }

  # bahriya_project_yaml_config_attachment.main will be destroyed
  - resource "bahriya_project_yaml_config_attachment" "main" {
      - handle     = "yaml-40f88962" -> null
      - id         = "b1c043e2-9887-45dd-a1b9-ecd4ff9911f7:yaml-40f88962" -> null
      - join_id    = "6a4b416e-ac1d-42dd-8efc-06c704650360" -> null
      - project_id = "b1c043e2-9887-45dd-a1b9-ecd4ff9911f7" -> null
    }

  # bahriya_secret.main will be destroyed
  - resource "bahriya_secret" "main" {
      - billable    = true -> null
      - handle      = "sec-40f88962" -> null
      - id          = "09ee9d7f-e1d2-41a8-97c0-45fed56d758e" -> null
      - maxversions = 5 -> null
      - name        = "TF E2E Secret 40f88962" -> null
      - value       = (sensitive value) -> null
    }

  # bahriya_ssh_keypair.main will be destroyed
  - resource "bahriya_ssh_keypair" "main" {
      - algorithm    = "ssh-ed25519" -> null
      - billable     = true -> null
      - comment      = "e2e-40f88962@bahriya.test" -> null
      - handle       = "ssh-40f88962" -> null
      - id           = "0a05a560-3600-4501-a457-febb3e7d75b3" -> null
      - keyid        = "SHA256:gt7Mb1GSaIpfikDUXwYNdFTtDLl9scUHTMF1YADKag8" -> null
      - maxversions  = 5 -> null
      - name         = "TF E2E SSH Keypair 40f88962" -> null
      - organisation = "7d35e320-2291-4e65-8be6-ce0cf9019916" -> null
      - privatekey   = (sensitive value) -> null
      - publickey    = (sensitive value) -> null
    }

  # bahriya_tls_bundle.main will be destroyed
  - resource "bahriya_tls_bundle" "main" {
      - algorithm    = "RSA" -> null
      - billable     = true -> null
      - ca           = <<-EOT
            -----BEGIN CERTIFICATE-----
            MIIDQTCCAimgAwIBAgIUZ2xWSlNBoFLW4WvjQz9MZRYtObgwDQYJKoZIhvcNAQEL
            BQAwMDEYMBYGA1UEAwwPQmFocml5YSBUZXN0IENBMRQwEgYDVQQKDAtCYWhyaXlh
            IEUyRTAeFw0yNjA3MTUwOTA3MzJaFw0yNzA3MTUwOTA3MzJaMDAxGDAWBgNVBAMM
            D0JhaHJpeWEgVGVzdCBDQTEUMBIGA1UECgwLQmFocml5YSBFMkUwggEiMA0GCSqG
            SIb3DQEBAQUAA4IBDwAwggEKAoIBAQCluD/0mjRg3eZfU7uCH1iJzkpvpcQ3QFmN
            +tS4N4OAYjk4XHEABG2tZhAekL1bARZpaqOAJZtmgRFBME4O4hvUpJnSn8pXfHW8
            XAXjRmvWN8DiU10THX4UJj/dq0d8jJJ0++XYDWwQEpveBiUbwqXEd9raO+K/ljhQ
            3wCS2xrHOcTABDqtRzMy/3BqNIWm86Kw4fdGUMvN02slh+lbjX8OiWhdZBy/OIlR
            qPuOttmZc+JXUesqx1ZUVpnK9kwVEJXVRaV85NGbbrdWIALN3+DP8phJ+AbEovnZ
            NmB6ZaWUFd2J4hvKVapVK64alKLsSO1mmz6HlDTsItm8WHkIEm7lAgMBAAGjUzBR
            MB0GA1UdDgQWBBTvSQqZfvuJlaBIDHLrEYfJc8HvDDAfBgNVHSMEGDAWgBTvSQqZ
            fvuJlaBIDHLrEYfJc8HvDDAPBgNVHRMBAf8EBTADAQH/MA0GCSqGSIb3DQEBCwUA
            A4IBAQCHjBrmGyLLAqj6wsDKP4NDZ8kaol7B/hMaYV1V2rTngU8nyM1XsQVEQYrb
            LExcgZ8bSPslZuuLSXpDfl14j1gmQZSPtXkjDmJg2PHh4dYD+OvLDx+qpB89JwgQ
            wA2MumDHSt7KNuODyAz9gj+MmnLouhFV8AlPHZ8xrXDjwTPE81rF7tjgzk5f3NU9
            WJockaaEq9M0uT7NwtOH5C96rHtHSTaCQZ50InJpOPcRqkdmORAAOw0aoAOz1gk/
            /99+/S7z5t99SBqBSG+9U7hK5m4zbyuLJ5RyMSzRL50VWWhesocP4OApKAAL5JUE
            BveQftZ8PpkwRPnD8UbQfoxjXvat
            -----END CERTIFICATE-----
        EOT -> null
      - cert         = <<-EOT
            -----BEGIN CERTIFICATE-----
            MIIDOjCCAiKgAwIBAgIUcNOcaDA51UkgG+L3upO+SXaqQaswDQYJKoZIhvcNAQEL
            BQAwMDEYMBYGA1UEAwwPQmFocml5YSBUZXN0IENBMRQwEgYDVQQKDAtCYWhyaXlh
            IEUyRTAeFw0yNjA3MTUwOTA3MzJaFw0yNzA3MTUwOTA3MzJaMDoxIjAgBgNVBAMM
            GWUyZS00MGY4ODk2Mi5iYWhyaXlhLnRlc3QxFDASBgNVBAoMC0JhaHJpeWEgRTJF
            MIIBIjANBgkqhkiG9w0BAQEFAAOCAQ8AMIIBCgKCAQEAs9vOQuxgBIUi/KecN4id
            aGBWs13Xo8ql1EyvXrowraJk01VtiGJ8nM4KTuBIFDezTLcrJTiIm1B+hgY9EBmG
            deKPsF80Ny3hr3ZCMPgh8iAWO09uXDNmrJ6BzhinrSqFEvJI3vYPiw+n5bNlZ4Ni
            yChM86nKU7AoaYRPpt7PFXmWbwQhyxjLJ0b93Z8+gqaIaE7Blp0fTX2Bc7iBqB+h
            5P0JDHqSgvuraTft5RUW5yNKeUHbXx8AUbjDx3R7wD5qoFZLfbEUkBBcjAmwbSQR
            1atxliA1T3W/W/RgBxCwqfnz388kWZDUz308QyVD6Ph7auLNSR5mlrlM0bp/uVzv
            jwIDAQABo0IwQDAdBgNVHQ4EFgQUH5jPj53fzvMnnzqCElChfANnVWAwHwYDVR0j
            BBgwFoAU70kKmX77iZWgSAxy6xGHyXPB7wwwDQYJKoZIhvcNAQELBQADggEBAIcP
            UWCs69Il8TM2YjasDupb82AIH3x0dGS+96gnFwDc/3zCPpXSXGMASWd8Tk8YPbOT
            NARiNMsZzEXkF7WL8nCW9qxblGmU2sjx8L2+5WvDcRIaGs4OfkSKQsZkzyaxO8qJ
            T7ho+G7J4nUi5g4aGQ8feYHifiJEFv0ngxpOZjxkUguYV2s5mC7cHKxc/e2+Mak4
            w0W+7XHmb93lgIUbgX66kWkBfnoaDGOwpO0VXhs2gpfI5nSk8z6aK7nazelPDVQz
            LpfGH2DBAr1vsJFvMnqy9c8IM3mI8BNbS7GMT4JvxgvxxXujQ3b4X6gyhRKzh4t7
            axPhGOJVzkzHpl3pRe4=
            -----END CERTIFICATE-----
        EOT -> null
      - fingerprint  = "SHA256:F6:B9:33:9B:A3:5D:42:83:C0:D2:27:A8:7B:52:C0:B3:F0:BA:BD:79:F0:46:58:A6:FA:58:7D:47:1F:99:1F:02:" -> null
      - handle       = "tls-40f88962" -> null
      - id           = "f4098133-e555-4f35-88bd-9d5e4ef3307a" -> null
      - issuer       = "CN=Bahriya Test CA, O=Bahriya E2E" -> null
      - key          = (sensitive value) -> null
      - keybits      = 2048 -> null
      - maxversions  = 5 -> null
      - name         = "TF E2E TLS Bundle 40f88962" -> null
      - organisation = "7d35e320-2291-4e65-8be6-ce0cf9019916" -> null
      - subject      = "CN=e2e-40f88962.bahriya.test, O=Bahriya E2E" -> null
    }

  # bahriya_x509_cert.main will be destroyed
  - resource "bahriya_x509_cert" "main" {
      - algorithm    = "RSA" -> null
      - billable     = true -> null
      - cert         = <<-EOT
            -----BEGIN CERTIFICATE-----
            MIIDXzCCAkegAwIBAgIUPkBRUwiyztHzC5BSon3cjQAeNAwwDQYJKoZIhvcNAQEL
            BQAwPzEnMCUGA1UEAwweZTJlLXg1MDktNDBmODg5NjIuYmFocml5YS50ZXN0MRQw
            EgYDVQQKDAtCYWhyaXlhIEUyRTAeFw0yNjA3MTUwOTA3MzJaFw0yNzA3MTUwOTA3
            MzJaMD8xJzAlBgNVBAMMHmUyZS14NTA5LTQwZjg4OTYyLmJhaHJpeWEudGVzdDEU
            MBIGA1UECgwLQmFocml5YSBFMkUwggEiMA0GCSqGSIb3DQEBAQUAA4IBDwAwggEK
            AoIBAQCV+jat12RtBn3cTHNoZ7r+fm4Mu9N/HF5y/CSvPJuXHkmy2ePnOO9uemJ+
            mwMgLsYn/gKwnLs+9CkGF1gYYGbTWrvU/cFcyCublTJZ3zpjam5bLlD+9jzT22sY
            gtafx4nyZ633PVLzrXDpvyBl8UfKJjx9XiqmC+AZnfBDLLEZysONAjCV8g53gTSU
            gGEaMvB5YbqSvzW8pOk3/NfWbBHaDBzIF7qPiNsXwVftENAlWHIceviOLluWsiku
            zg8o6xIY3brAygu9eisO0pqxEtEnvrVaMMt7RG3Nly25KrBgKrwKkJo4CvTHBkc8
            rvsSp4rzUTrGxX/dEL3MaBlCmYdjAgMBAAGjUzBRMB0GA1UdDgQWBBTZMzgOto2F
            nAoMRlJw5ttyrXKS2TAfBgNVHSMEGDAWgBTZMzgOto2FnAoMRlJw5ttyrXKS2TAP
            BgNVHRMBAf8EBTADAQH/MA0GCSqGSIb3DQEBCwUAA4IBAQBdcMFg1ip7ZsNc2dNb
            23hWa0HAL38VazgsmwYBQ5N5eJ/RWb7psQqx3vDRKuveg/EOr/DraoCjha21Pi6m
            c8cGw5LP7kDGEXRTLcxHLU8RVy2CeDMOinIa41q3BcO+h3rsaAmfNA3yvbrlNxmD
            UGMgOjfPZ/4h+l1UKzQYBpy34E3EwnvrlKupP/CiXdEya273d2mhEQr7SAAsbzZ+
            te0kdSMzTsTM6D6ahLtTkys/VMTljAU7woTrEzCU4s8swq/MldxYcKaIC1j5kjxc
            UQcuyUGVDjnnw8SHH2WF86FQ8FXzVbrVHPCX++xrxKXsoaSJn8rBNfAQ2uwbNW9f
            uhuV
            -----END CERTIFICATE-----
        EOT -> null
      - fingerprint  = "SHA256:19:2A:63:D8:A9:C8:1F:28:CB:46:E9:3C:34:CD:06:22:D6:E6:50:03:EE:A5:D9:B8:26:F7:7B:19:4F:2E:90:23:" -> null
      - handle       = "x509-40f88962" -> null
      - id           = "2ca382d0-e6ce-43c6-a40f-1d2bbbb5af81" -> null
      - issuer       = "CN=e2e-x509-40f88962.bahriya.test, O=Bahriya E2E" -> null
      - maxversions  = 5 -> null
      - name         = "TF E2E X509 Cert 40f88962" -> null
      - organisation = "7d35e320-2291-4e65-8be6-ce0cf9019916" -> null
      - subject      = "CN=e2e-x509-40f88962.bahriya.test, O=Bahriya E2E" -> null
    }

  # bahriya_yaml_config.main will be destroyed
  - resource "bahriya_yaml_config" "main" {
      - billable     = true -> null
      - content      = <<-EOT
            service:
              name: e2e-40f88962
              replicas: 1
              features:
                - alpha
                - beta
        EOT -> null
      - handle       = "yaml-40f88962" -> null
      - id           = "13ec2570-54f6-48c3-b17b-15ae52cc8547" -> null
      - maxversions  = 5 -> null
      - name         = "TF E2E YAML Config 40f88962" -> null
      - organisation = "7d35e320-2291-4e65-8be6-ce0cf9019916" -> null
    }

Plan: 0 to add, 0 to change, 24 to destroy.

Changes to Outputs:
  - active_regions    = [
      - "falkenstein-1",
      - "helsinki-1",
      - "virginia-1",
      - "singapore-1",
    ] -> null
  - network_policy_id = "b90a94b5-7d7c-4342-b877-1624fd11f1b1" -> null
  - project_id        = "b1c043e2-9887-45dd-a1b9-ecd4ff9911f7" -> null
  - secret_id         = "09ee9d7f-e1d2-41a8-97c0-45fed56d758e" -> null
  - suffix            = "40f88962" -> null
bahriya_project_encryption_key_attachment.main: Destroying... [id=b1c043e2-9887-45dd-a1b9-ecd4ff9911f7:enc-40f88962]
bahriya_project_json_config_attachment.main: Destroying... [id=b1c043e2-9887-45dd-a1b9-ecd4ff9911f7:json-40f88962]
bahriya_project_secret_attachment.main: Destroying... [id=b1c043e2-9887-45dd-a1b9-ecd4ff9911f7:sec-40f88962]
bahriya_project_env_file_attachment.main: Destroying... [id=b1c043e2-9887-45dd-a1b9-ecd4ff9911f7:env-40f88962]
bahriya_project_yaml_config_attachment.main: Destroying... [id=b1c043e2-9887-45dd-a1b9-ecd4ff9911f7:yaml-40f88962]
bahriya_project_gpg_keypair_attachment.main: Destroying... [id=b1c043e2-9887-45dd-a1b9-ecd4ff9911f7:gpg-40f88962]
bahriya_project_tls_bundle_attachment.main: Destroying... [id=b1c043e2-9887-45dd-a1b9-ecd4ff9911f7:tls-40f88962]
bahriya_project_x509_cert_attachment.main: Destroying... [id=b1c043e2-9887-45dd-a1b9-ecd4ff9911f7:x509-40f88962]
bahriya_project_network_policy_attachment.main: Destroying... [id=b1c043e2-9887-45dd-a1b9-ecd4ff9911f7:netpol-40f88962]
bahriya_project_plain_config_attachment.main: Destroying... [id=b1c043e2-9887-45dd-a1b9-ecd4ff9911f7:plain-40f88962]
bahriya_project_network_policy_attachment.main: Destruction complete after 1s
bahriya_project_ssh_keypair_attachment.main: Destroying... [id=b1c043e2-9887-45dd-a1b9-ecd4ff9911f7:ssh-40f88962]
bahriya_project_secret_attachment.main: Destruction complete after 1s
bahriya_network_policy.main: Destroying... [id=b90a94b5-7d7c-4342-b877-1624fd11f1b1]
bahriya_project_x509_cert_attachment.main: Destruction complete after 1s
bahriya_project_gpg_keypair_attachment.main: Destruction complete after 1s
bahriya_secret.main: Destroying... [id=09ee9d7f-e1d2-41a8-97c0-45fed56d758e]
bahriya_x509_cert.main: Destroying... [id=2ca382d0-e6ce-43c6-a40f-1d2bbbb5af81]
bahriya_project_encryption_key_attachment.main: Destruction complete after 1s
bahriya_project_env_file_attachment.main: Destruction complete after 1s
bahriya_project_yaml_config_attachment.main: Destruction complete after 1s
bahriya_encryption_key.main: Destroying... [id=38228b67-3eea-4751-8f84-939c317578bb]
bahriya_gpg_keypair.main: Destroying... [id=9419a626-5fc6-4495-8da3-cc5f36d3658a]
bahriya_env_file.main: Destroying... [id=cf73e00d-9c2c-43ff-b867-adc03b6fdb1a]
bahriya_project_tls_bundle_attachment.main: Destruction complete after 1s
bahriya_yaml_config.main: Destroying... [id=13ec2570-54f6-48c3-b17b-15ae52cc8547]
bahriya_network_policy.main: Destruction complete after 0s
bahriya_tls_bundle.main: Destroying... [id=f4098133-e555-4f35-88bd-9d5e4ef3307a]
bahriya_env_file.main: Destruction complete after 0s
bahriya_project.peer: Destroying... [id=34cbbc95-b7dc-4c9d-90ee-153253a91a06]
bahriya_project_ssh_keypair_attachment.main: Destruction complete after 0s
bahriya_ssh_keypair.main: Destroying... [id=0a05a560-3600-4501-a457-febb3e7d75b3]
bahriya_project_json_config_attachment.main: Destruction complete after 2s
bahriya_json_config.main: Destroying... [id=e5f30265-fac2-4cb5-89f2-b60a51c7cea4]
bahriya_secret.main: Destruction complete after 1s
bahriya_project_plain_config_attachment.main: Destruction complete after 2s
bahriya_x509_cert.main: Destruction complete after 1s
bahriya_project.e2e: Destroying... [id=b1c043e2-9887-45dd-a1b9-ecd4ff9911f7]
bahriya_plain_config.main: Destroying... [id=4a9ac88f-160f-494d-83ef-45f4e115f6fd]
bahriya_project.peer: Destruction complete after 1s
bahriya_encryption_key.main: Destruction complete after 1s
bahriya_tls_bundle.main: Destruction complete after 1s
bahriya_plain_config.main: Destruction complete after 0s
bahriya_yaml_config.main: Destruction complete after 1s
bahriya_gpg_keypair.main: Destruction complete after 1s
bahriya_json_config.main: Destruction complete after 0s
bahriya_ssh_keypair.main: Destruction complete after 1s
bahriya_project.e2e: Destruction complete after 0s

Destroy complete! Resources: 24 destroyed.
